Oluşturma başlatıldı: 28.01.2026 10:34:24.
Günlük kaydı ayrıntı düzeyi Detailed olarak ayarlandı.     0>İşlem = "C:\Program Files\dotnet\dotnet.exe"
       MSBuild yürütülebilir yolu = "C:\Program Files\dotnet\sdk\10.0.100\MSBuild.dll"
       Komut satırı bağımsız değişkenleri = "C:\Program Files\dotnet\sdk\10.0.100\MSBuild.dll -maxcpucount --verbosity:m -tlp:default=auto --property:NuGetInteractive=true --restoreProperty:NuGetInteractive=true --restoreProperty:EnableDefaultCompileItems=false --restoreProperty:EnableDefaultEmbeddedResourceItems=false --restoreProperty:EnableDefaultNoneItems=false src/Infrastructure/ECommerce.Infrastructure -fl -flp:logfile=build_errors.txt -consoleloggerparameters:Summary -restore -distributedlogger:Microsoft.DotNet.Cli.Commands.MSBuild.MSBuildLogger,C:\Program Files\dotnet\sdk\10.0.100\dotnet.dll*Microsoft.DotNet.Cli.Commands.MSBuild.MSBuildForwardingLogger,C:\Program Files\dotnet\sdk\10.0.100\dotnet.dll -nologo"
       Geçerli dizin = "C:\Users\mrkfk\OneDrive\Desktop\Projelerim\ECommerce"
       MSBuild sürümü = "18.0.2+b0f34d51f"
       Windows kayıt defteri anahtarı LongPathsEnabled ayarına bağlı olarak LongPaths özelliği etkin.
       Windows kayıt defteri anahtarı VerifiedAndReputablePolicyState'e göre SAC durumu = 0: kapalı.
       "Microsoft.NET.Sdk" SDK’sı "DefaultSdkResolver" çözümleyicisi tarafından "C:\Program Files\dotnet\sdk\10.0.100\Sdks\Microsoft.NET.Sdk\Sdk" konumuna ve "" sürümüne başarıyla çözümlendi.
       C:\Program Files\dotnet\sdk\10.0.100\Sdks\Microsoft.NET.Sdk\Sdk\Sdk.props(49,11): message : 'C:\Program Files\dotnet\sdk\10.0.100\' değerine sahip 'MSBuildExtensionsPath' özelliği ortamdan genişletildi.
       Derleme Evaluation sırasında yüklendi: System.Threading.ThreadPool, Version=10.0.0.0, Culture=neutral, PublicKeyToken=b03f5f7f11d50a3a (konum: C:\Program Files\dotnet\shared\Microsoft.NETCore.App\10.0.0\System.Threading.ThreadPool.dll, MVID: 90479bfe-7f4a-44df-9ee8-0174e6524deb, AssemblyLoadContext: Default)
       C:\Program Files\dotnet\sdk\10.0.100\Current\Microsoft.Common.props(60,5): message : Özellik yeniden ataması: $(MSBuildProjectExtensionsPath)="C:\Users\mrkfk\OneDrive\Desktop\Projelerim\ECommerce\src\Infrastructure\ECommerce.Infrastructure\obj\" (önceki değer: "obj\") konum: C:\Program Files\dotnet\sdk\10.0.100\Current\Microsoft.Common.props (60,5)
       C:\Program Files\dotnet\sdk\10.0.100\Current\Microsoft.Common.props(84,119): message : 'C:\Users\mrkfk\AppData\Local\Microsoft\MSBuild' değerine sahip 'MSBuildUserExtensionsPath' özelliği ortamdan genişletildi.
       Derleme Evaluation sırasında yüklendi: System.Threading.Tasks.Parallel, Version=10.0.0.0, Culture=neutral, PublicKeyToken=b03f5f7f11d50a3a (konum: C:\Program Files\dotnet\shared\Microsoft.NETCore.App\10.0.0\System.Threading.Tasks.Parallel.dll, MVID: 5134392a-badb-4b79-ae80-096fbe1adfd1, AssemblyLoadContext: Default)
       C:\Program Files\dotnet\sdk\10.0.100\Sdks\Microsoft.NET.Sdk\targets\Microsoft.NET.Sdk.props(90,5): message : Özellik yeniden ataması: $(AssemblySearchPaths)="{CandidateAssemblyFiles};{HintPathFromItem}" (önceki değer: "{CandidateAssemblyFiles}") konum: C:\Program Files\dotnet\sdk\10.0.100\Sdks\Microsoft.NET.Sdk\targets\Microsoft.NET.Sdk.props (90,5)
       C:\Program Files\dotnet\sdk\10.0.100\Sdks\Microsoft.NET.Sdk\targets\Microsoft.NET.Sdk.props(91,5): message : Özellik yeniden ataması: $(AssemblySearchPaths)="{CandidateAssemblyFiles};{HintPathFromItem};{TargetFrameworkDirectory}" (önceki değer: "{CandidateAssemblyFiles};{HintPathFromItem}") konum: C:\Program Files\dotnet\sdk\10.0.100\Sdks\Microsoft.NET.Sdk\targets\Microsoft.NET.Sdk.props (91,5)
       C:\Program Files\dotnet\sdk\10.0.100\Sdks\Microsoft.NET.Sdk\targets\Microsoft.NET.Sdk.props(92,5): message : Özellik yeniden ataması: $(AssemblySearchPaths)="{CandidateAssemblyFiles};{HintPathFromItem};{TargetFrameworkDirectory};{RawFileName}" (önceki değer: "{CandidateAssemblyFiles};{HintPathFromItem};{TargetFrameworkDirectory}") konum: C:\Program Files\dotnet\sdk\10.0.100\Sdks\Microsoft.NET.Sdk\targets\Microsoft.NET.Sdk.props (92,5)
       Derleme Evaluation sırasında yüklendi: System.Net.Sockets, Version=10.0.0.0, Culture=neutral, PublicKeyToken=b03f5f7f11d50a3a (konum: C:\Program Files\dotnet\shared\Microsoft.NETCore.App\10.0.0\System.Net.Sockets.dll, MVID: 56699e44-7260-4dcc-91f5-6790336de0c2, AssemblyLoadContext: Default)
       Derleme Evaluation sırasında yüklendi: System.Threading.Overlapped, Version=10.0.0.0, Culture=neutral, PublicKeyToken=b03f5f7f11d50a3a (konum: C:\Program Files\dotnet\shared\Microsoft.NETCore.App\10.0.0\System.Threading.Overlapped.dll, MVID: a35d6e5e-4723-4445-a517-8ba2bf3ff76d, AssemblyLoadContext: Default)
       "DefaultSdkResolver" çözümleyicisi "Microsoft.NET.SDK.WorkloadAutoImportPropsLocator" SDK’sını çözümlemeyi denedi.
       Uyarılar: null
       Hatalar: MSB4276: "C:\Program Files\dotnet\sdk\10.0.100\Sdks\Microsoft.NET.SDK.WorkloadAutoImportPropsLocator\Sdk" dizini olmadığından, varsayılan SDK çözümleyicisi "Microsoft.NET.SDK.WorkloadAutoImportPropsLocator" SDK’sını çözümleyemedi.
       Derleme Evaluation sırasında yüklendi: Microsoft.Build.NuGetSdkResolver, Version=7.0.0.0, Culture=neutral, PublicKeyToken=31bf3856ad364e35 (konum: C:\Program Files\dotnet\sdk\10.0.100\Microsoft.Build.NuGetSdkResolver.dll, MVID: c192cd28-6b5e-4007-9d95-cc779ff52603, AssemblyLoadContext: MSBuild plugin C:\Program Files\dotnet\sdk\10.0.100\Microsoft.Build.NuGetSdkResolver.dll)
       Derleme Evaluation sırasında yüklendi: System.Reflection.Metadata, Version=10.0.0.0, Culture=neutral, PublicKeyToken=b03f5f7f11d50a3a (konum: C:\Program Files\dotnet\shared\Microsoft.NETCore.App\10.0.0\System.Reflection.Metadata.dll, MVID: 20dcffdc-49de-4bb4-bd35-82a9f36dffea, AssemblyLoadContext: Default)
       Derleme Evaluation sırasında yüklendi: NuGet.Common, Version=7.0.0.0, Culture=neutral, PublicKeyToken=31bf3856ad364e35 (konum: C:\Program Files\dotnet\sdk\10.0.100\NuGet.Common.dll, MVID: ec35ea1c-e486-40b2-8650-a0234b606d79, AssemblyLoadContext: MSBuild plugin C:\Program Files\dotnet\sdk\10.0.100\Microsoft.Build.NuGetSdkResolver.dll)
       Derleme Evaluation sırasında yüklendi: Microsoft.NET.Sdk.WorkloadMSBuildSdkResolver, Version=10.0.100.0, Culture=neutral, PublicKeyToken=31bf3856ad364e35 (konum: C:\Program Files\dotnet\sdk\10.0.100\Microsoft.NET.Sdk.WorkloadMSBuildSdkResolver.dll, MVID: 33446e51-167e-485b-8bb7-4f3dd96a791f, AssemblyLoadContext: MSBuild plugin C:\Program Files\dotnet\sdk\10.0.100\Microsoft.NET.Sdk.WorkloadMSBuildSdkResolver.dll)
       Derleme Evaluation sırasında yüklendi: Microsoft.DotNet.Cli.Utils, Version=10.0.100.0, Culture=neutral, PublicKeyToken=adb9793829ddae60 (konum: C:\Program Files\dotnet\sdk\10.0.100\Microsoft.DotNet.Cli.Utils.dll, MVID: 486d3b5f-14dd-4a2d-89fa-acbd5985b879, AssemblyLoadContext: MSBuild plugin C:\Program Files\dotnet\sdk\10.0.100\Microsoft.NET.Sdk.WorkloadMSBuildSdkResolver.dll)
       Derleme Evaluation sırasında yüklendi: Microsoft.NET.Sdk.WorkloadManifestReader, Version=10.0.100.0, Culture=neutral, PublicKeyToken=adb9793829ddae60 (konum: C:\Program Files\dotnet\sdk\10.0.100\Microsoft.NET.Sdk.WorkloadManifestReader.dll, MVID: 2825ddb4-fc3e-4597-88ab-1ea2f37a3512, AssemblyLoadContext: MSBuild plugin C:\Program Files\dotnet\sdk\10.0.100\Microsoft.NET.Sdk.WorkloadMSBuildSdkResolver.dll)
       Derleme Evaluation sırasında yüklendi: Microsoft.Deployment.DotNet.Releases, Version=2.0.0.0, Culture=neutral, PublicKeyToken=31bf3856ad364e35 (konum: C:\Program Files\dotnet\sdk\10.0.100\Microsoft.Deployment.DotNet.Releases.dll, MVID: 6fb161f1-39e6-4a46-8ee1-b5565a8a5a8f, AssemblyLoadContext: MSBuild plugin C:\Program Files\dotnet\sdk\10.0.100\Microsoft.NET.Sdk.WorkloadMSBuildSdkResolver.dll)
       "Microsoft.NET.SDK.WorkloadAutoImportPropsLocator" SDK’sı "Microsoft.DotNet.MSBuildWorkloadSdkResolver" çözümleyicisi tarafından "C:\Program Files\dotnet\packs\Microsoft.Android.Sdk.Windows\36.1.2\Sdk" konumuna ve "null" sürümüne başarıyla çözümlendi.
       C:\Program Files\dotnet\sdk\10.0.100\Sdks\Microsoft.NET.Sdk\targets\Microsoft.NET.Sdk.ImportPublishProfile.targets(28,5): message : Özellik yeniden ataması: $(PublishProfileImported)="false" (önceki değer: "true") konum: C:\Program Files\dotnet\sdk\10.0.100\Sdks\Microsoft.NET.Sdk\targets\Microsoft.NET.Sdk.ImportPublishProfile.targets (28,5)
       Derleme Evaluation sırasında yüklendi: NuGet.Frameworks, Version=7.0.0.0, Culture=neutral, PublicKeyToken=31bf3856ad364e35 (konum: C:\Program Files\dotnet\sdk\10.0.100\NuGet.Frameworks.dll, MVID: 850f02e4-7dfe-443c-87d1-982613f2ce8f, AssemblyLoadContext: Assembly.LoadFile(C:\Program Files\dotnet\sdk\10.0.100\NuGet.Frameworks.dll))
       C:\Program Files\dotnet\sdk\10.0.100\Sdks\Microsoft.NET.Sdk\targets\Microsoft.NET.TargetFrameworkInference.targets(81,5): message : Özellik yeniden ataması: $(TargetPlatformVersion)="" (önceki değer: "0.0") konum: C:\Program Files\dotnet\sdk\10.0.100\Sdks\Microsoft.NET.Sdk\targets\Microsoft.NET.TargetFrameworkInference.targets (81,5)
       C:\Program Files\dotnet\sdk\10.0.100\Sdks\Microsoft.NET.Sdk\targets\Microsoft.NET.DefaultOutputPaths.targets(127,5): message : Özellik yeniden ataması: $(DefaultItemExcludes)=";bin\Debug\/**;obj\Debug\/**" (önceki değer: ";bin\Debug\/**") konum: C:\Program Files\dotnet\sdk\10.0.100\Sdks\Microsoft.NET.Sdk\targets\Microsoft.NET.DefaultOutputPaths.targets (127,5)
       C:\Program Files\dotnet\sdk\10.0.100\Sdks\Microsoft.NET.Sdk\targets\Microsoft.NET.DefaultOutputPaths.targets(142,5): message : Özellik yeniden ataması: $(OutputPath)="bin\Debug\net9.0\" (önceki değer: "bin\Debug\") konum: C:\Program Files\dotnet\sdk\10.0.100\Sdks\Microsoft.NET.Sdk\targets\Microsoft.NET.DefaultOutputPaths.targets (142,5)
       C:\Program Files\dotnet\sdk\10.0.100\Sdks\Microsoft.NET.Sdk\targets\Microsoft.NET.DefaultOutputPaths.targets(147,5): message : Özellik yeniden ataması: $(IntermediateOutputPath)="obj\Debug\net9.0\" (önceki değer: "obj\Debug\") konum: C:\Program Files\dotnet\sdk\10.0.100\Sdks\Microsoft.NET.Sdk\targets\Microsoft.NET.DefaultOutputPaths.targets (147,5)
       "DefaultSdkResolver" çözümleyicisi "Microsoft.NET.SDK.WorkloadManifestTargetsLocator" SDK’sını çözümlemeyi denedi.
       Uyarılar: null
       Hatalar: MSB4276: "C:\Program Files\dotnet\sdk\10.0.100\Sdks\Microsoft.NET.SDK.WorkloadManifestTargetsLocator\Sdk" dizini olmadığından, varsayılan SDK çözümleyicisi "Microsoft.NET.SDK.WorkloadManifestTargetsLocator" SDK’sını çözümleyemedi.
       "Microsoft.NET.SDK.WorkloadManifestTargetsLocator" SDK’sı "Microsoft.DotNet.MSBuildWorkloadSdkResolver" çözümleyicisi tarafından "C:\Program Files\dotnet\sdk-manifests\10.0.100\microsoft.net.sdk.android\36.1.2" konumuna ve "null" sürümüne başarıyla çözümlendi.
       C:\Program Files\dotnet\sdk\10.0.100\Sdks\Microsoft.NET.Sdk\targets\Microsoft.NET.Sdk.BeforeCommon.targets(371,5): message : Özellik yeniden ataması: $(RoslynTargetsPath)="C:\Program Files\dotnet\sdk\10.0.100\Sdks\Microsoft.NET.Sdk\targets\..\..\..\Roslyn" (önceki değer: "C:\Program Files\dotnet\sdk\10.0.100\Roslyn") konum: C:\Program Files\dotnet\sdk\10.0.100\Sdks\Microsoft.NET.Sdk\targets\Microsoft.NET.Sdk.BeforeCommon.targets (371,5)
       C:\Program Files\dotnet\sdk\10.0.100\Roslyn\Microsoft.Managed.Core.targets(6,5): message : Özellik yeniden ataması: $(_BuildTasksDirectory)="C:\Program Files\dotnet\sdk\10.0.100\Sdks\Microsoft.NET.Sdk\targets\..\..\..\Roslyn\" (önceki değer: "C:\Program Files\dotnet\sdk\10.0.100\Roslyn\") konum: C:\Program Files\dotnet\sdk\10.0.100\Roslyn\Microsoft.Managed.Core.targets (6,5)
       C:\Program Files\dotnet\sdk\10.0.100\Roslyn\Microsoft.CSharp.Core.targets(200,5): message : Özellik yeniden ataması: $(CommandLineArgsForDesignTimeEvaluation)="-langversion:13.0 -define:TRACE" (önceki değer: "-langversion:13.0") konum: C:\Program Files\dotnet\sdk\10.0.100\Roslyn\Microsoft.CSharp.Core.targets (200,5)
       Derleme Evaluation sırasında yüklendi: Microsoft.Build.Utilities.Core, Version=15.1.0.0, Culture=neutral, PublicKeyToken=b03f5f7f11d50a3a (konum: C:\Program Files\dotnet\sdk\10.0.100\Microsoft.Build.Utilities.Core.dll, MVID: ab0e30c8-73fa-4371-b652-a90186f12a77, AssemblyLoadContext: Default)
       C:\Program Files\dotnet\sdk\10.0.100\Microsoft.Common.CurrentVersion.targets(175,5): message : Özellik yeniden ataması: $(_DebugSymbolsProduced)="true" (önceki değer: "false") konum: C:\Program Files\dotnet\sdk\10.0.100\Microsoft.Common.CurrentVersion.targets (175,5)
       C:\Program Files\dotnet\sdk\10.0.100\Microsoft.Common.CurrentVersion.targets(185,5): message : Özellik yeniden ataması: $(_DocumentationFileProduced)="false" (önceki değer: "true") konum: C:\Program Files\dotnet\sdk\10.0.100\Microsoft.Common.CurrentVersion.targets (185,5)
       C:\Program Files\dotnet\sdk\10.0.100\Microsoft.Common.CurrentVersion.targets(392,5): message : Özellik yeniden ataması: $(MSBuildCopyMarkerName)="ECommerc.B0B31267" (önceki değer: "ECommerce.Infrastructure.csproj") konum: C:\Program Files\dotnet\sdk\10.0.100\Microsoft.Common.CurrentVersion.targets (392,5)
       C:\Program Files\dotnet\sdk\10.0.100\Microsoft.Common.CurrentVersion.targets(393,5): message : Özellik yeniden ataması: $(MSBuildCopyMarkerName)="ECommerc.B0B31267.Up2Date" (önceki değer: "ECommerc.B0B31267") konum: C:\Program Files\dotnet\sdk\10.0.100\Microsoft.Common.CurrentVersion.targets (393,5)
       C:\Program Files\dotnet\sdk\10.0.100\Microsoft.Common.CurrentVersion.targets(541,5): message : Özellik yeniden ataması: $(ProcessorArchitecture)="msil" (önceki değer: "") konum: C:\Program Files\dotnet\sdk\10.0.100\Microsoft.Common.CurrentVersion.targets (541,5)
       C:\Program Files\dotnet\sdk\10.0.100\Microsoft.Common.CurrentVersion.targets(580,5): message : Özellik yeniden ataması: $(DelaySign)="" (önceki değer: "false") konum: C:\Program Files\dotnet\sdk\10.0.100\Microsoft.Common.CurrentVersion.targets (580,5)
       C:\Program Files\dotnet\sdk\10.0.100\Microsoft.Common.CurrentVersion.targets(2606,5): message : 'C:\Users\mrkfk\AppData\Local' değerine sahip 'LOCALAPPDATA' özelliği ortamdan genişletildi.
       C:\Program Files\dotnet\sdk\10.0.100\Microsoft.Common.CurrentVersion.targets(3934,5): message : Özellik yeniden ataması: $(_SGenGenerateSerializationAssembliesConfig)="Auto" (önceki değer: "") konum: C:\Program Files\dotnet\sdk\10.0.100\Microsoft.Common.CurrentVersion.targets (3934,5)
       C:\Program Files\dotnet\sdk\10.0.100\Microsoft.Common.CurrentVersion.targets(3935,5): message : Özellik yeniden ataması: $(_SGenGenerateSerializationAssembliesConfig)="Off" (önceki değer: "Auto") konum: C:\Program Files\dotnet\sdk\10.0.100\Microsoft.Common.CurrentVersion.targets (3935,5)
       C:\Program Files\dotnet\sdk\10.0.100\Microsoft.Common.CurrentVersion.targets(5146,5): message : Özellik yeniden ataması: $(_TargetsThatPrepareProjectReferences)="
       C:\Program Files\dotnet\sdk\10.0.100\Microsoft.Common.CurrentVersion.targets(5146,5): message :       AssignProjectConfiguration;
       C:\Program Files\dotnet\sdk\10.0.100\Microsoft.Common.CurrentVersion.targets(5146,5): message :       _SplitProjectReferencesByFileExistence
       C:\Program Files\dotnet\sdk\10.0.100\Microsoft.Common.CurrentVersion.targets(5146,5): message :     " (önceki değer: "_SplitProjectReferencesByFileExistence") konum: C:\Program Files\dotnet\sdk\10.0.100\Microsoft.Common.CurrentVersion.targets (5146,5)
       C:\Program Files\dotnet\sdk\10.0.100\Microsoft.Common.CurrentVersion.targets(6959,5): message : 'C:\Program Files\dotnet\sdk\10.0.100' değerine sahip 'MSBuildExtensionsPath32' özelliği ortamdan genişletildi.
       "NuGetInteractive" özelliği genel bir özelliktir ve değiştirilemez.
       C:\Program Files\dotnet\sdk\10.0.100\Sdks\Microsoft.NET.Sdk\targets\Microsoft.PackageDependencyResolution.targets(24,5): message : Özellik yeniden ataması: $(ProjectAssetsFile)="C:\Users\mrkfk\OneDrive\Desktop\Projelerim\ECommerce\src\Infrastructure\ECommerce.Infrastructure\obj\project.assets.json" (önceki değer: "C:\Users\mrkfk\OneDrive\Desktop\Projelerim\ECommerce\src\Infrastructure\ECommerce.Infrastructure\obj\/project.assets.json") konum: C:\Program Files\dotnet\sdk\10.0.100\Sdks\Microsoft.NET.Sdk\targets\Microsoft.PackageDependencyResolution.targets (24,5)
       C:\Program Files\dotnet\sdk\10.0.100\Sdks\Microsoft.NET.Sdk\targets\Microsoft.PackageDependencyResolution.targets(29,5): message : Özellik yeniden ataması: $(ProjectAssetsCacheFile)="C:\Users\mrkfk\OneDrive\Desktop\Projelerim\ECommerce\src\Infrastructure\ECommerce.Infrastructure\obj\Debug\net9.0\ECommerce.Infrastructure.assets.cache" (önceki değer: "obj\Debug\net9.0\ECommerce.Infrastructure.assets.cache") konum: C:\Program Files\dotnet\sdk\10.0.100\Sdks\Microsoft.NET.Sdk\targets\Microsoft.PackageDependencyResolution.targets (29,5)
       C:\Program Files\dotnet\sdk\10.0.100\Sdks\Microsoft.NET.Sdk\targets\Microsoft.PackageDependencyResolution.targets(80,5): message : Özellik yeniden ataması: $(ResolveAssemblyReferencesDependsOn)="
       C:\Program Files\dotnet\sdk\10.0.100\Sdks\Microsoft.NET.Sdk\targets\Microsoft.PackageDependencyResolution.targets(80,5): message :       
       C:\Program Files\dotnet\sdk\10.0.100\Sdks\Microsoft.NET.Sdk\targets\Microsoft.PackageDependencyResolution.targets(80,5): message :       ResolveProjectReferences;
       C:\Program Files\dotnet\sdk\10.0.100\Sdks\Microsoft.NET.Sdk\targets\Microsoft.PackageDependencyResolution.targets(80,5): message :       FindInvalidProjectReferences;
       C:\Program Files\dotnet\sdk\10.0.100\Sdks\Microsoft.NET.Sdk\targets\Microsoft.PackageDependencyResolution.targets(80,5): message :       GetFrameworkPaths;
       C:\Program Files\dotnet\sdk\10.0.100\Sdks\Microsoft.NET.Sdk\targets\Microsoft.PackageDependencyResolution.targets(80,5): message :       GetReferenceAssemblyPaths;
       C:\Program Files\dotnet\sdk\10.0.100\Sdks\Microsoft.NET.Sdk\targets\Microsoft.PackageDependencyResolution.targets(80,5): message :       PrepareForBuild;
       C:\Program Files\dotnet\sdk\10.0.100\Sdks\Microsoft.NET.Sdk\targets\Microsoft.PackageDependencyResolution.targets(80,5): message :       ResolveSDKReferences;
       C:\Program Files\dotnet\sdk\10.0.100\Sdks\Microsoft.NET.Sdk\targets\Microsoft.PackageDependencyResolution.targets(80,5): message :       ExpandSDKReferences;
       C:\Program Files\dotnet\sdk\10.0.100\Sdks\Microsoft.NET.Sdk\targets\Microsoft.PackageDependencyResolution.targets(80,5): message :     ;
       C:\Program Files\dotnet\sdk\10.0.100\Sdks\Microsoft.NET.Sdk\targets\Microsoft.PackageDependencyResolution.targets(80,5): message :       ResolvePackageDependenciesForBuild;
       C:\Program Files\dotnet\sdk\10.0.100\Sdks\Microsoft.NET.Sdk\targets\Microsoft.PackageDependencyResolution.targets(80,5): message :       _HandlePackageFileConflicts;
       C:\Program Files\dotnet\sdk\10.0.100\Sdks\Microsoft.NET.Sdk\targets\Microsoft.PackageDependencyResolution.targets(80,5): message :     " (önceki değer: "
       C:\Program Files\dotnet\sdk\10.0.100\Sdks\Microsoft.NET.Sdk\targets\Microsoft.PackageDependencyResolution.targets(80,5): message :       ResolveProjectReferences;
       C:\Program Files\dotnet\sdk\10.0.100\Sdks\Microsoft.NET.Sdk\targets\Microsoft.PackageDependencyResolution.targets(80,5): message :       FindInvalidProjectReferences;
       C:\Program Files\dotnet\sdk\10.0.100\Sdks\Microsoft.NET.Sdk\targets\Microsoft.PackageDependencyResolution.targets(80,5): message :       GetFrameworkPaths;
       C:\Program Files\dotnet\sdk\10.0.100\Sdks\Microsoft.NET.Sdk\targets\Microsoft.PackageDependencyResolution.targets(80,5): message :       GetReferenceAssemblyPaths;
       C:\Program Files\dotnet\sdk\10.0.100\Sdks\Microsoft.NET.Sdk\targets\Microsoft.PackageDependencyResolution.targets(80,5): message :       PrepareForBuild;
       C:\Program Files\dotnet\sdk\10.0.100\Sdks\Microsoft.NET.Sdk\targets\Microsoft.PackageDependencyResolution.targets(80,5): message :       ResolveSDKReferences;
       C:\Program Files\dotnet\sdk\10.0.100\Sdks\Microsoft.NET.Sdk\targets\Microsoft.PackageDependencyResolution.targets(80,5): message :       ExpandSDKReferences;
       C:\Program Files\dotnet\sdk\10.0.100\Sdks\Microsoft.NET.Sdk\targets\Microsoft.PackageDependencyResolution.targets(80,5): message :     ") konum: C:\Program Files\dotnet\sdk\10.0.100\Sdks\Microsoft.NET.Sdk\targets\Microsoft.PackageDependencyResolution.targets (80,5)
       C:\Program Files\dotnet\sdk\10.0.100\Sdks\Microsoft.NET.Sdk\targets\Microsoft.PackageDependencyResolution.targets(86,5): message : Özellik yeniden ataması: $(PrepareResourcesDependsOn)="
       C:\Program Files\dotnet\sdk\10.0.100\Sdks\Microsoft.NET.Sdk\targets\Microsoft.PackageDependencyResolution.targets(86,5): message :       ResolvePackageDependenciesForBuild;
       C:\Program Files\dotnet\sdk\10.0.100\Sdks\Microsoft.NET.Sdk\targets\Microsoft.PackageDependencyResolution.targets(86,5): message :       _HandlePackageFileConflicts;
       C:\Program Files\dotnet\sdk\10.0.100\Sdks\Microsoft.NET.Sdk\targets\Microsoft.PackageDependencyResolution.targets(86,5): message :       
       C:\Program Files\dotnet\sdk\10.0.100\Sdks\Microsoft.NET.Sdk\targets\Microsoft.PackageDependencyResolution.targets(86,5): message :       ;
       C:\Program Files\dotnet\sdk\10.0.100\Sdks\Microsoft.NET.Sdk\targets\Microsoft.PackageDependencyResolution.targets(86,5): message :       PrepareResourceNames;
       C:\Program Files\dotnet\sdk\10.0.100\Sdks\Microsoft.NET.Sdk\targets\Microsoft.PackageDependencyResolution.targets(86,5): message :       ResGen;
       C:\Program Files\dotnet\sdk\10.0.100\Sdks\Microsoft.NET.Sdk\targets\Microsoft.PackageDependencyResolution.targets(86,5): message :       CompileLicxFiles
       C:\Program Files\dotnet\sdk\10.0.100\Sdks\Microsoft.NET.Sdk\targets\Microsoft.PackageDependencyResolution.targets(86,5): message :     
       C:\Program Files\dotnet\sdk\10.0.100\Sdks\Microsoft.NET.Sdk\targets\Microsoft.PackageDependencyResolution.targets(86,5): message :     " (önceki değer: "
       C:\Program Files\dotnet\sdk\10.0.100\Sdks\Microsoft.NET.Sdk\targets\Microsoft.PackageDependencyResolution.targets(86,5): message :       ;
       C:\Program Files\dotnet\sdk\10.0.100\Sdks\Microsoft.NET.Sdk\targets\Microsoft.PackageDependencyResolution.targets(86,5): message :       PrepareResourceNames;
       C:\Program Files\dotnet\sdk\10.0.100\Sdks\Microsoft.NET.Sdk\targets\Microsoft.PackageDependencyResolution.targets(86,5): message :       ResGen;
       C:\Program Files\dotnet\sdk\10.0.100\Sdks\Microsoft.NET.Sdk\targets\Microsoft.PackageDependencyResolution.targets(86,5): message :       CompileLicxFiles
       C:\Program Files\dotnet\sdk\10.0.100\Sdks\Microsoft.NET.Sdk\targets\Microsoft.PackageDependencyResolution.targets(86,5): message :     ") konum: C:\Program Files\dotnet\sdk\10.0.100\Sdks\Microsoft.NET.Sdk\targets\Microsoft.PackageDependencyResolution.targets (86,5)
       "EnableDefaultCompileItems" özelliği genel bir özelliktir ve değiştirilemez.
       "EnableDefaultEmbeddedResourceItems" özelliği genel bir özelliktir ve değiştirilemez.
       "EnableDefaultNoneItems" özelliği genel bir özelliktir ve değiştirilemez.
       C:\Program Files\dotnet\sdk\10.0.100\Sdks\Microsoft.NET.Sdk\targets\Microsoft.NET.Sdk.DefaultItems.targets(35,5): message : Özellik yeniden ataması: $(DefaultItemExcludes)=";bin\Debug\/**;obj\Debug\/**;bin\/**" (önceki değer: ";bin\Debug\/**;obj\Debug\/**") konum: C:\Program Files\dotnet\sdk\10.0.100\Sdks\Microsoft.NET.Sdk\targets\Microsoft.NET.Sdk.DefaultItems.targets (35,5)
       C:\Program Files\dotnet\sdk\10.0.100\Sdks\Microsoft.NET.Sdk\targets\Microsoft.NET.Sdk.DefaultItems.targets(37,5): message : Özellik yeniden ataması: $(DefaultItemExcludes)=";bin\Debug\/**;obj\Debug\/**;bin\/**;obj\/**" (önceki değer: ";bin\Debug\/**;obj\Debug\/**;bin\/**") konum: C:\Program Files\dotnet\sdk\10.0.100\Sdks\Microsoft.NET.Sdk\targets\Microsoft.NET.Sdk.DefaultItems.targets (37,5)
       C:\Program Files\dotnet\sdk\10.0.100\Sdks\Microsoft.NET.Sdk\targets\Microsoft.NET.Sdk.DefaultItems.targets(40,5): message : Özellik yeniden ataması: $(DefaultItemExcludes)=";bin\Debug\/**;obj\Debug\/**;bin\/**;obj\/**;**/*.user" (önceki değer: ";bin\Debug\/**;obj\Debug\/**;bin\/**;obj\/**") konum: C:\Program Files\dotnet\sdk\10.0.100\Sdks\Microsoft.NET.Sdk\targets\Microsoft.NET.Sdk.DefaultItems.targets (40,5)
       C:\Program Files\dotnet\sdk\10.0.100\Sdks\Microsoft.NET.Sdk\targets\Microsoft.NET.Sdk.DefaultItems.targets(41,5): message : Özellik yeniden ataması: $(DefaultItemExcludes)=";bin\Debug\/**;obj\Debug\/**;bin\/**;obj\/**;**/*.user;**/*.*proj" (önceki değer: ";bin\Debug\/**;obj\Debug\/**;bin\/**;obj\/**;**/*.user") konum: C:\Program Files\dotnet\sdk\10.0.100\Sdks\Microsoft.NET.Sdk\targets\Microsoft.NET.Sdk.DefaultItems.targets (41,5)
       C:\Program Files\dotnet\sdk\10.0.100\Sdks\Microsoft.NET.Sdk\targets\Microsoft.NET.Sdk.DefaultItems.targets(42,5): message : Özellik yeniden ataması: $(DefaultItemExcludes)=";bin\Debug\/**;obj\Debug\/**;bin\/**;obj\/**;**/*.user;**/*.*proj;**/*.sln" (önceki değer: ";bin\Debug\/**;obj\Debug\/**;bin\/**;obj\/**;**/*.user;**/*.*proj") konum: C:\Program Files\dotnet\sdk\10.0.100\Sdks\Microsoft.NET.Sdk\targets\Microsoft.NET.Sdk.DefaultItems.targets (42,5)
       C:\Program Files\dotnet\sdk\10.0.100\Sdks\Microsoft.NET.Sdk\targets\Microsoft.NET.Sdk.DefaultItems.targets(43,5): message : Özellik yeniden ataması: $(DefaultItemExcludes)=";bin\Debug\/**;obj\Debug\/**;bin\/**;obj\/**;**/*.user;**/*.*proj;**/*.sln;**/*.slnx" (önceki değer: ";bin\Debug\/**;obj\Debug\/**;bin\/**;obj\/**;**/*.user;**/*.*proj;**/*.sln") konum: C:\Program Files\dotnet\sdk\10.0.100\Sdks\Microsoft.NET.Sdk\targets\Microsoft.NET.Sdk.DefaultItems.targets (43,5)
       C:\Program Files\dotnet\sdk\10.0.100\Sdks\Microsoft.NET.Sdk\targets\Microsoft.NET.Sdk.DefaultItems.targets(44,5): message : Özellik yeniden ataması: $(DefaultItemExcludes)=";bin\Debug\/**;obj\Debug\/**;bin\/**;obj\/**;**/*.user;**/*.*proj;**/*.sln;**/*.slnx;**/*.vssscc" (önceki değer: ";bin\Debug\/**;obj\Debug\/**;bin\/**;obj\/**;**/*.user;**/*.*proj;**/*.sln;**/*.slnx") konum: C:\Program Files\dotnet\sdk\10.0.100\Sdks\Microsoft.NET.Sdk\targets\Microsoft.NET.Sdk.DefaultItems.targets (44,5)
       C:\Program Files\dotnet\sdk\10.0.100\Sdks\Microsoft.NET.Sdk\targets\Microsoft.NET.Sdk.DefaultItems.targets(45,5): message : Özellik yeniden ataması: $(DefaultItemExcludes)=";bin\Debug\/**;obj\Debug\/**;bin\/**;obj\/**;**/*.user;**/*.*proj;**/*.sln;**/*.slnx;**/*.vssscc;**/.DS_Store" (önceki değer: ";bin\Debug\/**;obj\Debug\/**;bin\/**;obj\/**;**/*.user;**/*.*proj;**/*.sln;**/*.slnx;**/*.vssscc") konum: C:\Program Files\dotnet\sdk\10.0.100\Sdks\Microsoft.NET.Sdk\targets\Microsoft.NET.Sdk.DefaultItems.targets (45,5)
       C:\Program Files\dotnet\sdk\10.0.100\Sdks\Microsoft.NET.Sdk\targets\Microsoft.NET.Sdk.FrameworkReferenceResolution.targets(14,5): message : Özellik yeniden ataması: $(ResolveAssemblyReferencesDependsOn)="
       C:\Program Files\dotnet\sdk\10.0.100\Sdks\Microsoft.NET.Sdk\targets\Microsoft.NET.Sdk.FrameworkReferenceResolution.targets(14,5): message :       
       C:\Program Files\dotnet\sdk\10.0.100\Sdks\Microsoft.NET.Sdk\targets\Microsoft.NET.Sdk.FrameworkReferenceResolution.targets(14,5): message :       
       C:\Program Files\dotnet\sdk\10.0.100\Sdks\Microsoft.NET.Sdk\targets\Microsoft.NET.Sdk.FrameworkReferenceResolution.targets(14,5): message :       ResolveProjectReferences;
       C:\Program Files\dotnet\sdk\10.0.100\Sdks\Microsoft.NET.Sdk\targets\Microsoft.NET.Sdk.FrameworkReferenceResolution.targets(14,5): message :       FindInvalidProjectReferences;
       C:\Program Files\dotnet\sdk\10.0.100\Sdks\Microsoft.NET.Sdk\targets\Microsoft.NET.Sdk.FrameworkReferenceResolution.targets(14,5): message :       GetFrameworkPaths;
       C:\Program Files\dotnet\sdk\10.0.100\Sdks\Microsoft.NET.Sdk\targets\Microsoft.NET.Sdk.FrameworkReferenceResolution.targets(14,5): message :       GetReferenceAssemblyPaths;
       C:\Program Files\dotnet\sdk\10.0.100\Sdks\Microsoft.NET.Sdk\targets\Microsoft.NET.Sdk.FrameworkReferenceResolution.targets(14,5): message :       PrepareForBuild;
       C:\Program Files\dotnet\sdk\10.0.100\Sdks\Microsoft.NET.Sdk\targets\Microsoft.NET.Sdk.FrameworkReferenceResolution.targets(14,5): message :       ResolveSDKReferences;
       C:\Program Files\dotnet\sdk\10.0.100\Sdks\Microsoft.NET.Sdk\targets\Microsoft.NET.Sdk.FrameworkReferenceResolution.targets(14,5): message :       ExpandSDKReferences;
       C:\Program Files\dotnet\sdk\10.0.100\Sdks\Microsoft.NET.Sdk\targets\Microsoft.NET.Sdk.FrameworkReferenceResolution.targets(14,5): message :     ;
       C:\Program Files\dotnet\sdk\10.0.100\Sdks\Microsoft.NET.Sdk\targets\Microsoft.NET.Sdk.FrameworkReferenceResolution.targets(14,5): message :       ResolvePackageDependenciesForBuild;
       C:\Program Files\dotnet\sdk\10.0.100\Sdks\Microsoft.NET.Sdk\targets\Microsoft.NET.Sdk.FrameworkReferenceResolution.targets(14,5): message :       _HandlePackageFileConflicts;
       C:\Program Files\dotnet\sdk\10.0.100\Sdks\Microsoft.NET.Sdk\targets\Microsoft.NET.Sdk.FrameworkReferenceResolution.targets(14,5): message :     ;
       C:\Program Files\dotnet\sdk\10.0.100\Sdks\Microsoft.NET.Sdk\targets\Microsoft.NET.Sdk.FrameworkReferenceResolution.targets(14,5): message :       ResolveTargetingPackAssets;
       C:\Program Files\dotnet\sdk\10.0.100\Sdks\Microsoft.NET.Sdk\targets\Microsoft.NET.Sdk.FrameworkReferenceResolution.targets(14,5): message :     " (önceki değer: "
       C:\Program Files\dotnet\sdk\10.0.100\Sdks\Microsoft.NET.Sdk\targets\Microsoft.NET.Sdk.FrameworkReferenceResolution.targets(14,5): message :       
       C:\Program Files\dotnet\sdk\10.0.100\Sdks\Microsoft.NET.Sdk\targets\Microsoft.NET.Sdk.FrameworkReferenceResolution.targets(14,5): message :       ResolveProjectReferences;
       C:\Program Files\dotnet\sdk\10.0.100\Sdks\Microsoft.NET.Sdk\targets\Microsoft.NET.Sdk.FrameworkReferenceResolution.targets(14,5): message :       FindInvalidProjectReferences;
       C:\Program Files\dotnet\sdk\10.0.100\Sdks\Microsoft.NET.Sdk\targets\Microsoft.NET.Sdk.FrameworkReferenceResolution.targets(14,5): message :       GetFrameworkPaths;
       C:\Program Files\dotnet\sdk\10.0.100\Sdks\Microsoft.NET.Sdk\targets\Microsoft.NET.Sdk.FrameworkReferenceResolution.targets(14,5): message :       GetReferenceAssemblyPaths;
       C:\Program Files\dotnet\sdk\10.0.100\Sdks\Microsoft.NET.Sdk\targets\Microsoft.NET.Sdk.FrameworkReferenceResolution.targets(14,5): message :       PrepareForBuild;
       C:\Program Files\dotnet\sdk\10.0.100\Sdks\Microsoft.NET.Sdk\targets\Microsoft.NET.Sdk.FrameworkReferenceResolution.targets(14,5): message :       ResolveSDKReferences;
       C:\Program Files\dotnet\sdk\10.0.100\Sdks\Microsoft.NET.Sdk\targets\Microsoft.NET.Sdk.FrameworkReferenceResolution.targets(14,5): message :       ExpandSDKReferences;
       C:\Program Files\dotnet\sdk\10.0.100\Sdks\Microsoft.NET.Sdk\targets\Microsoft.NET.Sdk.FrameworkReferenceResolution.targets(14,5): message :     ;
       C:\Program Files\dotnet\sdk\10.0.100\Sdks\Microsoft.NET.Sdk\targets\Microsoft.NET.Sdk.FrameworkReferenceResolution.targets(14,5): message :       ResolvePackageDependenciesForBuild;
       C:\Program Files\dotnet\sdk\10.0.100\Sdks\Microsoft.NET.Sdk\targets\Microsoft.NET.Sdk.FrameworkReferenceResolution.targets(14,5): message :       _HandlePackageFileConflicts;
       C:\Program Files\dotnet\sdk\10.0.100\Sdks\Microsoft.NET.Sdk\targets\Microsoft.NET.Sdk.FrameworkReferenceResolution.targets(14,5): message :     ") konum: C:\Program Files\dotnet\sdk\10.0.100\Sdks\Microsoft.NET.Sdk\targets\Microsoft.NET.Sdk.FrameworkReferenceResolution.targets (14,5)
       C:\Program Files\dotnet\sdk\10.0.100\Sdks\Microsoft.NET.Sdk\targets\Microsoft.NET.Sdk.targets(44,5): message : Özellik yeniden ataması: $(_GenerateRuntimeConfigurationPropertyInputsCache)="C:\Users\mrkfk\OneDrive\Desktop\Projelerim\ECommerce\src\Infrastructure\ECommerce.Infrastructure\obj\Debug\net9.0\ECommerce.Infrastructure.genruntimeconfig.cache" (önceki değer: "obj\Debug\net9.0\ECommerce.Infrastructure.genruntimeconfig.cache") konum: C:\Program Files\dotnet\sdk\10.0.100\Sdks\Microsoft.NET.Sdk\targets\Microsoft.NET.Sdk.targets (44,5)
       C:\Program Files\dotnet\sdk\10.0.100\Sdks\Microsoft.NET.Sdk\targets\Microsoft.NET.Sdk.targets(46,5): message : Özellik yeniden ataması: $(_GeneratePublishDependencyFilePropertyInputsCache)="C:\Users\mrkfk\OneDrive\Desktop\Projelerim\ECommerce\src\Infrastructure\ECommerce.Infrastructure\obj\Debug\net9.0\ECommerce.Infrastructure.genpublishdeps.cache" (önceki değer: "obj\Debug\net9.0\ECommerce.Infrastructure.genpublishdeps.cache") konum: C:\Program Files\dotnet\sdk\10.0.100\Sdks\Microsoft.NET.Sdk\targets\Microsoft.NET.Sdk.targets (46,5)
       C:\Program Files\dotnet\sdk\10.0.100\Sdks\Microsoft.NET.Sdk\targets\Microsoft.NET.Sdk.targets(48,5): message : Özellik yeniden ataması: $(_GenerateSingleFileBundlePropertyInputsCache)="C:\Users\mrkfk\OneDrive\Desktop\Projelerim\ECommerce\src\Infrastructure\ECommerce.Infrastructure\obj\Debug\net9.0\ECommerce.Infrastructure.genbundle.cache" (önceki değer: "obj\Debug\net9.0\ECommerce.Infrastructure.genbundle.cache") konum: C:\Program Files\dotnet\sdk\10.0.100\Sdks\Microsoft.NET.Sdk\targets\Microsoft.NET.Sdk.targets (48,5)
       C:\Program Files\dotnet\sdk\10.0.100\Sdks\Microsoft.NET.Sdk\targets\Microsoft.NET.Sdk.targets(81,5): message : Özellik yeniden ataması: $(GenerateRuntimeConfigDevFile)="false" (önceki değer: "true") konum: C:\Program Files\dotnet\sdk\10.0.100\Sdks\Microsoft.NET.Sdk\targets\Microsoft.NET.Sdk.targets (81,5)
       C:\Program Files\dotnet\sdk\10.0.100\Sdks\Microsoft.NET.Sdk\targets\Microsoft.NET.Sdk.targets(98,5): message : 'C:\Users\mrkfk' değerine sahip 'USERPROFILE' özelliği ortamdan genişletildi.
       C:\Program Files\dotnet\sdk\10.0.100\Sdks\Microsoft.NET.Sdk\targets\Microsoft.NET.Sdk.targets(98,5): message : Özellik yeniden ataması: $(_DefaultUserProfileRuntimeStorePath)="C:\Users\mrkfk" (önceki değer: "") konum: C:\Program Files\dotnet\sdk\10.0.100\Sdks\Microsoft.NET.Sdk\targets\Microsoft.NET.Sdk.targets (98,5)
       C:\Program Files\dotnet\sdk\10.0.100\Sdks\Microsoft.NET.Sdk\targets\Microsoft.NET.Sdk.targets(99,5): message : Özellik yeniden ataması: $(_DefaultUserProfileRuntimeStorePath)="C:\Users\mrkfk\.dotnet\store" (önceki değer: "C:\Users\mrkfk") konum: C:\Program Files\dotnet\sdk\10.0.100\Sdks\Microsoft.NET.Sdk\targets\Microsoft.NET.Sdk.targets (99,5)
       C:\Program Files\dotnet\sdk\10.0.100\Sdks\Microsoft.NET.Sdk\targets\Microsoft.NET.Sdk.targets(144,5): message : Özellik yeniden ataması: $(AvailablePlatforms)="Any CPU,x86,x64,ARM32" (önceki değer: "Any CPU,x86,x64") konum: C:\Program Files\dotnet\sdk\10.0.100\Sdks\Microsoft.NET.Sdk\targets\Microsoft.NET.Sdk.targets (144,5)
       C:\Program Files\dotnet\sdk\10.0.100\Sdks\Microsoft.NET.Sdk\targets\Microsoft.NET.Sdk.targets(148,5): message : Özellik yeniden ataması: $(AvailablePlatforms)="Any CPU,x86,x64,ARM32,ARM64" (önceki değer: "Any CPU,x86,x64,ARM32") konum: C:\Program Files\dotnet\sdk\10.0.100\Sdks\Microsoft.NET.Sdk\targets\Microsoft.NET.Sdk.targets (148,5)
       C:\Program Files\dotnet\sdk\10.0.100\Sdks\Microsoft.NET.Sdk\targets\Microsoft.NET.Sdk.targets(204,5): message : Özellik yeniden ataması: $(CoreBuildDependsOn)="
       C:\Program Files\dotnet\sdk\10.0.100\Sdks\Microsoft.NET.Sdk\targets\Microsoft.NET.Sdk.targets(204,5): message :       _CheckForBuildWithNoBuild;
       C:\Program Files\dotnet\sdk\10.0.100\Sdks\Microsoft.NET.Sdk\targets\Microsoft.NET.Sdk.targets(204,5): message :       
       C:\Program Files\dotnet\sdk\10.0.100\Sdks\Microsoft.NET.Sdk\targets\Microsoft.NET.Sdk.targets(204,5): message :       BuildOnlySettings;
       C:\Program Files\dotnet\sdk\10.0.100\Sdks\Microsoft.NET.Sdk\targets\Microsoft.NET.Sdk.targets(204,5): message :       PrepareForBuild;
       C:\Program Files\dotnet\sdk\10.0.100\Sdks\Microsoft.NET.Sdk\targets\Microsoft.NET.Sdk.targets(204,5): message :       PreBuildEvent;
       C:\Program Files\dotnet\sdk\10.0.100\Sdks\Microsoft.NET.Sdk\targets\Microsoft.NET.Sdk.targets(204,5): message :       ResolveReferences;
       C:\Program Files\dotnet\sdk\10.0.100\Sdks\Microsoft.NET.Sdk\targets\Microsoft.NET.Sdk.targets(204,5): message :       PrepareResources;
       C:\Program Files\dotnet\sdk\10.0.100\Sdks\Microsoft.NET.Sdk\targets\Microsoft.NET.Sdk.targets(204,5): message :       ResolveKeySource;
       C:\Program Files\dotnet\sdk\10.0.100\Sdks\Microsoft.NET.Sdk\targets\Microsoft.NET.Sdk.targets(204,5): message :       Compile;
       C:\Program Files\dotnet\sdk\10.0.100\Sdks\Microsoft.NET.Sdk\targets\Microsoft.NET.Sdk.targets(204,5): message :       ExportWindowsMDFile;
       C:\Program Files\dotnet\sdk\10.0.100\Sdks\Microsoft.NET.Sdk\targets\Microsoft.NET.Sdk.targets(204,5): message :       UnmanagedUnregistration;
       C:\Program Files\dotnet\sdk\10.0.100\Sdks\Microsoft.NET.Sdk\targets\Microsoft.NET.Sdk.targets(204,5): message :       GenerateSerializationAssemblies;
       C:\Program Files\dotnet\sdk\10.0.100\Sdks\Microsoft.NET.Sdk\targets\Microsoft.NET.Sdk.targets(204,5): message :       CreateSatelliteAssemblies;
       C:\Program Files\dotnet\sdk\10.0.100\Sdks\Microsoft.NET.Sdk\targets\Microsoft.NET.Sdk.targets(204,5): message :       GenerateManifests;
       C:\Program Files\dotnet\sdk\10.0.100\Sdks\Microsoft.NET.Sdk\targets\Microsoft.NET.Sdk.targets(204,5): message :       GetTargetPath;
       C:\Program Files\dotnet\sdk\10.0.100\Sdks\Microsoft.NET.Sdk\targets\Microsoft.NET.Sdk.targets(204,5): message :       PrepareForRun;
       C:\Program Files\dotnet\sdk\10.0.100\Sdks\Microsoft.NET.Sdk\targets\Microsoft.NET.Sdk.targets(204,5): message :       UnmanagedRegistration;
       C:\Program Files\dotnet\sdk\10.0.100\Sdks\Microsoft.NET.Sdk\targets\Microsoft.NET.Sdk.targets(204,5): message :       IncrementalClean;
       C:\Program Files\dotnet\sdk\10.0.100\Sdks\Microsoft.NET.Sdk\targets\Microsoft.NET.Sdk.targets(204,5): message :       PostBuildEvent
       C:\Program Files\dotnet\sdk\10.0.100\Sdks\Microsoft.NET.Sdk\targets\Microsoft.NET.Sdk.targets(204,5): message :     ;
       C:\Program Files\dotnet\sdk\10.0.100\Sdks\Microsoft.NET.Sdk\targets\Microsoft.NET.Sdk.targets(204,5): message :       GenerateBuildDependencyFile;
       C:\Program Files\dotnet\sdk\10.0.100\Sdks\Microsoft.NET.Sdk\targets\Microsoft.NET.Sdk.targets(204,5): message :       GenerateBuildRuntimeConfigurationFiles
       C:\Program Files\dotnet\sdk\10.0.100\Sdks\Microsoft.NET.Sdk\targets\Microsoft.NET.Sdk.targets(204,5): message :     " (önceki değer: "
       C:\Program Files\dotnet\sdk\10.0.100\Sdks\Microsoft.NET.Sdk\targets\Microsoft.NET.Sdk.targets(204,5): message :       BuildOnlySettings;
       C:\Program Files\dotnet\sdk\10.0.100\Sdks\Microsoft.NET.Sdk\targets\Microsoft.NET.Sdk.targets(204,5): message :       PrepareForBuild;
       C:\Program Files\dotnet\sdk\10.0.100\Sdks\Microsoft.NET.Sdk\targets\Microsoft.NET.Sdk.targets(204,5): message :       PreBuildEvent;
       C:\Program Files\dotnet\sdk\10.0.100\Sdks\Microsoft.NET.Sdk\targets\Microsoft.NET.Sdk.targets(204,5): message :       ResolveReferences;
       C:\Program Files\dotnet\sdk\10.0.100\Sdks\Microsoft.NET.Sdk\targets\Microsoft.NET.Sdk.targets(204,5): message :       PrepareResources;
       C:\Program Files\dotnet\sdk\10.0.100\Sdks\Microsoft.NET.Sdk\targets\Microsoft.NET.Sdk.targets(204,5): message :       ResolveKeySource;
       C:\Program Files\dotnet\sdk\10.0.100\Sdks\Microsoft.NET.Sdk\targets\Microsoft.NET.Sdk.targets(204,5): message :       Compile;
       C:\Program Files\dotnet\sdk\10.0.100\Sdks\Microsoft.NET.Sdk\targets\Microsoft.NET.Sdk.targets(204,5): message :       ExportWindowsMDFile;
       C:\Program Files\dotnet\sdk\10.0.100\Sdks\Microsoft.NET.Sdk\targets\Microsoft.NET.Sdk.targets(204,5): message :       UnmanagedUnregistration;
       C:\Program Files\dotnet\sdk\10.0.100\Sdks\Microsoft.NET.Sdk\targets\Microsoft.NET.Sdk.targets(204,5): message :       GenerateSerializationAssemblies;
       C:\Program Files\dotnet\sdk\10.0.100\Sdks\Microsoft.NET.Sdk\targets\Microsoft.NET.Sdk.targets(204,5): message :       CreateSatelliteAssemblies;
       C:\Program Files\dotnet\sdk\10.0.100\Sdks\Microsoft.NET.Sdk\targets\Microsoft.NET.Sdk.targets(204,5): message :       GenerateManifests;
       C:\Program Files\dotnet\sdk\10.0.100\Sdks\Microsoft.NET.Sdk\targets\Microsoft.NET.Sdk.targets(204,5): message :       GetTargetPath;
       C:\Program Files\dotnet\sdk\10.0.100\Sdks\Microsoft.NET.Sdk\targets\Microsoft.NET.Sdk.targets(204,5): message :       PrepareForRun;
       C:\Program Files\dotnet\sdk\10.0.100\Sdks\Microsoft.NET.Sdk\targets\Microsoft.NET.Sdk.targets(204,5): message :       UnmanagedRegistration;
       C:\Program Files\dotnet\sdk\10.0.100\Sdks\Microsoft.NET.Sdk\targets\Microsoft.NET.Sdk.targets(204,5): message :       IncrementalClean;
       C:\Program Files\dotnet\sdk\10.0.100\Sdks\Microsoft.NET.Sdk\targets\Microsoft.NET.Sdk.targets(204,5): message :       PostBuildEvent
       C:\Program Files\dotnet\sdk\10.0.100\Sdks\Microsoft.NET.Sdk\targets\Microsoft.NET.Sdk.targets(204,5): message :     ") konum: C:\Program Files\dotnet\sdk\10.0.100\Sdks\Microsoft.NET.Sdk\targets\Microsoft.NET.Sdk.targets (204,5)
       C:\Program Files\dotnet\sdk\10.0.100\Sdks\Microsoft.NET.Sdk\targets\Microsoft.NET.Sdk.targets(213,5): message : Özellik yeniden ataması: $(CoreCleanDependsOn)="
       C:\Program Files\dotnet\sdk\10.0.100\Sdks\Microsoft.NET.Sdk\targets\Microsoft.NET.Sdk.targets(213,5): message :       _SdkBeforeClean;
       C:\Program Files\dotnet\sdk\10.0.100\Sdks\Microsoft.NET.Sdk\targets\Microsoft.NET.Sdk.targets(213,5): message :       
       C:\Program Files\dotnet\sdk\10.0.100\Sdks\Microsoft.NET.Sdk\targets\Microsoft.NET.Sdk.targets(213,5): message :     " (önceki değer: "") konum: C:\Program Files\dotnet\sdk\10.0.100\Sdks\Microsoft.NET.Sdk\targets\Microsoft.NET.Sdk.targets (213,5)
       C:\Program Files\dotnet\sdk\10.0.100\Sdks\Microsoft.NET.Sdk\targets\Microsoft.NET.Sdk.targets(220,5): message : Özellik yeniden ataması: $(RebuildDependsOn)="
       C:\Program Files\dotnet\sdk\10.0.100\Sdks\Microsoft.NET.Sdk\targets\Microsoft.NET.Sdk.targets(220,5): message :       _SdkBeforeRebuild;
       C:\Program Files\dotnet\sdk\10.0.100\Sdks\Microsoft.NET.Sdk\targets\Microsoft.NET.Sdk.targets(220,5): message :       
       C:\Program Files\dotnet\sdk\10.0.100\Sdks\Microsoft.NET.Sdk\targets\Microsoft.NET.Sdk.targets(220,5): message :       BeforeRebuild;
       C:\Program Files\dotnet\sdk\10.0.100\Sdks\Microsoft.NET.Sdk\targets\Microsoft.NET.Sdk.targets(220,5): message :       Clean;
       C:\Program Files\dotnet\sdk\10.0.100\Sdks\Microsoft.NET.Sdk\targets\Microsoft.NET.Sdk.targets(220,5): message :       Build;
       C:\Program Files\dotnet\sdk\10.0.100\Sdks\Microsoft.NET.Sdk\targets\Microsoft.NET.Sdk.targets(220,5): message :       AfterRebuild;
       C:\Program Files\dotnet\sdk\10.0.100\Sdks\Microsoft.NET.Sdk\targets\Microsoft.NET.Sdk.targets(220,5): message :     
       C:\Program Files\dotnet\sdk\10.0.100\Sdks\Microsoft.NET.Sdk\targets\Microsoft.NET.Sdk.targets(220,5): message :     " (önceki değer: "
       C:\Program Files\dotnet\sdk\10.0.100\Sdks\Microsoft.NET.Sdk\targets\Microsoft.NET.Sdk.targets(220,5): message :       BeforeRebuild;
       C:\Program Files\dotnet\sdk\10.0.100\Sdks\Microsoft.NET.Sdk\targets\Microsoft.NET.Sdk.targets(220,5): message :       Clean;
       C:\Program Files\dotnet\sdk\10.0.100\Sdks\Microsoft.NET.Sdk\targets\Microsoft.NET.Sdk.targets(220,5): message :       Build;
       C:\Program Files\dotnet\sdk\10.0.100\Sdks\Microsoft.NET.Sdk\targets\Microsoft.NET.Sdk.targets(220,5): message :       AfterRebuild;
       C:\Program Files\dotnet\sdk\10.0.100\Sdks\Microsoft.NET.Sdk\targets\Microsoft.NET.Sdk.targets(220,5): message :     ") konum: C:\Program Files\dotnet\sdk\10.0.100\Sdks\Microsoft.NET.Sdk\targets\Microsoft.NET.Sdk.targets (220,5)
       C:\Program Files\dotnet\sdk\10.0.100\Sdks\Microsoft.NET.Sdk\targets\Microsoft.NET.Sdk.targets(799,5): message : Özellik yeniden ataması: $(CompileDependsOn)="
       C:\Program Files\dotnet\sdk\10.0.100\Sdks\Microsoft.NET.Sdk\targets\Microsoft.NET.Sdk.targets(799,5): message :       
       C:\Program Files\dotnet\sdk\10.0.100\Sdks\Microsoft.NET.Sdk\targets\Microsoft.NET.Sdk.targets(799,5): message :       ResolveReferences;
       C:\Program Files\dotnet\sdk\10.0.100\Sdks\Microsoft.NET.Sdk\targets\Microsoft.NET.Sdk.targets(799,5): message :       ResolveKeySource;
       C:\Program Files\dotnet\sdk\10.0.100\Sdks\Microsoft.NET.Sdk\targets\Microsoft.NET.Sdk.targets(799,5): message :       SetWin32ManifestProperties;
       C:\Program Files\dotnet\sdk\10.0.100\Sdks\Microsoft.NET.Sdk\targets\Microsoft.NET.Sdk.targets(799,5): message :       _SetPreferNativeArm64Win32ManifestProperties;
       C:\Program Files\dotnet\sdk\10.0.100\Sdks\Microsoft.NET.Sdk\targets\Microsoft.NET.Sdk.targets(799,5): message :       FindReferenceAssembliesForReferences;
       C:\Program Files\dotnet\sdk\10.0.100\Sdks\Microsoft.NET.Sdk\targets\Microsoft.NET.Sdk.targets(799,5): message :       _GenerateCompileInputs;
       C:\Program Files\dotnet\sdk\10.0.100\Sdks\Microsoft.NET.Sdk\targets\Microsoft.NET.Sdk.targets(799,5): message :       BeforeCompile;
       C:\Program Files\dotnet\sdk\10.0.100\Sdks\Microsoft.NET.Sdk\targets\Microsoft.NET.Sdk.targets(799,5): message :       _TimeStampBeforeCompile;
       C:\Program Files\dotnet\sdk\10.0.100\Sdks\Microsoft.NET.Sdk\targets\Microsoft.NET.Sdk.targets(799,5): message :       _GenerateCompileDependencyCache;
       C:\Program Files\dotnet\sdk\10.0.100\Sdks\Microsoft.NET.Sdk\targets\Microsoft.NET.Sdk.targets(799,5): message :       CoreCompile;
       C:\Program Files\dotnet\sdk\10.0.100\Sdks\Microsoft.NET.Sdk\targets\Microsoft.NET.Sdk.targets(799,5): message :       _TimeStampAfterCompile;
       C:\Program Files\dotnet\sdk\10.0.100\Sdks\Microsoft.NET.Sdk\targets\Microsoft.NET.Sdk.targets(799,5): message :       AfterCompile;
       C:\Program Files\dotnet\sdk\10.0.100\Sdks\Microsoft.NET.Sdk\targets\Microsoft.NET.Sdk.targets(799,5): message :     ;
       C:\Program Files\dotnet\sdk\10.0.100\Sdks\Microsoft.NET.Sdk\targets\Microsoft.NET.Sdk.targets(799,5): message :       _CreateAppHost;
       C:\Program Files\dotnet\sdk\10.0.100\Sdks\Microsoft.NET.Sdk\targets\Microsoft.NET.Sdk.targets(799,5): message :       _CreateComHost;
       C:\Program Files\dotnet\sdk\10.0.100\Sdks\Microsoft.NET.Sdk\targets\Microsoft.NET.Sdk.targets(799,5): message :       _GetIjwHostPaths;
       C:\Program Files\dotnet\sdk\10.0.100\Sdks\Microsoft.NET.Sdk\targets\Microsoft.NET.Sdk.targets(799,5): message :     " (önceki değer: "
       C:\Program Files\dotnet\sdk\10.0.100\Sdks\Microsoft.NET.Sdk\targets\Microsoft.NET.Sdk.targets(799,5): message :       ResolveReferences;
       C:\Program Files\dotnet\sdk\10.0.100\Sdks\Microsoft.NET.Sdk\targets\Microsoft.NET.Sdk.targets(799,5): message :       ResolveKeySource;
       C:\Program Files\dotnet\sdk\10.0.100\Sdks\Microsoft.NET.Sdk\targets\Microsoft.NET.Sdk.targets(799,5): message :       SetWin32ManifestProperties;
       C:\Program Files\dotnet\sdk\10.0.100\Sdks\Microsoft.NET.Sdk\targets\Microsoft.NET.Sdk.targets(799,5): message :       _SetPreferNativeArm64Win32ManifestProperties;
       C:\Program Files\dotnet\sdk\10.0.100\Sdks\Microsoft.NET.Sdk\targets\Microsoft.NET.Sdk.targets(799,5): message :       FindReferenceAssembliesForReferences;
       C:\Program Files\dotnet\sdk\10.0.100\Sdks\Microsoft.NET.Sdk\targets\Microsoft.NET.Sdk.targets(799,5): message :       _GenerateCompileInputs;
       C:\Program Files\dotnet\sdk\10.0.100\Sdks\Microsoft.NET.Sdk\targets\Microsoft.NET.Sdk.targets(799,5): message :       BeforeCompile;
       C:\Program Files\dotnet\sdk\10.0.100\Sdks\Microsoft.NET.Sdk\targets\Microsoft.NET.Sdk.targets(799,5): message :       _TimeStampBeforeCompile;
       C:\Program Files\dotnet\sdk\10.0.100\Sdks\Microsoft.NET.Sdk\targets\Microsoft.NET.Sdk.targets(799,5): message :       _GenerateCompileDependencyCache;
       C:\Program Files\dotnet\sdk\10.0.100\Sdks\Microsoft.NET.Sdk\targets\Microsoft.NET.Sdk.targets(799,5): message :       CoreCompile;
       C:\Program Files\dotnet\sdk\10.0.100\Sdks\Microsoft.NET.Sdk\targets\Microsoft.NET.Sdk.targets(799,5): message :       _TimeStampAfterCompile;
       C:\Program Files\dotnet\sdk\10.0.100\Sdks\Microsoft.NET.Sdk\targets\Microsoft.NET.Sdk.targets(799,5): message :       AfterCompile;
       C:\Program Files\dotnet\sdk\10.0.100\Sdks\Microsoft.NET.Sdk\targets\Microsoft.NET.Sdk.targets(799,5): message :     ") konum: C:\Program Files\dotnet\sdk\10.0.100\Sdks\Microsoft.NET.Sdk\targets\Microsoft.NET.Sdk.targets (799,5)
       C:\Program Files\dotnet\sdk\10.0.100\Sdks\Microsoft.NET.Sdk\targets\Microsoft.NET.Sdk.targets(1131,5): message : Özellik yeniden ataması: $(CreateSatelliteAssembliesDependsOn)="
       C:\Program Files\dotnet\sdk\10.0.100\Sdks\Microsoft.NET.Sdk\targets\Microsoft.NET.Sdk.targets(1131,5): message :       
       C:\Program Files\dotnet\sdk\10.0.100\Sdks\Microsoft.NET.Sdk\targets\Microsoft.NET.Sdk.targets(1131,5): message :       ;
       C:\Program Files\dotnet\sdk\10.0.100\Sdks\Microsoft.NET.Sdk\targets\Microsoft.NET.Sdk.targets(1131,5): message :       _GenerateSatelliteAssemblyInputs;
       C:\Program Files\dotnet\sdk\10.0.100\Sdks\Microsoft.NET.Sdk\targets\Microsoft.NET.Sdk.targets(1131,5): message :       ComputeIntermediateSatelliteAssemblies;
       C:\Program Files\dotnet\sdk\10.0.100\Sdks\Microsoft.NET.Sdk\targets\Microsoft.NET.Sdk.targets(1131,5): message :       GenerateSatelliteAssemblies
       C:\Program Files\dotnet\sdk\10.0.100\Sdks\Microsoft.NET.Sdk\targets\Microsoft.NET.Sdk.targets(1131,5): message :     ;
       C:\Program Files\dotnet\sdk\10.0.100\Sdks\Microsoft.NET.Sdk\targets\Microsoft.NET.Sdk.targets(1131,5): message :       CoreGenerateSatelliteAssemblies
       C:\Program Files\dotnet\sdk\10.0.100\Sdks\Microsoft.NET.Sdk\targets\Microsoft.NET.Sdk.targets(1131,5): message :     " (önceki değer: "
       C:\Program Files\dotnet\sdk\10.0.100\Sdks\Microsoft.NET.Sdk\targets\Microsoft.NET.Sdk.targets(1131,5): message :       ;
       C:\Program Files\dotnet\sdk\10.0.100\Sdks\Microsoft.NET.Sdk\targets\Microsoft.NET.Sdk.targets(1131,5): message :       _GenerateSatelliteAssemblyInputs;
       C:\Program Files\dotnet\sdk\10.0.100\Sdks\Microsoft.NET.Sdk\targets\Microsoft.NET.Sdk.targets(1131,5): message :       ComputeIntermediateSatelliteAssemblies;
       C:\Program Files\dotnet\sdk\10.0.100\Sdks\Microsoft.NET.Sdk\targets\Microsoft.NET.Sdk.targets(1131,5): message :       GenerateSatelliteAssemblies
       C:\Program Files\dotnet\sdk\10.0.100\Sdks\Microsoft.NET.Sdk\targets\Microsoft.NET.Sdk.targets(1131,5): message :     ") konum: C:\Program Files\dotnet\sdk\10.0.100\Sdks\Microsoft.NET.Sdk\targets\Microsoft.NET.Sdk.targets (1131,5)
       C:\Program Files\dotnet\sdk\10.0.100\Sdks\Microsoft.SourceLink.GitLab\build\Microsoft.SourceLink.GitLab.targets(12,5): message : Özellik yeniden ataması: $(SourceLinkUrlInitializerTargets)=";_InitializeGitHubSourceLinkUrl;_InitializeGitLabSourceLinkUrl" (önceki değer: ";_InitializeGitHubSourceLinkUrl") konum: C:\Program Files\dotnet\sdk\10.0.100\Sdks\Microsoft.SourceLink.GitLab\build\Microsoft.SourceLink.GitLab.targets (12,5)
       C:\Program Files\dotnet\sdk\10.0.100\Sdks\Microsoft.SourceLink.GitLab\build\Microsoft.SourceLink.GitLab.targets(13,5): message : Özellik yeniden ataması: $(SourceControlManagerUrlTranslationTargets)=";TranslateGitHubUrlsInSourceControlInformation;TranslateGitLabUrlsInSourceControlInformation" (önceki değer: ";TranslateGitHubUrlsInSourceControlInformation") konum: C:\Program Files\dotnet\sdk\10.0.100\Sdks\Microsoft.SourceLink.GitLab\build\Microsoft.SourceLink.GitLab.targets (13,5)
       C:\Program Files\dotnet\sdk\10.0.100\Sdks\Microsoft.SourceLink.AzureRepos.Git\build\Microsoft.SourceLink.AzureRepos.Git.targets(12,5): message : Özellik yeniden ataması: $(SourceLinkUrlInitializerTargets)=";_InitializeGitHubSourceLinkUrl;_InitializeGitLabSourceLinkUrl;_InitializeAzureReposGitSourceLinkUrl" (önceki değer: ";_InitializeGitHubSourceLinkUrl;_InitializeGitLabSourceLinkUrl") konum: C:\Program Files\dotnet\sdk\10.0.100\Sdks\Microsoft.SourceLink.AzureRepos.Git\build\Microsoft.SourceLink.AzureRepos.Git.targets (12,5)
       C:\Program Files\dotnet\sdk\10.0.100\Sdks\Microsoft.SourceLink.AzureRepos.Git\build\Microsoft.SourceLink.AzureRepos.Git.targets(13,5): message : Özellik yeniden ataması: $(SourceControlManagerUrlTranslationTargets)=";TranslateGitHubUrlsInSourceControlInformation;TranslateGitLabUrlsInSourceControlInformation;TranslateAzureReposGitUrlsInSourceControlInformation" (önceki değer: ";TranslateGitHubUrlsInSourceControlInformation;TranslateGitLabUrlsInSourceControlInformation") konum: C:\Program Files\dotnet\sdk\10.0.100\Sdks\Microsoft.SourceLink.AzureRepos.Git\build\Microsoft.SourceLink.AzureRepos.Git.targets (13,5)
       C:\Program Files\dotnet\sdk\10.0.100\Sdks\Microsoft.SourceLink.Bitbucket.Git\build\Microsoft.SourceLink.Bitbucket.Git.targets(12,5): message : Özellik yeniden ataması: $(SourceLinkUrlInitializerTargets)=";_InitializeGitHubSourceLinkUrl;_InitializeGitLabSourceLinkUrl;_InitializeAzureReposGitSourceLinkUrl;_InitializeBitbucketGitSourceLinkUrl" (önceki değer: ";_InitializeGitHubSourceLinkUrl;_InitializeGitLabSourceLinkUrl;_InitializeAzureReposGitSourceLinkUrl") konum: C:\Program Files\dotnet\sdk\10.0.100\Sdks\Microsoft.SourceLink.Bitbucket.Git\build\Microsoft.SourceLink.Bitbucket.Git.targets (12,5)
       C:\Program Files\dotnet\sdk\10.0.100\Sdks\Microsoft.SourceLink.Bitbucket.Git\build\Microsoft.SourceLink.Bitbucket.Git.targets(13,5): message : Özellik yeniden ataması: $(SourceControlManagerUrlTranslationTargets)=";TranslateGitHubUrlsInSourceControlInformation;TranslateGitLabUrlsInSourceControlInformation;TranslateAzureReposGitUrlsInSourceControlInformation;TranslateBitbucketGitUrlsInSourceControlInformation" (önceki değer: ";TranslateGitHubUrlsInSourceControlInformation;TranslateGitLabUrlsInSourceControlInformation;TranslateAzureReposGitUrlsInSourceControlInformation") konum: C:\Program Files\dotnet\sdk\10.0.100\Sdks\Microsoft.SourceLink.Bitbucket.Git\build\Microsoft.SourceLink.Bitbucket.Git.targets (13,5)
       C:\Program Files\dotnet\sdk\10.0.100\Sdks\Microsoft.NET.Sdk\targets\Microsoft.NET.DesignerSupport.targets(21,5): message : Özellik yeniden ataması: $(DesignerRuntimeImplementationProjectOutputGroupDependsOn)="
       C:\Program Files\dotnet\sdk\10.0.100\Sdks\Microsoft.NET.Sdk\targets\Microsoft.NET.DesignerSupport.targets(21,5): message :       
       C:\Program Files\dotnet\sdk\10.0.100\Sdks\Microsoft.NET.Sdk\targets\Microsoft.NET.DesignerSupport.targets(21,5): message :       ;
       C:\Program Files\dotnet\sdk\10.0.100\Sdks\Microsoft.NET.Sdk\targets\Microsoft.NET.DesignerSupport.targets(21,5): message :       
       C:\Program Files\dotnet\sdk\10.0.100\Sdks\Microsoft.NET.Sdk\targets\Microsoft.NET.DesignerSupport.targets(21,5): message :       ;
       C:\Program Files\dotnet\sdk\10.0.100\Sdks\Microsoft.NET.Sdk\targets\Microsoft.NET.DesignerSupport.targets(21,5): message :       BuildOnlySettings;
       C:\Program Files\dotnet\sdk\10.0.100\Sdks\Microsoft.NET.Sdk\targets\Microsoft.NET.DesignerSupport.targets(21,5): message :       PrepareForBuild;
       C:\Program Files\dotnet\sdk\10.0.100\Sdks\Microsoft.NET.Sdk\targets\Microsoft.NET.DesignerSupport.targets(21,5): message :       AssignTargetPaths;
       C:\Program Files\dotnet\sdk\10.0.100\Sdks\Microsoft.NET.Sdk\targets\Microsoft.NET.DesignerSupport.targets(21,5): message :       ResolveReferences
       C:\Program Files\dotnet\sdk\10.0.100\Sdks\Microsoft.NET.Sdk\targets\Microsoft.NET.DesignerSupport.targets(21,5): message :     
       C:\Program Files\dotnet\sdk\10.0.100\Sdks\Microsoft.NET.Sdk\targets\Microsoft.NET.DesignerSupport.targets(21,5): message :     ;
       C:\Program Files\dotnet\sdk\10.0.100\Sdks\Microsoft.NET.Sdk\targets\Microsoft.NET.DesignerSupport.targets(21,5): message :       _GenerateDesignerDepsFile;
       C:\Program Files\dotnet\sdk\10.0.100\Sdks\Microsoft.NET.Sdk\targets\Microsoft.NET.DesignerSupport.targets(21,5): message :       _GenerateDesignerRuntimeConfigFile;
       C:\Program Files\dotnet\sdk\10.0.100\Sdks\Microsoft.NET.Sdk\targets\Microsoft.NET.DesignerSupport.targets(21,5): message :       GetCopyToOutputDirectoryItems;
       C:\Program Files\dotnet\sdk\10.0.100\Sdks\Microsoft.NET.Sdk\targets\Microsoft.NET.DesignerSupport.targets(21,5): message :       _GatherDesignerShadowCopyFiles;
       C:\Program Files\dotnet\sdk\10.0.100\Sdks\Microsoft.NET.Sdk\targets\Microsoft.NET.DesignerSupport.targets(21,5): message :     " (önceki değer: "
       C:\Program Files\dotnet\sdk\10.0.100\Sdks\Microsoft.NET.Sdk\targets\Microsoft.NET.DesignerSupport.targets(21,5): message :       ;
       C:\Program Files\dotnet\sdk\10.0.100\Sdks\Microsoft.NET.Sdk\targets\Microsoft.NET.DesignerSupport.targets(21,5): message :       
       C:\Program Files\dotnet\sdk\10.0.100\Sdks\Microsoft.NET.Sdk\targets\Microsoft.NET.DesignerSupport.targets(21,5): message :       ;
       C:\Program Files\dotnet\sdk\10.0.100\Sdks\Microsoft.NET.Sdk\targets\Microsoft.NET.DesignerSupport.targets(21,5): message :       BuildOnlySettings;
       C:\Program Files\dotnet\sdk\10.0.100\Sdks\Microsoft.NET.Sdk\targets\Microsoft.NET.DesignerSupport.targets(21,5): message :       PrepareForBuild;
       C:\Program Files\dotnet\sdk\10.0.100\Sdks\Microsoft.NET.Sdk\targets\Microsoft.NET.DesignerSupport.targets(21,5): message :       AssignTargetPaths;
       C:\Program Files\dotnet\sdk\10.0.100\Sdks\Microsoft.NET.Sdk\targets\Microsoft.NET.DesignerSupport.targets(21,5): message :       ResolveReferences
       C:\Program Files\dotnet\sdk\10.0.100\Sdks\Microsoft.NET.Sdk\targets\Microsoft.NET.DesignerSupport.targets(21,5): message :     
       C:\Program Files\dotnet\sdk\10.0.100\Sdks\Microsoft.NET.Sdk\targets\Microsoft.NET.DesignerSupport.targets(21,5): message :     ") konum: C:\Program Files\dotnet\sdk\10.0.100\Sdks\Microsoft.NET.Sdk\targets\Microsoft.NET.DesignerSupport.targets (21,5)
       C:\Program Files\dotnet\sdk\10.0.100\Sdks\Microsoft.NET.Sdk\targets\Microsoft.NET.Sdk.CSharp.targets(31,5): message : Özellik yeniden ataması: $(DefineConstants)="TRACE;DEBUG" (önceki değer: "TRACE") konum: C:\Program Files\dotnet\sdk\10.0.100\Sdks\Microsoft.NET.Sdk\targets\Microsoft.NET.Sdk.CSharp.targets (31,5)
       C:\Program Files\dotnet\sdk\10.0.100\Sdks\Microsoft.NET.Sdk\targets\Microsoft.NET.Sdk.CSharp.targets(45,5): message : Özellik yeniden ataması: $(WarningsAsErrors)=";NU1605;SYSLIB0011" (önceki değer: ";NU1605") konum: C:\Program Files\dotnet\sdk\10.0.100\Sdks\Microsoft.NET.Sdk\targets\Microsoft.NET.Sdk.CSharp.targets (45,5)
       Derleme Evaluation sırasında yüklendi: System.Collections.NonGeneric, Version=10.0.0.0, Culture=neutral, PublicKeyToken=b03f5f7f11d50a3a (konum: C:\Program Files\dotnet\shared\Microsoft.NETCore.App\10.0.0\System.Collections.NonGeneric.dll, MVID: 83064f20-cedb-4bbc-9eeb-318f9c585640, AssemblyLoadContext: Default)
       C:\Program Files\dotnet\sdk\10.0.100\NuGet.Build.Tasks.Pack.targets(34,5): message : Özellik yeniden ataması: $(PackageDescription)="Package Description" (önceki değer: "") konum: C:\Program Files\dotnet\sdk\10.0.100\NuGet.Build.Tasks.Pack.targets (34,5)
       C:\Program Files\dotnet\sdk\10.0.100\NuGet.Build.Tasks.Pack.targets(59,5): message : Özellik yeniden ataması: $(GenerateNuspecDependsOn)="Build;_LoadPackInputItems; _GetTargetFrameworksOutput; _WalkEachTargetPerFramework; _GetPackageFiles; " (önceki değer: "_LoadPackInputItems; _GetTargetFrameworksOutput; _WalkEachTargetPerFramework; _GetPackageFiles; ") konum: C:\Program Files\dotnet\sdk\10.0.100\NuGet.Build.Tasks.Pack.targets (59,5)
       C:\Program Files\dotnet\sdk\10.0.100\Sdks\Microsoft.NET.Sdk\Sdk\Sdk.targets(59,5): message : Özellik yeniden ataması: $(_IsNotSetContainersTargetsDir)="true" (önceki değer: "false") konum: C:\Program Files\dotnet\sdk\10.0.100\Sdks\Microsoft.NET.Sdk\Sdk\Sdk.targets (59,5)
       C:\Program Files\dotnet\sdk\10.0.100\Containers\build\Microsoft.NET.Build.Containers.targets(5,5): message : Özellik yeniden ataması: $(_IsSDKContainerAllowedVersion)="true" (önceki değer: "false") konum: C:\Program Files\dotnet\sdk\10.0.100\Containers\build\Microsoft.NET.Build.Containers.targets (5,5)
       C:\Program Files\dotnet\sdk\10.0.100\Containers\build\Microsoft.NET.Build.Containers.targets(15,5): message : Özellik yeniden ataması: $(_ContainerIsTargetingNet8TFM)="true" (önceki değer: "false") konum: C:\Program Files\dotnet\sdk\10.0.100\Containers\build\Microsoft.NET.Build.Containers.targets (15,5)
       "C:\Program Files\dotnet\sdk\10.0.100\Sdks\Microsoft.NET.Sdk\targets\Microsoft.NET.Sdk.FrameworkReferenceResolution.targets" projesindeki "ResolveFrameworkReferences" hedefi kullanılarak "C:\Program Files\dotnet\sdk\10.0.100\Microsoft.Common.CurrentVersion.targets" projesindeki "ResolveFrameworkReferences" hedefinin üzerine yazılıyor.
       "C:\Program Files\dotnet\sdk\10.0.100\Sdks\Microsoft.NET.Sdk\targets\Microsoft.NET.Sdk.targets" projesindeki "GenerateSupportedTargetFrameworkAlias" hedefi kullanılarak "C:\Program Files\dotnet\sdk\10.0.100\Microsoft.Common.CurrentVersion.targets" projesindeki "GenerateSupportedTargetFrameworkAlias" hedefinin üzerine yazılıyor.
       "C:\Program Files\dotnet\sdk\10.0.100\Sdks\Microsoft.NET.Sdk\targets\Microsoft.NET.DisableStandardFrameworkResolution.targets" projesindeki "GetReferenceAssemblyPaths" hedefi kullanılarak "C:\Program Files\dotnet\sdk\10.0.100\Microsoft.Common.CurrentVersion.targets" projesindeki "GetReferenceAssemblyPaths" hedefinin üzerine yazılıyor.
       "C:\Program Files\dotnet\sdk\10.0.100\Sdks\Microsoft.NET.Sdk\targets\Microsoft.NET.DisableStandardFrameworkResolution.targets" projesindeki "GetFrameworkPaths" hedefi kullanılarak "C:\Program Files\dotnet\sdk\10.0.100\Microsoft.Common.CurrentVersion.targets" projesindeki "GetFrameworkPaths" hedefinin üzerine yazılıyor.
       "C:\Program Files\dotnet\sdk\10.0.100\Sdks\Microsoft.NET.Sdk\targets\Microsoft.NET.DesignerSupport.targets" projesindeki "DesignerRuntimeImplementationProjectOutputGroup" hedefi kullanılarak "C:\Program Files\dotnet\sdk\10.0.100\Microsoft.Common.CurrentVersion.targets" projesindeki "DesignerRuntimeImplementationProjectOutputGroup" hedefinin üzerine yazılıyor.
       "C:\Program Files\dotnet\sdk\10.0.100\Sdks\Microsoft.NET.Sdk\targets\Microsoft.NET.Publish.targets" projesindeki "Publish" hedefi kullanılarak "C:\Program Files\dotnet\sdk\10.0.100\Microsoft.Common.CurrentVersion.targets" projesindeki "Publish" hedefinin üzerine yazılıyor.
       "C:\Program Files\dotnet\sdk\10.0.100\Sdks\Microsoft.NET.Sdk\targets\Microsoft.NET.Publish.targets" projesindeki "ResolveReadyToRunCompilers" hedefi kullanılarak "C:\Program Files\dotnet\sdk\10.0.100\Sdks\Microsoft.NET.Sdk\targets\Microsoft.NET.CrossGen.targets" projesindeki "ResolveReadyToRunCompilers" hedefinin üzerine yazılıyor.
       "C:\Program Files\dotnet\sdk\10.0.100\Sdks\Microsoft.NET.Sdk\targets\Microsoft.NET.Publish.targets" projesindeki "GetCopyToPublishDirectoryItems" hedefi kullanılarak "C:\Program Files\dotnet\sdk\10.0.100\Microsoft.Common.CurrentVersion.targets" projesindeki "GetCopyToPublishDirectoryItems" hedefinin üzerine yazılıyor.
       "C:\Program Files\dotnet\sdk\10.0.100\Sdks\Microsoft.NET.Sdk\targets\Microsoft.NET.Sdk.targets" projesindeki "Run" hedefi kullanılarak "C:\Program Files\dotnet\sdk\10.0.100\Microsoft.Common.CurrentVersion.targets" projesindeki "Run" hedefinin üzerine yazılıyor.
     1>1 düğümünde "C:\Users\mrkfk\OneDrive\Desktop\Projelerim\ECommerce\src\Infrastructure\ECommerce.Infrastructure\ECommerce.Infrastructure.csproj" projesi (Restore hedef).
     1>"C:\Users\mrkfk\OneDrive\Desktop\Projelerim\ECommerce\src\Infrastructure\ECommerce.Infrastructure\ECommerce.Infrastructure.csproj" projesinin "C:\Program Files\dotnet\sdk\10.0.100\NuGet.targets" dosyasındaki "_LoadRestoreGraphEntryPoints" hedefi ("_FilterRestoreGraphProjectInputItems" hedefi buna bağımlı):
     1>"ECommerce.Infrastructure.csproj" projesinde "_LoadRestoreGraphEntryPoints" hedefini oluşturma tamamlandı.
     1>"C:\Users\mrkfk\OneDrive\Desktop\Projelerim\ECommerce\src\Infrastructure\ECommerce.Infrastructure\ECommerce.Infrastructure.csproj" projesinin "C:\Program Files\dotnet\sdk\10.0.100\NuGet.targets" dosyasındaki "_FilterRestoreGraphProjectInputItems" hedefi ("_GenerateRestoreGraph" hedefi buna bağımlı):
       "Microsoft.Build.Tasks.Core, Version=15.1.0.0, Culture=neutral, PublicKeyToken=b03f5f7f11d50a3a" derlemesindeki "RemoveDuplicates" görevi kullanılıyor.
       "RemoveDuplicates" görevi
       "RemoveDuplicates" görevini yürütme tamamlandı.
       "Microsoft.Build.Tasks.Core, Version=15.1.0.0, Culture=neutral, PublicKeyToken=b03f5f7f11d50a3a" derlemesindeki "MSBuild" görevi kullanılıyor.
       "MSBuild" görevi
         Genel Özellikler:
           ExcludeRestorePackageImports=true
     0>C:\Program Files\dotnet\sdk\10.0.100\Sdks\Microsoft.NET.Sdk\Sdk\Sdk.props(49,11): message : 'C:\Program Files\dotnet\sdk\10.0.100\' değerine sahip 'MSBuildExtensionsPath' özelliği ortamdan genişletildi.
       C:\Program Files\dotnet\sdk\10.0.100\Current\Microsoft.Common.props(60,5): message : Özellik yeniden ataması: $(MSBuildProjectExtensionsPath)="C:\Users\mrkfk\OneDrive\Desktop\Projelerim\ECommerce\src\Infrastructure\ECommerce.Infrastructure\obj\" (önceki değer: "obj\") konum: C:\Program Files\dotnet\sdk\10.0.100\Current\Microsoft.Common.props (60,5)
       C:\Program Files\dotnet\sdk\10.0.100\Current\Microsoft.Common.props(84,119): message : 'C:\Users\mrkfk\AppData\Local\Microsoft\MSBuild' değerine sahip 'MSBuildUserExtensionsPath' özelliği ortamdan genişletildi.
       C:\Program Files\dotnet\sdk\10.0.100\Sdks\Microsoft.NET.Sdk\targets\Microsoft.NET.Sdk.props(90,5): message : Özellik yeniden ataması: $(AssemblySearchPaths)="{CandidateAssemblyFiles};{HintPathFromItem}" (önceki değer: "{CandidateAssemblyFiles}") konum: C:\Program Files\dotnet\sdk\10.0.100\Sdks\Microsoft.NET.Sdk\targets\Microsoft.NET.Sdk.props (90,5)
       C:\Program Files\dotnet\sdk\10.0.100\Sdks\Microsoft.NET.Sdk\targets\Microsoft.NET.Sdk.props(91,5): message : Özellik yeniden ataması: $(AssemblySearchPaths)="{CandidateAssemblyFiles};{HintPathFromItem};{TargetFrameworkDirectory}" (önceki değer: "{CandidateAssemblyFiles};{HintPathFromItem}") konum: C:\Program Files\dotnet\sdk\10.0.100\Sdks\Microsoft.NET.Sdk\targets\Microsoft.NET.Sdk.props (91,5)
       C:\Program Files\dotnet\sdk\10.0.100\Sdks\Microsoft.NET.Sdk\targets\Microsoft.NET.Sdk.props(92,5): message : Özellik yeniden ataması: $(AssemblySearchPaths)="{CandidateAssemblyFiles};{HintPathFromItem};{TargetFrameworkDirectory};{RawFileName}" (önceki değer: "{CandidateAssemblyFiles};{HintPathFromItem};{TargetFrameworkDirectory}") konum: C:\Program Files\dotnet\sdk\10.0.100\Sdks\Microsoft.NET.Sdk\targets\Microsoft.NET.Sdk.props (92,5)
       C:\Program Files\dotnet\sdk\10.0.100\Sdks\Microsoft.NET.Sdk\targets\Microsoft.NET.Sdk.ImportPublishProfile.targets(28,5): message : Özellik yeniden ataması: $(PublishProfileImported)="false" (önceki değer: "true") konum: C:\Program Files\dotnet\sdk\10.0.100\Sdks\Microsoft.NET.Sdk\targets\Microsoft.NET.Sdk.ImportPublishProfile.targets (28,5)
       C:\Program Files\dotnet\sdk\10.0.100\Sdks\Microsoft.NET.Sdk\targets\Microsoft.NET.TargetFrameworkInference.targets(81,5): message : Özellik yeniden ataması: $(TargetPlatformVersion)="" (önceki değer: "0.0") konum: C:\Program Files\dotnet\sdk\10.0.100\Sdks\Microsoft.NET.Sdk\targets\Microsoft.NET.TargetFrameworkInference.targets (81,5)
       C:\Program Files\dotnet\sdk\10.0.100\Sdks\Microsoft.NET.Sdk\targets\Microsoft.NET.DefaultOutputPaths.targets(127,5): message : Özellik yeniden ataması: $(DefaultItemExcludes)=";bin\Debug\/**;obj\Debug\/**" (önceki değer: ";bin\Debug\/**") konum: C:\Program Files\dotnet\sdk\10.0.100\Sdks\Microsoft.NET.Sdk\targets\Microsoft.NET.DefaultOutputPaths.targets (127,5)
       C:\Program Files\dotnet\sdk\10.0.100\Sdks\Microsoft.NET.Sdk\targets\Microsoft.NET.DefaultOutputPaths.targets(142,5): message : Özellik yeniden ataması: $(OutputPath)="bin\Debug\net9.0\" (önceki değer: "bin\Debug\") konum: C:\Program Files\dotnet\sdk\10.0.100\Sdks\Microsoft.NET.Sdk\targets\Microsoft.NET.DefaultOutputPaths.targets (142,5)
       C:\Program Files\dotnet\sdk\10.0.100\Sdks\Microsoft.NET.Sdk\targets\Microsoft.NET.DefaultOutputPaths.targets(147,5): message : Özellik yeniden ataması: $(IntermediateOutputPath)="obj\Debug\net9.0\" (önceki değer: "obj\Debug\") konum: C:\Program Files\dotnet\sdk\10.0.100\Sdks\Microsoft.NET.Sdk\targets\Microsoft.NET.DefaultOutputPaths.targets (147,5)
       C:\Program Files\dotnet\sdk\10.0.100\Sdks\Microsoft.NET.Sdk\targets\Microsoft.NET.Sdk.BeforeCommon.targets(371,5): message : Özellik yeniden ataması: $(RoslynTargetsPath)="C:\Program Files\dotnet\sdk\10.0.100\Sdks\Microsoft.NET.Sdk\targets\..\..\..\Roslyn" (önceki değer: "C:\Program Files\dotnet\sdk\10.0.100\Roslyn") konum: C:\Program Files\dotnet\sdk\10.0.100\Sdks\Microsoft.NET.Sdk\targets\Microsoft.NET.Sdk.BeforeCommon.targets (371,5)
       C:\Program Files\dotnet\sdk\10.0.100\Roslyn\Microsoft.Managed.Core.targets(6,5): message : Özellik yeniden ataması: $(_BuildTasksDirectory)="C:\Program Files\dotnet\sdk\10.0.100\Sdks\Microsoft.NET.Sdk\targets\..\..\..\Roslyn\" (önceki değer: "C:\Program Files\dotnet\sdk\10.0.100\Roslyn\") konum: C:\Program Files\dotnet\sdk\10.0.100\Roslyn\Microsoft.Managed.Core.targets (6,5)
       C:\Program Files\dotnet\sdk\10.0.100\Roslyn\Microsoft.CSharp.Core.targets(200,5): message : Özellik yeniden ataması: $(CommandLineArgsForDesignTimeEvaluation)="-langversion:13.0 -define:TRACE" (önceki değer: "-langversion:13.0") konum: C:\Program Files\dotnet\sdk\10.0.100\Roslyn\Microsoft.CSharp.Core.targets (200,5)
       C:\Program Files\dotnet\sdk\10.0.100\Microsoft.Common.CurrentVersion.targets(175,5): message : Özellik yeniden ataması: $(_DebugSymbolsProduced)="true" (önceki değer: "false") konum: C:\Program Files\dotnet\sdk\10.0.100\Microsoft.Common.CurrentVersion.targets (175,5)
       C:\Program Files\dotnet\sdk\10.0.100\Microsoft.Common.CurrentVersion.targets(185,5): message : Özellik yeniden ataması: $(_DocumentationFileProduced)="false" (önceki değer: "true") konum: C:\Program Files\dotnet\sdk\10.0.100\Microsoft.Common.CurrentVersion.targets (185,5)
       C:\Program Files\dotnet\sdk\10.0.100\Microsoft.Common.CurrentVersion.targets(392,5): message : Özellik yeniden ataması: $(MSBuildCopyMarkerName)="ECommerc.B0B31267" (önceki değer: "ECommerce.Infrastructure.csproj") konum: C:\Program Files\dotnet\sdk\10.0.100\Microsoft.Common.CurrentVersion.targets (392,5)
       C:\Program Files\dotnet\sdk\10.0.100\Microsoft.Common.CurrentVersion.targets(393,5): message : Özellik yeniden ataması: $(MSBuildCopyMarkerName)="ECommerc.B0B31267.Up2Date" (önceki değer: "ECommerc.B0B31267") konum: C:\Program Files\dotnet\sdk\10.0.100\Microsoft.Common.CurrentVersion.targets (393,5)
       C:\Program Files\dotnet\sdk\10.0.100\Microsoft.Common.CurrentVersion.targets(541,5): message : Özellik yeniden ataması: $(ProcessorArchitecture)="msil" (önceki değer: "") konum: C:\Program Files\dotnet\sdk\10.0.100\Microsoft.Common.CurrentVersion.targets (541,5)
       C:\Program Files\dotnet\sdk\10.0.100\Microsoft.Common.CurrentVersion.targets(580,5): message : Özellik yeniden ataması: $(DelaySign)="" (önceki değer: "false") konum: C:\Program Files\dotnet\sdk\10.0.100\Microsoft.Common.CurrentVersion.targets (580,5)
       C:\Program Files\dotnet\sdk\10.0.100\Microsoft.Common.CurrentVersion.targets(2606,5): message : 'C:\Users\mrkfk\AppData\Local' değerine sahip 'LOCALAPPDATA' özelliği ortamdan genişletildi.
       C:\Program Files\dotnet\sdk\10.0.100\Microsoft.Common.CurrentVersion.targets(3934,5): message : Özellik yeniden ataması: $(_SGenGenerateSerializationAssembliesConfig)="Auto" (önceki değer: "") konum: C:\Program Files\dotnet\sdk\10.0.100\Microsoft.Common.CurrentVersion.targets (3934,5)
       C:\Program Files\dotnet\sdk\10.0.100\Microsoft.Common.CurrentVersion.targets(3935,5): message : Özellik yeniden ataması: $(_SGenGenerateSerializationAssembliesConfig)="Off" (önceki değer: "Auto") konum: C:\Program Files\dotnet\sdk\10.0.100\Microsoft.Common.CurrentVersion.targets (3935,5)
       C:\Program Files\dotnet\sdk\10.0.100\Microsoft.Common.CurrentVersion.targets(5146,5): message : Özellik yeniden ataması: $(_TargetsThatPrepareProjectReferences)="
       C:\Program Files\dotnet\sdk\10.0.100\Microsoft.Common.CurrentVersion.targets(5146,5): message :       AssignProjectConfiguration;
       C:\Program Files\dotnet\sdk\10.0.100\Microsoft.Common.CurrentVersion.targets(5146,5): message :       _SplitProjectReferencesByFileExistence
       C:\Program Files\dotnet\sdk\10.0.100\Microsoft.Common.CurrentVersion.targets(5146,5): message :     " (önceki değer: "_SplitProjectReferencesByFileExistence") konum: C:\Program Files\dotnet\sdk\10.0.100\Microsoft.Common.CurrentVersion.targets (5146,5)
       C:\Program Files\dotnet\sdk\10.0.100\Microsoft.Common.CurrentVersion.targets(6959,5): message : 'C:\Program Files\dotnet\sdk\10.0.100' değerine sahip 'MSBuildExtensionsPath32' özelliği ortamdan genişletildi.
       "NuGetInteractive" özelliği genel bir özelliktir ve değiştirilemez.
       C:\Program Files\dotnet\sdk\10.0.100\Sdks\Microsoft.NET.Sdk\targets\Microsoft.PackageDependencyResolution.targets(24,5): message : Özellik yeniden ataması: $(ProjectAssetsFile)="C:\Users\mrkfk\OneDrive\Desktop\Projelerim\ECommerce\src\Infrastructure\ECommerce.Infrastructure\obj\project.assets.json" (önceki değer: "C:\Users\mrkfk\OneDrive\Desktop\Projelerim\ECommerce\src\Infrastructure\ECommerce.Infrastructure\obj\/project.assets.json") konum: C:\Program Files\dotnet\sdk\10.0.100\Sdks\Microsoft.NET.Sdk\targets\Microsoft.PackageDependencyResolution.targets (24,5)
       C:\Program Files\dotnet\sdk\10.0.100\Sdks\Microsoft.NET.Sdk\targets\Microsoft.PackageDependencyResolution.targets(29,5): message : Özellik yeniden ataması: $(ProjectAssetsCacheFile)="C:\Users\mrkfk\OneDrive\Desktop\Projelerim\ECommerce\src\Infrastructure\ECommerce.Infrastructure\obj\Debug\net9.0\ECommerce.Infrastructure.assets.cache" (önceki değer: "obj\Debug\net9.0\ECommerce.Infrastructure.assets.cache") konum: C:\Program Files\dotnet\sdk\10.0.100\Sdks\Microsoft.NET.Sdk\targets\Microsoft.PackageDependencyResolution.targets (29,5)
       C:\Program Files\dotnet\sdk\10.0.100\Sdks\Microsoft.NET.Sdk\targets\Microsoft.PackageDependencyResolution.targets(80,5): message : Özellik yeniden ataması: $(ResolveAssemblyReferencesDependsOn)="
       C:\Program Files\dotnet\sdk\10.0.100\Sdks\Microsoft.NET.Sdk\targets\Microsoft.PackageDependencyResolution.targets(80,5): message :       
       C:\Program Files\dotnet\sdk\10.0.100\Sdks\Microsoft.NET.Sdk\targets\Microsoft.PackageDependencyResolution.targets(80,5): message :       ResolveProjectReferences;
       C:\Program Files\dotnet\sdk\10.0.100\Sdks\Microsoft.NET.Sdk\targets\Microsoft.PackageDependencyResolution.targets(80,5): message :       FindInvalidProjectReferences;
       C:\Program Files\dotnet\sdk\10.0.100\Sdks\Microsoft.NET.Sdk\targets\Microsoft.PackageDependencyResolution.targets(80,5): message :       GetFrameworkPaths;
       C:\Program Files\dotnet\sdk\10.0.100\Sdks\Microsoft.NET.Sdk\targets\Microsoft.PackageDependencyResolution.targets(80,5): message :       GetReferenceAssemblyPaths;
       C:\Program Files\dotnet\sdk\10.0.100\Sdks\Microsoft.NET.Sdk\targets\Microsoft.PackageDependencyResolution.targets(80,5): message :       PrepareForBuild;
       C:\Program Files\dotnet\sdk\10.0.100\Sdks\Microsoft.NET.Sdk\targets\Microsoft.PackageDependencyResolution.targets(80,5): message :       ResolveSDKReferences;
       C:\Program Files\dotnet\sdk\10.0.100\Sdks\Microsoft.NET.Sdk\targets\Microsoft.PackageDependencyResolution.targets(80,5): message :       ExpandSDKReferences;
       C:\Program Files\dotnet\sdk\10.0.100\Sdks\Microsoft.NET.Sdk\targets\Microsoft.PackageDependencyResolution.targets(80,5): message :     ;
       C:\Program Files\dotnet\sdk\10.0.100\Sdks\Microsoft.NET.Sdk\targets\Microsoft.PackageDependencyResolution.targets(80,5): message :       ResolvePackageDependenciesForBuild;
       C:\Program Files\dotnet\sdk\10.0.100\Sdks\Microsoft.NET.Sdk\targets\Microsoft.PackageDependencyResolution.targets(80,5): message :       _HandlePackageFileConflicts;
       C:\Program Files\dotnet\sdk\10.0.100\Sdks\Microsoft.NET.Sdk\targets\Microsoft.PackageDependencyResolution.targets(80,5): message :     " (önceki değer: "
       C:\Program Files\dotnet\sdk\10.0.100\Sdks\Microsoft.NET.Sdk\targets\Microsoft.PackageDependencyResolution.targets(80,5): message :       ResolveProjectReferences;
       C:\Program Files\dotnet\sdk\10.0.100\Sdks\Microsoft.NET.Sdk\targets\Microsoft.PackageDependencyResolution.targets(80,5): message :       FindInvalidProjectReferences;
       C:\Program Files\dotnet\sdk\10.0.100\Sdks\Microsoft.NET.Sdk\targets\Microsoft.PackageDependencyResolution.targets(80,5): message :       GetFrameworkPaths;
       C:\Program Files\dotnet\sdk\10.0.100\Sdks\Microsoft.NET.Sdk\targets\Microsoft.PackageDependencyResolution.targets(80,5): message :       GetReferenceAssemblyPaths;
       C:\Program Files\dotnet\sdk\10.0.100\Sdks\Microsoft.NET.Sdk\targets\Microsoft.PackageDependencyResolution.targets(80,5): message :       PrepareForBuild;
       C:\Program Files\dotnet\sdk\10.0.100\Sdks\Microsoft.NET.Sdk\targets\Microsoft.PackageDependencyResolution.targets(80,5): message :       ResolveSDKReferences;
       C:\Program Files\dotnet\sdk\10.0.100\Sdks\Microsoft.NET.Sdk\targets\Microsoft.PackageDependencyResolution.targets(80,5): message :       ExpandSDKReferences;
       C:\Program Files\dotnet\sdk\10.0.100\Sdks\Microsoft.NET.Sdk\targets\Microsoft.PackageDependencyResolution.targets(80,5): message :     ") konum: C:\Program Files\dotnet\sdk\10.0.100\Sdks\Microsoft.NET.Sdk\targets\Microsoft.PackageDependencyResolution.targets (80,5)
       C:\Program Files\dotnet\sdk\10.0.100\Sdks\Microsoft.NET.Sdk\targets\Microsoft.PackageDependencyResolution.targets(86,5): message : Özellik yeniden ataması: $(PrepareResourcesDependsOn)="
       C:\Program Files\dotnet\sdk\10.0.100\Sdks\Microsoft.NET.Sdk\targets\Microsoft.PackageDependencyResolution.targets(86,5): message :       ResolvePackageDependenciesForBuild;
       C:\Program Files\dotnet\sdk\10.0.100\Sdks\Microsoft.NET.Sdk\targets\Microsoft.PackageDependencyResolution.targets(86,5): message :       _HandlePackageFileConflicts;
       C:\Program Files\dotnet\sdk\10.0.100\Sdks\Microsoft.NET.Sdk\targets\Microsoft.PackageDependencyResolution.targets(86,5): message :       
       C:\Program Files\dotnet\sdk\10.0.100\Sdks\Microsoft.NET.Sdk\targets\Microsoft.PackageDependencyResolution.targets(86,5): message :       ;
       C:\Program Files\dotnet\sdk\10.0.100\Sdks\Microsoft.NET.Sdk\targets\Microsoft.PackageDependencyResolution.targets(86,5): message :       PrepareResourceNames;
       C:\Program Files\dotnet\sdk\10.0.100\Sdks\Microsoft.NET.Sdk\targets\Microsoft.PackageDependencyResolution.targets(86,5): message :       ResGen;
       C:\Program Files\dotnet\sdk\10.0.100\Sdks\Microsoft.NET.Sdk\targets\Microsoft.PackageDependencyResolution.targets(86,5): message :       CompileLicxFiles
       C:\Program Files\dotnet\sdk\10.0.100\Sdks\Microsoft.NET.Sdk\targets\Microsoft.PackageDependencyResolution.targets(86,5): message :     
       C:\Program Files\dotnet\sdk\10.0.100\Sdks\Microsoft.NET.Sdk\targets\Microsoft.PackageDependencyResolution.targets(86,5): message :     " (önceki değer: "
       C:\Program Files\dotnet\sdk\10.0.100\Sdks\Microsoft.NET.Sdk\targets\Microsoft.PackageDependencyResolution.targets(86,5): message :       ;
       C:\Program Files\dotnet\sdk\10.0.100\Sdks\Microsoft.NET.Sdk\targets\Microsoft.PackageDependencyResolution.targets(86,5): message :       PrepareResourceNames;
       C:\Program Files\dotnet\sdk\10.0.100\Sdks\Microsoft.NET.Sdk\targets\Microsoft.PackageDependencyResolution.targets(86,5): message :       ResGen;
       C:\Program Files\dotnet\sdk\10.0.100\Sdks\Microsoft.NET.Sdk\targets\Microsoft.PackageDependencyResolution.targets(86,5): message :       CompileLicxFiles
       C:\Program Files\dotnet\sdk\10.0.100\Sdks\Microsoft.NET.Sdk\targets\Microsoft.PackageDependencyResolution.targets(86,5): message :     ") konum: C:\Program Files\dotnet\sdk\10.0.100\Sdks\Microsoft.NET.Sdk\targets\Microsoft.PackageDependencyResolution.targets (86,5)
       "EnableDefaultCompileItems" özelliği genel bir özelliktir ve değiştirilemez.
       "EnableDefaultEmbeddedResourceItems" özelliği genel bir özelliktir ve değiştirilemez.
       "EnableDefaultNoneItems" özelliği genel bir özelliktir ve değiştirilemez.
       C:\Program Files\dotnet\sdk\10.0.100\Sdks\Microsoft.NET.Sdk\targets\Microsoft.NET.Sdk.DefaultItems.targets(35,5): message : Özellik yeniden ataması: $(DefaultItemExcludes)=";bin\Debug\/**;obj\Debug\/**;bin\/**" (önceki değer: ";bin\Debug\/**;obj\Debug\/**") konum: C:\Program Files\dotnet\sdk\10.0.100\Sdks\Microsoft.NET.Sdk\targets\Microsoft.NET.Sdk.DefaultItems.targets (35,5)
       C:\Program Files\dotnet\sdk\10.0.100\Sdks\Microsoft.NET.Sdk\targets\Microsoft.NET.Sdk.DefaultItems.targets(37,5): message : Özellik yeniden ataması: $(DefaultItemExcludes)=";bin\Debug\/**;obj\Debug\/**;bin\/**;obj\/**" (önceki değer: ";bin\Debug\/**;obj\Debug\/**;bin\/**") konum: C:\Program Files\dotnet\sdk\10.0.100\Sdks\Microsoft.NET.Sdk\targets\Microsoft.NET.Sdk.DefaultItems.targets (37,5)
       C:\Program Files\dotnet\sdk\10.0.100\Sdks\Microsoft.NET.Sdk\targets\Microsoft.NET.Sdk.DefaultItems.targets(40,5): message : Özellik yeniden ataması: $(DefaultItemExcludes)=";bin\Debug\/**;obj\Debug\/**;bin\/**;obj\/**;**/*.user" (önceki değer: ";bin\Debug\/**;obj\Debug\/**;bin\/**;obj\/**") konum: C:\Program Files\dotnet\sdk\10.0.100\Sdks\Microsoft.NET.Sdk\targets\Microsoft.NET.Sdk.DefaultItems.targets (40,5)
       C:\Program Files\dotnet\sdk\10.0.100\Sdks\Microsoft.NET.Sdk\targets\Microsoft.NET.Sdk.DefaultItems.targets(41,5): message : Özellik yeniden ataması: $(DefaultItemExcludes)=";bin\Debug\/**;obj\Debug\/**;bin\/**;obj\/**;**/*.user;**/*.*proj" (önceki değer: ";bin\Debug\/**;obj\Debug\/**;bin\/**;obj\/**;**/*.user") konum: C:\Program Files\dotnet\sdk\10.0.100\Sdks\Microsoft.NET.Sdk\targets\Microsoft.NET.Sdk.DefaultItems.targets (41,5)
       C:\Program Files\dotnet\sdk\10.0.100\Sdks\Microsoft.NET.Sdk\targets\Microsoft.NET.Sdk.DefaultItems.targets(42,5): message : Özellik yeniden ataması: $(DefaultItemExcludes)=";bin\Debug\/**;obj\Debug\/**;bin\/**;obj\/**;**/*.user;**/*.*proj;**/*.sln" (önceki değer: ";bin\Debug\/**;obj\Debug\/**;bin\/**;obj\/**;**/*.user;**/*.*proj") konum: C:\Program Files\dotnet\sdk\10.0.100\Sdks\Microsoft.NET.Sdk\targets\Microsoft.NET.Sdk.DefaultItems.targets (42,5)
       C:\Program Files\dotnet\sdk\10.0.100\Sdks\Microsoft.NET.Sdk\targets\Microsoft.NET.Sdk.DefaultItems.targets(43,5): message : Özellik yeniden ataması: $(DefaultItemExcludes)=";bin\Debug\/**;obj\Debug\/**;bin\/**;obj\/**;**/*.user;**/*.*proj;**/*.sln;**/*.slnx" (önceki değer: ";bin\Debug\/**;obj\Debug\/**;bin\/**;obj\/**;**/*.user;**/*.*proj;**/*.sln") konum: C:\Program Files\dotnet\sdk\10.0.100\Sdks\Microsoft.NET.Sdk\targets\Microsoft.NET.Sdk.DefaultItems.targets (43,5)
       C:\Program Files\dotnet\sdk\10.0.100\Sdks\Microsoft.NET.Sdk\targets\Microsoft.NET.Sdk.DefaultItems.targets(44,5): message : Özellik yeniden ataması: $(DefaultItemExcludes)=";bin\Debug\/**;obj\Debug\/**;bin\/**;obj\/**;**/*.user;**/*.*proj;**/*.sln;**/*.slnx;**/*.vssscc" (önceki değer: ";bin\Debug\/**;obj\Debug\/**;bin\/**;obj\/**;**/*.user;**/*.*proj;**/*.sln;**/*.slnx") konum: C:\Program Files\dotnet\sdk\10.0.100\Sdks\Microsoft.NET.Sdk\targets\Microsoft.NET.Sdk.DefaultItems.targets (44,5)
       C:\Program Files\dotnet\sdk\10.0.100\Sdks\Microsoft.NET.Sdk\targets\Microsoft.NET.Sdk.DefaultItems.targets(45,5): message : Özellik yeniden ataması: $(DefaultItemExcludes)=";bin\Debug\/**;obj\Debug\/**;bin\/**;obj\/**;**/*.user;**/*.*proj;**/*.sln;**/*.slnx;**/*.vssscc;**/.DS_Store" (önceki değer: ";bin\Debug\/**;obj\Debug\/**;bin\/**;obj\/**;**/*.user;**/*.*proj;**/*.sln;**/*.slnx;**/*.vssscc") konum: C:\Program Files\dotnet\sdk\10.0.100\Sdks\Microsoft.NET.Sdk\targets\Microsoft.NET.Sdk.DefaultItems.targets (45,5)
       C:\Program Files\dotnet\sdk\10.0.100\Sdks\Microsoft.NET.Sdk\targets\Microsoft.NET.Sdk.FrameworkReferenceResolution.targets(14,5): message : Özellik yeniden ataması: $(ResolveAssemblyReferencesDependsOn)="
       C:\Program Files\dotnet\sdk\10.0.100\Sdks\Microsoft.NET.Sdk\targets\Microsoft.NET.Sdk.FrameworkReferenceResolution.targets(14,5): message :       
       C:\Program Files\dotnet\sdk\10.0.100\Sdks\Microsoft.NET.Sdk\targets\Microsoft.NET.Sdk.FrameworkReferenceResolution.targets(14,5): message :       
       C:\Program Files\dotnet\sdk\10.0.100\Sdks\Microsoft.NET.Sdk\targets\Microsoft.NET.Sdk.FrameworkReferenceResolution.targets(14,5): message :       ResolveProjectReferences;
       C:\Program Files\dotnet\sdk\10.0.100\Sdks\Microsoft.NET.Sdk\targets\Microsoft.NET.Sdk.FrameworkReferenceResolution.targets(14,5): message :       FindInvalidProjectReferences;
       C:\Program Files\dotnet\sdk\10.0.100\Sdks\Microsoft.NET.Sdk\targets\Microsoft.NET.Sdk.FrameworkReferenceResolution.targets(14,5): message :       GetFrameworkPaths;
       C:\Program Files\dotnet\sdk\10.0.100\Sdks\Microsoft.NET.Sdk\targets\Microsoft.NET.Sdk.FrameworkReferenceResolution.targets(14,5): message :       GetReferenceAssemblyPaths;
       C:\Program Files\dotnet\sdk\10.0.100\Sdks\Microsoft.NET.Sdk\targets\Microsoft.NET.Sdk.FrameworkReferenceResolution.targets(14,5): message :       PrepareForBuild;
       C:\Program Files\dotnet\sdk\10.0.100\Sdks\Microsoft.NET.Sdk\targets\Microsoft.NET.Sdk.FrameworkReferenceResolution.targets(14,5): message :       ResolveSDKReferences;
       C:\Program Files\dotnet\sdk\10.0.100\Sdks\Microsoft.NET.Sdk\targets\Microsoft.NET.Sdk.FrameworkReferenceResolution.targets(14,5): message :       ExpandSDKReferences;
       C:\Program Files\dotnet\sdk\10.0.100\Sdks\Microsoft.NET.Sdk\targets\Microsoft.NET.Sdk.FrameworkReferenceResolution.targets(14,5): message :     ;
       C:\Program Files\dotnet\sdk\10.0.100\Sdks\Microsoft.NET.Sdk\targets\Microsoft.NET.Sdk.FrameworkReferenceResolution.targets(14,5): message :       ResolvePackageDependenciesForBuild;
       C:\Program Files\dotnet\sdk\10.0.100\Sdks\Microsoft.NET.Sdk\targets\Microsoft.NET.Sdk.FrameworkReferenceResolution.targets(14,5): message :       _HandlePackageFileConflicts;
       C:\Program Files\dotnet\sdk\10.0.100\Sdks\Microsoft.NET.Sdk\targets\Microsoft.NET.Sdk.FrameworkReferenceResolution.targets(14,5): message :     ;
       C:\Program Files\dotnet\sdk\10.0.100\Sdks\Microsoft.NET.Sdk\targets\Microsoft.NET.Sdk.FrameworkReferenceResolution.targets(14,5): message :       ResolveTargetingPackAssets;
       C:\Program Files\dotnet\sdk\10.0.100\Sdks\Microsoft.NET.Sdk\targets\Microsoft.NET.Sdk.FrameworkReferenceResolution.targets(14,5): message :     " (önceki değer: "
       C:\Program Files\dotnet\sdk\10.0.100\Sdks\Microsoft.NET.Sdk\targets\Microsoft.NET.Sdk.FrameworkReferenceResolution.targets(14,5): message :       
       C:\Program Files\dotnet\sdk\10.0.100\Sdks\Microsoft.NET.Sdk\targets\Microsoft.NET.Sdk.FrameworkReferenceResolution.targets(14,5): message :       ResolveProjectReferences;
       C:\Program Files\dotnet\sdk\10.0.100\Sdks\Microsoft.NET.Sdk\targets\Microsoft.NET.Sdk.FrameworkReferenceResolution.targets(14,5): message :       FindInvalidProjectReferences;
       C:\Program Files\dotnet\sdk\10.0.100\Sdks\Microsoft.NET.Sdk\targets\Microsoft.NET.Sdk.FrameworkReferenceResolution.targets(14,5): message :       GetFrameworkPaths;
       C:\Program Files\dotnet\sdk\10.0.100\Sdks\Microsoft.NET.Sdk\targets\Microsoft.NET.Sdk.FrameworkReferenceResolution.targets(14,5): message :       GetReferenceAssemblyPaths;
       C:\Program Files\dotnet\sdk\10.0.100\Sdks\Microsoft.NET.Sdk\targets\Microsoft.NET.Sdk.FrameworkReferenceResolution.targets(14,5): message :       PrepareForBuild;
       C:\Program Files\dotnet\sdk\10.0.100\Sdks\Microsoft.NET.Sdk\targets\Microsoft.NET.Sdk.FrameworkReferenceResolution.targets(14,5): message :       ResolveSDKReferences;
       C:\Program Files\dotnet\sdk\10.0.100\Sdks\Microsoft.NET.Sdk\targets\Microsoft.NET.Sdk.FrameworkReferenceResolution.targets(14,5): message :       ExpandSDKReferences;
       C:\Program Files\dotnet\sdk\10.0.100\Sdks\Microsoft.NET.Sdk\targets\Microsoft.NET.Sdk.FrameworkReferenceResolution.targets(14,5): message :     ;
       C:\Program Files\dotnet\sdk\10.0.100\Sdks\Microsoft.NET.Sdk\targets\Microsoft.NET.Sdk.FrameworkReferenceResolution.targets(14,5): message :       ResolvePackageDependenciesForBuild;
       C:\Program Files\dotnet\sdk\10.0.100\Sdks\Microsoft.NET.Sdk\targets\Microsoft.NET.Sdk.FrameworkReferenceResolution.targets(14,5): message :       _HandlePackageFileConflicts;
       C:\Program Files\dotnet\sdk\10.0.100\Sdks\Microsoft.NET.Sdk\targets\Microsoft.NET.Sdk.FrameworkReferenceResolution.targets(14,5): message :     ") konum: C:\Program Files\dotnet\sdk\10.0.100\Sdks\Microsoft.NET.Sdk\targets\Microsoft.NET.Sdk.FrameworkReferenceResolution.targets (14,5)
       C:\Program Files\dotnet\sdk\10.0.100\Sdks\Microsoft.NET.Sdk\targets\Microsoft.NET.Sdk.targets(44,5): message : Özellik yeniden ataması: $(_GenerateRuntimeConfigurationPropertyInputsCache)="C:\Users\mrkfk\OneDrive\Desktop\Projelerim\ECommerce\src\Infrastructure\ECommerce.Infrastructure\obj\Debug\net9.0\ECommerce.Infrastructure.genruntimeconfig.cache" (önceki değer: "obj\Debug\net9.0\ECommerce.Infrastructure.genruntimeconfig.cache") konum: C:\Program Files\dotnet\sdk\10.0.100\Sdks\Microsoft.NET.Sdk\targets\Microsoft.NET.Sdk.targets (44,5)
       C:\Program Files\dotnet\sdk\10.0.100\Sdks\Microsoft.NET.Sdk\targets\Microsoft.NET.Sdk.targets(46,5): message : Özellik yeniden ataması: $(_GeneratePublishDependencyFilePropertyInputsCache)="C:\Users\mrkfk\OneDrive\Desktop\Projelerim\ECommerce\src\Infrastructure\ECommerce.Infrastructure\obj\Debug\net9.0\ECommerce.Infrastructure.genpublishdeps.cache" (önceki değer: "obj\Debug\net9.0\ECommerce.Infrastructure.genpublishdeps.cache") konum: C:\Program Files\dotnet\sdk\10.0.100\Sdks\Microsoft.NET.Sdk\targets\Microsoft.NET.Sdk.targets (46,5)
       C:\Program Files\dotnet\sdk\10.0.100\Sdks\Microsoft.NET.Sdk\targets\Microsoft.NET.Sdk.targets(48,5): message : Özellik yeniden ataması: $(_GenerateSingleFileBundlePropertyInputsCache)="C:\Users\mrkfk\OneDrive\Desktop\Projelerim\ECommerce\src\Infrastructure\ECommerce.Infrastructure\obj\Debug\net9.0\ECommerce.Infrastructure.genbundle.cache" (önceki değer: "obj\Debug\net9.0\ECommerce.Infrastructure.genbundle.cache") konum: C:\Program Files\dotnet\sdk\10.0.100\Sdks\Microsoft.NET.Sdk\targets\Microsoft.NET.Sdk.targets (48,5)
       C:\Program Files\dotnet\sdk\10.0.100\Sdks\Microsoft.NET.Sdk\targets\Microsoft.NET.Sdk.targets(81,5): message : Özellik yeniden ataması: $(GenerateRuntimeConfigDevFile)="false" (önceki değer: "true") konum: C:\Program Files\dotnet\sdk\10.0.100\Sdks\Microsoft.NET.Sdk\targets\Microsoft.NET.Sdk.targets (81,5)
       C:\Program Files\dotnet\sdk\10.0.100\Sdks\Microsoft.NET.Sdk\targets\Microsoft.NET.Sdk.targets(98,5): message : 'C:\Users\mrkfk' değerine sahip 'USERPROFILE' özelliği ortamdan genişletildi.
       C:\Program Files\dotnet\sdk\10.0.100\Sdks\Microsoft.NET.Sdk\targets\Microsoft.NET.Sdk.targets(98,5): message : Özellik yeniden ataması: $(_DefaultUserProfileRuntimeStorePath)="C:\Users\mrkfk" (önceki değer: "") konum: C:\Program Files\dotnet\sdk\10.0.100\Sdks\Microsoft.NET.Sdk\targets\Microsoft.NET.Sdk.targets (98,5)
       C:\Program Files\dotnet\sdk\10.0.100\Sdks\Microsoft.NET.Sdk\targets\Microsoft.NET.Sdk.targets(99,5): message : Özellik yeniden ataması: $(_DefaultUserProfileRuntimeStorePath)="C:\Users\mrkfk\.dotnet\store" (önceki değer: "C:\Users\mrkfk") konum: C:\Program Files\dotnet\sdk\10.0.100\Sdks\Microsoft.NET.Sdk\targets\Microsoft.NET.Sdk.targets (99,5)
       C:\Program Files\dotnet\sdk\10.0.100\Sdks\Microsoft.NET.Sdk\targets\Microsoft.NET.Sdk.targets(144,5): message : Özellik yeniden ataması: $(AvailablePlatforms)="Any CPU,x86,x64,ARM32" (önceki değer: "Any CPU,x86,x64") konum: C:\Program Files\dotnet\sdk\10.0.100\Sdks\Microsoft.NET.Sdk\targets\Microsoft.NET.Sdk.targets (144,5)
       C:\Program Files\dotnet\sdk\10.0.100\Sdks\Microsoft.NET.Sdk\targets\Microsoft.NET.Sdk.targets(148,5): message : Özellik yeniden ataması: $(AvailablePlatforms)="Any CPU,x86,x64,ARM32,ARM64" (önceki değer: "Any CPU,x86,x64,ARM32") konum: C:\Program Files\dotnet\sdk\10.0.100\Sdks\Microsoft.NET.Sdk\targets\Microsoft.NET.Sdk.targets (148,5)
       C:\Program Files\dotnet\sdk\10.0.100\Sdks\Microsoft.NET.Sdk\targets\Microsoft.NET.Sdk.targets(204,5): message : Özellik yeniden ataması: $(CoreBuildDependsOn)="
       C:\Program Files\dotnet\sdk\10.0.100\Sdks\Microsoft.NET.Sdk\targets\Microsoft.NET.Sdk.targets(204,5): message :       _CheckForBuildWithNoBuild;
       C:\Program Files\dotnet\sdk\10.0.100\Sdks\Microsoft.NET.Sdk\targets\Microsoft.NET.Sdk.targets(204,5): message :       
       C:\Program Files\dotnet\sdk\10.0.100\Sdks\Microsoft.NET.Sdk\targets\Microsoft.NET.Sdk.targets(204,5): message :       BuildOnlySettings;
       C:\Program Files\dotnet\sdk\10.0.100\Sdks\Microsoft.NET.Sdk\targets\Microsoft.NET.Sdk.targets(204,5): message :       PrepareForBuild;
       C:\Program Files\dotnet\sdk\10.0.100\Sdks\Microsoft.NET.Sdk\targets\Microsoft.NET.Sdk.targets(204,5): message :       PreBuildEvent;
       C:\Program Files\dotnet\sdk\10.0.100\Sdks\Microsoft.NET.Sdk\targets\Microsoft.NET.Sdk.targets(204,5): message :       ResolveReferences;
       C:\Program Files\dotnet\sdk\10.0.100\Sdks\Microsoft.NET.Sdk\targets\Microsoft.NET.Sdk.targets(204,5): message :       PrepareResources;
       C:\Program Files\dotnet\sdk\10.0.100\Sdks\Microsoft.NET.Sdk\targets\Microsoft.NET.Sdk.targets(204,5): message :       ResolveKeySource;
       C:\Program Files\dotnet\sdk\10.0.100\Sdks\Microsoft.NET.Sdk\targets\Microsoft.NET.Sdk.targets(204,5): message :       Compile;
       C:\Program Files\dotnet\sdk\10.0.100\Sdks\Microsoft.NET.Sdk\targets\Microsoft.NET.Sdk.targets(204,5): message :       ExportWindowsMDFile;
       C:\Program Files\dotnet\sdk\10.0.100\Sdks\Microsoft.NET.Sdk\targets\Microsoft.NET.Sdk.targets(204,5): message :       UnmanagedUnregistration;
       C:\Program Files\dotnet\sdk\10.0.100\Sdks\Microsoft.NET.Sdk\targets\Microsoft.NET.Sdk.targets(204,5): message :       GenerateSerializationAssemblies;
       C:\Program Files\dotnet\sdk\10.0.100\Sdks\Microsoft.NET.Sdk\targets\Microsoft.NET.Sdk.targets(204,5): message :       CreateSatelliteAssemblies;
       C:\Program Files\dotnet\sdk\10.0.100\Sdks\Microsoft.NET.Sdk\targets\Microsoft.NET.Sdk.targets(204,5): message :       GenerateManifests;
       C:\Program Files\dotnet\sdk\10.0.100\Sdks\Microsoft.NET.Sdk\targets\Microsoft.NET.Sdk.targets(204,5): message :       GetTargetPath;
       C:\Program Files\dotnet\sdk\10.0.100\Sdks\Microsoft.NET.Sdk\targets\Microsoft.NET.Sdk.targets(204,5): message :       PrepareForRun;
       C:\Program Files\dotnet\sdk\10.0.100\Sdks\Microsoft.NET.Sdk\targets\Microsoft.NET.Sdk.targets(204,5): message :       UnmanagedRegistration;
       C:\Program Files\dotnet\sdk\10.0.100\Sdks\Microsoft.NET.Sdk\targets\Microsoft.NET.Sdk.targets(204,5): message :       IncrementalClean;
       C:\Program Files\dotnet\sdk\10.0.100\Sdks\Microsoft.NET.Sdk\targets\Microsoft.NET.Sdk.targets(204,5): message :       PostBuildEvent
       C:\Program Files\dotnet\sdk\10.0.100\Sdks\Microsoft.NET.Sdk\targets\Microsoft.NET.Sdk.targets(204,5): message :     ;
       C:\Program Files\dotnet\sdk\10.0.100\Sdks\Microsoft.NET.Sdk\targets\Microsoft.NET.Sdk.targets(204,5): message :       GenerateBuildDependencyFile;
       C:\Program Files\dotnet\sdk\10.0.100\Sdks\Microsoft.NET.Sdk\targets\Microsoft.NET.Sdk.targets(204,5): message :       GenerateBuildRuntimeConfigurationFiles
       C:\Program Files\dotnet\sdk\10.0.100\Sdks\Microsoft.NET.Sdk\targets\Microsoft.NET.Sdk.targets(204,5): message :     " (önceki değer: "
       C:\Program Files\dotnet\sdk\10.0.100\Sdks\Microsoft.NET.Sdk\targets\Microsoft.NET.Sdk.targets(204,5): message :       BuildOnlySettings;
       C:\Program Files\dotnet\sdk\10.0.100\Sdks\Microsoft.NET.Sdk\targets\Microsoft.NET.Sdk.targets(204,5): message :       PrepareForBuild;
       C:\Program Files\dotnet\sdk\10.0.100\Sdks\Microsoft.NET.Sdk\targets\Microsoft.NET.Sdk.targets(204,5): message :       PreBuildEvent;
       C:\Program Files\dotnet\sdk\10.0.100\Sdks\Microsoft.NET.Sdk\targets\Microsoft.NET.Sdk.targets(204,5): message :       ResolveReferences;
       C:\Program Files\dotnet\sdk\10.0.100\Sdks\Microsoft.NET.Sdk\targets\Microsoft.NET.Sdk.targets(204,5): message :       PrepareResources;
       C:\Program Files\dotnet\sdk\10.0.100\Sdks\Microsoft.NET.Sdk\targets\Microsoft.NET.Sdk.targets(204,5): message :       ResolveKeySource;
       C:\Program Files\dotnet\sdk\10.0.100\Sdks\Microsoft.NET.Sdk\targets\Microsoft.NET.Sdk.targets(204,5): message :       Compile;
       C:\Program Files\dotnet\sdk\10.0.100\Sdks\Microsoft.NET.Sdk\targets\Microsoft.NET.Sdk.targets(204,5): message :       ExportWindowsMDFile;
       C:\Program Files\dotnet\sdk\10.0.100\Sdks\Microsoft.NET.Sdk\targets\Microsoft.NET.Sdk.targets(204,5): message :       UnmanagedUnregistration;
       C:\Program Files\dotnet\sdk\10.0.100\Sdks\Microsoft.NET.Sdk\targets\Microsoft.NET.Sdk.targets(204,5): message :       GenerateSerializationAssemblies;
       C:\Program Files\dotnet\sdk\10.0.100\Sdks\Microsoft.NET.Sdk\targets\Microsoft.NET.Sdk.targets(204,5): message :       CreateSatelliteAssemblies;
       C:\Program Files\dotnet\sdk\10.0.100\Sdks\Microsoft.NET.Sdk\targets\Microsoft.NET.Sdk.targets(204,5): message :       GenerateManifests;
       C:\Program Files\dotnet\sdk\10.0.100\Sdks\Microsoft.NET.Sdk\targets\Microsoft.NET.Sdk.targets(204,5): message :       GetTargetPath;
       C:\Program Files\dotnet\sdk\10.0.100\Sdks\Microsoft.NET.Sdk\targets\Microsoft.NET.Sdk.targets(204,5): message :       PrepareForRun;
       C:\Program Files\dotnet\sdk\10.0.100\Sdks\Microsoft.NET.Sdk\targets\Microsoft.NET.Sdk.targets(204,5): message :       UnmanagedRegistration;
       C:\Program Files\dotnet\sdk\10.0.100\Sdks\Microsoft.NET.Sdk\targets\Microsoft.NET.Sdk.targets(204,5): message :       IncrementalClean;
       C:\Program Files\dotnet\sdk\10.0.100\Sdks\Microsoft.NET.Sdk\targets\Microsoft.NET.Sdk.targets(204,5): message :       PostBuildEvent
       C:\Program Files\dotnet\sdk\10.0.100\Sdks\Microsoft.NET.Sdk\targets\Microsoft.NET.Sdk.targets(204,5): message :     ") konum: C:\Program Files\dotnet\sdk\10.0.100\Sdks\Microsoft.NET.Sdk\targets\Microsoft.NET.Sdk.targets (204,5)
       C:\Program Files\dotnet\sdk\10.0.100\Sdks\Microsoft.NET.Sdk\targets\Microsoft.NET.Sdk.targets(213,5): message : Özellik yeniden ataması: $(CoreCleanDependsOn)="
       C:\Program Files\dotnet\sdk\10.0.100\Sdks\Microsoft.NET.Sdk\targets\Microsoft.NET.Sdk.targets(213,5): message :       _SdkBeforeClean;
       C:\Program Files\dotnet\sdk\10.0.100\Sdks\Microsoft.NET.Sdk\targets\Microsoft.NET.Sdk.targets(213,5): message :       
       C:\Program Files\dotnet\sdk\10.0.100\Sdks\Microsoft.NET.Sdk\targets\Microsoft.NET.Sdk.targets(213,5): message :     " (önceki değer: "") konum: C:\Program Files\dotnet\sdk\10.0.100\Sdks\Microsoft.NET.Sdk\targets\Microsoft.NET.Sdk.targets (213,5)
       C:\Program Files\dotnet\sdk\10.0.100\Sdks\Microsoft.NET.Sdk\targets\Microsoft.NET.Sdk.targets(220,5): message : Özellik yeniden ataması: $(RebuildDependsOn)="
       C:\Program Files\dotnet\sdk\10.0.100\Sdks\Microsoft.NET.Sdk\targets\Microsoft.NET.Sdk.targets(220,5): message :       _SdkBeforeRebuild;
       C:\Program Files\dotnet\sdk\10.0.100\Sdks\Microsoft.NET.Sdk\targets\Microsoft.NET.Sdk.targets(220,5): message :       
       C:\Program Files\dotnet\sdk\10.0.100\Sdks\Microsoft.NET.Sdk\targets\Microsoft.NET.Sdk.targets(220,5): message :       BeforeRebuild;
       C:\Program Files\dotnet\sdk\10.0.100\Sdks\Microsoft.NET.Sdk\targets\Microsoft.NET.Sdk.targets(220,5): message :       Clean;
       C:\Program Files\dotnet\sdk\10.0.100\Sdks\Microsoft.NET.Sdk\targets\Microsoft.NET.Sdk.targets(220,5): message :       Build;
       C:\Program Files\dotnet\sdk\10.0.100\Sdks\Microsoft.NET.Sdk\targets\Microsoft.NET.Sdk.targets(220,5): message :       AfterRebuild;
       C:\Program Files\dotnet\sdk\10.0.100\Sdks\Microsoft.NET.Sdk\targets\Microsoft.NET.Sdk.targets(220,5): message :     
       C:\Program Files\dotnet\sdk\10.0.100\Sdks\Microsoft.NET.Sdk\targets\Microsoft.NET.Sdk.targets(220,5): message :     " (önceki değer: "
       C:\Program Files\dotnet\sdk\10.0.100\Sdks\Microsoft.NET.Sdk\targets\Microsoft.NET.Sdk.targets(220,5): message :       BeforeRebuild;
       C:\Program Files\dotnet\sdk\10.0.100\Sdks\Microsoft.NET.Sdk\targets\Microsoft.NET.Sdk.targets(220,5): message :       Clean;
       C:\Program Files\dotnet\sdk\10.0.100\Sdks\Microsoft.NET.Sdk\targets\Microsoft.NET.Sdk.targets(220,5): message :       Build;
       C:\Program Files\dotnet\sdk\10.0.100\Sdks\Microsoft.NET.Sdk\targets\Microsoft.NET.Sdk.targets(220,5): message :       AfterRebuild;
       C:\Program Files\dotnet\sdk\10.0.100\Sdks\Microsoft.NET.Sdk\targets\Microsoft.NET.Sdk.targets(220,5): message :     ") konum: C:\Program Files\dotnet\sdk\10.0.100\Sdks\Microsoft.NET.Sdk\targets\Microsoft.NET.Sdk.targets (220,5)
       C:\Program Files\dotnet\sdk\10.0.100\Sdks\Microsoft.NET.Sdk\targets\Microsoft.NET.Sdk.targets(799,5): message : Özellik yeniden ataması: $(CompileDependsOn)="
       C:\Program Files\dotnet\sdk\10.0.100\Sdks\Microsoft.NET.Sdk\targets\Microsoft.NET.Sdk.targets(799,5): message :       
       C:\Program Files\dotnet\sdk\10.0.100\Sdks\Microsoft.NET.Sdk\targets\Microsoft.NET.Sdk.targets(799,5): message :       ResolveReferences;
       C:\Program Files\dotnet\sdk\10.0.100\Sdks\Microsoft.NET.Sdk\targets\Microsoft.NET.Sdk.targets(799,5): message :       ResolveKeySource;
       C:\Program Files\dotnet\sdk\10.0.100\Sdks\Microsoft.NET.Sdk\targets\Microsoft.NET.Sdk.targets(799,5): message :       SetWin32ManifestProperties;
       C:\Program Files\dotnet\sdk\10.0.100\Sdks\Microsoft.NET.Sdk\targets\Microsoft.NET.Sdk.targets(799,5): message :       _SetPreferNativeArm64Win32ManifestProperties;
       C:\Program Files\dotnet\sdk\10.0.100\Sdks\Microsoft.NET.Sdk\targets\Microsoft.NET.Sdk.targets(799,5): message :       FindReferenceAssembliesForReferences;
       C:\Program Files\dotnet\sdk\10.0.100\Sdks\Microsoft.NET.Sdk\targets\Microsoft.NET.Sdk.targets(799,5): message :       _GenerateCompileInputs;
       C:\Program Files\dotnet\sdk\10.0.100\Sdks\Microsoft.NET.Sdk\targets\Microsoft.NET.Sdk.targets(799,5): message :       BeforeCompile;
       C:\Program Files\dotnet\sdk\10.0.100\Sdks\Microsoft.NET.Sdk\targets\Microsoft.NET.Sdk.targets(799,5): message :       _TimeStampBeforeCompile;
       C:\Program Files\dotnet\sdk\10.0.100\Sdks\Microsoft.NET.Sdk\targets\Microsoft.NET.Sdk.targets(799,5): message :       _GenerateCompileDependencyCache;
       C:\Program Files\dotnet\sdk\10.0.100\Sdks\Microsoft.NET.Sdk\targets\Microsoft.NET.Sdk.targets(799,5): message :       CoreCompile;
       C:\Program Files\dotnet\sdk\10.0.100\Sdks\Microsoft.NET.Sdk\targets\Microsoft.NET.Sdk.targets(799,5): message :       _TimeStampAfterCompile;
       C:\Program Files\dotnet\sdk\10.0.100\Sdks\Microsoft.NET.Sdk\targets\Microsoft.NET.Sdk.targets(799,5): message :       AfterCompile;
       C:\Program Files\dotnet\sdk\10.0.100\Sdks\Microsoft.NET.Sdk\targets\Microsoft.NET.Sdk.targets(799,5): message :     ;
       C:\Program Files\dotnet\sdk\10.0.100\Sdks\Microsoft.NET.Sdk\targets\Microsoft.NET.Sdk.targets(799,5): message :       _CreateAppHost;
       C:\Program Files\dotnet\sdk\10.0.100\Sdks\Microsoft.NET.Sdk\targets\Microsoft.NET.Sdk.targets(799,5): message :       _CreateComHost;
       C:\Program Files\dotnet\sdk\10.0.100\Sdks\Microsoft.NET.Sdk\targets\Microsoft.NET.Sdk.targets(799,5): message :       _GetIjwHostPaths;
       C:\Program Files\dotnet\sdk\10.0.100\Sdks\Microsoft.NET.Sdk\targets\Microsoft.NET.Sdk.targets(799,5): message :     " (önceki değer: "
       C:\Program Files\dotnet\sdk\10.0.100\Sdks\Microsoft.NET.Sdk\targets\Microsoft.NET.Sdk.targets(799,5): message :       ResolveReferences;
       C:\Program Files\dotnet\sdk\10.0.100\Sdks\Microsoft.NET.Sdk\targets\Microsoft.NET.Sdk.targets(799,5): message :       ResolveKeySource;
       C:\Program Files\dotnet\sdk\10.0.100\Sdks\Microsoft.NET.Sdk\targets\Microsoft.NET.Sdk.targets(799,5): message :       SetWin32ManifestProperties;
       C:\Program Files\dotnet\sdk\10.0.100\Sdks\Microsoft.NET.Sdk\targets\Microsoft.NET.Sdk.targets(799,5): message :       _SetPreferNativeArm64Win32ManifestProperties;
       C:\Program Files\dotnet\sdk\10.0.100\Sdks\Microsoft.NET.Sdk\targets\Microsoft.NET.Sdk.targets(799,5): message :       FindReferenceAssembliesForReferences;
       C:\Program Files\dotnet\sdk\10.0.100\Sdks\Microsoft.NET.Sdk\targets\Microsoft.NET.Sdk.targets(799,5): message :       _GenerateCompileInputs;
       C:\Program Files\dotnet\sdk\10.0.100\Sdks\Microsoft.NET.Sdk\targets\Microsoft.NET.Sdk.targets(799,5): message :       BeforeCompile;
       C:\Program Files\dotnet\sdk\10.0.100\Sdks\Microsoft.NET.Sdk\targets\Microsoft.NET.Sdk.targets(799,5): message :       _TimeStampBeforeCompile;
       C:\Program Files\dotnet\sdk\10.0.100\Sdks\Microsoft.NET.Sdk\targets\Microsoft.NET.Sdk.targets(799,5): message :       _GenerateCompileDependencyCache;
       C:\Program Files\dotnet\sdk\10.0.100\Sdks\Microsoft.NET.Sdk\targets\Microsoft.NET.Sdk.targets(799,5): message :       CoreCompile;
       C:\Program Files\dotnet\sdk\10.0.100\Sdks\Microsoft.NET.Sdk\targets\Microsoft.NET.Sdk.targets(799,5): message :       _TimeStampAfterCompile;
       C:\Program Files\dotnet\sdk\10.0.100\Sdks\Microsoft.NET.Sdk\targets\Microsoft.NET.Sdk.targets(799,5): message :       AfterCompile;
       C:\Program Files\dotnet\sdk\10.0.100\Sdks\Microsoft.NET.Sdk\targets\Microsoft.NET.Sdk.targets(799,5): message :     ") konum: C:\Program Files\dotnet\sdk\10.0.100\Sdks\Microsoft.NET.Sdk\targets\Microsoft.NET.Sdk.targets (799,5)
       C:\Program Files\dotnet\sdk\10.0.100\Sdks\Microsoft.NET.Sdk\targets\Microsoft.NET.Sdk.targets(1131,5): message : Özellik yeniden ataması: $(CreateSatelliteAssembliesDependsOn)="
       C:\Program Files\dotnet\sdk\10.0.100\Sdks\Microsoft.NET.Sdk\targets\Microsoft.NET.Sdk.targets(1131,5): message :       
       C:\Program Files\dotnet\sdk\10.0.100\Sdks\Microsoft.NET.Sdk\targets\Microsoft.NET.Sdk.targets(1131,5): message :       ;
       C:\Program Files\dotnet\sdk\10.0.100\Sdks\Microsoft.NET.Sdk\targets\Microsoft.NET.Sdk.targets(1131,5): message :       _GenerateSatelliteAssemblyInputs;
       C:\Program Files\dotnet\sdk\10.0.100\Sdks\Microsoft.NET.Sdk\targets\Microsoft.NET.Sdk.targets(1131,5): message :       ComputeIntermediateSatelliteAssemblies;
       C:\Program Files\dotnet\sdk\10.0.100\Sdks\Microsoft.NET.Sdk\targets\Microsoft.NET.Sdk.targets(1131,5): message :       GenerateSatelliteAssemblies
       C:\Program Files\dotnet\sdk\10.0.100\Sdks\Microsoft.NET.Sdk\targets\Microsoft.NET.Sdk.targets(1131,5): message :     ;
       C:\Program Files\dotnet\sdk\10.0.100\Sdks\Microsoft.NET.Sdk\targets\Microsoft.NET.Sdk.targets(1131,5): message :       CoreGenerateSatelliteAssemblies
       C:\Program Files\dotnet\sdk\10.0.100\Sdks\Microsoft.NET.Sdk\targets\Microsoft.NET.Sdk.targets(1131,5): message :     " (önceki değer: "
       C:\Program Files\dotnet\sdk\10.0.100\Sdks\Microsoft.NET.Sdk\targets\Microsoft.NET.Sdk.targets(1131,5): message :       ;
       C:\Program Files\dotnet\sdk\10.0.100\Sdks\Microsoft.NET.Sdk\targets\Microsoft.NET.Sdk.targets(1131,5): message :       _GenerateSatelliteAssemblyInputs;
       C:\Program Files\dotnet\sdk\10.0.100\Sdks\Microsoft.NET.Sdk\targets\Microsoft.NET.Sdk.targets(1131,5): message :       ComputeIntermediateSatelliteAssemblies;
       C:\Program Files\dotnet\sdk\10.0.100\Sdks\Microsoft.NET.Sdk\targets\Microsoft.NET.Sdk.targets(1131,5): message :       GenerateSatelliteAssemblies
       C:\Program Files\dotnet\sdk\10.0.100\Sdks\Microsoft.NET.Sdk\targets\Microsoft.NET.Sdk.targets(1131,5): message :     ") konum: C:\Program Files\dotnet\sdk\10.0.100\Sdks\Microsoft.NET.Sdk\targets\Microsoft.NET.Sdk.targets (1131,5)
       C:\Program Files\dotnet\sdk\10.0.100\Sdks\Microsoft.SourceLink.GitLab\build\Microsoft.SourceLink.GitLab.targets(12,5): message : Özellik yeniden ataması: $(SourceLinkUrlInitializerTargets)=";_InitializeGitHubSourceLinkUrl;_InitializeGitLabSourceLinkUrl" (önceki değer: ";_InitializeGitHubSourceLinkUrl") konum: C:\Program Files\dotnet\sdk\10.0.100\Sdks\Microsoft.SourceLink.GitLab\build\Microsoft.SourceLink.GitLab.targets (12,5)
       C:\Program Files\dotnet\sdk\10.0.100\Sdks\Microsoft.SourceLink.GitLab\build\Microsoft.SourceLink.GitLab.targets(13,5): message : Özellik yeniden ataması: $(SourceControlManagerUrlTranslationTargets)=";TranslateGitHubUrlsInSourceControlInformation;TranslateGitLabUrlsInSourceControlInformation" (önceki değer: ";TranslateGitHubUrlsInSourceControlInformation") konum: C:\Program Files\dotnet\sdk\10.0.100\Sdks\Microsoft.SourceLink.GitLab\build\Microsoft.SourceLink.GitLab.targets (13,5)
       C:\Program Files\dotnet\sdk\10.0.100\Sdks\Microsoft.SourceLink.AzureRepos.Git\build\Microsoft.SourceLink.AzureRepos.Git.targets(12,5): message : Özellik yeniden ataması: $(SourceLinkUrlInitializerTargets)=";_InitializeGitHubSourceLinkUrl;_InitializeGitLabSourceLinkUrl;_InitializeAzureReposGitSourceLinkUrl" (önceki değer: ";_InitializeGitHubSourceLinkUrl;_InitializeGitLabSourceLinkUrl") konum: C:\Program Files\dotnet\sdk\10.0.100\Sdks\Microsoft.SourceLink.AzureRepos.Git\build\Microsoft.SourceLink.AzureRepos.Git.targets (12,5)
       C:\Program Files\dotnet\sdk\10.0.100\Sdks\Microsoft.SourceLink.AzureRepos.Git\build\Microsoft.SourceLink.AzureRepos.Git.targets(13,5): message : Özellik yeniden ataması: $(SourceControlManagerUrlTranslationTargets)=";TranslateGitHubUrlsInSourceControlInformation;TranslateGitLabUrlsInSourceControlInformation;TranslateAzureReposGitUrlsInSourceControlInformation" (önceki değer: ";TranslateGitHubUrlsInSourceControlInformation;TranslateGitLabUrlsInSourceControlInformation") konum: C:\Program Files\dotnet\sdk\10.0.100\Sdks\Microsoft.SourceLink.AzureRepos.Git\build\Microsoft.SourceLink.AzureRepos.Git.targets (13,5)
       C:\Program Files\dotnet\sdk\10.0.100\Sdks\Microsoft.SourceLink.Bitbucket.Git\build\Microsoft.SourceLink.Bitbucket.Git.targets(12,5): message : Özellik yeniden ataması: $(SourceLinkUrlInitializerTargets)=";_InitializeGitHubSourceLinkUrl;_InitializeGitLabSourceLinkUrl;_InitializeAzureReposGitSourceLinkUrl;_InitializeBitbucketGitSourceLinkUrl" (önceki değer: ";_InitializeGitHubSourceLinkUrl;_InitializeGitLabSourceLinkUrl;_InitializeAzureReposGitSourceLinkUrl") konum: C:\Program Files\dotnet\sdk\10.0.100\Sdks\Microsoft.SourceLink.Bitbucket.Git\build\Microsoft.SourceLink.Bitbucket.Git.targets (12,5)
       C:\Program Files\dotnet\sdk\10.0.100\Sdks\Microsoft.SourceLink.Bitbucket.Git\build\Microsoft.SourceLink.Bitbucket.Git.targets(13,5): message : Özellik yeniden ataması: $(SourceControlManagerUrlTranslationTargets)=";TranslateGitHubUrlsInSourceControlInformation;TranslateGitLabUrlsInSourceControlInformation;TranslateAzureReposGitUrlsInSourceControlInformation;TranslateBitbucketGitUrlsInSourceControlInformation" (önceki değer: ";TranslateGitHubUrlsInSourceControlInformation;TranslateGitLabUrlsInSourceControlInformation;TranslateAzureReposGitUrlsInSourceControlInformation") konum: C:\Program Files\dotnet\sdk\10.0.100\Sdks\Microsoft.SourceLink.Bitbucket.Git\build\Microsoft.SourceLink.Bitbucket.Git.targets (13,5)
       C:\Program Files\dotnet\sdk\10.0.100\Sdks\Microsoft.NET.Sdk\targets\Microsoft.NET.DesignerSupport.targets(21,5): message : Özellik yeniden ataması: $(DesignerRuntimeImplementationProjectOutputGroupDependsOn)="
       C:\Program Files\dotnet\sdk\10.0.100\Sdks\Microsoft.NET.Sdk\targets\Microsoft.NET.DesignerSupport.targets(21,5): message :       
       C:\Program Files\dotnet\sdk\10.0.100\Sdks\Microsoft.NET.Sdk\targets\Microsoft.NET.DesignerSupport.targets(21,5): message :       ;
       C:\Program Files\dotnet\sdk\10.0.100\Sdks\Microsoft.NET.Sdk\targets\Microsoft.NET.DesignerSupport.targets(21,5): message :       
       C:\Program Files\dotnet\sdk\10.0.100\Sdks\Microsoft.NET.Sdk\targets\Microsoft.NET.DesignerSupport.targets(21,5): message :       ;
       C:\Program Files\dotnet\sdk\10.0.100\Sdks\Microsoft.NET.Sdk\targets\Microsoft.NET.DesignerSupport.targets(21,5): message :       BuildOnlySettings;
       C:\Program Files\dotnet\sdk\10.0.100\Sdks\Microsoft.NET.Sdk\targets\Microsoft.NET.DesignerSupport.targets(21,5): message :       PrepareForBuild;
       C:\Program Files\dotnet\sdk\10.0.100\Sdks\Microsoft.NET.Sdk\targets\Microsoft.NET.DesignerSupport.targets(21,5): message :       AssignTargetPaths;
       C:\Program Files\dotnet\sdk\10.0.100\Sdks\Microsoft.NET.Sdk\targets\Microsoft.NET.DesignerSupport.targets(21,5): message :       ResolveReferences
       C:\Program Files\dotnet\sdk\10.0.100\Sdks\Microsoft.NET.Sdk\targets\Microsoft.NET.DesignerSupport.targets(21,5): message :     
       C:\Program Files\dotnet\sdk\10.0.100\Sdks\Microsoft.NET.Sdk\targets\Microsoft.NET.DesignerSupport.targets(21,5): message :     ;
       C:\Program Files\dotnet\sdk\10.0.100\Sdks\Microsoft.NET.Sdk\targets\Microsoft.NET.DesignerSupport.targets(21,5): message :       _GenerateDesignerDepsFile;
       C:\Program Files\dotnet\sdk\10.0.100\Sdks\Microsoft.NET.Sdk\targets\Microsoft.NET.DesignerSupport.targets(21,5): message :       _GenerateDesignerRuntimeConfigFile;
       C:\Program Files\dotnet\sdk\10.0.100\Sdks\Microsoft.NET.Sdk\targets\Microsoft.NET.DesignerSupport.targets(21,5): message :       GetCopyToOutputDirectoryItems;
       C:\Program Files\dotnet\sdk\10.0.100\Sdks\Microsoft.NET.Sdk\targets\Microsoft.NET.DesignerSupport.targets(21,5): message :       _GatherDesignerShadowCopyFiles;
       C:\Program Files\dotnet\sdk\10.0.100\Sdks\Microsoft.NET.Sdk\targets\Microsoft.NET.DesignerSupport.targets(21,5): message :     " (önceki değer: "
       C:\Program Files\dotnet\sdk\10.0.100\Sdks\Microsoft.NET.Sdk\targets\Microsoft.NET.DesignerSupport.targets(21,5): message :       ;
       C:\Program Files\dotnet\sdk\10.0.100\Sdks\Microsoft.NET.Sdk\targets\Microsoft.NET.DesignerSupport.targets(21,5): message :       
       C:\Program Files\dotnet\sdk\10.0.100\Sdks\Microsoft.NET.Sdk\targets\Microsoft.NET.DesignerSupport.targets(21,5): message :       ;
       C:\Program Files\dotnet\sdk\10.0.100\Sdks\Microsoft.NET.Sdk\targets\Microsoft.NET.DesignerSupport.targets(21,5): message :       BuildOnlySettings;
       C:\Program Files\dotnet\sdk\10.0.100\Sdks\Microsoft.NET.Sdk\targets\Microsoft.NET.DesignerSupport.targets(21,5): message :       PrepareForBuild;
       C:\Program Files\dotnet\sdk\10.0.100\Sdks\Microsoft.NET.Sdk\targets\Microsoft.NET.DesignerSupport.targets(21,5): message :       AssignTargetPaths;
       C:\Program Files\dotnet\sdk\10.0.100\Sdks\Microsoft.NET.Sdk\targets\Microsoft.NET.DesignerSupport.targets(21,5): message :       ResolveReferences
       C:\Program Files\dotnet\sdk\10.0.100\Sdks\Microsoft.NET.Sdk\targets\Microsoft.NET.DesignerSupport.targets(21,5): message :     
       C:\Program Files\dotnet\sdk\10.0.100\Sdks\Microsoft.NET.Sdk\targets\Microsoft.NET.DesignerSupport.targets(21,5): message :     ") konum: C:\Program Files\dotnet\sdk\10.0.100\Sdks\Microsoft.NET.Sdk\targets\Microsoft.NET.DesignerSupport.targets (21,5)
       C:\Program Files\dotnet\sdk\10.0.100\Sdks\Microsoft.NET.Sdk\targets\Microsoft.NET.Sdk.CSharp.targets(31,5): message : Özellik yeniden ataması: $(DefineConstants)="TRACE;DEBUG" (önceki değer: "TRACE") konum: C:\Program Files\dotnet\sdk\10.0.100\Sdks\Microsoft.NET.Sdk\targets\Microsoft.NET.Sdk.CSharp.targets (31,5)
       C:\Program Files\dotnet\sdk\10.0.100\Sdks\Microsoft.NET.Sdk\targets\Microsoft.NET.Sdk.CSharp.targets(45,5): message : Özellik yeniden ataması: $(WarningsAsErrors)=";NU1605;SYSLIB0011" (önceki değer: ";NU1605") konum: C:\Program Files\dotnet\sdk\10.0.100\Sdks\Microsoft.NET.Sdk\targets\Microsoft.NET.Sdk.CSharp.targets (45,5)
       C:\Program Files\dotnet\sdk\10.0.100\NuGet.Build.Tasks.Pack.targets(34,5): message : Özellik yeniden ataması: $(PackageDescription)="Package Description" (önceki değer: "") konum: C:\Program Files\dotnet\sdk\10.0.100\NuGet.Build.Tasks.Pack.targets (34,5)
       C:\Program Files\dotnet\sdk\10.0.100\NuGet.Build.Tasks.Pack.targets(59,5): message : Özellik yeniden ataması: $(GenerateNuspecDependsOn)="Build;_LoadPackInputItems; _GetTargetFrameworksOutput; _WalkEachTargetPerFramework; _GetPackageFiles; " (önceki değer: "_LoadPackInputItems; _GetTargetFrameworksOutput; _WalkEachTargetPerFramework; _GetPackageFiles; ") konum: C:\Program Files\dotnet\sdk\10.0.100\NuGet.Build.Tasks.Pack.targets (59,5)
       C:\Program Files\dotnet\sdk\10.0.100\Sdks\Microsoft.NET.Sdk\Sdk\Sdk.targets(59,5): message : Özellik yeniden ataması: $(_IsNotSetContainersTargetsDir)="true" (önceki değer: "false") konum: C:\Program Files\dotnet\sdk\10.0.100\Sdks\Microsoft.NET.Sdk\Sdk\Sdk.targets (59,5)
       C:\Program Files\dotnet\sdk\10.0.100\Containers\build\Microsoft.NET.Build.Containers.targets(5,5): message : Özellik yeniden ataması: $(_IsSDKContainerAllowedVersion)="true" (önceki değer: "false") konum: C:\Program Files\dotnet\sdk\10.0.100\Containers\build\Microsoft.NET.Build.Containers.targets (5,5)
       C:\Program Files\dotnet\sdk\10.0.100\Containers\build\Microsoft.NET.Build.Containers.targets(15,5): message : Özellik yeniden ataması: $(_ContainerIsTargetingNet8TFM)="true" (önceki değer: "false") konum: C:\Program Files\dotnet\sdk\10.0.100\Containers\build\Microsoft.NET.Build.Containers.targets (15,5)
       "C:\Program Files\dotnet\sdk\10.0.100\Sdks\Microsoft.NET.Sdk\targets\Microsoft.NET.Sdk.FrameworkReferenceResolution.targets" projesindeki "ResolveFrameworkReferences" hedefi kullanılarak "C:\Program Files\dotnet\sdk\10.0.100\Microsoft.Common.CurrentVersion.targets" projesindeki "ResolveFrameworkReferences" hedefinin üzerine yazılıyor.
       "C:\Program Files\dotnet\sdk\10.0.100\Sdks\Microsoft.NET.Sdk\targets\Microsoft.NET.Sdk.targets" projesindeki "GenerateSupportedTargetFrameworkAlias" hedefi kullanılarak "C:\Program Files\dotnet\sdk\10.0.100\Microsoft.Common.CurrentVersion.targets" projesindeki "GenerateSupportedTargetFrameworkAlias" hedefinin üzerine yazılıyor.
       "C:\Program Files\dotnet\sdk\10.0.100\Sdks\Microsoft.NET.Sdk\targets\Microsoft.NET.DisableStandardFrameworkResolution.targets" projesindeki "GetReferenceAssemblyPaths" hedefi kullanılarak "C:\Program Files\dotnet\sdk\10.0.100\Microsoft.Common.CurrentVersion.targets" projesindeki "GetReferenceAssemblyPaths" hedefinin üzerine yazılıyor.
       "C:\Program Files\dotnet\sdk\10.0.100\Sdks\Microsoft.NET.Sdk\targets\Microsoft.NET.DisableStandardFrameworkResolution.targets" projesindeki "GetFrameworkPaths" hedefi kullanılarak "C:\Program Files\dotnet\sdk\10.0.100\Microsoft.Common.CurrentVersion.targets" projesindeki "GetFrameworkPaths" hedefinin üzerine yazılıyor.
       "C:\Program Files\dotnet\sdk\10.0.100\Sdks\Microsoft.NET.Sdk\targets\Microsoft.NET.DesignerSupport.targets" projesindeki "DesignerRuntimeImplementationProjectOutputGroup" hedefi kullanılarak "C:\Program Files\dotnet\sdk\10.0.100\Microsoft.Common.CurrentVersion.targets" projesindeki "DesignerRuntimeImplementationProjectOutputGroup" hedefinin üzerine yazılıyor.
       "C:\Program Files\dotnet\sdk\10.0.100\Sdks\Microsoft.NET.Sdk\targets\Microsoft.NET.Publish.targets" projesindeki "Publish" hedefi kullanılarak "C:\Program Files\dotnet\sdk\10.0.100\Microsoft.Common.CurrentVersion.targets" projesindeki "Publish" hedefinin üzerine yazılıyor.
       "C:\Program Files\dotnet\sdk\10.0.100\Sdks\Microsoft.NET.Sdk\targets\Microsoft.NET.Publish.targets" projesindeki "ResolveReadyToRunCompilers" hedefi kullanılarak "C:\Program Files\dotnet\sdk\10.0.100\Sdks\Microsoft.NET.Sdk\targets\Microsoft.NET.CrossGen.targets" projesindeki "ResolveReadyToRunCompilers" hedefinin üzerine yazılıyor.
       "C:\Program Files\dotnet\sdk\10.0.100\Sdks\Microsoft.NET.Sdk\targets\Microsoft.NET.Publish.targets" projesindeki "GetCopyToPublishDirectoryItems" hedefi kullanılarak "C:\Program Files\dotnet\sdk\10.0.100\Microsoft.Common.CurrentVersion.targets" projesindeki "GetCopyToPublishDirectoryItems" hedefinin üzerine yazılıyor.
       "C:\Program Files\dotnet\sdk\10.0.100\Sdks\Microsoft.NET.Sdk\targets\Microsoft.NET.Sdk.targets" projesindeki "Run" hedefi kullanılarak "C:\Program Files\dotnet\sdk\10.0.100\Microsoft.Common.CurrentVersion.targets" projesindeki "Run" hedefinin üzerine yazılıyor.
     1>"C:\Users\mrkfk\OneDrive\Desktop\Projelerim\ECommerce\src\Infrastructure\ECommerce.Infrastructure\ECommerce.Infrastructure.csproj" projesi (1) 1 düğümünde "C:\Users\mrkfk\OneDrive\Desktop\Projelerim\ECommerce\src\Infrastructure\ECommerce.Infrastructure\ECommerce.Infrastructure.csproj" (1:2) oluşturuyor (_IsProjectRestoreSupported hedef).
   1:2>"C:\Users\mrkfk\OneDrive\Desktop\Projelerim\ECommerce\src\Infrastructure\ECommerce.Infrastructure\ECommerce.Infrastructure.csproj" projesinin "C:\Program Files\dotnet\sdk\10.0.100\NuGet.targets" dosyasındaki "_IsProjectRestoreSupported" hedefi (giriş noktası):
   1:2>"ECommerce.Infrastructure.csproj" projesinde "_IsProjectRestoreSupported" hedefini oluşturma tamamlandı.
   1:2>"C:\Users\mrkfk\OneDrive\Desktop\Projelerim\ECommerce\src\Infrastructure\ECommerce.Infrastructure\ECommerce.Infrastructure.csproj" Projesini Oluşturma İşlemi Tamamlandı (_IsProjectRestoreSupported hedef).
     1>"MSBuild" görevini yürütme tamamlandı.
       Derleme TaskRun sırasında yüklendi: NuGet.Build.Tasks, Version=7.0.0.0, Culture=neutral, PublicKeyToken=31bf3856ad364e35 (konum: C:\Program Files\dotnet\sdk\10.0.100\NuGet.Build.Tasks.dll, MVID: a423781e-dcd8-40f9-8979-fe711791fcc3, AssemblyLoadContext: MSBuild plugin C:\Program Files\dotnet\sdk\10.0.100\NuGet.Build.Tasks.dll)
       Derleme TaskRun sırasında yüklendi: NuGet.Common, Version=7.0.0.0, Culture=neutral, PublicKeyToken=31bf3856ad364e35 (konum: C:\Program Files\dotnet\sdk\10.0.100\NuGet.Common.dll, MVID: ec35ea1c-e486-40b2-8650-a0234b606d79, AssemblyLoadContext: MSBuild plugin C:\Program Files\dotnet\sdk\10.0.100\NuGet.Build.Tasks.dll)
       Derleme TaskRun sırasında yüklendi: NuGet.Commands, Version=7.0.0.0, Culture=neutral, PublicKeyToken=31bf3856ad364e35 (konum: C:\Program Files\dotnet\sdk\10.0.100\NuGet.Commands.dll, MVID: d5fc3bb4-5c09-4019-a99b-4fa81d62022e, AssemblyLoadContext: MSBuild plugin C:\Program Files\dotnet\sdk\10.0.100\NuGet.Build.Tasks.dll)
       Derleme TaskRun sırasında yüklendi: NuGet.ProjectModel, Version=7.0.0.0, Culture=neutral, PublicKeyToken=31bf3856ad364e35 (konum: C:\Program Files\dotnet\sdk\10.0.100\NuGet.ProjectModel.dll, MVID: bc8254c9-73a8-4557-9622-f1d09eb597b0, AssemblyLoadContext: MSBuild plugin C:\Program Files\dotnet\sdk\10.0.100\NuGet.Build.Tasks.dll)
       "C:\Program Files\dotnet\sdk\10.0.100\NuGet.Build.Tasks.dll" derlemesindeki "WarnForInvalidProjectsTask" görevi kullanılıyor.
       "WarnForInvalidProjectsTask" görevi
       "WarnForInvalidProjectsTask" görevini yürütme tamamlandı.
     1>"ECommerce.Infrastructure.csproj" projesinde "_FilterRestoreGraphProjectInputItems" hedefini oluşturma tamamlandı.
       "_FilterRestoreGraphProjectInputItems" hedefi atlandı. Önceden başarılı bir şekilde derlenmişti.
     1>"C:\Users\mrkfk\OneDrive\Desktop\Projelerim\ECommerce\src\Infrastructure\ECommerce.Infrastructure\ECommerce.Infrastructure.csproj" projesinin "C:\Program Files\dotnet\sdk\10.0.100\NuGet.targets" dosyasındaki "_GetAllRestoreProjectPathItems" hedefi ("_GenerateRestoreGraph" hedefi buna bağımlı):
       "C:\Program Files\dotnet\sdk\10.0.100\NuGet.Build.Tasks.dll" derlemesindeki "NuGetMessageTask" görevi kullanılıyor.
       "NuGetMessageTask" görevi
         Derleme TaskRun (NuGet.Build.Tasks.NuGetMessageTask) sırasında yüklendi: NuGet.Build.Tasks.resources, Version=7.0.0.0, Culture=tr, PublicKeyToken=31bf3856ad364e35 (konum: C:\Program Files\dotnet\sdk\10.0.100\tr\NuGet.Build.Tasks.resources.dll, MVID: 36f9a411-2be5-4b2f-9b79-f2333f66334f, AssemblyLoadContext: MSBuild plugin C:\Program Files\dotnet\sdk\10.0.100\NuGet.Build.Tasks.dll)
         Geri yüklenecek projeler belirleniyor...
       "NuGetMessageTask" görevini yürütme tamamlandı.
       "MSBuild" görevi
         Genel Özellikler:
           ExcludeRestorePackageImports=true
     1>"C:\Users\mrkfk\OneDrive\Desktop\Projelerim\ECommerce\src\Infrastructure\ECommerce.Infrastructure\ECommerce.Infrastructure.csproj" projesi (1) 1 düğümünde "C:\Users\mrkfk\OneDrive\Desktop\Projelerim\ECommerce\src\Infrastructure\ECommerce.Infrastructure\ECommerce.Infrastructure.csproj" (1:3) oluşturuyor (_GenerateRestoreProjectPathWalk hedef).
   1:3>"C:\Users\mrkfk\OneDrive\Desktop\Projelerim\ECommerce\src\Infrastructure\ECommerce.Infrastructure\ECommerce.Infrastructure.csproj" projesinin "C:\Program Files\dotnet\sdk\10.0.100\NuGet.targets" dosyasındaki "_GenerateRestoreProjectPathItemsPerFramework" hedefi ("_GenerateRestoreProjectPathItemsCurrentProject" hedefi buna bağımlı):
   1:3>"Microsoft.Build.Tasks.Core, Version=15.1.0.0, Culture=neutral, PublicKeyToken=b03f5f7f11d50a3a" derlemesindeki "ConvertToAbsolutePath" görevi kullanılıyor.
       "ConvertToAbsolutePath" görevi
       "ConvertToAbsolutePath" görevini yürütme tamamlandı.
   1:3>"ECommerce.Infrastructure.csproj" projesinde "_GenerateRestoreProjectPathItemsPerFramework" hedefini oluşturma tamamlandı.
   1:3>"C:\Users\mrkfk\OneDrive\Desktop\Projelerim\ECommerce\src\Infrastructure\ECommerce.Infrastructure\ECommerce.Infrastructure.csproj" projesinin "C:\Program Files\dotnet\sdk\10.0.100\NuGet.targets" dosyasındaki "_GenerateRestoreProjectPathItemsCurrentProject" hedefi ("_GenerateRestoreProjectPathItems" hedefi buna bağımlı):
   1:3>"ECommerce.Infrastructure.csproj" projesinde "_GenerateRestoreProjectPathItemsCurrentProject" hedefini oluşturma tamamlandı.
   1:3>"C:\Users\mrkfk\OneDrive\Desktop\Projelerim\ECommerce\src\Infrastructure\ECommerce.Infrastructure\ECommerce.Infrastructure.csproj" projesinin "C:\Program Files\dotnet\sdk\10.0.100\NuGet.targets" dosyasındaki "_GenerateRestoreProjectPathItems" hedefi ("_GenerateRestoreProjectPathWalk" hedefi buna bağımlı):
       "RemoveDuplicates" görevi
       "RemoveDuplicates" görevini yürütme tamamlandı.
   1:3>"ECommerce.Infrastructure.csproj" projesinde "_GenerateRestoreProjectPathItems" hedefini oluşturma tamamlandı.
   1:3>"C:\Users\mrkfk\OneDrive\Desktop\Projelerim\ECommerce\src\Infrastructure\ECommerce.Infrastructure\ECommerce.Infrastructure.csproj" projesinin "C:\Program Files\dotnet\sdk\10.0.100\NuGet.targets" dosyasındaki "_GenerateRestoreProjectPathWalk" hedefi (giriş noktası):
       "MSBuild" görevi
         Genel Özellikler:
           ExcludeRestorePackageImports=true
     0>C:\Program Files\dotnet\sdk\10.0.100\Sdks\Microsoft.NET.Sdk\Sdk\Sdk.props(49,11): message : 'C:\Program Files\dotnet\sdk\10.0.100\' değerine sahip 'MSBuildExtensionsPath' özelliği ortamdan genişletildi.
       C:\Program Files\dotnet\sdk\10.0.100\Current\Microsoft.Common.props(60,5): message : Özellik yeniden ataması: $(MSBuildProjectExtensionsPath)="C:\Users\mrkfk\OneDrive\Desktop\Projelerim\ECommerce\src\Core\ECommerce.Domain\obj\" (önceki değer: "obj\") konum: C:\Program Files\dotnet\sdk\10.0.100\Current\Microsoft.Common.props (60,5)
       C:\Program Files\dotnet\sdk\10.0.100\Current\Microsoft.Common.props(84,119): message : 'C:\Users\mrkfk\AppData\Local\Microsoft\MSBuild' değerine sahip 'MSBuildUserExtensionsPath' özelliği ortamdan genişletildi.
       C:\Program Files\dotnet\sdk\10.0.100\Sdks\Microsoft.NET.Sdk\targets\Microsoft.NET.Sdk.props(90,5): message : Özellik yeniden ataması: $(AssemblySearchPaths)="{CandidateAssemblyFiles};{HintPathFromItem}" (önceki değer: "{CandidateAssemblyFiles}") konum: C:\Program Files\dotnet\sdk\10.0.100\Sdks\Microsoft.NET.Sdk\targets\Microsoft.NET.Sdk.props (90,5)
       C:\Program Files\dotnet\sdk\10.0.100\Sdks\Microsoft.NET.Sdk\targets\Microsoft.NET.Sdk.props(91,5): message : Özellik yeniden ataması: $(AssemblySearchPaths)="{CandidateAssemblyFiles};{HintPathFromItem};{TargetFrameworkDirectory}" (önceki değer: "{CandidateAssemblyFiles};{HintPathFromItem}") konum: C:\Program Files\dotnet\sdk\10.0.100\Sdks\Microsoft.NET.Sdk\targets\Microsoft.NET.Sdk.props (91,5)
       C:\Program Files\dotnet\sdk\10.0.100\Sdks\Microsoft.NET.Sdk\targets\Microsoft.NET.Sdk.props(92,5): message : Özellik yeniden ataması: $(AssemblySearchPaths)="{CandidateAssemblyFiles};{HintPathFromItem};{TargetFrameworkDirectory};{RawFileName}" (önceki değer: "{CandidateAssemblyFiles};{HintPathFromItem};{TargetFrameworkDirectory}") konum: C:\Program Files\dotnet\sdk\10.0.100\Sdks\Microsoft.NET.Sdk\targets\Microsoft.NET.Sdk.props (92,5)
       C:\Program Files\dotnet\sdk\10.0.100\Sdks\Microsoft.NET.Sdk\targets\Microsoft.NET.Sdk.ImportPublishProfile.targets(28,5): message : Özellik yeniden ataması: $(PublishProfileImported)="false" (önceki değer: "true") konum: C:\Program Files\dotnet\sdk\10.0.100\Sdks\Microsoft.NET.Sdk\targets\Microsoft.NET.Sdk.ImportPublishProfile.targets (28,5)
       C:\Program Files\dotnet\sdk\10.0.100\Sdks\Microsoft.NET.Sdk\targets\Microsoft.NET.TargetFrameworkInference.targets(81,5): message : Özellik yeniden ataması: $(TargetPlatformVersion)="" (önceki değer: "0.0") konum: C:\Program Files\dotnet\sdk\10.0.100\Sdks\Microsoft.NET.Sdk\targets\Microsoft.NET.TargetFrameworkInference.targets (81,5)
       C:\Program Files\dotnet\sdk\10.0.100\Sdks\Microsoft.NET.Sdk\targets\Microsoft.NET.DefaultOutputPaths.targets(127,5): message : Özellik yeniden ataması: $(DefaultItemExcludes)=";bin\Debug\/**;obj\Debug\/**" (önceki değer: ";bin\Debug\/**") konum: C:\Program Files\dotnet\sdk\10.0.100\Sdks\Microsoft.NET.Sdk\targets\Microsoft.NET.DefaultOutputPaths.targets (127,5)
       C:\Program Files\dotnet\sdk\10.0.100\Sdks\Microsoft.NET.Sdk\targets\Microsoft.NET.DefaultOutputPaths.targets(142,5): message : Özellik yeniden ataması: $(OutputPath)="bin\Debug\net9.0\" (önceki değer: "bin\Debug\") konum: C:\Program Files\dotnet\sdk\10.0.100\Sdks\Microsoft.NET.Sdk\targets\Microsoft.NET.DefaultOutputPaths.targets (142,5)
       C:\Program Files\dotnet\sdk\10.0.100\Sdks\Microsoft.NET.Sdk\targets\Microsoft.NET.DefaultOutputPaths.targets(147,5): message : Özellik yeniden ataması: $(IntermediateOutputPath)="obj\Debug\net9.0\" (önceki değer: "obj\Debug\") konum: C:\Program Files\dotnet\sdk\10.0.100\Sdks\Microsoft.NET.Sdk\targets\Microsoft.NET.DefaultOutputPaths.targets (147,5)
       C:\Program Files\dotnet\sdk\10.0.100\Sdks\Microsoft.NET.Sdk\targets\Microsoft.NET.Sdk.BeforeCommon.targets(371,5): message : Özellik yeniden ataması: $(RoslynTargetsPath)="C:\Program Files\dotnet\sdk\10.0.100\Sdks\Microsoft.NET.Sdk\targets\..\..\..\Roslyn" (önceki değer: "C:\Program Files\dotnet\sdk\10.0.100\Roslyn") konum: C:\Program Files\dotnet\sdk\10.0.100\Sdks\Microsoft.NET.Sdk\targets\Microsoft.NET.Sdk.BeforeCommon.targets (371,5)
       C:\Program Files\dotnet\sdk\10.0.100\Roslyn\Microsoft.Managed.Core.targets(6,5): message : Özellik yeniden ataması: $(_BuildTasksDirectory)="C:\Program Files\dotnet\sdk\10.0.100\Sdks\Microsoft.NET.Sdk\targets\..\..\..\Roslyn\" (önceki değer: "C:\Program Files\dotnet\sdk\10.0.100\Roslyn\") konum: C:\Program Files\dotnet\sdk\10.0.100\Roslyn\Microsoft.Managed.Core.targets (6,5)
       C:\Program Files\dotnet\sdk\10.0.100\Roslyn\Microsoft.CSharp.Core.targets(200,5): message : Özellik yeniden ataması: $(CommandLineArgsForDesignTimeEvaluation)="-langversion:13.0 -define:TRACE" (önceki değer: "-langversion:13.0") konum: C:\Program Files\dotnet\sdk\10.0.100\Roslyn\Microsoft.CSharp.Core.targets (200,5)
       C:\Program Files\dotnet\sdk\10.0.100\Microsoft.Common.CurrentVersion.targets(175,5): message : Özellik yeniden ataması: $(_DebugSymbolsProduced)="true" (önceki değer: "false") konum: C:\Program Files\dotnet\sdk\10.0.100\Microsoft.Common.CurrentVersion.targets (175,5)
       C:\Program Files\dotnet\sdk\10.0.100\Microsoft.Common.CurrentVersion.targets(185,5): message : Özellik yeniden ataması: $(_DocumentationFileProduced)="false" (önceki değer: "true") konum: C:\Program Files\dotnet\sdk\10.0.100\Microsoft.Common.CurrentVersion.targets (185,5)
       C:\Program Files\dotnet\sdk\10.0.100\Microsoft.Common.CurrentVersion.targets(392,5): message : Özellik yeniden ataması: $(MSBuildCopyMarkerName)="ECommerc.8ED50DBB" (önceki değer: "ECommerce.Domain.csproj") konum: C:\Program Files\dotnet\sdk\10.0.100\Microsoft.Common.CurrentVersion.targets (392,5)
       C:\Program Files\dotnet\sdk\10.0.100\Microsoft.Common.CurrentVersion.targets(393,5): message : Özellik yeniden ataması: $(MSBuildCopyMarkerName)="ECommerc.8ED50DBB.Up2Date" (önceki değer: "ECommerc.8ED50DBB") konum: C:\Program Files\dotnet\sdk\10.0.100\Microsoft.Common.CurrentVersion.targets (393,5)
       C:\Program Files\dotnet\sdk\10.0.100\Microsoft.Common.CurrentVersion.targets(541,5): message : Özellik yeniden ataması: $(ProcessorArchitecture)="msil" (önceki değer: "") konum: C:\Program Files\dotnet\sdk\10.0.100\Microsoft.Common.CurrentVersion.targets (541,5)
       C:\Program Files\dotnet\sdk\10.0.100\Microsoft.Common.CurrentVersion.targets(580,5): message : Özellik yeniden ataması: $(DelaySign)="" (önceki değer: "false") konum: C:\Program Files\dotnet\sdk\10.0.100\Microsoft.Common.CurrentVersion.targets (580,5)
       C:\Program Files\dotnet\sdk\10.0.100\Microsoft.Common.CurrentVersion.targets(2606,5): message : 'C:\Users\mrkfk\AppData\Local' değerine sahip 'LOCALAPPDATA' özelliği ortamdan genişletildi.
       C:\Program Files\dotnet\sdk\10.0.100\Microsoft.Common.CurrentVersion.targets(3934,5): message : Özellik yeniden ataması: $(_SGenGenerateSerializationAssembliesConfig)="Auto" (önceki değer: "") konum: C:\Program Files\dotnet\sdk\10.0.100\Microsoft.Common.CurrentVersion.targets (3934,5)
       C:\Program Files\dotnet\sdk\10.0.100\Microsoft.Common.CurrentVersion.targets(3935,5): message : Özellik yeniden ataması: $(_SGenGenerateSerializationAssembliesConfig)="Off" (önceki değer: "Auto") konum: C:\Program Files\dotnet\sdk\10.0.100\Microsoft.Common.CurrentVersion.targets (3935,5)
       C:\Program Files\dotnet\sdk\10.0.100\Microsoft.Common.CurrentVersion.targets(5146,5): message : Özellik yeniden ataması: $(_TargetsThatPrepareProjectReferences)="
       C:\Program Files\dotnet\sdk\10.0.100\Microsoft.Common.CurrentVersion.targets(5146,5): message :       AssignProjectConfiguration;
       C:\Program Files\dotnet\sdk\10.0.100\Microsoft.Common.CurrentVersion.targets(5146,5): message :       _SplitProjectReferencesByFileExistence
       C:\Program Files\dotnet\sdk\10.0.100\Microsoft.Common.CurrentVersion.targets(5146,5): message :     " (önceki değer: "_SplitProjectReferencesByFileExistence") konum: C:\Program Files\dotnet\sdk\10.0.100\Microsoft.Common.CurrentVersion.targets (5146,5)
       C:\Program Files\dotnet\sdk\10.0.100\Microsoft.Common.CurrentVersion.targets(6959,5): message : 'C:\Program Files\dotnet\sdk\10.0.100' değerine sahip 'MSBuildExtensionsPath32' özelliği ortamdan genişletildi.
       "NuGetInteractive" özelliği genel bir özelliktir ve değiştirilemez.
       C:\Program Files\dotnet\sdk\10.0.100\Sdks\Microsoft.NET.Sdk\targets\Microsoft.PackageDependencyResolution.targets(24,5): message : Özellik yeniden ataması: $(ProjectAssetsFile)="C:\Users\mrkfk\OneDrive\Desktop\Projelerim\ECommerce\src\Core\ECommerce.Domain\obj\project.assets.json" (önceki değer: "C:\Users\mrkfk\OneDrive\Desktop\Projelerim\ECommerce\src\Core\ECommerce.Domain\obj\/project.assets.json") konum: C:\Program Files\dotnet\sdk\10.0.100\Sdks\Microsoft.NET.Sdk\targets\Microsoft.PackageDependencyResolution.targets (24,5)
       C:\Program Files\dotnet\sdk\10.0.100\Sdks\Microsoft.NET.Sdk\targets\Microsoft.PackageDependencyResolution.targets(29,5): message : Özellik yeniden ataması: $(ProjectAssetsCacheFile)="C:\Users\mrkfk\OneDrive\Desktop\Projelerim\ECommerce\src\Core\ECommerce.Domain\obj\Debug\net9.0\ECommerce.Domain.assets.cache" (önceki değer: "obj\Debug\net9.0\ECommerce.Domain.assets.cache") konum: C:\Program Files\dotnet\sdk\10.0.100\Sdks\Microsoft.NET.Sdk\targets\Microsoft.PackageDependencyResolution.targets (29,5)
       C:\Program Files\dotnet\sdk\10.0.100\Sdks\Microsoft.NET.Sdk\targets\Microsoft.PackageDependencyResolution.targets(80,5): message : Özellik yeniden ataması: $(ResolveAssemblyReferencesDependsOn)="
       C:\Program Files\dotnet\sdk\10.0.100\Sdks\Microsoft.NET.Sdk\targets\Microsoft.PackageDependencyResolution.targets(80,5): message :       
       C:\Program Files\dotnet\sdk\10.0.100\Sdks\Microsoft.NET.Sdk\targets\Microsoft.PackageDependencyResolution.targets(80,5): message :       ResolveProjectReferences;
       C:\Program Files\dotnet\sdk\10.0.100\Sdks\Microsoft.NET.Sdk\targets\Microsoft.PackageDependencyResolution.targets(80,5): message :       FindInvalidProjectReferences;
       C:\Program Files\dotnet\sdk\10.0.100\Sdks\Microsoft.NET.Sdk\targets\Microsoft.PackageDependencyResolution.targets(80,5): message :       GetFrameworkPaths;
       C:\Program Files\dotnet\sdk\10.0.100\Sdks\Microsoft.NET.Sdk\targets\Microsoft.PackageDependencyResolution.targets(80,5): message :       GetReferenceAssemblyPaths;
       C:\Program Files\dotnet\sdk\10.0.100\Sdks\Microsoft.NET.Sdk\targets\Microsoft.PackageDependencyResolution.targets(80,5): message :       PrepareForBuild;
       C:\Program Files\dotnet\sdk\10.0.100\Sdks\Microsoft.NET.Sdk\targets\Microsoft.PackageDependencyResolution.targets(80,5): message :       ResolveSDKReferences;
       C:\Program Files\dotnet\sdk\10.0.100\Sdks\Microsoft.NET.Sdk\targets\Microsoft.PackageDependencyResolution.targets(80,5): message :       ExpandSDKReferences;
       C:\Program Files\dotnet\sdk\10.0.100\Sdks\Microsoft.NET.Sdk\targets\Microsoft.PackageDependencyResolution.targets(80,5): message :     ;
       C:\Program Files\dotnet\sdk\10.0.100\Sdks\Microsoft.NET.Sdk\targets\Microsoft.PackageDependencyResolution.targets(80,5): message :       ResolvePackageDependenciesForBuild;
       C:\Program Files\dotnet\sdk\10.0.100\Sdks\Microsoft.NET.Sdk\targets\Microsoft.PackageDependencyResolution.targets(80,5): message :       _HandlePackageFileConflicts;
       C:\Program Files\dotnet\sdk\10.0.100\Sdks\Microsoft.NET.Sdk\targets\Microsoft.PackageDependencyResolution.targets(80,5): message :     " (önceki değer: "
       C:\Program Files\dotnet\sdk\10.0.100\Sdks\Microsoft.NET.Sdk\targets\Microsoft.PackageDependencyResolution.targets(80,5): message :       ResolveProjectReferences;
       C:\Program Files\dotnet\sdk\10.0.100\Sdks\Microsoft.NET.Sdk\targets\Microsoft.PackageDependencyResolution.targets(80,5): message :       FindInvalidProjectReferences;
       C:\Program Files\dotnet\sdk\10.0.100\Sdks\Microsoft.NET.Sdk\targets\Microsoft.PackageDependencyResolution.targets(80,5): message :       GetFrameworkPaths;
       C:\Program Files\dotnet\sdk\10.0.100\Sdks\Microsoft.NET.Sdk\targets\Microsoft.PackageDependencyResolution.targets(80,5): message :       GetReferenceAssemblyPaths;
       C:\Program Files\dotnet\sdk\10.0.100\Sdks\Microsoft.NET.Sdk\targets\Microsoft.PackageDependencyResolution.targets(80,5): message :       PrepareForBuild;
       C:\Program Files\dotnet\sdk\10.0.100\Sdks\Microsoft.NET.Sdk\targets\Microsoft.PackageDependencyResolution.targets(80,5): message :       ResolveSDKReferences;
       C:\Program Files\dotnet\sdk\10.0.100\Sdks\Microsoft.NET.Sdk\targets\Microsoft.PackageDependencyResolution.targets(80,5): message :       ExpandSDKReferences;
       C:\Program Files\dotnet\sdk\10.0.100\Sdks\Microsoft.NET.Sdk\targets\Microsoft.PackageDependencyResolution.targets(80,5): message :     ") konum: C:\Program Files\dotnet\sdk\10.0.100\Sdks\Microsoft.NET.Sdk\targets\Microsoft.PackageDependencyResolution.targets (80,5)
       C:\Program Files\dotnet\sdk\10.0.100\Sdks\Microsoft.NET.Sdk\targets\Microsoft.PackageDependencyResolution.targets(86,5): message : Özellik yeniden ataması: $(PrepareResourcesDependsOn)="
       C:\Program Files\dotnet\sdk\10.0.100\Sdks\Microsoft.NET.Sdk\targets\Microsoft.PackageDependencyResolution.targets(86,5): message :       ResolvePackageDependenciesForBuild;
       C:\Program Files\dotnet\sdk\10.0.100\Sdks\Microsoft.NET.Sdk\targets\Microsoft.PackageDependencyResolution.targets(86,5): message :       _HandlePackageFileConflicts;
       C:\Program Files\dotnet\sdk\10.0.100\Sdks\Microsoft.NET.Sdk\targets\Microsoft.PackageDependencyResolution.targets(86,5): message :       
       C:\Program Files\dotnet\sdk\10.0.100\Sdks\Microsoft.NET.Sdk\targets\Microsoft.PackageDependencyResolution.targets(86,5): message :       ;
       C:\Program Files\dotnet\sdk\10.0.100\Sdks\Microsoft.NET.Sdk\targets\Microsoft.PackageDependencyResolution.targets(86,5): message :       PrepareResourceNames;
       C:\Program Files\dotnet\sdk\10.0.100\Sdks\Microsoft.NET.Sdk\targets\Microsoft.PackageDependencyResolution.targets(86,5): message :       ResGen;
       C:\Program Files\dotnet\sdk\10.0.100\Sdks\Microsoft.NET.Sdk\targets\Microsoft.PackageDependencyResolution.targets(86,5): message :       CompileLicxFiles
       C:\Program Files\dotnet\sdk\10.0.100\Sdks\Microsoft.NET.Sdk\targets\Microsoft.PackageDependencyResolution.targets(86,5): message :     
       C:\Program Files\dotnet\sdk\10.0.100\Sdks\Microsoft.NET.Sdk\targets\Microsoft.PackageDependencyResolution.targets(86,5): message :     " (önceki değer: "
       C:\Program Files\dotnet\sdk\10.0.100\Sdks\Microsoft.NET.Sdk\targets\Microsoft.PackageDependencyResolution.targets(86,5): message :       ;
       C:\Program Files\dotnet\sdk\10.0.100\Sdks\Microsoft.NET.Sdk\targets\Microsoft.PackageDependencyResolution.targets(86,5): message :       PrepareResourceNames;
       C:\Program Files\dotnet\sdk\10.0.100\Sdks\Microsoft.NET.Sdk\targets\Microsoft.PackageDependencyResolution.targets(86,5): message :       ResGen;
       C:\Program Files\dotnet\sdk\10.0.100\Sdks\Microsoft.NET.Sdk\targets\Microsoft.PackageDependencyResolution.targets(86,5): message :       CompileLicxFiles
       C:\Program Files\dotnet\sdk\10.0.100\Sdks\Microsoft.NET.Sdk\targets\Microsoft.PackageDependencyResolution.targets(86,5): message :     ") konum: C:\Program Files\dotnet\sdk\10.0.100\Sdks\Microsoft.NET.Sdk\targets\Microsoft.PackageDependencyResolution.targets (86,5)
       "EnableDefaultCompileItems" özelliği genel bir özelliktir ve değiştirilemez.
       "EnableDefaultEmbeddedResourceItems" özelliği genel bir özelliktir ve değiştirilemez.
       "EnableDefaultNoneItems" özelliği genel bir özelliktir ve değiştirilemez.
       C:\Program Files\dotnet\sdk\10.0.100\Sdks\Microsoft.NET.Sdk\targets\Microsoft.NET.Sdk.DefaultItems.targets(35,5): message : Özellik yeniden ataması: $(DefaultItemExcludes)=";bin\Debug\/**;obj\Debug\/**;bin\/**" (önceki değer: ";bin\Debug\/**;obj\Debug\/**") konum: C:\Program Files\dotnet\sdk\10.0.100\Sdks\Microsoft.NET.Sdk\targets\Microsoft.NET.Sdk.DefaultItems.targets (35,5)
       C:\Program Files\dotnet\sdk\10.0.100\Sdks\Microsoft.NET.Sdk\targets\Microsoft.NET.Sdk.DefaultItems.targets(37,5): message : Özellik yeniden ataması: $(DefaultItemExcludes)=";bin\Debug\/**;obj\Debug\/**;bin\/**;obj\/**" (önceki değer: ";bin\Debug\/**;obj\Debug\/**;bin\/**") konum: C:\Program Files\dotnet\sdk\10.0.100\Sdks\Microsoft.NET.Sdk\targets\Microsoft.NET.Sdk.DefaultItems.targets (37,5)
       C:\Program Files\dotnet\sdk\10.0.100\Sdks\Microsoft.NET.Sdk\targets\Microsoft.NET.Sdk.DefaultItems.targets(40,5): message : Özellik yeniden ataması: $(DefaultItemExcludes)=";bin\Debug\/**;obj\Debug\/**;bin\/**;obj\/**;**/*.user" (önceki değer: ";bin\Debug\/**;obj\Debug\/**;bin\/**;obj\/**") konum: C:\Program Files\dotnet\sdk\10.0.100\Sdks\Microsoft.NET.Sdk\targets\Microsoft.NET.Sdk.DefaultItems.targets (40,5)
       C:\Program Files\dotnet\sdk\10.0.100\Sdks\Microsoft.NET.Sdk\targets\Microsoft.NET.Sdk.DefaultItems.targets(41,5): message : Özellik yeniden ataması: $(DefaultItemExcludes)=";bin\Debug\/**;obj\Debug\/**;bin\/**;obj\/**;**/*.user;**/*.*proj" (önceki değer: ";bin\Debug\/**;obj\Debug\/**;bin\/**;obj\/**;**/*.user") konum: C:\Program Files\dotnet\sdk\10.0.100\Sdks\Microsoft.NET.Sdk\targets\Microsoft.NET.Sdk.DefaultItems.targets (41,5)
       C:\Program Files\dotnet\sdk\10.0.100\Sdks\Microsoft.NET.Sdk\targets\Microsoft.NET.Sdk.DefaultItems.targets(42,5): message : Özellik yeniden ataması: $(DefaultItemExcludes)=";bin\Debug\/**;obj\Debug\/**;bin\/**;obj\/**;**/*.user;**/*.*proj;**/*.sln" (önceki değer: ";bin\Debug\/**;obj\Debug\/**;bin\/**;obj\/**;**/*.user;**/*.*proj") konum: C:\Program Files\dotnet\sdk\10.0.100\Sdks\Microsoft.NET.Sdk\targets\Microsoft.NET.Sdk.DefaultItems.targets (42,5)
       C:\Program Files\dotnet\sdk\10.0.100\Sdks\Microsoft.NET.Sdk\targets\Microsoft.NET.Sdk.DefaultItems.targets(43,5): message : Özellik yeniden ataması: $(DefaultItemExcludes)=";bin\Debug\/**;obj\Debug\/**;bin\/**;obj\/**;**/*.user;**/*.*proj;**/*.sln;**/*.slnx" (önceki değer: ";bin\Debug\/**;obj\Debug\/**;bin\/**;obj\/**;**/*.user;**/*.*proj;**/*.sln") konum: C:\Program Files\dotnet\sdk\10.0.100\Sdks\Microsoft.NET.Sdk\targets\Microsoft.NET.Sdk.DefaultItems.targets (43,5)
       C:\Program Files\dotnet\sdk\10.0.100\Sdks\Microsoft.NET.Sdk\targets\Microsoft.NET.Sdk.DefaultItems.targets(44,5): message : Özellik yeniden ataması: $(DefaultItemExcludes)=";bin\Debug\/**;obj\Debug\/**;bin\/**;obj\/**;**/*.user;**/*.*proj;**/*.sln;**/*.slnx;**/*.vssscc" (önceki değer: ";bin\Debug\/**;obj\Debug\/**;bin\/**;obj\/**;**/*.user;**/*.*proj;**/*.sln;**/*.slnx") konum: C:\Program Files\dotnet\sdk\10.0.100\Sdks\Microsoft.NET.Sdk\targets\Microsoft.NET.Sdk.DefaultItems.targets (44,5)
       C:\Program Files\dotnet\sdk\10.0.100\Sdks\Microsoft.NET.Sdk\targets\Microsoft.NET.Sdk.DefaultItems.targets(45,5): message : Özellik yeniden ataması: $(DefaultItemExcludes)=";bin\Debug\/**;obj\Debug\/**;bin\/**;obj\/**;**/*.user;**/*.*proj;**/*.sln;**/*.slnx;**/*.vssscc;**/.DS_Store" (önceki değer: ";bin\Debug\/**;obj\Debug\/**;bin\/**;obj\/**;**/*.user;**/*.*proj;**/*.sln;**/*.slnx;**/*.vssscc") konum: C:\Program Files\dotnet\sdk\10.0.100\Sdks\Microsoft.NET.Sdk\targets\Microsoft.NET.Sdk.DefaultItems.targets (45,5)
       C:\Program Files\dotnet\sdk\10.0.100\Sdks\Microsoft.NET.Sdk\targets\Microsoft.NET.Sdk.FrameworkReferenceResolution.targets(14,5): message : Özellik yeniden ataması: $(ResolveAssemblyReferencesDependsOn)="
       C:\Program Files\dotnet\sdk\10.0.100\Sdks\Microsoft.NET.Sdk\targets\Microsoft.NET.Sdk.FrameworkReferenceResolution.targets(14,5): message :       
       C:\Program Files\dotnet\sdk\10.0.100\Sdks\Microsoft.NET.Sdk\targets\Microsoft.NET.Sdk.FrameworkReferenceResolution.targets(14,5): message :       
       C:\Program Files\dotnet\sdk\10.0.100\Sdks\Microsoft.NET.Sdk\targets\Microsoft.NET.Sdk.FrameworkReferenceResolution.targets(14,5): message :       ResolveProjectReferences;
       C:\Program Files\dotnet\sdk\10.0.100\Sdks\Microsoft.NET.Sdk\targets\Microsoft.NET.Sdk.FrameworkReferenceResolution.targets(14,5): message :       FindInvalidProjectReferences;
       C:\Program Files\dotnet\sdk\10.0.100\Sdks\Microsoft.NET.Sdk\targets\Microsoft.NET.Sdk.FrameworkReferenceResolution.targets(14,5): message :       GetFrameworkPaths;
       C:\Program Files\dotnet\sdk\10.0.100\Sdks\Microsoft.NET.Sdk\targets\Microsoft.NET.Sdk.FrameworkReferenceResolution.targets(14,5): message :       GetReferenceAssemblyPaths;
       C:\Program Files\dotnet\sdk\10.0.100\Sdks\Microsoft.NET.Sdk\targets\Microsoft.NET.Sdk.FrameworkReferenceResolution.targets(14,5): message :       PrepareForBuild;
       C:\Program Files\dotnet\sdk\10.0.100\Sdks\Microsoft.NET.Sdk\targets\Microsoft.NET.Sdk.FrameworkReferenceResolution.targets(14,5): message :       ResolveSDKReferences;
       C:\Program Files\dotnet\sdk\10.0.100\Sdks\Microsoft.NET.Sdk\targets\Microsoft.NET.Sdk.FrameworkReferenceResolution.targets(14,5): message :       ExpandSDKReferences;
       C:\Program Files\dotnet\sdk\10.0.100\Sdks\Microsoft.NET.Sdk\targets\Microsoft.NET.Sdk.FrameworkReferenceResolution.targets(14,5): message :     ;
       C:\Program Files\dotnet\sdk\10.0.100\Sdks\Microsoft.NET.Sdk\targets\Microsoft.NET.Sdk.FrameworkReferenceResolution.targets(14,5): message :       ResolvePackageDependenciesForBuild;
       C:\Program Files\dotnet\sdk\10.0.100\Sdks\Microsoft.NET.Sdk\targets\Microsoft.NET.Sdk.FrameworkReferenceResolution.targets(14,5): message :       _HandlePackageFileConflicts;
       C:\Program Files\dotnet\sdk\10.0.100\Sdks\Microsoft.NET.Sdk\targets\Microsoft.NET.Sdk.FrameworkReferenceResolution.targets(14,5): message :     ;
       C:\Program Files\dotnet\sdk\10.0.100\Sdks\Microsoft.NET.Sdk\targets\Microsoft.NET.Sdk.FrameworkReferenceResolution.targets(14,5): message :       ResolveTargetingPackAssets;
       C:\Program Files\dotnet\sdk\10.0.100\Sdks\Microsoft.NET.Sdk\targets\Microsoft.NET.Sdk.FrameworkReferenceResolution.targets(14,5): message :     " (önceki değer: "
       C:\Program Files\dotnet\sdk\10.0.100\Sdks\Microsoft.NET.Sdk\targets\Microsoft.NET.Sdk.FrameworkReferenceResolution.targets(14,5): message :       
       C:\Program Files\dotnet\sdk\10.0.100\Sdks\Microsoft.NET.Sdk\targets\Microsoft.NET.Sdk.FrameworkReferenceResolution.targets(14,5): message :       ResolveProjectReferences;
       C:\Program Files\dotnet\sdk\10.0.100\Sdks\Microsoft.NET.Sdk\targets\Microsoft.NET.Sdk.FrameworkReferenceResolution.targets(14,5): message :       FindInvalidProjectReferences;
       C:\Program Files\dotnet\sdk\10.0.100\Sdks\Microsoft.NET.Sdk\targets\Microsoft.NET.Sdk.FrameworkReferenceResolution.targets(14,5): message :       GetFrameworkPaths;
       C:\Program Files\dotnet\sdk\10.0.100\Sdks\Microsoft.NET.Sdk\targets\Microsoft.NET.Sdk.FrameworkReferenceResolution.targets(14,5): message :       GetReferenceAssemblyPaths;
       C:\Program Files\dotnet\sdk\10.0.100\Sdks\Microsoft.NET.Sdk\targets\Microsoft.NET.Sdk.FrameworkReferenceResolution.targets(14,5): message :       PrepareForBuild;
       C:\Program Files\dotnet\sdk\10.0.100\Sdks\Microsoft.NET.Sdk\targets\Microsoft.NET.Sdk.FrameworkReferenceResolution.targets(14,5): message :       ResolveSDKReferences;
       C:\Program Files\dotnet\sdk\10.0.100\Sdks\Microsoft.NET.Sdk\targets\Microsoft.NET.Sdk.FrameworkReferenceResolution.targets(14,5): message :       ExpandSDKReferences;
       C:\Program Files\dotnet\sdk\10.0.100\Sdks\Microsoft.NET.Sdk\targets\Microsoft.NET.Sdk.FrameworkReferenceResolution.targets(14,5): message :     ;
       C:\Program Files\dotnet\sdk\10.0.100\Sdks\Microsoft.NET.Sdk\targets\Microsoft.NET.Sdk.FrameworkReferenceResolution.targets(14,5): message :       ResolvePackageDependenciesForBuild;
       C:\Program Files\dotnet\sdk\10.0.100\Sdks\Microsoft.NET.Sdk\targets\Microsoft.NET.Sdk.FrameworkReferenceResolution.targets(14,5): message :       _HandlePackageFileConflicts;
       C:\Program Files\dotnet\sdk\10.0.100\Sdks\Microsoft.NET.Sdk\targets\Microsoft.NET.Sdk.FrameworkReferenceResolution.targets(14,5): message :     ") konum: C:\Program Files\dotnet\sdk\10.0.100\Sdks\Microsoft.NET.Sdk\targets\Microsoft.NET.Sdk.FrameworkReferenceResolution.targets (14,5)
       C:\Program Files\dotnet\sdk\10.0.100\Sdks\Microsoft.NET.Sdk\targets\Microsoft.NET.Sdk.targets(44,5): message : Özellik yeniden ataması: $(_GenerateRuntimeConfigurationPropertyInputsCache)="C:\Users\mrkfk\OneDrive\Desktop\Projelerim\ECommerce\src\Core\ECommerce.Domain\obj\Debug\net9.0\ECommerce.Domain.genruntimeconfig.cache" (önceki değer: "obj\Debug\net9.0\ECommerce.Domain.genruntimeconfig.cache") konum: C:\Program Files\dotnet\sdk\10.0.100\Sdks\Microsoft.NET.Sdk\targets\Microsoft.NET.Sdk.targets (44,5)
       C:\Program Files\dotnet\sdk\10.0.100\Sdks\Microsoft.NET.Sdk\targets\Microsoft.NET.Sdk.targets(46,5): message : Özellik yeniden ataması: $(_GeneratePublishDependencyFilePropertyInputsCache)="C:\Users\mrkfk\OneDrive\Desktop\Projelerim\ECommerce\src\Core\ECommerce.Domain\obj\Debug\net9.0\ECommerce.Domain.genpublishdeps.cache" (önceki değer: "obj\Debug\net9.0\ECommerce.Domain.genpublishdeps.cache") konum: C:\Program Files\dotnet\sdk\10.0.100\Sdks\Microsoft.NET.Sdk\targets\Microsoft.NET.Sdk.targets (46,5)
       C:\Program Files\dotnet\sdk\10.0.100\Sdks\Microsoft.NET.Sdk\targets\Microsoft.NET.Sdk.targets(48,5): message : Özellik yeniden ataması: $(_GenerateSingleFileBundlePropertyInputsCache)="C:\Users\mrkfk\OneDrive\Desktop\Projelerim\ECommerce\src\Core\ECommerce.Domain\obj\Debug\net9.0\ECommerce.Domain.genbundle.cache" (önceki değer: "obj\Debug\net9.0\ECommerce.Domain.genbundle.cache") konum: C:\Program Files\dotnet\sdk\10.0.100\Sdks\Microsoft.NET.Sdk\targets\Microsoft.NET.Sdk.targets (48,5)
       C:\Program Files\dotnet\sdk\10.0.100\Sdks\Microsoft.NET.Sdk\targets\Microsoft.NET.Sdk.targets(81,5): message : Özellik yeniden ataması: $(GenerateRuntimeConfigDevFile)="false" (önceki değer: "true") konum: C:\Program Files\dotnet\sdk\10.0.100\Sdks\Microsoft.NET.Sdk\targets\Microsoft.NET.Sdk.targets (81,5)
       C:\Program Files\dotnet\sdk\10.0.100\Sdks\Microsoft.NET.Sdk\targets\Microsoft.NET.Sdk.targets(98,5): message : 'C:\Users\mrkfk' değerine sahip 'USERPROFILE' özelliği ortamdan genişletildi.
       C:\Program Files\dotnet\sdk\10.0.100\Sdks\Microsoft.NET.Sdk\targets\Microsoft.NET.Sdk.targets(98,5): message : Özellik yeniden ataması: $(_DefaultUserProfileRuntimeStorePath)="C:\Users\mrkfk" (önceki değer: "") konum: C:\Program Files\dotnet\sdk\10.0.100\Sdks\Microsoft.NET.Sdk\targets\Microsoft.NET.Sdk.targets (98,5)
       C:\Program Files\dotnet\sdk\10.0.100\Sdks\Microsoft.NET.Sdk\targets\Microsoft.NET.Sdk.targets(99,5): message : Özellik yeniden ataması: $(_DefaultUserProfileRuntimeStorePath)="C:\Users\mrkfk\.dotnet\store" (önceki değer: "C:\Users\mrkfk") konum: C:\Program Files\dotnet\sdk\10.0.100\Sdks\Microsoft.NET.Sdk\targets\Microsoft.NET.Sdk.targets (99,5)
       C:\Program Files\dotnet\sdk\10.0.100\Sdks\Microsoft.NET.Sdk\targets\Microsoft.NET.Sdk.targets(144,5): message : Özellik yeniden ataması: $(AvailablePlatforms)="Any CPU,x86,x64,ARM32" (önceki değer: "Any CPU,x86,x64") konum: C:\Program Files\dotnet\sdk\10.0.100\Sdks\Microsoft.NET.Sdk\targets\Microsoft.NET.Sdk.targets (144,5)
       C:\Program Files\dotnet\sdk\10.0.100\Sdks\Microsoft.NET.Sdk\targets\Microsoft.NET.Sdk.targets(148,5): message : Özellik yeniden ataması: $(AvailablePlatforms)="Any CPU,x86,x64,ARM32,ARM64" (önceki değer: "Any CPU,x86,x64,ARM32") konum: C:\Program Files\dotnet\sdk\10.0.100\Sdks\Microsoft.NET.Sdk\targets\Microsoft.NET.Sdk.targets (148,5)
       C:\Program Files\dotnet\sdk\10.0.100\Sdks\Microsoft.NET.Sdk\targets\Microsoft.NET.Sdk.targets(204,5): message : Özellik yeniden ataması: $(CoreBuildDependsOn)="
       C:\Program Files\dotnet\sdk\10.0.100\Sdks\Microsoft.NET.Sdk\targets\Microsoft.NET.Sdk.targets(204,5): message :       _CheckForBuildWithNoBuild;
       C:\Program Files\dotnet\sdk\10.0.100\Sdks\Microsoft.NET.Sdk\targets\Microsoft.NET.Sdk.targets(204,5): message :       
       C:\Program Files\dotnet\sdk\10.0.100\Sdks\Microsoft.NET.Sdk\targets\Microsoft.NET.Sdk.targets(204,5): message :       BuildOnlySettings;
       C:\Program Files\dotnet\sdk\10.0.100\Sdks\Microsoft.NET.Sdk\targets\Microsoft.NET.Sdk.targets(204,5): message :       PrepareForBuild;
       C:\Program Files\dotnet\sdk\10.0.100\Sdks\Microsoft.NET.Sdk\targets\Microsoft.NET.Sdk.targets(204,5): message :       PreBuildEvent;
       C:\Program Files\dotnet\sdk\10.0.100\Sdks\Microsoft.NET.Sdk\targets\Microsoft.NET.Sdk.targets(204,5): message :       ResolveReferences;
       C:\Program Files\dotnet\sdk\10.0.100\Sdks\Microsoft.NET.Sdk\targets\Microsoft.NET.Sdk.targets(204,5): message :       PrepareResources;
       C:\Program Files\dotnet\sdk\10.0.100\Sdks\Microsoft.NET.Sdk\targets\Microsoft.NET.Sdk.targets(204,5): message :       ResolveKeySource;
       C:\Program Files\dotnet\sdk\10.0.100\Sdks\Microsoft.NET.Sdk\targets\Microsoft.NET.Sdk.targets(204,5): message :       Compile;
       C:\Program Files\dotnet\sdk\10.0.100\Sdks\Microsoft.NET.Sdk\targets\Microsoft.NET.Sdk.targets(204,5): message :       ExportWindowsMDFile;
       C:\Program Files\dotnet\sdk\10.0.100\Sdks\Microsoft.NET.Sdk\targets\Microsoft.NET.Sdk.targets(204,5): message :       UnmanagedUnregistration;
       C:\Program Files\dotnet\sdk\10.0.100\Sdks\Microsoft.NET.Sdk\targets\Microsoft.NET.Sdk.targets(204,5): message :       GenerateSerializationAssemblies;
       C:\Program Files\dotnet\sdk\10.0.100\Sdks\Microsoft.NET.Sdk\targets\Microsoft.NET.Sdk.targets(204,5): message :       CreateSatelliteAssemblies;
       C:\Program Files\dotnet\sdk\10.0.100\Sdks\Microsoft.NET.Sdk\targets\Microsoft.NET.Sdk.targets(204,5): message :       GenerateManifests;
       C:\Program Files\dotnet\sdk\10.0.100\Sdks\Microsoft.NET.Sdk\targets\Microsoft.NET.Sdk.targets(204,5): message :       GetTargetPath;
       C:\Program Files\dotnet\sdk\10.0.100\Sdks\Microsoft.NET.Sdk\targets\Microsoft.NET.Sdk.targets(204,5): message :       PrepareForRun;
       C:\Program Files\dotnet\sdk\10.0.100\Sdks\Microsoft.NET.Sdk\targets\Microsoft.NET.Sdk.targets(204,5): message :       UnmanagedRegistration;
       C:\Program Files\dotnet\sdk\10.0.100\Sdks\Microsoft.NET.Sdk\targets\Microsoft.NET.Sdk.targets(204,5): message :       IncrementalClean;
       C:\Program Files\dotnet\sdk\10.0.100\Sdks\Microsoft.NET.Sdk\targets\Microsoft.NET.Sdk.targets(204,5): message :       PostBuildEvent
       C:\Program Files\dotnet\sdk\10.0.100\Sdks\Microsoft.NET.Sdk\targets\Microsoft.NET.Sdk.targets(204,5): message :     ;
       C:\Program Files\dotnet\sdk\10.0.100\Sdks\Microsoft.NET.Sdk\targets\Microsoft.NET.Sdk.targets(204,5): message :       GenerateBuildDependencyFile;
       C:\Program Files\dotnet\sdk\10.0.100\Sdks\Microsoft.NET.Sdk\targets\Microsoft.NET.Sdk.targets(204,5): message :       GenerateBuildRuntimeConfigurationFiles
       C:\Program Files\dotnet\sdk\10.0.100\Sdks\Microsoft.NET.Sdk\targets\Microsoft.NET.Sdk.targets(204,5): message :     " (önceki değer: "
       C:\Program Files\dotnet\sdk\10.0.100\Sdks\Microsoft.NET.Sdk\targets\Microsoft.NET.Sdk.targets(204,5): message :       BuildOnlySettings;
       C:\Program Files\dotnet\sdk\10.0.100\Sdks\Microsoft.NET.Sdk\targets\Microsoft.NET.Sdk.targets(204,5): message :       PrepareForBuild;
       C:\Program Files\dotnet\sdk\10.0.100\Sdks\Microsoft.NET.Sdk\targets\Microsoft.NET.Sdk.targets(204,5): message :       PreBuildEvent;
       C:\Program Files\dotnet\sdk\10.0.100\Sdks\Microsoft.NET.Sdk\targets\Microsoft.NET.Sdk.targets(204,5): message :       ResolveReferences;
       C:\Program Files\dotnet\sdk\10.0.100\Sdks\Microsoft.NET.Sdk\targets\Microsoft.NET.Sdk.targets(204,5): message :       PrepareResources;
       C:\Program Files\dotnet\sdk\10.0.100\Sdks\Microsoft.NET.Sdk\targets\Microsoft.NET.Sdk.targets(204,5): message :       ResolveKeySource;
       C:\Program Files\dotnet\sdk\10.0.100\Sdks\Microsoft.NET.Sdk\targets\Microsoft.NET.Sdk.targets(204,5): message :       Compile;
       C:\Program Files\dotnet\sdk\10.0.100\Sdks\Microsoft.NET.Sdk\targets\Microsoft.NET.Sdk.targets(204,5): message :       ExportWindowsMDFile;
       C:\Program Files\dotnet\sdk\10.0.100\Sdks\Microsoft.NET.Sdk\targets\Microsoft.NET.Sdk.targets(204,5): message :       UnmanagedUnregistration;
       C:\Program Files\dotnet\sdk\10.0.100\Sdks\Microsoft.NET.Sdk\targets\Microsoft.NET.Sdk.targets(204,5): message :       GenerateSerializationAssemblies;
       C:\Program Files\dotnet\sdk\10.0.100\Sdks\Microsoft.NET.Sdk\targets\Microsoft.NET.Sdk.targets(204,5): message :       CreateSatelliteAssemblies;
       C:\Program Files\dotnet\sdk\10.0.100\Sdks\Microsoft.NET.Sdk\targets\Microsoft.NET.Sdk.targets(204,5): message :       GenerateManifests;
       C:\Program Files\dotnet\sdk\10.0.100\Sdks\Microsoft.NET.Sdk\targets\Microsoft.NET.Sdk.targets(204,5): message :       GetTargetPath;
       C:\Program Files\dotnet\sdk\10.0.100\Sdks\Microsoft.NET.Sdk\targets\Microsoft.NET.Sdk.targets(204,5): message :       PrepareForRun;
       C:\Program Files\dotnet\sdk\10.0.100\Sdks\Microsoft.NET.Sdk\targets\Microsoft.NET.Sdk.targets(204,5): message :       UnmanagedRegistration;
       C:\Program Files\dotnet\sdk\10.0.100\Sdks\Microsoft.NET.Sdk\targets\Microsoft.NET.Sdk.targets(204,5): message :       IncrementalClean;
       C:\Program Files\dotnet\sdk\10.0.100\Sdks\Microsoft.NET.Sdk\targets\Microsoft.NET.Sdk.targets(204,5): message :       PostBuildEvent
       C:\Program Files\dotnet\sdk\10.0.100\Sdks\Microsoft.NET.Sdk\targets\Microsoft.NET.Sdk.targets(204,5): message :     ") konum: C:\Program Files\dotnet\sdk\10.0.100\Sdks\Microsoft.NET.Sdk\targets\Microsoft.NET.Sdk.targets (204,5)
       C:\Program Files\dotnet\sdk\10.0.100\Sdks\Microsoft.NET.Sdk\targets\Microsoft.NET.Sdk.targets(213,5): message : Özellik yeniden ataması: $(CoreCleanDependsOn)="
       C:\Program Files\dotnet\sdk\10.0.100\Sdks\Microsoft.NET.Sdk\targets\Microsoft.NET.Sdk.targets(213,5): message :       _SdkBeforeClean;
       C:\Program Files\dotnet\sdk\10.0.100\Sdks\Microsoft.NET.Sdk\targets\Microsoft.NET.Sdk.targets(213,5): message :       
       C:\Program Files\dotnet\sdk\10.0.100\Sdks\Microsoft.NET.Sdk\targets\Microsoft.NET.Sdk.targets(213,5): message :     " (önceki değer: "") konum: C:\Program Files\dotnet\sdk\10.0.100\Sdks\Microsoft.NET.Sdk\targets\Microsoft.NET.Sdk.targets (213,5)
       C:\Program Files\dotnet\sdk\10.0.100\Sdks\Microsoft.NET.Sdk\targets\Microsoft.NET.Sdk.targets(220,5): message : Özellik yeniden ataması: $(RebuildDependsOn)="
       C:\Program Files\dotnet\sdk\10.0.100\Sdks\Microsoft.NET.Sdk\targets\Microsoft.NET.Sdk.targets(220,5): message :       _SdkBeforeRebuild;
       C:\Program Files\dotnet\sdk\10.0.100\Sdks\Microsoft.NET.Sdk\targets\Microsoft.NET.Sdk.targets(220,5): message :       
       C:\Program Files\dotnet\sdk\10.0.100\Sdks\Microsoft.NET.Sdk\targets\Microsoft.NET.Sdk.targets(220,5): message :       BeforeRebuild;
       C:\Program Files\dotnet\sdk\10.0.100\Sdks\Microsoft.NET.Sdk\targets\Microsoft.NET.Sdk.targets(220,5): message :       Clean;
       C:\Program Files\dotnet\sdk\10.0.100\Sdks\Microsoft.NET.Sdk\targets\Microsoft.NET.Sdk.targets(220,5): message :       Build;
       C:\Program Files\dotnet\sdk\10.0.100\Sdks\Microsoft.NET.Sdk\targets\Microsoft.NET.Sdk.targets(220,5): message :       AfterRebuild;
       C:\Program Files\dotnet\sdk\10.0.100\Sdks\Microsoft.NET.Sdk\targets\Microsoft.NET.Sdk.targets(220,5): message :     
       C:\Program Files\dotnet\sdk\10.0.100\Sdks\Microsoft.NET.Sdk\targets\Microsoft.NET.Sdk.targets(220,5): message :     " (önceki değer: "
       C:\Program Files\dotnet\sdk\10.0.100\Sdks\Microsoft.NET.Sdk\targets\Microsoft.NET.Sdk.targets(220,5): message :       BeforeRebuild;
       C:\Program Files\dotnet\sdk\10.0.100\Sdks\Microsoft.NET.Sdk\targets\Microsoft.NET.Sdk.targets(220,5): message :       Clean;
       C:\Program Files\dotnet\sdk\10.0.100\Sdks\Microsoft.NET.Sdk\targets\Microsoft.NET.Sdk.targets(220,5): message :       Build;
       C:\Program Files\dotnet\sdk\10.0.100\Sdks\Microsoft.NET.Sdk\targets\Microsoft.NET.Sdk.targets(220,5): message :       AfterRebuild;
       C:\Program Files\dotnet\sdk\10.0.100\Sdks\Microsoft.NET.Sdk\targets\Microsoft.NET.Sdk.targets(220,5): message :     ") konum: C:\Program Files\dotnet\sdk\10.0.100\Sdks\Microsoft.NET.Sdk\targets\Microsoft.NET.Sdk.targets (220,5)
       C:\Program Files\dotnet\sdk\10.0.100\Sdks\Microsoft.NET.Sdk\targets\Microsoft.NET.Sdk.targets(799,5): message : Özellik yeniden ataması: $(CompileDependsOn)="
       C:\Program Files\dotnet\sdk\10.0.100\Sdks\Microsoft.NET.Sdk\targets\Microsoft.NET.Sdk.targets(799,5): message :       
       C:\Program Files\dotnet\sdk\10.0.100\Sdks\Microsoft.NET.Sdk\targets\Microsoft.NET.Sdk.targets(799,5): message :       ResolveReferences;
       C:\Program Files\dotnet\sdk\10.0.100\Sdks\Microsoft.NET.Sdk\targets\Microsoft.NET.Sdk.targets(799,5): message :       ResolveKeySource;
       C:\Program Files\dotnet\sdk\10.0.100\Sdks\Microsoft.NET.Sdk\targets\Microsoft.NET.Sdk.targets(799,5): message :       SetWin32ManifestProperties;
       C:\Program Files\dotnet\sdk\10.0.100\Sdks\Microsoft.NET.Sdk\targets\Microsoft.NET.Sdk.targets(799,5): message :       _SetPreferNativeArm64Win32ManifestProperties;
       C:\Program Files\dotnet\sdk\10.0.100\Sdks\Microsoft.NET.Sdk\targets\Microsoft.NET.Sdk.targets(799,5): message :       FindReferenceAssembliesForReferences;
       C:\Program Files\dotnet\sdk\10.0.100\Sdks\Microsoft.NET.Sdk\targets\Microsoft.NET.Sdk.targets(799,5): message :       _GenerateCompileInputs;
       C:\Program Files\dotnet\sdk\10.0.100\Sdks\Microsoft.NET.Sdk\targets\Microsoft.NET.Sdk.targets(799,5): message :       BeforeCompile;
       C:\Program Files\dotnet\sdk\10.0.100\Sdks\Microsoft.NET.Sdk\targets\Microsoft.NET.Sdk.targets(799,5): message :       _TimeStampBeforeCompile;
       C:\Program Files\dotnet\sdk\10.0.100\Sdks\Microsoft.NET.Sdk\targets\Microsoft.NET.Sdk.targets(799,5): message :       _GenerateCompileDependencyCache;
       C:\Program Files\dotnet\sdk\10.0.100\Sdks\Microsoft.NET.Sdk\targets\Microsoft.NET.Sdk.targets(799,5): message :       CoreCompile;
       C:\Program Files\dotnet\sdk\10.0.100\Sdks\Microsoft.NET.Sdk\targets\Microsoft.NET.Sdk.targets(799,5): message :       _TimeStampAfterCompile;
       C:\Program Files\dotnet\sdk\10.0.100\Sdks\Microsoft.NET.Sdk\targets\Microsoft.NET.Sdk.targets(799,5): message :       AfterCompile;
       C:\Program Files\dotnet\sdk\10.0.100\Sdks\Microsoft.NET.Sdk\targets\Microsoft.NET.Sdk.targets(799,5): message :     ;
       C:\Program Files\dotnet\sdk\10.0.100\Sdks\Microsoft.NET.Sdk\targets\Microsoft.NET.Sdk.targets(799,5): message :       _CreateAppHost;
       C:\Program Files\dotnet\sdk\10.0.100\Sdks\Microsoft.NET.Sdk\targets\Microsoft.NET.Sdk.targets(799,5): message :       _CreateComHost;
       C:\Program Files\dotnet\sdk\10.0.100\Sdks\Microsoft.NET.Sdk\targets\Microsoft.NET.Sdk.targets(799,5): message :       _GetIjwHostPaths;
       C:\Program Files\dotnet\sdk\10.0.100\Sdks\Microsoft.NET.Sdk\targets\Microsoft.NET.Sdk.targets(799,5): message :     " (önceki değer: "
       C:\Program Files\dotnet\sdk\10.0.100\Sdks\Microsoft.NET.Sdk\targets\Microsoft.NET.Sdk.targets(799,5): message :       ResolveReferences;
       C:\Program Files\dotnet\sdk\10.0.100\Sdks\Microsoft.NET.Sdk\targets\Microsoft.NET.Sdk.targets(799,5): message :       ResolveKeySource;
       C:\Program Files\dotnet\sdk\10.0.100\Sdks\Microsoft.NET.Sdk\targets\Microsoft.NET.Sdk.targets(799,5): message :       SetWin32ManifestProperties;
       C:\Program Files\dotnet\sdk\10.0.100\Sdks\Microsoft.NET.Sdk\targets\Microsoft.NET.Sdk.targets(799,5): message :       _SetPreferNativeArm64Win32ManifestProperties;
       C:\Program Files\dotnet\sdk\10.0.100\Sdks\Microsoft.NET.Sdk\targets\Microsoft.NET.Sdk.targets(799,5): message :       FindReferenceAssembliesForReferences;
       C:\Program Files\dotnet\sdk\10.0.100\Sdks\Microsoft.NET.Sdk\targets\Microsoft.NET.Sdk.targets(799,5): message :       _GenerateCompileInputs;
       C:\Program Files\dotnet\sdk\10.0.100\Sdks\Microsoft.NET.Sdk\targets\Microsoft.NET.Sdk.targets(799,5): message :       BeforeCompile;
       C:\Program Files\dotnet\sdk\10.0.100\Sdks\Microsoft.NET.Sdk\targets\Microsoft.NET.Sdk.targets(799,5): message :       _TimeStampBeforeCompile;
       C:\Program Files\dotnet\sdk\10.0.100\Sdks\Microsoft.NET.Sdk\targets\Microsoft.NET.Sdk.targets(799,5): message :       _GenerateCompileDependencyCache;
       C:\Program Files\dotnet\sdk\10.0.100\Sdks\Microsoft.NET.Sdk\targets\Microsoft.NET.Sdk.targets(799,5): message :       CoreCompile;
       C:\Program Files\dotnet\sdk\10.0.100\Sdks\Microsoft.NET.Sdk\targets\Microsoft.NET.Sdk.targets(799,5): message :       _TimeStampAfterCompile;
       C:\Program Files\dotnet\sdk\10.0.100\Sdks\Microsoft.NET.Sdk\targets\Microsoft.NET.Sdk.targets(799,5): message :       AfterCompile;
       C:\Program Files\dotnet\sdk\10.0.100\Sdks\Microsoft.NET.Sdk\targets\Microsoft.NET.Sdk.targets(799,5): message :     ") konum: C:\Program Files\dotnet\sdk\10.0.100\Sdks\Microsoft.NET.Sdk\targets\Microsoft.NET.Sdk.targets (799,5)
       C:\Program Files\dotnet\sdk\10.0.100\Sdks\Microsoft.NET.Sdk\targets\Microsoft.NET.Sdk.targets(1131,5): message : Özellik yeniden ataması: $(CreateSatelliteAssembliesDependsOn)="
       C:\Program Files\dotnet\sdk\10.0.100\Sdks\Microsoft.NET.Sdk\targets\Microsoft.NET.Sdk.targets(1131,5): message :       
       C:\Program Files\dotnet\sdk\10.0.100\Sdks\Microsoft.NET.Sdk\targets\Microsoft.NET.Sdk.targets(1131,5): message :       ;
       C:\Program Files\dotnet\sdk\10.0.100\Sdks\Microsoft.NET.Sdk\targets\Microsoft.NET.Sdk.targets(1131,5): message :       _GenerateSatelliteAssemblyInputs;
       C:\Program Files\dotnet\sdk\10.0.100\Sdks\Microsoft.NET.Sdk\targets\Microsoft.NET.Sdk.targets(1131,5): message :       ComputeIntermediateSatelliteAssemblies;
       C:\Program Files\dotnet\sdk\10.0.100\Sdks\Microsoft.NET.Sdk\targets\Microsoft.NET.Sdk.targets(1131,5): message :       GenerateSatelliteAssemblies
       C:\Program Files\dotnet\sdk\10.0.100\Sdks\Microsoft.NET.Sdk\targets\Microsoft.NET.Sdk.targets(1131,5): message :     ;
       C:\Program Files\dotnet\sdk\10.0.100\Sdks\Microsoft.NET.Sdk\targets\Microsoft.NET.Sdk.targets(1131,5): message :       CoreGenerateSatelliteAssemblies
       C:\Program Files\dotnet\sdk\10.0.100\Sdks\Microsoft.NET.Sdk\targets\Microsoft.NET.Sdk.targets(1131,5): message :     " (önceki değer: "
       C:\Program Files\dotnet\sdk\10.0.100\Sdks\Microsoft.NET.Sdk\targets\Microsoft.NET.Sdk.targets(1131,5): message :       ;
       C:\Program Files\dotnet\sdk\10.0.100\Sdks\Microsoft.NET.Sdk\targets\Microsoft.NET.Sdk.targets(1131,5): message :       _GenerateSatelliteAssemblyInputs;
       C:\Program Files\dotnet\sdk\10.0.100\Sdks\Microsoft.NET.Sdk\targets\Microsoft.NET.Sdk.targets(1131,5): message :       ComputeIntermediateSatelliteAssemblies;
       C:\Program Files\dotnet\sdk\10.0.100\Sdks\Microsoft.NET.Sdk\targets\Microsoft.NET.Sdk.targets(1131,5): message :       GenerateSatelliteAssemblies
       C:\Program Files\dotnet\sdk\10.0.100\Sdks\Microsoft.NET.Sdk\targets\Microsoft.NET.Sdk.targets(1131,5): message :     ") konum: C:\Program Files\dotnet\sdk\10.0.100\Sdks\Microsoft.NET.Sdk\targets\Microsoft.NET.Sdk.targets (1131,5)
       C:\Program Files\dotnet\sdk\10.0.100\Sdks\Microsoft.SourceLink.GitLab\build\Microsoft.SourceLink.GitLab.targets(12,5): message : Özellik yeniden ataması: $(SourceLinkUrlInitializerTargets)=";_InitializeGitHubSourceLinkUrl;_InitializeGitLabSourceLinkUrl" (önceki değer: ";_InitializeGitHubSourceLinkUrl") konum: C:\Program Files\dotnet\sdk\10.0.100\Sdks\Microsoft.SourceLink.GitLab\build\Microsoft.SourceLink.GitLab.targets (12,5)
       C:\Program Files\dotnet\sdk\10.0.100\Sdks\Microsoft.SourceLink.GitLab\build\Microsoft.SourceLink.GitLab.targets(13,5): message : Özellik yeniden ataması: $(SourceControlManagerUrlTranslationTargets)=";TranslateGitHubUrlsInSourceControlInformation;TranslateGitLabUrlsInSourceControlInformation" (önceki değer: ";TranslateGitHubUrlsInSourceControlInformation") konum: C:\Program Files\dotnet\sdk\10.0.100\Sdks\Microsoft.SourceLink.GitLab\build\Microsoft.SourceLink.GitLab.targets (13,5)
       C:\Program Files\dotnet\sdk\10.0.100\Sdks\Microsoft.SourceLink.AzureRepos.Git\build\Microsoft.SourceLink.AzureRepos.Git.targets(12,5): message : Özellik yeniden ataması: $(SourceLinkUrlInitializerTargets)=";_InitializeGitHubSourceLinkUrl;_InitializeGitLabSourceLinkUrl;_InitializeAzureReposGitSourceLinkUrl" (önceki değer: ";_InitializeGitHubSourceLinkUrl;_InitializeGitLabSourceLinkUrl") konum: C:\Program Files\dotnet\sdk\10.0.100\Sdks\Microsoft.SourceLink.AzureRepos.Git\build\Microsoft.SourceLink.AzureRepos.Git.targets (12,5)
       C:\Program Files\dotnet\sdk\10.0.100\Sdks\Microsoft.SourceLink.AzureRepos.Git\build\Microsoft.SourceLink.AzureRepos.Git.targets(13,5): message : Özellik yeniden ataması: $(SourceControlManagerUrlTranslationTargets)=";TranslateGitHubUrlsInSourceControlInformation;TranslateGitLabUrlsInSourceControlInformation;TranslateAzureReposGitUrlsInSourceControlInformation" (önceki değer: ";TranslateGitHubUrlsInSourceControlInformation;TranslateGitLabUrlsInSourceControlInformation") konum: C:\Program Files\dotnet\sdk\10.0.100\Sdks\Microsoft.SourceLink.AzureRepos.Git\build\Microsoft.SourceLink.AzureRepos.Git.targets (13,5)
       C:\Program Files\dotnet\sdk\10.0.100\Sdks\Microsoft.SourceLink.Bitbucket.Git\build\Microsoft.SourceLink.Bitbucket.Git.targets(12,5): message : Özellik yeniden ataması: $(SourceLinkUrlInitializerTargets)=";_InitializeGitHubSourceLinkUrl;_InitializeGitLabSourceLinkUrl;_InitializeAzureReposGitSourceLinkUrl;_InitializeBitbucketGitSourceLinkUrl" (önceki değer: ";_InitializeGitHubSourceLinkUrl;_InitializeGitLabSourceLinkUrl;_InitializeAzureReposGitSourceLinkUrl") konum: C:\Program Files\dotnet\sdk\10.0.100\Sdks\Microsoft.SourceLink.Bitbucket.Git\build\Microsoft.SourceLink.Bitbucket.Git.targets (12,5)
       C:\Program Files\dotnet\sdk\10.0.100\Sdks\Microsoft.SourceLink.Bitbucket.Git\build\Microsoft.SourceLink.Bitbucket.Git.targets(13,5): message : Özellik yeniden ataması: $(SourceControlManagerUrlTranslationTargets)=";TranslateGitHubUrlsInSourceControlInformation;TranslateGitLabUrlsInSourceControlInformation;TranslateAzureReposGitUrlsInSourceControlInformation;TranslateBitbucketGitUrlsInSourceControlInformation" (önceki değer: ";TranslateGitHubUrlsInSourceControlInformation;TranslateGitLabUrlsInSourceControlInformation;TranslateAzureReposGitUrlsInSourceControlInformation") konum: C:\Program Files\dotnet\sdk\10.0.100\Sdks\Microsoft.SourceLink.Bitbucket.Git\build\Microsoft.SourceLink.Bitbucket.Git.targets (13,5)
       C:\Program Files\dotnet\sdk\10.0.100\Sdks\Microsoft.NET.Sdk\targets\Microsoft.NET.DesignerSupport.targets(21,5): message : Özellik yeniden ataması: $(DesignerRuntimeImplementationProjectOutputGroupDependsOn)="
       C:\Program Files\dotnet\sdk\10.0.100\Sdks\Microsoft.NET.Sdk\targets\Microsoft.NET.DesignerSupport.targets(21,5): message :       
       C:\Program Files\dotnet\sdk\10.0.100\Sdks\Microsoft.NET.Sdk\targets\Microsoft.NET.DesignerSupport.targets(21,5): message :       ;
       C:\Program Files\dotnet\sdk\10.0.100\Sdks\Microsoft.NET.Sdk\targets\Microsoft.NET.DesignerSupport.targets(21,5): message :       
       C:\Program Files\dotnet\sdk\10.0.100\Sdks\Microsoft.NET.Sdk\targets\Microsoft.NET.DesignerSupport.targets(21,5): message :       ;
       C:\Program Files\dotnet\sdk\10.0.100\Sdks\Microsoft.NET.Sdk\targets\Microsoft.NET.DesignerSupport.targets(21,5): message :       BuildOnlySettings;
       C:\Program Files\dotnet\sdk\10.0.100\Sdks\Microsoft.NET.Sdk\targets\Microsoft.NET.DesignerSupport.targets(21,5): message :       PrepareForBuild;
       C:\Program Files\dotnet\sdk\10.0.100\Sdks\Microsoft.NET.Sdk\targets\Microsoft.NET.DesignerSupport.targets(21,5): message :       AssignTargetPaths;
       C:\Program Files\dotnet\sdk\10.0.100\Sdks\Microsoft.NET.Sdk\targets\Microsoft.NET.DesignerSupport.targets(21,5): message :       ResolveReferences
       C:\Program Files\dotnet\sdk\10.0.100\Sdks\Microsoft.NET.Sdk\targets\Microsoft.NET.DesignerSupport.targets(21,5): message :     
       C:\Program Files\dotnet\sdk\10.0.100\Sdks\Microsoft.NET.Sdk\targets\Microsoft.NET.DesignerSupport.targets(21,5): message :     ;
       C:\Program Files\dotnet\sdk\10.0.100\Sdks\Microsoft.NET.Sdk\targets\Microsoft.NET.DesignerSupport.targets(21,5): message :       _GenerateDesignerDepsFile;
       C:\Program Files\dotnet\sdk\10.0.100\Sdks\Microsoft.NET.Sdk\targets\Microsoft.NET.DesignerSupport.targets(21,5): message :       _GenerateDesignerRuntimeConfigFile;
       C:\Program Files\dotnet\sdk\10.0.100\Sdks\Microsoft.NET.Sdk\targets\Microsoft.NET.DesignerSupport.targets(21,5): message :       GetCopyToOutputDirectoryItems;
       C:\Program Files\dotnet\sdk\10.0.100\Sdks\Microsoft.NET.Sdk\targets\Microsoft.NET.DesignerSupport.targets(21,5): message :       _GatherDesignerShadowCopyFiles;
       C:\Program Files\dotnet\sdk\10.0.100\Sdks\Microsoft.NET.Sdk\targets\Microsoft.NET.DesignerSupport.targets(21,5): message :     " (önceki değer: "
       C:\Program Files\dotnet\sdk\10.0.100\Sdks\Microsoft.NET.Sdk\targets\Microsoft.NET.DesignerSupport.targets(21,5): message :       ;
       C:\Program Files\dotnet\sdk\10.0.100\Sdks\Microsoft.NET.Sdk\targets\Microsoft.NET.DesignerSupport.targets(21,5): message :       
       C:\Program Files\dotnet\sdk\10.0.100\Sdks\Microsoft.NET.Sdk\targets\Microsoft.NET.DesignerSupport.targets(21,5): message :       ;
       C:\Program Files\dotnet\sdk\10.0.100\Sdks\Microsoft.NET.Sdk\targets\Microsoft.NET.DesignerSupport.targets(21,5): message :       BuildOnlySettings;
       C:\Program Files\dotnet\sdk\10.0.100\Sdks\Microsoft.NET.Sdk\targets\Microsoft.NET.DesignerSupport.targets(21,5): message :       PrepareForBuild;
       C:\Program Files\dotnet\sdk\10.0.100\Sdks\Microsoft.NET.Sdk\targets\Microsoft.NET.DesignerSupport.targets(21,5): message :       AssignTargetPaths;
       C:\Program Files\dotnet\sdk\10.0.100\Sdks\Microsoft.NET.Sdk\targets\Microsoft.NET.DesignerSupport.targets(21,5): message :       ResolveReferences
       C:\Program Files\dotnet\sdk\10.0.100\Sdks\Microsoft.NET.Sdk\targets\Microsoft.NET.DesignerSupport.targets(21,5): message :     
       C:\Program Files\dotnet\sdk\10.0.100\Sdks\Microsoft.NET.Sdk\targets\Microsoft.NET.DesignerSupport.targets(21,5): message :     ") konum: C:\Program Files\dotnet\sdk\10.0.100\Sdks\Microsoft.NET.Sdk\targets\Microsoft.NET.DesignerSupport.targets (21,5)
       C:\Program Files\dotnet\sdk\10.0.100\Sdks\Microsoft.NET.Sdk\targets\Microsoft.NET.Sdk.CSharp.targets(31,5): message : Özellik yeniden ataması: $(DefineConstants)="TRACE;DEBUG" (önceki değer: "TRACE") konum: C:\Program Files\dotnet\sdk\10.0.100\Sdks\Microsoft.NET.Sdk\targets\Microsoft.NET.Sdk.CSharp.targets (31,5)
       C:\Program Files\dotnet\sdk\10.0.100\Sdks\Microsoft.NET.Sdk\targets\Microsoft.NET.Sdk.CSharp.targets(45,5): message : Özellik yeniden ataması: $(WarningsAsErrors)=";NU1605;SYSLIB0011" (önceki değer: ";NU1605") konum: C:\Program Files\dotnet\sdk\10.0.100\Sdks\Microsoft.NET.Sdk\targets\Microsoft.NET.Sdk.CSharp.targets (45,5)
       C:\Program Files\dotnet\sdk\10.0.100\NuGet.Build.Tasks.Pack.targets(34,5): message : Özellik yeniden ataması: $(PackageDescription)="Package Description" (önceki değer: "") konum: C:\Program Files\dotnet\sdk\10.0.100\NuGet.Build.Tasks.Pack.targets (34,5)
       C:\Program Files\dotnet\sdk\10.0.100\NuGet.Build.Tasks.Pack.targets(59,5): message : Özellik yeniden ataması: $(GenerateNuspecDependsOn)="Build;_LoadPackInputItems; _GetTargetFrameworksOutput; _WalkEachTargetPerFramework; _GetPackageFiles; " (önceki değer: "_LoadPackInputItems; _GetTargetFrameworksOutput; _WalkEachTargetPerFramework; _GetPackageFiles; ") konum: C:\Program Files\dotnet\sdk\10.0.100\NuGet.Build.Tasks.Pack.targets (59,5)
       C:\Program Files\dotnet\sdk\10.0.100\Sdks\Microsoft.NET.Sdk\Sdk\Sdk.targets(59,5): message : Özellik yeniden ataması: $(_IsNotSetContainersTargetsDir)="true" (önceki değer: "false") konum: C:\Program Files\dotnet\sdk\10.0.100\Sdks\Microsoft.NET.Sdk\Sdk\Sdk.targets (59,5)
       C:\Program Files\dotnet\sdk\10.0.100\Containers\build\Microsoft.NET.Build.Containers.targets(5,5): message : Özellik yeniden ataması: $(_IsSDKContainerAllowedVersion)="true" (önceki değer: "false") konum: C:\Program Files\dotnet\sdk\10.0.100\Containers\build\Microsoft.NET.Build.Containers.targets (5,5)
       C:\Program Files\dotnet\sdk\10.0.100\Containers\build\Microsoft.NET.Build.Containers.targets(15,5): message : Özellik yeniden ataması: $(_ContainerIsTargetingNet8TFM)="true" (önceki değer: "false") konum: C:\Program Files\dotnet\sdk\10.0.100\Containers\build\Microsoft.NET.Build.Containers.targets (15,5)
       Derleme Evaluation sırasında yüklendi: System.IO.Pipes, Version=10.0.0.0, Culture=neutral, PublicKeyToken=b03f5f7f11d50a3a (konum: C:\Program Files\dotnet\shared\Microsoft.NETCore.App\10.0.0\System.IO.Pipes.dll, MVID: 71c3e21b-17db-4d11-b44c-ab711e18ba93, AssemblyLoadContext: Default)
       Derleme Evaluation sırasında yüklendi: System.Security.AccessControl, Version=10.0.0.0, Culture=neutral, PublicKeyToken=b03f5f7f11d50a3a (konum: C:\Program Files\dotnet\shared\Microsoft.NETCore.App\10.0.0\System.Security.AccessControl.dll, MVID: 395fb089-3dfa-433a-80c4-7b83293eb953, AssemblyLoadContext: Default)
       "C:\Program Files\dotnet\sdk\10.0.100\Sdks\Microsoft.NET.Sdk\targets\Microsoft.NET.Sdk.FrameworkReferenceResolution.targets" projesindeki "ResolveFrameworkReferences" hedefi kullanılarak "C:\Program Files\dotnet\sdk\10.0.100\Microsoft.Common.CurrentVersion.targets" projesindeki "ResolveFrameworkReferences" hedefinin üzerine yazılıyor.
       "C:\Program Files\dotnet\sdk\10.0.100\Sdks\Microsoft.NET.Sdk\targets\Microsoft.NET.Sdk.targets" projesindeki "GenerateSupportedTargetFrameworkAlias" hedefi kullanılarak "C:\Program Files\dotnet\sdk\10.0.100\Microsoft.Common.CurrentVersion.targets" projesindeki "GenerateSupportedTargetFrameworkAlias" hedefinin üzerine yazılıyor.
       "C:\Program Files\dotnet\sdk\10.0.100\Sdks\Microsoft.NET.Sdk\targets\Microsoft.NET.DisableStandardFrameworkResolution.targets" projesindeki "GetReferenceAssemblyPaths" hedefi kullanılarak "C:\Program Files\dotnet\sdk\10.0.100\Microsoft.Common.CurrentVersion.targets" projesindeki "GetReferenceAssemblyPaths" hedefinin üzerine yazılıyor.
       "C:\Program Files\dotnet\sdk\10.0.100\Sdks\Microsoft.NET.Sdk\targets\Microsoft.NET.DisableStandardFrameworkResolution.targets" projesindeki "GetFrameworkPaths" hedefi kullanılarak "C:\Program Files\dotnet\sdk\10.0.100\Microsoft.Common.CurrentVersion.targets" projesindeki "GetFrameworkPaths" hedefinin üzerine yazılıyor.
       "C:\Program Files\dotnet\sdk\10.0.100\Sdks\Microsoft.NET.Sdk\targets\Microsoft.NET.DesignerSupport.targets" projesindeki "DesignerRuntimeImplementationProjectOutputGroup" hedefi kullanılarak "C:\Program Files\dotnet\sdk\10.0.100\Microsoft.Common.CurrentVersion.targets" projesindeki "DesignerRuntimeImplementationProjectOutputGroup" hedefinin üzerine yazılıyor.
       "C:\Program Files\dotnet\sdk\10.0.100\Sdks\Microsoft.NET.Sdk\targets\Microsoft.NET.Publish.targets" projesindeki "Publish" hedefi kullanılarak "C:\Program Files\dotnet\sdk\10.0.100\Microsoft.Common.CurrentVersion.targets" projesindeki "Publish" hedefinin üzerine yazılıyor.
       "C:\Program Files\dotnet\sdk\10.0.100\Sdks\Microsoft.NET.Sdk\targets\Microsoft.NET.Publish.targets" projesindeki "ResolveReadyToRunCompilers" hedefi kullanılarak "C:\Program Files\dotnet\sdk\10.0.100\Sdks\Microsoft.NET.Sdk\targets\Microsoft.NET.CrossGen.targets" projesindeki "ResolveReadyToRunCompilers" hedefinin üzerine yazılıyor.
       "C:\Program Files\dotnet\sdk\10.0.100\Sdks\Microsoft.NET.Sdk\targets\Microsoft.NET.Publish.targets" projesindeki "GetCopyToPublishDirectoryItems" hedefi kullanılarak "C:\Program Files\dotnet\sdk\10.0.100\Microsoft.Common.CurrentVersion.targets" projesindeki "GetCopyToPublishDirectoryItems" hedefinin üzerine yazılıyor.
       "C:\Program Files\dotnet\sdk\10.0.100\Sdks\Microsoft.NET.Sdk\targets\Microsoft.NET.Sdk.targets" projesindeki "Run" hedefi kullanılarak "C:\Program Files\dotnet\sdk\10.0.100\Microsoft.Common.CurrentVersion.targets" projesindeki "Run" hedefinin üzerine yazılıyor.
   1:3>"C:\Users\mrkfk\OneDrive\Desktop\Projelerim\ECommerce\src\Infrastructure\ECommerce.Infrastructure\ECommerce.Infrastructure.csproj" projesi (1:3) 1 düğümünde "C:\Users\mrkfk\OneDrive\Desktop\Projelerim\ECommerce\src\Core\ECommerce.Domain\ECommerce.Domain.csproj" (2) oluşturuyor (_GenerateRestoreProjectPathWalk hedef).
     2>"C:\Users\mrkfk\OneDrive\Desktop\Projelerim\ECommerce\src\Core\ECommerce.Domain\ECommerce.Domain.csproj" projesinin "C:\Program Files\dotnet\sdk\10.0.100\NuGet.targets" dosyasındaki "_GenerateRestoreProjectPathItemsPerFramework" hedefi ("_GenerateRestoreProjectPathItemsCurrentProject" hedefi buna bağımlı):
     2>"ConvertToAbsolutePath" görevi
     0>Düğüm 2 yeniden kullanılıyor (PID: 2944).
     2>"ConvertToAbsolutePath" görevini yürütme tamamlandı.
     2>"ECommerce.Domain.csproj" projesinde "_GenerateRestoreProjectPathItemsPerFramework" hedefini oluşturma tamamlandı.
     2>"C:\Users\mrkfk\OneDrive\Desktop\Projelerim\ECommerce\src\Core\ECommerce.Domain\ECommerce.Domain.csproj" projesinin "C:\Program Files\dotnet\sdk\10.0.100\NuGet.targets" dosyasındaki "_GenerateRestoreProjectPathItemsCurrentProject" hedefi ("_GenerateRestoreProjectPathItems" hedefi buna bağımlı):
     2>"ECommerce.Domain.csproj" projesinde "_GenerateRestoreProjectPathItemsCurrentProject" hedefini oluşturma tamamlandı.
     2>"C:\Users\mrkfk\OneDrive\Desktop\Projelerim\ECommerce\src\Core\ECommerce.Domain\ECommerce.Domain.csproj" projesinin "C:\Program Files\dotnet\sdk\10.0.100\NuGet.targets" dosyasındaki "_GenerateRestoreProjectPathItems" hedefi ("_GenerateRestoreProjectPathWalk" hedefi buna bağımlı):
       "RemoveDuplicates" görevi
       "RemoveDuplicates" görevini yürütme tamamlandı.
     2>"ECommerce.Domain.csproj" projesinde "_GenerateRestoreProjectPathItems" hedefini oluşturma tamamlandı.
     2>"C:\Users\mrkfk\OneDrive\Desktop\Projelerim\ECommerce\src\Core\ECommerce.Domain\ECommerce.Domain.csproj" projesinin "C:\Program Files\dotnet\sdk\10.0.100\NuGet.targets" dosyasındaki "_GenerateRestoreProjectPathWalk" hedefi (giriş noktası):
       "MSBuild" görevi
       "MSBuild" görevini yürütme tamamlandı.
       "RemoveDuplicates" görevi
       "RemoveDuplicates" görevini yürütme tamamlandı.
     2>"ECommerce.Domain.csproj" projesinde "_GenerateRestoreProjectPathWalk" hedefini oluşturma tamamlandı.
     2>"C:\Users\mrkfk\OneDrive\Desktop\Projelerim\ECommerce\src\Core\ECommerce.Domain\ECommerce.Domain.csproj" Projesini Oluşturma İşlemi Tamamlandı (_GenerateRestoreProjectPathWalk hedef).
     0>C:\Program Files\dotnet\sdk\10.0.100\Sdks\Microsoft.NET.Sdk\Sdk\Sdk.props(49,11): message : 'C:\Program Files\dotnet\sdk\10.0.100\' değerine sahip 'MSBuildExtensionsPath' özelliği ortamdan genişletildi.
       C:\Program Files\dotnet\sdk\10.0.100\Current\Microsoft.Common.props(60,5): message : Özellik yeniden ataması: $(MSBuildProjectExtensionsPath)="C:\Users\mrkfk\OneDrive\Desktop\Projelerim\ECommerce\src\Core\ECommerce.Application\obj\" (önceki değer: "obj\") konum: C:\Program Files\dotnet\sdk\10.0.100\Current\Microsoft.Common.props (60,5)
       C:\Program Files\dotnet\sdk\10.0.100\Current\Microsoft.Common.props(84,119): message : 'C:\Users\mrkfk\AppData\Local\Microsoft\MSBuild' değerine sahip 'MSBuildUserExtensionsPath' özelliği ortamdan genişletildi.
       C:\Program Files\dotnet\sdk\10.0.100\Sdks\Microsoft.NET.Sdk\targets\Microsoft.NET.Sdk.props(90,5): message : Özellik yeniden ataması: $(AssemblySearchPaths)="{CandidateAssemblyFiles};{HintPathFromItem}" (önceki değer: "{CandidateAssemblyFiles}") konum: C:\Program Files\dotnet\sdk\10.0.100\Sdks\Microsoft.NET.Sdk\targets\Microsoft.NET.Sdk.props (90,5)
       C:\Program Files\dotnet\sdk\10.0.100\Sdks\Microsoft.NET.Sdk\targets\Microsoft.NET.Sdk.props(91,5): message : Özellik yeniden ataması: $(AssemblySearchPaths)="{CandidateAssemblyFiles};{HintPathFromItem};{TargetFrameworkDirectory}" (önceki değer: "{CandidateAssemblyFiles};{HintPathFromItem}") konum: C:\Program Files\dotnet\sdk\10.0.100\Sdks\Microsoft.NET.Sdk\targets\Microsoft.NET.Sdk.props (91,5)
       C:\Program Files\dotnet\sdk\10.0.100\Sdks\Microsoft.NET.Sdk\targets\Microsoft.NET.Sdk.props(92,5): message : Özellik yeniden ataması: $(AssemblySearchPaths)="{CandidateAssemblyFiles};{HintPathFromItem};{TargetFrameworkDirectory};{RawFileName}" (önceki değer: "{CandidateAssemblyFiles};{HintPathFromItem};{TargetFrameworkDirectory}") konum: C:\Program Files\dotnet\sdk\10.0.100\Sdks\Microsoft.NET.Sdk\targets\Microsoft.NET.Sdk.props (92,5)
       C:\Program Files\dotnet\sdk\10.0.100\Sdks\Microsoft.NET.Sdk\targets\Microsoft.NET.Sdk.ImportPublishProfile.targets(28,5): message : Özellik yeniden ataması: $(PublishProfileImported)="false" (önceki değer: "true") konum: C:\Program Files\dotnet\sdk\10.0.100\Sdks\Microsoft.NET.Sdk\targets\Microsoft.NET.Sdk.ImportPublishProfile.targets (28,5)
       C:\Program Files\dotnet\sdk\10.0.100\Sdks\Microsoft.NET.Sdk\targets\Microsoft.NET.TargetFrameworkInference.targets(81,5): message : Özellik yeniden ataması: $(TargetPlatformVersion)="" (önceki değer: "0.0") konum: C:\Program Files\dotnet\sdk\10.0.100\Sdks\Microsoft.NET.Sdk\targets\Microsoft.NET.TargetFrameworkInference.targets (81,5)
       C:\Program Files\dotnet\sdk\10.0.100\Sdks\Microsoft.NET.Sdk\targets\Microsoft.NET.DefaultOutputPaths.targets(127,5): message : Özellik yeniden ataması: $(DefaultItemExcludes)=";bin\Debug\/**;obj\Debug\/**" (önceki değer: ";bin\Debug\/**") konum: C:\Program Files\dotnet\sdk\10.0.100\Sdks\Microsoft.NET.Sdk\targets\Microsoft.NET.DefaultOutputPaths.targets (127,5)
       C:\Program Files\dotnet\sdk\10.0.100\Sdks\Microsoft.NET.Sdk\targets\Microsoft.NET.DefaultOutputPaths.targets(142,5): message : Özellik yeniden ataması: $(OutputPath)="bin\Debug\net9.0\" (önceki değer: "bin\Debug\") konum: C:\Program Files\dotnet\sdk\10.0.100\Sdks\Microsoft.NET.Sdk\targets\Microsoft.NET.DefaultOutputPaths.targets (142,5)
       C:\Program Files\dotnet\sdk\10.0.100\Sdks\Microsoft.NET.Sdk\targets\Microsoft.NET.DefaultOutputPaths.targets(147,5): message : Özellik yeniden ataması: $(IntermediateOutputPath)="obj\Debug\net9.0\" (önceki değer: "obj\Debug\") konum: C:\Program Files\dotnet\sdk\10.0.100\Sdks\Microsoft.NET.Sdk\targets\Microsoft.NET.DefaultOutputPaths.targets (147,5)
       C:\Program Files\dotnet\sdk\10.0.100\Sdks\Microsoft.NET.Sdk\targets\Microsoft.NET.Sdk.BeforeCommon.targets(371,5): message : Özellik yeniden ataması: $(RoslynTargetsPath)="C:\Program Files\dotnet\sdk\10.0.100\Sdks\Microsoft.NET.Sdk\targets\..\..\..\Roslyn" (önceki değer: "C:\Program Files\dotnet\sdk\10.0.100\Roslyn") konum: C:\Program Files\dotnet\sdk\10.0.100\Sdks\Microsoft.NET.Sdk\targets\Microsoft.NET.Sdk.BeforeCommon.targets (371,5)
       C:\Program Files\dotnet\sdk\10.0.100\Roslyn\Microsoft.Managed.Core.targets(6,5): message : Özellik yeniden ataması: $(_BuildTasksDirectory)="C:\Program Files\dotnet\sdk\10.0.100\Sdks\Microsoft.NET.Sdk\targets\..\..\..\Roslyn\" (önceki değer: "C:\Program Files\dotnet\sdk\10.0.100\Roslyn\") konum: C:\Program Files\dotnet\sdk\10.0.100\Roslyn\Microsoft.Managed.Core.targets (6,5)
       C:\Program Files\dotnet\sdk\10.0.100\Roslyn\Microsoft.CSharp.Core.targets(200,5): message : Özellik yeniden ataması: $(CommandLineArgsForDesignTimeEvaluation)="-langversion:13.0 -define:TRACE" (önceki değer: "-langversion:13.0") konum: C:\Program Files\dotnet\sdk\10.0.100\Roslyn\Microsoft.CSharp.Core.targets (200,5)
       C:\Program Files\dotnet\sdk\10.0.100\Microsoft.Common.CurrentVersion.targets(175,5): message : Özellik yeniden ataması: $(_DebugSymbolsProduced)="true" (önceki değer: "false") konum: C:\Program Files\dotnet\sdk\10.0.100\Microsoft.Common.CurrentVersion.targets (175,5)
       C:\Program Files\dotnet\sdk\10.0.100\Microsoft.Common.CurrentVersion.targets(185,5): message : Özellik yeniden ataması: $(_DocumentationFileProduced)="false" (önceki değer: "true") konum: C:\Program Files\dotnet\sdk\10.0.100\Microsoft.Common.CurrentVersion.targets (185,5)
       C:\Program Files\dotnet\sdk\10.0.100\Microsoft.Common.CurrentVersion.targets(392,5): message : Özellik yeniden ataması: $(MSBuildCopyMarkerName)="ECommerc.670E0CBE" (önceki değer: "ECommerce.Application.csproj") konum: C:\Program Files\dotnet\sdk\10.0.100\Microsoft.Common.CurrentVersion.targets (392,5)
       C:\Program Files\dotnet\sdk\10.0.100\Microsoft.Common.CurrentVersion.targets(393,5): message : Özellik yeniden ataması: $(MSBuildCopyMarkerName)="ECommerc.670E0CBE.Up2Date" (önceki değer: "ECommerc.670E0CBE") konum: C:\Program Files\dotnet\sdk\10.0.100\Microsoft.Common.CurrentVersion.targets (393,5)
       C:\Program Files\dotnet\sdk\10.0.100\Microsoft.Common.CurrentVersion.targets(541,5): message : Özellik yeniden ataması: $(ProcessorArchitecture)="msil" (önceki değer: "") konum: C:\Program Files\dotnet\sdk\10.0.100\Microsoft.Common.CurrentVersion.targets (541,5)
       C:\Program Files\dotnet\sdk\10.0.100\Microsoft.Common.CurrentVersion.targets(580,5): message : Özellik yeniden ataması: $(DelaySign)="" (önceki değer: "false") konum: C:\Program Files\dotnet\sdk\10.0.100\Microsoft.Common.CurrentVersion.targets (580,5)
       C:\Program Files\dotnet\sdk\10.0.100\Microsoft.Common.CurrentVersion.targets(2606,5): message : 'C:\Users\mrkfk\AppData\Local' değerine sahip 'LOCALAPPDATA' özelliği ortamdan genişletildi.
       C:\Program Files\dotnet\sdk\10.0.100\Microsoft.Common.CurrentVersion.targets(3934,5): message : Özellik yeniden ataması: $(_SGenGenerateSerializationAssembliesConfig)="Auto" (önceki değer: "") konum: C:\Program Files\dotnet\sdk\10.0.100\Microsoft.Common.CurrentVersion.targets (3934,5)
       C:\Program Files\dotnet\sdk\10.0.100\Microsoft.Common.CurrentVersion.targets(3935,5): message : Özellik yeniden ataması: $(_SGenGenerateSerializationAssembliesConfig)="Off" (önceki değer: "Auto") konum: C:\Program Files\dotnet\sdk\10.0.100\Microsoft.Common.CurrentVersion.targets (3935,5)
       C:\Program Files\dotnet\sdk\10.0.100\Microsoft.Common.CurrentVersion.targets(5146,5): message : Özellik yeniden ataması: $(_TargetsThatPrepareProjectReferences)="
       C:\Program Files\dotnet\sdk\10.0.100\Microsoft.Common.CurrentVersion.targets(5146,5): message :       AssignProjectConfiguration;
       C:\Program Files\dotnet\sdk\10.0.100\Microsoft.Common.CurrentVersion.targets(5146,5): message :       _SplitProjectReferencesByFileExistence
       C:\Program Files\dotnet\sdk\10.0.100\Microsoft.Common.CurrentVersion.targets(5146,5): message :     " (önceki değer: "_SplitProjectReferencesByFileExistence") konum: C:\Program Files\dotnet\sdk\10.0.100\Microsoft.Common.CurrentVersion.targets (5146,5)
       C:\Program Files\dotnet\sdk\10.0.100\Microsoft.Common.CurrentVersion.targets(6959,5): message : 'C:\Program Files\dotnet\sdk\10.0.100' değerine sahip 'MSBuildExtensionsPath32' özelliği ortamdan genişletildi.
       "NuGetInteractive" özelliği genel bir özelliktir ve değiştirilemez.
       C:\Program Files\dotnet\sdk\10.0.100\Sdks\Microsoft.NET.Sdk\targets\Microsoft.PackageDependencyResolution.targets(24,5): message : Özellik yeniden ataması: $(ProjectAssetsFile)="C:\Users\mrkfk\OneDrive\Desktop\Projelerim\ECommerce\src\Core\ECommerce.Application\obj\project.assets.json" (önceki değer: "C:\Users\mrkfk\OneDrive\Desktop\Projelerim\ECommerce\src\Core\ECommerce.Application\obj\/project.assets.json") konum: C:\Program Files\dotnet\sdk\10.0.100\Sdks\Microsoft.NET.Sdk\targets\Microsoft.PackageDependencyResolution.targets (24,5)
       C:\Program Files\dotnet\sdk\10.0.100\Sdks\Microsoft.NET.Sdk\targets\Microsoft.PackageDependencyResolution.targets(29,5): message : Özellik yeniden ataması: $(ProjectAssetsCacheFile)="C:\Users\mrkfk\OneDrive\Desktop\Projelerim\ECommerce\src\Core\ECommerce.Application\obj\Debug\net9.0\ECommerce.Application.assets.cache" (önceki değer: "obj\Debug\net9.0\ECommerce.Application.assets.cache") konum: C:\Program Files\dotnet\sdk\10.0.100\Sdks\Microsoft.NET.Sdk\targets\Microsoft.PackageDependencyResolution.targets (29,5)
       C:\Program Files\dotnet\sdk\10.0.100\Sdks\Microsoft.NET.Sdk\targets\Microsoft.PackageDependencyResolution.targets(80,5): message : Özellik yeniden ataması: $(ResolveAssemblyReferencesDependsOn)="
       C:\Program Files\dotnet\sdk\10.0.100\Sdks\Microsoft.NET.Sdk\targets\Microsoft.PackageDependencyResolution.targets(80,5): message :       
       C:\Program Files\dotnet\sdk\10.0.100\Sdks\Microsoft.NET.Sdk\targets\Microsoft.PackageDependencyResolution.targets(80,5): message :       ResolveProjectReferences;
       C:\Program Files\dotnet\sdk\10.0.100\Sdks\Microsoft.NET.Sdk\targets\Microsoft.PackageDependencyResolution.targets(80,5): message :       FindInvalidProjectReferences;
       C:\Program Files\dotnet\sdk\10.0.100\Sdks\Microsoft.NET.Sdk\targets\Microsoft.PackageDependencyResolution.targets(80,5): message :       GetFrameworkPaths;
       C:\Program Files\dotnet\sdk\10.0.100\Sdks\Microsoft.NET.Sdk\targets\Microsoft.PackageDependencyResolution.targets(80,5): message :       GetReferenceAssemblyPaths;
       C:\Program Files\dotnet\sdk\10.0.100\Sdks\Microsoft.NET.Sdk\targets\Microsoft.PackageDependencyResolution.targets(80,5): message :       PrepareForBuild;
       C:\Program Files\dotnet\sdk\10.0.100\Sdks\Microsoft.NET.Sdk\targets\Microsoft.PackageDependencyResolution.targets(80,5): message :       ResolveSDKReferences;
       C:\Program Files\dotnet\sdk\10.0.100\Sdks\Microsoft.NET.Sdk\targets\Microsoft.PackageDependencyResolution.targets(80,5): message :       ExpandSDKReferences;
       C:\Program Files\dotnet\sdk\10.0.100\Sdks\Microsoft.NET.Sdk\targets\Microsoft.PackageDependencyResolution.targets(80,5): message :     ;
       C:\Program Files\dotnet\sdk\10.0.100\Sdks\Microsoft.NET.Sdk\targets\Microsoft.PackageDependencyResolution.targets(80,5): message :       ResolvePackageDependenciesForBuild;
       C:\Program Files\dotnet\sdk\10.0.100\Sdks\Microsoft.NET.Sdk\targets\Microsoft.PackageDependencyResolution.targets(80,5): message :       _HandlePackageFileConflicts;
       C:\Program Files\dotnet\sdk\10.0.100\Sdks\Microsoft.NET.Sdk\targets\Microsoft.PackageDependencyResolution.targets(80,5): message :     " (önceki değer: "
       C:\Program Files\dotnet\sdk\10.0.100\Sdks\Microsoft.NET.Sdk\targets\Microsoft.PackageDependencyResolution.targets(80,5): message :       ResolveProjectReferences;
       C:\Program Files\dotnet\sdk\10.0.100\Sdks\Microsoft.NET.Sdk\targets\Microsoft.PackageDependencyResolution.targets(80,5): message :       FindInvalidProjectReferences;
       C:\Program Files\dotnet\sdk\10.0.100\Sdks\Microsoft.NET.Sdk\targets\Microsoft.PackageDependencyResolution.targets(80,5): message :       GetFrameworkPaths;
       C:\Program Files\dotnet\sdk\10.0.100\Sdks\Microsoft.NET.Sdk\targets\Microsoft.PackageDependencyResolution.targets(80,5): message :       GetReferenceAssemblyPaths;
       C:\Program Files\dotnet\sdk\10.0.100\Sdks\Microsoft.NET.Sdk\targets\Microsoft.PackageDependencyResolution.targets(80,5): message :       PrepareForBuild;
       C:\Program Files\dotnet\sdk\10.0.100\Sdks\Microsoft.NET.Sdk\targets\Microsoft.PackageDependencyResolution.targets(80,5): message :       ResolveSDKReferences;
       C:\Program Files\dotnet\sdk\10.0.100\Sdks\Microsoft.NET.Sdk\targets\Microsoft.PackageDependencyResolution.targets(80,5): message :       ExpandSDKReferences;
       C:\Program Files\dotnet\sdk\10.0.100\Sdks\Microsoft.NET.Sdk\targets\Microsoft.PackageDependencyResolution.targets(80,5): message :     ") konum: C:\Program Files\dotnet\sdk\10.0.100\Sdks\Microsoft.NET.Sdk\targets\Microsoft.PackageDependencyResolution.targets (80,5)
       C:\Program Files\dotnet\sdk\10.0.100\Sdks\Microsoft.NET.Sdk\targets\Microsoft.PackageDependencyResolution.targets(86,5): message : Özellik yeniden ataması: $(PrepareResourcesDependsOn)="
       C:\Program Files\dotnet\sdk\10.0.100\Sdks\Microsoft.NET.Sdk\targets\Microsoft.PackageDependencyResolution.targets(86,5): message :       ResolvePackageDependenciesForBuild;
       C:\Program Files\dotnet\sdk\10.0.100\Sdks\Microsoft.NET.Sdk\targets\Microsoft.PackageDependencyResolution.targets(86,5): message :       _HandlePackageFileConflicts;
       C:\Program Files\dotnet\sdk\10.0.100\Sdks\Microsoft.NET.Sdk\targets\Microsoft.PackageDependencyResolution.targets(86,5): message :       
       C:\Program Files\dotnet\sdk\10.0.100\Sdks\Microsoft.NET.Sdk\targets\Microsoft.PackageDependencyResolution.targets(86,5): message :       ;
       C:\Program Files\dotnet\sdk\10.0.100\Sdks\Microsoft.NET.Sdk\targets\Microsoft.PackageDependencyResolution.targets(86,5): message :       PrepareResourceNames;
       C:\Program Files\dotnet\sdk\10.0.100\Sdks\Microsoft.NET.Sdk\targets\Microsoft.PackageDependencyResolution.targets(86,5): message :       ResGen;
       C:\Program Files\dotnet\sdk\10.0.100\Sdks\Microsoft.NET.Sdk\targets\Microsoft.PackageDependencyResolution.targets(86,5): message :       CompileLicxFiles
       C:\Program Files\dotnet\sdk\10.0.100\Sdks\Microsoft.NET.Sdk\targets\Microsoft.PackageDependencyResolution.targets(86,5): message :     
       C:\Program Files\dotnet\sdk\10.0.100\Sdks\Microsoft.NET.Sdk\targets\Microsoft.PackageDependencyResolution.targets(86,5): message :     " (önceki değer: "
       C:\Program Files\dotnet\sdk\10.0.100\Sdks\Microsoft.NET.Sdk\targets\Microsoft.PackageDependencyResolution.targets(86,5): message :       ;
       C:\Program Files\dotnet\sdk\10.0.100\Sdks\Microsoft.NET.Sdk\targets\Microsoft.PackageDependencyResolution.targets(86,5): message :       PrepareResourceNames;
       C:\Program Files\dotnet\sdk\10.0.100\Sdks\Microsoft.NET.Sdk\targets\Microsoft.PackageDependencyResolution.targets(86,5): message :       ResGen;
       C:\Program Files\dotnet\sdk\10.0.100\Sdks\Microsoft.NET.Sdk\targets\Microsoft.PackageDependencyResolution.targets(86,5): message :       CompileLicxFiles
       C:\Program Files\dotnet\sdk\10.0.100\Sdks\Microsoft.NET.Sdk\targets\Microsoft.PackageDependencyResolution.targets(86,5): message :     ") konum: C:\Program Files\dotnet\sdk\10.0.100\Sdks\Microsoft.NET.Sdk\targets\Microsoft.PackageDependencyResolution.targets (86,5)
       "EnableDefaultCompileItems" özelliği genel bir özelliktir ve değiştirilemez.
       "EnableDefaultEmbeddedResourceItems" özelliği genel bir özelliktir ve değiştirilemez.
       "EnableDefaultNoneItems" özelliği genel bir özelliktir ve değiştirilemez.
       C:\Program Files\dotnet\sdk\10.0.100\Sdks\Microsoft.NET.Sdk\targets\Microsoft.NET.Sdk.DefaultItems.targets(35,5): message : Özellik yeniden ataması: $(DefaultItemExcludes)=";bin\Debug\/**;obj\Debug\/**;bin\/**" (önceki değer: ";bin\Debug\/**;obj\Debug\/**") konum: C:\Program Files\dotnet\sdk\10.0.100\Sdks\Microsoft.NET.Sdk\targets\Microsoft.NET.Sdk.DefaultItems.targets (35,5)
       C:\Program Files\dotnet\sdk\10.0.100\Sdks\Microsoft.NET.Sdk\targets\Microsoft.NET.Sdk.DefaultItems.targets(37,5): message : Özellik yeniden ataması: $(DefaultItemExcludes)=";bin\Debug\/**;obj\Debug\/**;bin\/**;obj\/**" (önceki değer: ";bin\Debug\/**;obj\Debug\/**;bin\/**") konum: C:\Program Files\dotnet\sdk\10.0.100\Sdks\Microsoft.NET.Sdk\targets\Microsoft.NET.Sdk.DefaultItems.targets (37,5)
       C:\Program Files\dotnet\sdk\10.0.100\Sdks\Microsoft.NET.Sdk\targets\Microsoft.NET.Sdk.DefaultItems.targets(40,5): message : Özellik yeniden ataması: $(DefaultItemExcludes)=";bin\Debug\/**;obj\Debug\/**;bin\/**;obj\/**;**/*.user" (önceki değer: ";bin\Debug\/**;obj\Debug\/**;bin\/**;obj\/**") konum: C:\Program Files\dotnet\sdk\10.0.100\Sdks\Microsoft.NET.Sdk\targets\Microsoft.NET.Sdk.DefaultItems.targets (40,5)
       C:\Program Files\dotnet\sdk\10.0.100\Sdks\Microsoft.NET.Sdk\targets\Microsoft.NET.Sdk.DefaultItems.targets(41,5): message : Özellik yeniden ataması: $(DefaultItemExcludes)=";bin\Debug\/**;obj\Debug\/**;bin\/**;obj\/**;**/*.user;**/*.*proj" (önceki değer: ";bin\Debug\/**;obj\Debug\/**;bin\/**;obj\/**;**/*.user") konum: C:\Program Files\dotnet\sdk\10.0.100\Sdks\Microsoft.NET.Sdk\targets\Microsoft.NET.Sdk.DefaultItems.targets (41,5)
       C:\Program Files\dotnet\sdk\10.0.100\Sdks\Microsoft.NET.Sdk\targets\Microsoft.NET.Sdk.DefaultItems.targets(42,5): message : Özellik yeniden ataması: $(DefaultItemExcludes)=";bin\Debug\/**;obj\Debug\/**;bin\/**;obj\/**;**/*.user;**/*.*proj;**/*.sln" (önceki değer: ";bin\Debug\/**;obj\Debug\/**;bin\/**;obj\/**;**/*.user;**/*.*proj") konum: C:\Program Files\dotnet\sdk\10.0.100\Sdks\Microsoft.NET.Sdk\targets\Microsoft.NET.Sdk.DefaultItems.targets (42,5)
       C:\Program Files\dotnet\sdk\10.0.100\Sdks\Microsoft.NET.Sdk\targets\Microsoft.NET.Sdk.DefaultItems.targets(43,5): message : Özellik yeniden ataması: $(DefaultItemExcludes)=";bin\Debug\/**;obj\Debug\/**;bin\/**;obj\/**;**/*.user;**/*.*proj;**/*.sln;**/*.slnx" (önceki değer: ";bin\Debug\/**;obj\Debug\/**;bin\/**;obj\/**;**/*.user;**/*.*proj;**/*.sln") konum: C:\Program Files\dotnet\sdk\10.0.100\Sdks\Microsoft.NET.Sdk\targets\Microsoft.NET.Sdk.DefaultItems.targets (43,5)
       C:\Program Files\dotnet\sdk\10.0.100\Sdks\Microsoft.NET.Sdk\targets\Microsoft.NET.Sdk.DefaultItems.targets(44,5): message : Özellik yeniden ataması: $(DefaultItemExcludes)=";bin\Debug\/**;obj\Debug\/**;bin\/**;obj\/**;**/*.user;**/*.*proj;**/*.sln;**/*.slnx;**/*.vssscc" (önceki değer: ";bin\Debug\/**;obj\Debug\/**;bin\/**;obj\/**;**/*.user;**/*.*proj;**/*.sln;**/*.slnx") konum: C:\Program Files\dotnet\sdk\10.0.100\Sdks\Microsoft.NET.Sdk\targets\Microsoft.NET.Sdk.DefaultItems.targets (44,5)
       C:\Program Files\dotnet\sdk\10.0.100\Sdks\Microsoft.NET.Sdk\targets\Microsoft.NET.Sdk.DefaultItems.targets(45,5): message : Özellik yeniden ataması: $(DefaultItemExcludes)=";bin\Debug\/**;obj\Debug\/**;bin\/**;obj\/**;**/*.user;**/*.*proj;**/*.sln;**/*.slnx;**/*.vssscc;**/.DS_Store" (önceki değer: ";bin\Debug\/**;obj\Debug\/**;bin\/**;obj\/**;**/*.user;**/*.*proj;**/*.sln;**/*.slnx;**/*.vssscc") konum: C:\Program Files\dotnet\sdk\10.0.100\Sdks\Microsoft.NET.Sdk\targets\Microsoft.NET.Sdk.DefaultItems.targets (45,5)
       C:\Program Files\dotnet\sdk\10.0.100\Sdks\Microsoft.NET.Sdk\targets\Microsoft.NET.Sdk.FrameworkReferenceResolution.targets(14,5): message : Özellik yeniden ataması: $(ResolveAssemblyReferencesDependsOn)="
       C:\Program Files\dotnet\sdk\10.0.100\Sdks\Microsoft.NET.Sdk\targets\Microsoft.NET.Sdk.FrameworkReferenceResolution.targets(14,5): message :       
       C:\Program Files\dotnet\sdk\10.0.100\Sdks\Microsoft.NET.Sdk\targets\Microsoft.NET.Sdk.FrameworkReferenceResolution.targets(14,5): message :       
       C:\Program Files\dotnet\sdk\10.0.100\Sdks\Microsoft.NET.Sdk\targets\Microsoft.NET.Sdk.FrameworkReferenceResolution.targets(14,5): message :       ResolveProjectReferences;
       C:\Program Files\dotnet\sdk\10.0.100\Sdks\Microsoft.NET.Sdk\targets\Microsoft.NET.Sdk.FrameworkReferenceResolution.targets(14,5): message :       FindInvalidProjectReferences;
       C:\Program Files\dotnet\sdk\10.0.100\Sdks\Microsoft.NET.Sdk\targets\Microsoft.NET.Sdk.FrameworkReferenceResolution.targets(14,5): message :       GetFrameworkPaths;
       C:\Program Files\dotnet\sdk\10.0.100\Sdks\Microsoft.NET.Sdk\targets\Microsoft.NET.Sdk.FrameworkReferenceResolution.targets(14,5): message :       GetReferenceAssemblyPaths;
       C:\Program Files\dotnet\sdk\10.0.100\Sdks\Microsoft.NET.Sdk\targets\Microsoft.NET.Sdk.FrameworkReferenceResolution.targets(14,5): message :       PrepareForBuild;
       C:\Program Files\dotnet\sdk\10.0.100\Sdks\Microsoft.NET.Sdk\targets\Microsoft.NET.Sdk.FrameworkReferenceResolution.targets(14,5): message :       ResolveSDKReferences;
       C:\Program Files\dotnet\sdk\10.0.100\Sdks\Microsoft.NET.Sdk\targets\Microsoft.NET.Sdk.FrameworkReferenceResolution.targets(14,5): message :       ExpandSDKReferences;
       C:\Program Files\dotnet\sdk\10.0.100\Sdks\Microsoft.NET.Sdk\targets\Microsoft.NET.Sdk.FrameworkReferenceResolution.targets(14,5): message :     ;
       C:\Program Files\dotnet\sdk\10.0.100\Sdks\Microsoft.NET.Sdk\targets\Microsoft.NET.Sdk.FrameworkReferenceResolution.targets(14,5): message :       ResolvePackageDependenciesForBuild;
       C:\Program Files\dotnet\sdk\10.0.100\Sdks\Microsoft.NET.Sdk\targets\Microsoft.NET.Sdk.FrameworkReferenceResolution.targets(14,5): message :       _HandlePackageFileConflicts;
       C:\Program Files\dotnet\sdk\10.0.100\Sdks\Microsoft.NET.Sdk\targets\Microsoft.NET.Sdk.FrameworkReferenceResolution.targets(14,5): message :     ;
       C:\Program Files\dotnet\sdk\10.0.100\Sdks\Microsoft.NET.Sdk\targets\Microsoft.NET.Sdk.FrameworkReferenceResolution.targets(14,5): message :       ResolveTargetingPackAssets;
       C:\Program Files\dotnet\sdk\10.0.100\Sdks\Microsoft.NET.Sdk\targets\Microsoft.NET.Sdk.FrameworkReferenceResolution.targets(14,5): message :     " (önceki değer: "
       C:\Program Files\dotnet\sdk\10.0.100\Sdks\Microsoft.NET.Sdk\targets\Microsoft.NET.Sdk.FrameworkReferenceResolution.targets(14,5): message :       
       C:\Program Files\dotnet\sdk\10.0.100\Sdks\Microsoft.NET.Sdk\targets\Microsoft.NET.Sdk.FrameworkReferenceResolution.targets(14,5): message :       ResolveProjectReferences;
       C:\Program Files\dotnet\sdk\10.0.100\Sdks\Microsoft.NET.Sdk\targets\Microsoft.NET.Sdk.FrameworkReferenceResolution.targets(14,5): message :       FindInvalidProjectReferences;
       C:\Program Files\dotnet\sdk\10.0.100\Sdks\Microsoft.NET.Sdk\targets\Microsoft.NET.Sdk.FrameworkReferenceResolution.targets(14,5): message :       GetFrameworkPaths;
       C:\Program Files\dotnet\sdk\10.0.100\Sdks\Microsoft.NET.Sdk\targets\Microsoft.NET.Sdk.FrameworkReferenceResolution.targets(14,5): message :       GetReferenceAssemblyPaths;
       C:\Program Files\dotnet\sdk\10.0.100\Sdks\Microsoft.NET.Sdk\targets\Microsoft.NET.Sdk.FrameworkReferenceResolution.targets(14,5): message :       PrepareForBuild;
       C:\Program Files\dotnet\sdk\10.0.100\Sdks\Microsoft.NET.Sdk\targets\Microsoft.NET.Sdk.FrameworkReferenceResolution.targets(14,5): message :       ResolveSDKReferences;
       C:\Program Files\dotnet\sdk\10.0.100\Sdks\Microsoft.NET.Sdk\targets\Microsoft.NET.Sdk.FrameworkReferenceResolution.targets(14,5): message :       ExpandSDKReferences;
       C:\Program Files\dotnet\sdk\10.0.100\Sdks\Microsoft.NET.Sdk\targets\Microsoft.NET.Sdk.FrameworkReferenceResolution.targets(14,5): message :     ;
       C:\Program Files\dotnet\sdk\10.0.100\Sdks\Microsoft.NET.Sdk\targets\Microsoft.NET.Sdk.FrameworkReferenceResolution.targets(14,5): message :       ResolvePackageDependenciesForBuild;
       C:\Program Files\dotnet\sdk\10.0.100\Sdks\Microsoft.NET.Sdk\targets\Microsoft.NET.Sdk.FrameworkReferenceResolution.targets(14,5): message :       _HandlePackageFileConflicts;
       C:\Program Files\dotnet\sdk\10.0.100\Sdks\Microsoft.NET.Sdk\targets\Microsoft.NET.Sdk.FrameworkReferenceResolution.targets(14,5): message :     ") konum: C:\Program Files\dotnet\sdk\10.0.100\Sdks\Microsoft.NET.Sdk\targets\Microsoft.NET.Sdk.FrameworkReferenceResolution.targets (14,5)
       C:\Program Files\dotnet\sdk\10.0.100\Sdks\Microsoft.NET.Sdk\targets\Microsoft.NET.Sdk.targets(44,5): message : Özellik yeniden ataması: $(_GenerateRuntimeConfigurationPropertyInputsCache)="C:\Users\mrkfk\OneDrive\Desktop\Projelerim\ECommerce\src\Core\ECommerce.Application\obj\Debug\net9.0\ECommerce.Application.genruntimeconfig.cache" (önceki değer: "obj\Debug\net9.0\ECommerce.Application.genruntimeconfig.cache") konum: C:\Program Files\dotnet\sdk\10.0.100\Sdks\Microsoft.NET.Sdk\targets\Microsoft.NET.Sdk.targets (44,5)
       C:\Program Files\dotnet\sdk\10.0.100\Sdks\Microsoft.NET.Sdk\targets\Microsoft.NET.Sdk.targets(46,5): message : Özellik yeniden ataması: $(_GeneratePublishDependencyFilePropertyInputsCache)="C:\Users\mrkfk\OneDrive\Desktop\Projelerim\ECommerce\src\Core\ECommerce.Application\obj\Debug\net9.0\ECommerce.Application.genpublishdeps.cache" (önceki değer: "obj\Debug\net9.0\ECommerce.Application.genpublishdeps.cache") konum: C:\Program Files\dotnet\sdk\10.0.100\Sdks\Microsoft.NET.Sdk\targets\Microsoft.NET.Sdk.targets (46,5)
       C:\Program Files\dotnet\sdk\10.0.100\Sdks\Microsoft.NET.Sdk\targets\Microsoft.NET.Sdk.targets(48,5): message : Özellik yeniden ataması: $(_GenerateSingleFileBundlePropertyInputsCache)="C:\Users\mrkfk\OneDrive\Desktop\Projelerim\ECommerce\src\Core\ECommerce.Application\obj\Debug\net9.0\ECommerce.Application.genbundle.cache" (önceki değer: "obj\Debug\net9.0\ECommerce.Application.genbundle.cache") konum: C:\Program Files\dotnet\sdk\10.0.100\Sdks\Microsoft.NET.Sdk\targets\Microsoft.NET.Sdk.targets (48,5)
       C:\Program Files\dotnet\sdk\10.0.100\Sdks\Microsoft.NET.Sdk\targets\Microsoft.NET.Sdk.targets(81,5): message : Özellik yeniden ataması: $(GenerateRuntimeConfigDevFile)="false" (önceki değer: "true") konum: C:\Program Files\dotnet\sdk\10.0.100\Sdks\Microsoft.NET.Sdk\targets\Microsoft.NET.Sdk.targets (81,5)
       C:\Program Files\dotnet\sdk\10.0.100\Sdks\Microsoft.NET.Sdk\targets\Microsoft.NET.Sdk.targets(98,5): message : 'C:\Users\mrkfk' değerine sahip 'USERPROFILE' özelliği ortamdan genişletildi.
       C:\Program Files\dotnet\sdk\10.0.100\Sdks\Microsoft.NET.Sdk\targets\Microsoft.NET.Sdk.targets(98,5): message : Özellik yeniden ataması: $(_DefaultUserProfileRuntimeStorePath)="C:\Users\mrkfk" (önceki değer: "") konum: C:\Program Files\dotnet\sdk\10.0.100\Sdks\Microsoft.NET.Sdk\targets\Microsoft.NET.Sdk.targets (98,5)
       C:\Program Files\dotnet\sdk\10.0.100\Sdks\Microsoft.NET.Sdk\targets\Microsoft.NET.Sdk.targets(99,5): message : Özellik yeniden ataması: $(_DefaultUserProfileRuntimeStorePath)="C:\Users\mrkfk\.dotnet\store" (önceki değer: "C:\Users\mrkfk") konum: C:\Program Files\dotnet\sdk\10.0.100\Sdks\Microsoft.NET.Sdk\targets\Microsoft.NET.Sdk.targets (99,5)
       C:\Program Files\dotnet\sdk\10.0.100\Sdks\Microsoft.NET.Sdk\targets\Microsoft.NET.Sdk.targets(144,5): message : Özellik yeniden ataması: $(AvailablePlatforms)="Any CPU,x86,x64,ARM32" (önceki değer: "Any CPU,x86,x64") konum: C:\Program Files\dotnet\sdk\10.0.100\Sdks\Microsoft.NET.Sdk\targets\Microsoft.NET.Sdk.targets (144,5)
       C:\Program Files\dotnet\sdk\10.0.100\Sdks\Microsoft.NET.Sdk\targets\Microsoft.NET.Sdk.targets(148,5): message : Özellik yeniden ataması: $(AvailablePlatforms)="Any CPU,x86,x64,ARM32,ARM64" (önceki değer: "Any CPU,x86,x64,ARM32") konum: C:\Program Files\dotnet\sdk\10.0.100\Sdks\Microsoft.NET.Sdk\targets\Microsoft.NET.Sdk.targets (148,5)
       C:\Program Files\dotnet\sdk\10.0.100\Sdks\Microsoft.NET.Sdk\targets\Microsoft.NET.Sdk.targets(204,5): message : Özellik yeniden ataması: $(CoreBuildDependsOn)="
       C:\Program Files\dotnet\sdk\10.0.100\Sdks\Microsoft.NET.Sdk\targets\Microsoft.NET.Sdk.targets(204,5): message :       _CheckForBuildWithNoBuild;
       C:\Program Files\dotnet\sdk\10.0.100\Sdks\Microsoft.NET.Sdk\targets\Microsoft.NET.Sdk.targets(204,5): message :       
       C:\Program Files\dotnet\sdk\10.0.100\Sdks\Microsoft.NET.Sdk\targets\Microsoft.NET.Sdk.targets(204,5): message :       BuildOnlySettings;
       C:\Program Files\dotnet\sdk\10.0.100\Sdks\Microsoft.NET.Sdk\targets\Microsoft.NET.Sdk.targets(204,5): message :       PrepareForBuild;
       C:\Program Files\dotnet\sdk\10.0.100\Sdks\Microsoft.NET.Sdk\targets\Microsoft.NET.Sdk.targets(204,5): message :       PreBuildEvent;
       C:\Program Files\dotnet\sdk\10.0.100\Sdks\Microsoft.NET.Sdk\targets\Microsoft.NET.Sdk.targets(204,5): message :       ResolveReferences;
       C:\Program Files\dotnet\sdk\10.0.100\Sdks\Microsoft.NET.Sdk\targets\Microsoft.NET.Sdk.targets(204,5): message :       PrepareResources;
       C:\Program Files\dotnet\sdk\10.0.100\Sdks\Microsoft.NET.Sdk\targets\Microsoft.NET.Sdk.targets(204,5): message :       ResolveKeySource;
       C:\Program Files\dotnet\sdk\10.0.100\Sdks\Microsoft.NET.Sdk\targets\Microsoft.NET.Sdk.targets(204,5): message :       Compile;
       C:\Program Files\dotnet\sdk\10.0.100\Sdks\Microsoft.NET.Sdk\targets\Microsoft.NET.Sdk.targets(204,5): message :       ExportWindowsMDFile;
       C:\Program Files\dotnet\sdk\10.0.100\Sdks\Microsoft.NET.Sdk\targets\Microsoft.NET.Sdk.targets(204,5): message :       UnmanagedUnregistration;
       C:\Program Files\dotnet\sdk\10.0.100\Sdks\Microsoft.NET.Sdk\targets\Microsoft.NET.Sdk.targets(204,5): message :       GenerateSerializationAssemblies;
       C:\Program Files\dotnet\sdk\10.0.100\Sdks\Microsoft.NET.Sdk\targets\Microsoft.NET.Sdk.targets(204,5): message :       CreateSatelliteAssemblies;
       C:\Program Files\dotnet\sdk\10.0.100\Sdks\Microsoft.NET.Sdk\targets\Microsoft.NET.Sdk.targets(204,5): message :       GenerateManifests;
       C:\Program Files\dotnet\sdk\10.0.100\Sdks\Microsoft.NET.Sdk\targets\Microsoft.NET.Sdk.targets(204,5): message :       GetTargetPath;
       C:\Program Files\dotnet\sdk\10.0.100\Sdks\Microsoft.NET.Sdk\targets\Microsoft.NET.Sdk.targets(204,5): message :       PrepareForRun;
       C:\Program Files\dotnet\sdk\10.0.100\Sdks\Microsoft.NET.Sdk\targets\Microsoft.NET.Sdk.targets(204,5): message :       UnmanagedRegistration;
       C:\Program Files\dotnet\sdk\10.0.100\Sdks\Microsoft.NET.Sdk\targets\Microsoft.NET.Sdk.targets(204,5): message :       IncrementalClean;
       C:\Program Files\dotnet\sdk\10.0.100\Sdks\Microsoft.NET.Sdk\targets\Microsoft.NET.Sdk.targets(204,5): message :       PostBuildEvent
       C:\Program Files\dotnet\sdk\10.0.100\Sdks\Microsoft.NET.Sdk\targets\Microsoft.NET.Sdk.targets(204,5): message :     ;
       C:\Program Files\dotnet\sdk\10.0.100\Sdks\Microsoft.NET.Sdk\targets\Microsoft.NET.Sdk.targets(204,5): message :       GenerateBuildDependencyFile;
       C:\Program Files\dotnet\sdk\10.0.100\Sdks\Microsoft.NET.Sdk\targets\Microsoft.NET.Sdk.targets(204,5): message :       GenerateBuildRuntimeConfigurationFiles
       C:\Program Files\dotnet\sdk\10.0.100\Sdks\Microsoft.NET.Sdk\targets\Microsoft.NET.Sdk.targets(204,5): message :     " (önceki değer: "
       C:\Program Files\dotnet\sdk\10.0.100\Sdks\Microsoft.NET.Sdk\targets\Microsoft.NET.Sdk.targets(204,5): message :       BuildOnlySettings;
       C:\Program Files\dotnet\sdk\10.0.100\Sdks\Microsoft.NET.Sdk\targets\Microsoft.NET.Sdk.targets(204,5): message :       PrepareForBuild;
       C:\Program Files\dotnet\sdk\10.0.100\Sdks\Microsoft.NET.Sdk\targets\Microsoft.NET.Sdk.targets(204,5): message :       PreBuildEvent;
       C:\Program Files\dotnet\sdk\10.0.100\Sdks\Microsoft.NET.Sdk\targets\Microsoft.NET.Sdk.targets(204,5): message :       ResolveReferences;
       C:\Program Files\dotnet\sdk\10.0.100\Sdks\Microsoft.NET.Sdk\targets\Microsoft.NET.Sdk.targets(204,5): message :       PrepareResources;
       C:\Program Files\dotnet\sdk\10.0.100\Sdks\Microsoft.NET.Sdk\targets\Microsoft.NET.Sdk.targets(204,5): message :       ResolveKeySource;
       C:\Program Files\dotnet\sdk\10.0.100\Sdks\Microsoft.NET.Sdk\targets\Microsoft.NET.Sdk.targets(204,5): message :       Compile;
       C:\Program Files\dotnet\sdk\10.0.100\Sdks\Microsoft.NET.Sdk\targets\Microsoft.NET.Sdk.targets(204,5): message :       ExportWindowsMDFile;
       C:\Program Files\dotnet\sdk\10.0.100\Sdks\Microsoft.NET.Sdk\targets\Microsoft.NET.Sdk.targets(204,5): message :       UnmanagedUnregistration;
       C:\Program Files\dotnet\sdk\10.0.100\Sdks\Microsoft.NET.Sdk\targets\Microsoft.NET.Sdk.targets(204,5): message :       GenerateSerializationAssemblies;
       C:\Program Files\dotnet\sdk\10.0.100\Sdks\Microsoft.NET.Sdk\targets\Microsoft.NET.Sdk.targets(204,5): message :       CreateSatelliteAssemblies;
       C:\Program Files\dotnet\sdk\10.0.100\Sdks\Microsoft.NET.Sdk\targets\Microsoft.NET.Sdk.targets(204,5): message :       GenerateManifests;
       C:\Program Files\dotnet\sdk\10.0.100\Sdks\Microsoft.NET.Sdk\targets\Microsoft.NET.Sdk.targets(204,5): message :       GetTargetPath;
       C:\Program Files\dotnet\sdk\10.0.100\Sdks\Microsoft.NET.Sdk\targets\Microsoft.NET.Sdk.targets(204,5): message :       PrepareForRun;
       C:\Program Files\dotnet\sdk\10.0.100\Sdks\Microsoft.NET.Sdk\targets\Microsoft.NET.Sdk.targets(204,5): message :       UnmanagedRegistration;
       C:\Program Files\dotnet\sdk\10.0.100\Sdks\Microsoft.NET.Sdk\targets\Microsoft.NET.Sdk.targets(204,5): message :       IncrementalClean;
       C:\Program Files\dotnet\sdk\10.0.100\Sdks\Microsoft.NET.Sdk\targets\Microsoft.NET.Sdk.targets(204,5): message :       PostBuildEvent
       C:\Program Files\dotnet\sdk\10.0.100\Sdks\Microsoft.NET.Sdk\targets\Microsoft.NET.Sdk.targets(204,5): message :     ") konum: C:\Program Files\dotnet\sdk\10.0.100\Sdks\Microsoft.NET.Sdk\targets\Microsoft.NET.Sdk.targets (204,5)
       C:\Program Files\dotnet\sdk\10.0.100\Sdks\Microsoft.NET.Sdk\targets\Microsoft.NET.Sdk.targets(213,5): message : Özellik yeniden ataması: $(CoreCleanDependsOn)="
       C:\Program Files\dotnet\sdk\10.0.100\Sdks\Microsoft.NET.Sdk\targets\Microsoft.NET.Sdk.targets(213,5): message :       _SdkBeforeClean;
       C:\Program Files\dotnet\sdk\10.0.100\Sdks\Microsoft.NET.Sdk\targets\Microsoft.NET.Sdk.targets(213,5): message :       
       C:\Program Files\dotnet\sdk\10.0.100\Sdks\Microsoft.NET.Sdk\targets\Microsoft.NET.Sdk.targets(213,5): message :     " (önceki değer: "") konum: C:\Program Files\dotnet\sdk\10.0.100\Sdks\Microsoft.NET.Sdk\targets\Microsoft.NET.Sdk.targets (213,5)
       C:\Program Files\dotnet\sdk\10.0.100\Sdks\Microsoft.NET.Sdk\targets\Microsoft.NET.Sdk.targets(220,5): message : Özellik yeniden ataması: $(RebuildDependsOn)="
       C:\Program Files\dotnet\sdk\10.0.100\Sdks\Microsoft.NET.Sdk\targets\Microsoft.NET.Sdk.targets(220,5): message :       _SdkBeforeRebuild;
       C:\Program Files\dotnet\sdk\10.0.100\Sdks\Microsoft.NET.Sdk\targets\Microsoft.NET.Sdk.targets(220,5): message :       
       C:\Program Files\dotnet\sdk\10.0.100\Sdks\Microsoft.NET.Sdk\targets\Microsoft.NET.Sdk.targets(220,5): message :       BeforeRebuild;
       C:\Program Files\dotnet\sdk\10.0.100\Sdks\Microsoft.NET.Sdk\targets\Microsoft.NET.Sdk.targets(220,5): message :       Clean;
       C:\Program Files\dotnet\sdk\10.0.100\Sdks\Microsoft.NET.Sdk\targets\Microsoft.NET.Sdk.targets(220,5): message :       Build;
       C:\Program Files\dotnet\sdk\10.0.100\Sdks\Microsoft.NET.Sdk\targets\Microsoft.NET.Sdk.targets(220,5): message :       AfterRebuild;
       C:\Program Files\dotnet\sdk\10.0.100\Sdks\Microsoft.NET.Sdk\targets\Microsoft.NET.Sdk.targets(220,5): message :     
       C:\Program Files\dotnet\sdk\10.0.100\Sdks\Microsoft.NET.Sdk\targets\Microsoft.NET.Sdk.targets(220,5): message :     " (önceki değer: "
       C:\Program Files\dotnet\sdk\10.0.100\Sdks\Microsoft.NET.Sdk\targets\Microsoft.NET.Sdk.targets(220,5): message :       BeforeRebuild;
       C:\Program Files\dotnet\sdk\10.0.100\Sdks\Microsoft.NET.Sdk\targets\Microsoft.NET.Sdk.targets(220,5): message :       Clean;
       C:\Program Files\dotnet\sdk\10.0.100\Sdks\Microsoft.NET.Sdk\targets\Microsoft.NET.Sdk.targets(220,5): message :       Build;
       C:\Program Files\dotnet\sdk\10.0.100\Sdks\Microsoft.NET.Sdk\targets\Microsoft.NET.Sdk.targets(220,5): message :       AfterRebuild;
       C:\Program Files\dotnet\sdk\10.0.100\Sdks\Microsoft.NET.Sdk\targets\Microsoft.NET.Sdk.targets(220,5): message :     ") konum: C:\Program Files\dotnet\sdk\10.0.100\Sdks\Microsoft.NET.Sdk\targets\Microsoft.NET.Sdk.targets (220,5)
       C:\Program Files\dotnet\sdk\10.0.100\Sdks\Microsoft.NET.Sdk\targets\Microsoft.NET.Sdk.targets(799,5): message : Özellik yeniden ataması: $(CompileDependsOn)="
       C:\Program Files\dotnet\sdk\10.0.100\Sdks\Microsoft.NET.Sdk\targets\Microsoft.NET.Sdk.targets(799,5): message :       
       C:\Program Files\dotnet\sdk\10.0.100\Sdks\Microsoft.NET.Sdk\targets\Microsoft.NET.Sdk.targets(799,5): message :       ResolveReferences;
       C:\Program Files\dotnet\sdk\10.0.100\Sdks\Microsoft.NET.Sdk\targets\Microsoft.NET.Sdk.targets(799,5): message :       ResolveKeySource;
       C:\Program Files\dotnet\sdk\10.0.100\Sdks\Microsoft.NET.Sdk\targets\Microsoft.NET.Sdk.targets(799,5): message :       SetWin32ManifestProperties;
       C:\Program Files\dotnet\sdk\10.0.100\Sdks\Microsoft.NET.Sdk\targets\Microsoft.NET.Sdk.targets(799,5): message :       _SetPreferNativeArm64Win32ManifestProperties;
       C:\Program Files\dotnet\sdk\10.0.100\Sdks\Microsoft.NET.Sdk\targets\Microsoft.NET.Sdk.targets(799,5): message :       FindReferenceAssembliesForReferences;
       C:\Program Files\dotnet\sdk\10.0.100\Sdks\Microsoft.NET.Sdk\targets\Microsoft.NET.Sdk.targets(799,5): message :       _GenerateCompileInputs;
       C:\Program Files\dotnet\sdk\10.0.100\Sdks\Microsoft.NET.Sdk\targets\Microsoft.NET.Sdk.targets(799,5): message :       BeforeCompile;
       C:\Program Files\dotnet\sdk\10.0.100\Sdks\Microsoft.NET.Sdk\targets\Microsoft.NET.Sdk.targets(799,5): message :       _TimeStampBeforeCompile;
       C:\Program Files\dotnet\sdk\10.0.100\Sdks\Microsoft.NET.Sdk\targets\Microsoft.NET.Sdk.targets(799,5): message :       _GenerateCompileDependencyCache;
       C:\Program Files\dotnet\sdk\10.0.100\Sdks\Microsoft.NET.Sdk\targets\Microsoft.NET.Sdk.targets(799,5): message :       CoreCompile;
       C:\Program Files\dotnet\sdk\10.0.100\Sdks\Microsoft.NET.Sdk\targets\Microsoft.NET.Sdk.targets(799,5): message :       _TimeStampAfterCompile;
       C:\Program Files\dotnet\sdk\10.0.100\Sdks\Microsoft.NET.Sdk\targets\Microsoft.NET.Sdk.targets(799,5): message :       AfterCompile;
       C:\Program Files\dotnet\sdk\10.0.100\Sdks\Microsoft.NET.Sdk\targets\Microsoft.NET.Sdk.targets(799,5): message :     ;
       C:\Program Files\dotnet\sdk\10.0.100\Sdks\Microsoft.NET.Sdk\targets\Microsoft.NET.Sdk.targets(799,5): message :       _CreateAppHost;
       C:\Program Files\dotnet\sdk\10.0.100\Sdks\Microsoft.NET.Sdk\targets\Microsoft.NET.Sdk.targets(799,5): message :       _CreateComHost;
       C:\Program Files\dotnet\sdk\10.0.100\Sdks\Microsoft.NET.Sdk\targets\Microsoft.NET.Sdk.targets(799,5): message :       _GetIjwHostPaths;
       C:\Program Files\dotnet\sdk\10.0.100\Sdks\Microsoft.NET.Sdk\targets\Microsoft.NET.Sdk.targets(799,5): message :     " (önceki değer: "
       C:\Program Files\dotnet\sdk\10.0.100\Sdks\Microsoft.NET.Sdk\targets\Microsoft.NET.Sdk.targets(799,5): message :       ResolveReferences;
       C:\Program Files\dotnet\sdk\10.0.100\Sdks\Microsoft.NET.Sdk\targets\Microsoft.NET.Sdk.targets(799,5): message :       ResolveKeySource;
       C:\Program Files\dotnet\sdk\10.0.100\Sdks\Microsoft.NET.Sdk\targets\Microsoft.NET.Sdk.targets(799,5): message :       SetWin32ManifestProperties;
       C:\Program Files\dotnet\sdk\10.0.100\Sdks\Microsoft.NET.Sdk\targets\Microsoft.NET.Sdk.targets(799,5): message :       _SetPreferNativeArm64Win32ManifestProperties;
       C:\Program Files\dotnet\sdk\10.0.100\Sdks\Microsoft.NET.Sdk\targets\Microsoft.NET.Sdk.targets(799,5): message :       FindReferenceAssembliesForReferences;
       C:\Program Files\dotnet\sdk\10.0.100\Sdks\Microsoft.NET.Sdk\targets\Microsoft.NET.Sdk.targets(799,5): message :       _GenerateCompileInputs;
       C:\Program Files\dotnet\sdk\10.0.100\Sdks\Microsoft.NET.Sdk\targets\Microsoft.NET.Sdk.targets(799,5): message :       BeforeCompile;
       C:\Program Files\dotnet\sdk\10.0.100\Sdks\Microsoft.NET.Sdk\targets\Microsoft.NET.Sdk.targets(799,5): message :       _TimeStampBeforeCompile;
       C:\Program Files\dotnet\sdk\10.0.100\Sdks\Microsoft.NET.Sdk\targets\Microsoft.NET.Sdk.targets(799,5): message :       _GenerateCompileDependencyCache;
       C:\Program Files\dotnet\sdk\10.0.100\Sdks\Microsoft.NET.Sdk\targets\Microsoft.NET.Sdk.targets(799,5): message :       CoreCompile;
       C:\Program Files\dotnet\sdk\10.0.100\Sdks\Microsoft.NET.Sdk\targets\Microsoft.NET.Sdk.targets(799,5): message :       _TimeStampAfterCompile;
       C:\Program Files\dotnet\sdk\10.0.100\Sdks\Microsoft.NET.Sdk\targets\Microsoft.NET.Sdk.targets(799,5): message :       AfterCompile;
       C:\Program Files\dotnet\sdk\10.0.100\Sdks\Microsoft.NET.Sdk\targets\Microsoft.NET.Sdk.targets(799,5): message :     ") konum: C:\Program Files\dotnet\sdk\10.0.100\Sdks\Microsoft.NET.Sdk\targets\Microsoft.NET.Sdk.targets (799,5)
       C:\Program Files\dotnet\sdk\10.0.100\Sdks\Microsoft.NET.Sdk\targets\Microsoft.NET.Sdk.targets(1131,5): message : Özellik yeniden ataması: $(CreateSatelliteAssembliesDependsOn)="
       C:\Program Files\dotnet\sdk\10.0.100\Sdks\Microsoft.NET.Sdk\targets\Microsoft.NET.Sdk.targets(1131,5): message :       
       C:\Program Files\dotnet\sdk\10.0.100\Sdks\Microsoft.NET.Sdk\targets\Microsoft.NET.Sdk.targets(1131,5): message :       ;
       C:\Program Files\dotnet\sdk\10.0.100\Sdks\Microsoft.NET.Sdk\targets\Microsoft.NET.Sdk.targets(1131,5): message :       _GenerateSatelliteAssemblyInputs;
       C:\Program Files\dotnet\sdk\10.0.100\Sdks\Microsoft.NET.Sdk\targets\Microsoft.NET.Sdk.targets(1131,5): message :       ComputeIntermediateSatelliteAssemblies;
       C:\Program Files\dotnet\sdk\10.0.100\Sdks\Microsoft.NET.Sdk\targets\Microsoft.NET.Sdk.targets(1131,5): message :       GenerateSatelliteAssemblies
       C:\Program Files\dotnet\sdk\10.0.100\Sdks\Microsoft.NET.Sdk\targets\Microsoft.NET.Sdk.targets(1131,5): message :     ;
       C:\Program Files\dotnet\sdk\10.0.100\Sdks\Microsoft.NET.Sdk\targets\Microsoft.NET.Sdk.targets(1131,5): message :       CoreGenerateSatelliteAssemblies
       C:\Program Files\dotnet\sdk\10.0.100\Sdks\Microsoft.NET.Sdk\targets\Microsoft.NET.Sdk.targets(1131,5): message :     " (önceki değer: "
       C:\Program Files\dotnet\sdk\10.0.100\Sdks\Microsoft.NET.Sdk\targets\Microsoft.NET.Sdk.targets(1131,5): message :       ;
       C:\Program Files\dotnet\sdk\10.0.100\Sdks\Microsoft.NET.Sdk\targets\Microsoft.NET.Sdk.targets(1131,5): message :       _GenerateSatelliteAssemblyInputs;
       C:\Program Files\dotnet\sdk\10.0.100\Sdks\Microsoft.NET.Sdk\targets\Microsoft.NET.Sdk.targets(1131,5): message :       ComputeIntermediateSatelliteAssemblies;
       C:\Program Files\dotnet\sdk\10.0.100\Sdks\Microsoft.NET.Sdk\targets\Microsoft.NET.Sdk.targets(1131,5): message :       GenerateSatelliteAssemblies
       C:\Program Files\dotnet\sdk\10.0.100\Sdks\Microsoft.NET.Sdk\targets\Microsoft.NET.Sdk.targets(1131,5): message :     ") konum: C:\Program Files\dotnet\sdk\10.0.100\Sdks\Microsoft.NET.Sdk\targets\Microsoft.NET.Sdk.targets (1131,5)
       C:\Program Files\dotnet\sdk\10.0.100\Sdks\Microsoft.SourceLink.GitLab\build\Microsoft.SourceLink.GitLab.targets(12,5): message : Özellik yeniden ataması: $(SourceLinkUrlInitializerTargets)=";_InitializeGitHubSourceLinkUrl;_InitializeGitLabSourceLinkUrl" (önceki değer: ";_InitializeGitHubSourceLinkUrl") konum: C:\Program Files\dotnet\sdk\10.0.100\Sdks\Microsoft.SourceLink.GitLab\build\Microsoft.SourceLink.GitLab.targets (12,5)
       C:\Program Files\dotnet\sdk\10.0.100\Sdks\Microsoft.SourceLink.GitLab\build\Microsoft.SourceLink.GitLab.targets(13,5): message : Özellik yeniden ataması: $(SourceControlManagerUrlTranslationTargets)=";TranslateGitHubUrlsInSourceControlInformation;TranslateGitLabUrlsInSourceControlInformation" (önceki değer: ";TranslateGitHubUrlsInSourceControlInformation") konum: C:\Program Files\dotnet\sdk\10.0.100\Sdks\Microsoft.SourceLink.GitLab\build\Microsoft.SourceLink.GitLab.targets (13,5)
       C:\Program Files\dotnet\sdk\10.0.100\Sdks\Microsoft.SourceLink.AzureRepos.Git\build\Microsoft.SourceLink.AzureRepos.Git.targets(12,5): message : Özellik yeniden ataması: $(SourceLinkUrlInitializerTargets)=";_InitializeGitHubSourceLinkUrl;_InitializeGitLabSourceLinkUrl;_InitializeAzureReposGitSourceLinkUrl" (önceki değer: ";_InitializeGitHubSourceLinkUrl;_InitializeGitLabSourceLinkUrl") konum: C:\Program Files\dotnet\sdk\10.0.100\Sdks\Microsoft.SourceLink.AzureRepos.Git\build\Microsoft.SourceLink.AzureRepos.Git.targets (12,5)
       C:\Program Files\dotnet\sdk\10.0.100\Sdks\Microsoft.SourceLink.AzureRepos.Git\build\Microsoft.SourceLink.AzureRepos.Git.targets(13,5): message : Özellik yeniden ataması: $(SourceControlManagerUrlTranslationTargets)=";TranslateGitHubUrlsInSourceControlInformation;TranslateGitLabUrlsInSourceControlInformation;TranslateAzureReposGitUrlsInSourceControlInformation" (önceki değer: ";TranslateGitHubUrlsInSourceControlInformation;TranslateGitLabUrlsInSourceControlInformation") konum: C:\Program Files\dotnet\sdk\10.0.100\Sdks\Microsoft.SourceLink.AzureRepos.Git\build\Microsoft.SourceLink.AzureRepos.Git.targets (13,5)
       C:\Program Files\dotnet\sdk\10.0.100\Sdks\Microsoft.SourceLink.Bitbucket.Git\build\Microsoft.SourceLink.Bitbucket.Git.targets(12,5): message : Özellik yeniden ataması: $(SourceLinkUrlInitializerTargets)=";_InitializeGitHubSourceLinkUrl;_InitializeGitLabSourceLinkUrl;_InitializeAzureReposGitSourceLinkUrl;_InitializeBitbucketGitSourceLinkUrl" (önceki değer: ";_InitializeGitHubSourceLinkUrl;_InitializeGitLabSourceLinkUrl;_InitializeAzureReposGitSourceLinkUrl") konum: C:\Program Files\dotnet\sdk\10.0.100\Sdks\Microsoft.SourceLink.Bitbucket.Git\build\Microsoft.SourceLink.Bitbucket.Git.targets (12,5)
       C:\Program Files\dotnet\sdk\10.0.100\Sdks\Microsoft.SourceLink.Bitbucket.Git\build\Microsoft.SourceLink.Bitbucket.Git.targets(13,5): message : Özellik yeniden ataması: $(SourceControlManagerUrlTranslationTargets)=";TranslateGitHubUrlsInSourceControlInformation;TranslateGitLabUrlsInSourceControlInformation;TranslateAzureReposGitUrlsInSourceControlInformation;TranslateBitbucketGitUrlsInSourceControlInformation" (önceki değer: ";TranslateGitHubUrlsInSourceControlInformation;TranslateGitLabUrlsInSourceControlInformation;TranslateAzureReposGitUrlsInSourceControlInformation") konum: C:\Program Files\dotnet\sdk\10.0.100\Sdks\Microsoft.SourceLink.Bitbucket.Git\build\Microsoft.SourceLink.Bitbucket.Git.targets (13,5)
       C:\Program Files\dotnet\sdk\10.0.100\Sdks\Microsoft.NET.Sdk\targets\Microsoft.NET.DesignerSupport.targets(21,5): message : Özellik yeniden ataması: $(DesignerRuntimeImplementationProjectOutputGroupDependsOn)="
       C:\Program Files\dotnet\sdk\10.0.100\Sdks\Microsoft.NET.Sdk\targets\Microsoft.NET.DesignerSupport.targets(21,5): message :       
       C:\Program Files\dotnet\sdk\10.0.100\Sdks\Microsoft.NET.Sdk\targets\Microsoft.NET.DesignerSupport.targets(21,5): message :       ;
       C:\Program Files\dotnet\sdk\10.0.100\Sdks\Microsoft.NET.Sdk\targets\Microsoft.NET.DesignerSupport.targets(21,5): message :       
       C:\Program Files\dotnet\sdk\10.0.100\Sdks\Microsoft.NET.Sdk\targets\Microsoft.NET.DesignerSupport.targets(21,5): message :       ;
       C:\Program Files\dotnet\sdk\10.0.100\Sdks\Microsoft.NET.Sdk\targets\Microsoft.NET.DesignerSupport.targets(21,5): message :       BuildOnlySettings;
       C:\Program Files\dotnet\sdk\10.0.100\Sdks\Microsoft.NET.Sdk\targets\Microsoft.NET.DesignerSupport.targets(21,5): message :       PrepareForBuild;
       C:\Program Files\dotnet\sdk\10.0.100\Sdks\Microsoft.NET.Sdk\targets\Microsoft.NET.DesignerSupport.targets(21,5): message :       AssignTargetPaths;
       C:\Program Files\dotnet\sdk\10.0.100\Sdks\Microsoft.NET.Sdk\targets\Microsoft.NET.DesignerSupport.targets(21,5): message :       ResolveReferences
       C:\Program Files\dotnet\sdk\10.0.100\Sdks\Microsoft.NET.Sdk\targets\Microsoft.NET.DesignerSupport.targets(21,5): message :     
       C:\Program Files\dotnet\sdk\10.0.100\Sdks\Microsoft.NET.Sdk\targets\Microsoft.NET.DesignerSupport.targets(21,5): message :     ;
       C:\Program Files\dotnet\sdk\10.0.100\Sdks\Microsoft.NET.Sdk\targets\Microsoft.NET.DesignerSupport.targets(21,5): message :       _GenerateDesignerDepsFile;
       C:\Program Files\dotnet\sdk\10.0.100\Sdks\Microsoft.NET.Sdk\targets\Microsoft.NET.DesignerSupport.targets(21,5): message :       _GenerateDesignerRuntimeConfigFile;
       C:\Program Files\dotnet\sdk\10.0.100\Sdks\Microsoft.NET.Sdk\targets\Microsoft.NET.DesignerSupport.targets(21,5): message :       GetCopyToOutputDirectoryItems;
       C:\Program Files\dotnet\sdk\10.0.100\Sdks\Microsoft.NET.Sdk\targets\Microsoft.NET.DesignerSupport.targets(21,5): message :       _GatherDesignerShadowCopyFiles;
       C:\Program Files\dotnet\sdk\10.0.100\Sdks\Microsoft.NET.Sdk\targets\Microsoft.NET.DesignerSupport.targets(21,5): message :     " (önceki değer: "
       C:\Program Files\dotnet\sdk\10.0.100\Sdks\Microsoft.NET.Sdk\targets\Microsoft.NET.DesignerSupport.targets(21,5): message :       ;
       C:\Program Files\dotnet\sdk\10.0.100\Sdks\Microsoft.NET.Sdk\targets\Microsoft.NET.DesignerSupport.targets(21,5): message :       
       C:\Program Files\dotnet\sdk\10.0.100\Sdks\Microsoft.NET.Sdk\targets\Microsoft.NET.DesignerSupport.targets(21,5): message :       ;
       C:\Program Files\dotnet\sdk\10.0.100\Sdks\Microsoft.NET.Sdk\targets\Microsoft.NET.DesignerSupport.targets(21,5): message :       BuildOnlySettings;
       C:\Program Files\dotnet\sdk\10.0.100\Sdks\Microsoft.NET.Sdk\targets\Microsoft.NET.DesignerSupport.targets(21,5): message :       PrepareForBuild;
       C:\Program Files\dotnet\sdk\10.0.100\Sdks\Microsoft.NET.Sdk\targets\Microsoft.NET.DesignerSupport.targets(21,5): message :       AssignTargetPaths;
       C:\Program Files\dotnet\sdk\10.0.100\Sdks\Microsoft.NET.Sdk\targets\Microsoft.NET.DesignerSupport.targets(21,5): message :       ResolveReferences
       C:\Program Files\dotnet\sdk\10.0.100\Sdks\Microsoft.NET.Sdk\targets\Microsoft.NET.DesignerSupport.targets(21,5): message :     
       C:\Program Files\dotnet\sdk\10.0.100\Sdks\Microsoft.NET.Sdk\targets\Microsoft.NET.DesignerSupport.targets(21,5): message :     ") konum: C:\Program Files\dotnet\sdk\10.0.100\Sdks\Microsoft.NET.Sdk\targets\Microsoft.NET.DesignerSupport.targets (21,5)
       C:\Program Files\dotnet\sdk\10.0.100\Sdks\Microsoft.NET.Sdk\targets\Microsoft.NET.Sdk.CSharp.targets(31,5): message : Özellik yeniden ataması: $(DefineConstants)="TRACE;DEBUG" (önceki değer: "TRACE") konum: C:\Program Files\dotnet\sdk\10.0.100\Sdks\Microsoft.NET.Sdk\targets\Microsoft.NET.Sdk.CSharp.targets (31,5)
       C:\Program Files\dotnet\sdk\10.0.100\Sdks\Microsoft.NET.Sdk\targets\Microsoft.NET.Sdk.CSharp.targets(45,5): message : Özellik yeniden ataması: $(WarningsAsErrors)=";NU1605;SYSLIB0011" (önceki değer: ";NU1605") konum: C:\Program Files\dotnet\sdk\10.0.100\Sdks\Microsoft.NET.Sdk\targets\Microsoft.NET.Sdk.CSharp.targets (45,5)
       C:\Program Files\dotnet\sdk\10.0.100\NuGet.Build.Tasks.Pack.targets(34,5): message : Özellik yeniden ataması: $(PackageDescription)="Package Description" (önceki değer: "") konum: C:\Program Files\dotnet\sdk\10.0.100\NuGet.Build.Tasks.Pack.targets (34,5)
       C:\Program Files\dotnet\sdk\10.0.100\NuGet.Build.Tasks.Pack.targets(59,5): message : Özellik yeniden ataması: $(GenerateNuspecDependsOn)="Build;_LoadPackInputItems; _GetTargetFrameworksOutput; _WalkEachTargetPerFramework; _GetPackageFiles; " (önceki değer: "_LoadPackInputItems; _GetTargetFrameworksOutput; _WalkEachTargetPerFramework; _GetPackageFiles; ") konum: C:\Program Files\dotnet\sdk\10.0.100\NuGet.Build.Tasks.Pack.targets (59,5)
       C:\Program Files\dotnet\sdk\10.0.100\Sdks\Microsoft.NET.Sdk\Sdk\Sdk.targets(59,5): message : Özellik yeniden ataması: $(_IsNotSetContainersTargetsDir)="true" (önceki değer: "false") konum: C:\Program Files\dotnet\sdk\10.0.100\Sdks\Microsoft.NET.Sdk\Sdk\Sdk.targets (59,5)
       C:\Program Files\dotnet\sdk\10.0.100\Containers\build\Microsoft.NET.Build.Containers.targets(5,5): message : Özellik yeniden ataması: $(_IsSDKContainerAllowedVersion)="true" (önceki değer: "false") konum: C:\Program Files\dotnet\sdk\10.0.100\Containers\build\Microsoft.NET.Build.Containers.targets (5,5)
       C:\Program Files\dotnet\sdk\10.0.100\Containers\build\Microsoft.NET.Build.Containers.targets(15,5): message : Özellik yeniden ataması: $(_ContainerIsTargetingNet8TFM)="true" (önceki değer: "false") konum: C:\Program Files\dotnet\sdk\10.0.100\Containers\build\Microsoft.NET.Build.Containers.targets (15,5)
       "C:\Program Files\dotnet\sdk\10.0.100\Sdks\Microsoft.NET.Sdk\targets\Microsoft.NET.Sdk.FrameworkReferenceResolution.targets" projesindeki "ResolveFrameworkReferences" hedefi kullanılarak "C:\Program Files\dotnet\sdk\10.0.100\Microsoft.Common.CurrentVersion.targets" projesindeki "ResolveFrameworkReferences" hedefinin üzerine yazılıyor.
       "C:\Program Files\dotnet\sdk\10.0.100\Sdks\Microsoft.NET.Sdk\targets\Microsoft.NET.Sdk.targets" projesindeki "GenerateSupportedTargetFrameworkAlias" hedefi kullanılarak "C:\Program Files\dotnet\sdk\10.0.100\Microsoft.Common.CurrentVersion.targets" projesindeki "GenerateSupportedTargetFrameworkAlias" hedefinin üzerine yazılıyor.
       "C:\Program Files\dotnet\sdk\10.0.100\Sdks\Microsoft.NET.Sdk\targets\Microsoft.NET.DisableStandardFrameworkResolution.targets" projesindeki "GetReferenceAssemblyPaths" hedefi kullanılarak "C:\Program Files\dotnet\sdk\10.0.100\Microsoft.Common.CurrentVersion.targets" projesindeki "GetReferenceAssemblyPaths" hedefinin üzerine yazılıyor.
       "C:\Program Files\dotnet\sdk\10.0.100\Sdks\Microsoft.NET.Sdk\targets\Microsoft.NET.DisableStandardFrameworkResolution.targets" projesindeki "GetFrameworkPaths" hedefi kullanılarak "C:\Program Files\dotnet\sdk\10.0.100\Microsoft.Common.CurrentVersion.targets" projesindeki "GetFrameworkPaths" hedefinin üzerine yazılıyor.
       "C:\Program Files\dotnet\sdk\10.0.100\Sdks\Microsoft.NET.Sdk\targets\Microsoft.NET.DesignerSupport.targets" projesindeki "DesignerRuntimeImplementationProjectOutputGroup" hedefi kullanılarak "C:\Program Files\dotnet\sdk\10.0.100\Microsoft.Common.CurrentVersion.targets" projesindeki "DesignerRuntimeImplementationProjectOutputGroup" hedefinin üzerine yazılıyor.
       "C:\Program Files\dotnet\sdk\10.0.100\Sdks\Microsoft.NET.Sdk\targets\Microsoft.NET.Publish.targets" projesindeki "Publish" hedefi kullanılarak "C:\Program Files\dotnet\sdk\10.0.100\Microsoft.Common.CurrentVersion.targets" projesindeki "Publish" hedefinin üzerine yazılıyor.
       "C:\Program Files\dotnet\sdk\10.0.100\Sdks\Microsoft.NET.Sdk\targets\Microsoft.NET.Publish.targets" projesindeki "ResolveReadyToRunCompilers" hedefi kullanılarak "C:\Program Files\dotnet\sdk\10.0.100\Sdks\Microsoft.NET.Sdk\targets\Microsoft.NET.CrossGen.targets" projesindeki "ResolveReadyToRunCompilers" hedefinin üzerine yazılıyor.
       "C:\Program Files\dotnet\sdk\10.0.100\Sdks\Microsoft.NET.Sdk\targets\Microsoft.NET.Publish.targets" projesindeki "GetCopyToPublishDirectoryItems" hedefi kullanılarak "C:\Program Files\dotnet\sdk\10.0.100\Microsoft.Common.CurrentVersion.targets" projesindeki "GetCopyToPublishDirectoryItems" hedefinin üzerine yazılıyor.
       "C:\Program Files\dotnet\sdk\10.0.100\Sdks\Microsoft.NET.Sdk\targets\Microsoft.NET.Sdk.targets" projesindeki "Run" hedefi kullanılarak "C:\Program Files\dotnet\sdk\10.0.100\Microsoft.Common.CurrentVersion.targets" projesindeki "Run" hedefinin üzerine yazılıyor.
   1:3>"C:\Users\mrkfk\OneDrive\Desktop\Projelerim\ECommerce\src\Infrastructure\ECommerce.Infrastructure\ECommerce.Infrastructure.csproj" projesi (1:3) 2 düğümünde "C:\Users\mrkfk\OneDrive\Desktop\Projelerim\ECommerce\src\Core\ECommerce.Application\ECommerce.Application.csproj" (3) oluşturuyor (_GenerateRestoreProjectPathWalk hedef).
     3>"C:\Users\mrkfk\OneDrive\Desktop\Projelerim\ECommerce\src\Core\ECommerce.Application\ECommerce.Application.csproj" projesinin "C:\Program Files\dotnet\sdk\10.0.100\NuGet.targets" dosyasındaki "_GenerateRestoreProjectPathItemsPerFramework" hedefi ("_GenerateRestoreProjectPathItemsCurrentProject" hedefi buna bağımlı):
     3>"Microsoft.Build.Tasks.Core, Version=15.1.0.0, Culture=neutral, PublicKeyToken=b03f5f7f11d50a3a" derlemesindeki "ConvertToAbsolutePath" görevi kullanılıyor.
       "ConvertToAbsolutePath" görevi
       "ConvertToAbsolutePath" görevini yürütme tamamlandı.
     3>"ECommerce.Application.csproj" projesinde "_GenerateRestoreProjectPathItemsPerFramework" hedefini oluşturma tamamlandı.
     3>"C:\Users\mrkfk\OneDrive\Desktop\Projelerim\ECommerce\src\Core\ECommerce.Application\ECommerce.Application.csproj" projesinin "C:\Program Files\dotnet\sdk\10.0.100\NuGet.targets" dosyasındaki "_GenerateRestoreProjectPathItemsCurrentProject" hedefi ("_GenerateRestoreProjectPathItems" hedefi buna bağımlı):
     3>"ECommerce.Application.csproj" projesinde "_GenerateRestoreProjectPathItemsCurrentProject" hedefini oluşturma tamamlandı.
     3>"C:\Users\mrkfk\OneDrive\Desktop\Projelerim\ECommerce\src\Core\ECommerce.Application\ECommerce.Application.csproj" projesinin "C:\Program Files\dotnet\sdk\10.0.100\NuGet.targets" dosyasındaki "_GenerateRestoreProjectPathItems" hedefi ("_GenerateRestoreProjectPathWalk" hedefi buna bağımlı):
       "Microsoft.Build.Tasks.Core, Version=15.1.0.0, Culture=neutral, PublicKeyToken=b03f5f7f11d50a3a" derlemesindeki "RemoveDuplicates" görevi kullanılıyor.
       "RemoveDuplicates" görevi
       "RemoveDuplicates" görevini yürütme tamamlandı.
     3>"ECommerce.Application.csproj" projesinde "_GenerateRestoreProjectPathItems" hedefini oluşturma tamamlandı.
     3>"C:\Users\mrkfk\OneDrive\Desktop\Projelerim\ECommerce\src\Core\ECommerce.Application\ECommerce.Application.csproj" projesinin "C:\Program Files\dotnet\sdk\10.0.100\NuGet.targets" dosyasındaki "_GenerateRestoreProjectPathWalk" hedefi (giriş noktası):
       "Microsoft.Build.Tasks.Core, Version=15.1.0.0, Culture=neutral, PublicKeyToken=b03f5f7f11d50a3a" derlemesindeki "MSBuild" görevi kullanılıyor.
       "MSBuild" görevi
         Genel Özellikler:
           ExcludeRestorePackageImports=true
     3>"C:\Users\mrkfk\OneDrive\Desktop\Projelerim\ECommerce\src\Core\ECommerce.Application\ECommerce.Application.csproj" projesi (3) 1 düğümünde "C:\Users\mrkfk\OneDrive\Desktop\Projelerim\ECommerce\src\Core\ECommerce.Domain\ECommerce.Domain.csproj" (2:2) oluşturuyor (_GenerateRestoreProjectPathWalk hedef).
   2:2>"_GenerateRestoreProjectPathWalk" hedefi atlandı. Önceden başarılı bir şekilde derlenmişti.
   2:2>"C:\Users\mrkfk\OneDrive\Desktop\Projelerim\ECommerce\src\Core\ECommerce.Domain\ECommerce.Domain.csproj" Projesini Oluşturma İşlemi Tamamlandı (_GenerateRestoreProjectPathWalk hedef).
     3>"MSBuild" görevini yürütme tamamlandı.
       "RemoveDuplicates" görevi
       "RemoveDuplicates" görevini yürütme tamamlandı.
     3>"ECommerce.Application.csproj" projesinde "_GenerateRestoreProjectPathWalk" hedefini oluşturma tamamlandı.
     3>"C:\Users\mrkfk\OneDrive\Desktop\Projelerim\ECommerce\src\Core\ECommerce.Application\ECommerce.Application.csproj" Projesini Oluşturma İşlemi Tamamlandı (_GenerateRestoreProjectPathWalk hedef).
   1:3>"MSBuild" görevini yürütme tamamlandı.
       "RemoveDuplicates" görevi
       "RemoveDuplicates" görevini yürütme tamamlandı.
   1:3>"ECommerce.Infrastructure.csproj" projesinde "_GenerateRestoreProjectPathWalk" hedefini oluşturma tamamlandı.
   1:3>"C:\Users\mrkfk\OneDrive\Desktop\Projelerim\ECommerce\src\Infrastructure\ECommerce.Infrastructure\ECommerce.Infrastructure.csproj" Projesini Oluşturma İşlemi Tamamlandı (_GenerateRestoreProjectPathWalk hedef).
     1>"MSBuild" görevini yürütme tamamlandı.
       "RemoveDuplicates" görevi
       "RemoveDuplicates" görevini yürütme tamamlandı.
       "MSBuild" görevi
         Genel Özellikler:
           ExcludeRestorePackageImports=true
     1>"C:\Users\mrkfk\OneDrive\Desktop\Projelerim\ECommerce\src\Infrastructure\ECommerce.Infrastructure\ECommerce.Infrastructure.csproj" projesi (1) 1 düğümünde "C:\Users\mrkfk\OneDrive\Desktop\Projelerim\ECommerce\src\Infrastructure\ECommerce.Infrastructure\ECommerce.Infrastructure.csproj" (1:4) oluşturuyor (_IsProjectRestoreSupported hedef).
   1:4>"_IsProjectRestoreSupported" hedefi atlandı. Önceden başarılı bir şekilde derlenmişti.
   1:4>"C:\Users\mrkfk\OneDrive\Desktop\Projelerim\ECommerce\src\Infrastructure\ECommerce.Infrastructure\ECommerce.Infrastructure.csproj" Projesini Oluşturma İşlemi Tamamlandı (_IsProjectRestoreSupported hedef).
     1>"C:\Users\mrkfk\OneDrive\Desktop\Projelerim\ECommerce\src\Infrastructure\ECommerce.Infrastructure\ECommerce.Infrastructure.csproj" projesi (1) 1 düğümünde "C:\Users\mrkfk\OneDrive\Desktop\Projelerim\ECommerce\src\Core\ECommerce.Domain\ECommerce.Domain.csproj" (2:3) oluşturuyor (_IsProjectRestoreSupported hedef).
   2:3>"C:\Users\mrkfk\OneDrive\Desktop\Projelerim\ECommerce\src\Core\ECommerce.Domain\ECommerce.Domain.csproj" projesinin "C:\Program Files\dotnet\sdk\10.0.100\NuGet.targets" dosyasındaki "_IsProjectRestoreSupported" hedefi (giriş noktası):
   2:3>"ECommerce.Domain.csproj" projesinde "_IsProjectRestoreSupported" hedefini oluşturma tamamlandı.
   2:3>"C:\Users\mrkfk\OneDrive\Desktop\Projelerim\ECommerce\src\Core\ECommerce.Domain\ECommerce.Domain.csproj" Projesini Oluşturma İşlemi Tamamlandı (_IsProjectRestoreSupported hedef).
     1>"C:\Users\mrkfk\OneDrive\Desktop\Projelerim\ECommerce\src\Infrastructure\ECommerce.Infrastructure\ECommerce.Infrastructure.csproj" projesi (1) 2 düğümünde "C:\Users\mrkfk\OneDrive\Desktop\Projelerim\ECommerce\src\Core\ECommerce.Application\ECommerce.Application.csproj" (3:2) oluşturuyor (_IsProjectRestoreSupported hedef).
   3:2>"C:\Users\mrkfk\OneDrive\Desktop\Projelerim\ECommerce\src\Core\ECommerce.Application\ECommerce.Application.csproj" projesinin "C:\Program Files\dotnet\sdk\10.0.100\NuGet.targets" dosyasındaki "_IsProjectRestoreSupported" hedefi (giriş noktası):
   3:2>"ECommerce.Application.csproj" projesinde "_IsProjectRestoreSupported" hedefini oluşturma tamamlandı.
   3:2>"C:\Users\mrkfk\OneDrive\Desktop\Projelerim\ECommerce\src\Core\ECommerce.Application\ECommerce.Application.csproj" Projesini Oluşturma İşlemi Tamamlandı (_IsProjectRestoreSupported hedef).
     1>"MSBuild" görevini yürütme tamamlandı.
     1>"ECommerce.Infrastructure.csproj" projesinde "_GetAllRestoreProjectPathItems" hedefini oluşturma tamamlandı.
     1>"C:\Users\mrkfk\OneDrive\Desktop\Projelerim\ECommerce\src\Infrastructure\ECommerce.Infrastructure\ECommerce.Infrastructure.csproj" projesinin "C:\Program Files\dotnet\sdk\10.0.100\NuGet.targets" dosyasındaki "_GenerateRestoreGraph" hedefi ("Restore" hedefi buna bağımlı):
       "Microsoft.Build.Tasks.Core, Version=15.1.0.0, Culture=neutral, PublicKeyToken=b03f5f7f11d50a3a" derlemesindeki "Message" görevi kullanılıyor.
       "Message" görevi
         Generating dg file
       "Message" görevini yürütme tamamlandı.
       "Message" görevi
         C:\Users\mrkfk\OneDrive\Desktop\Projelerim\ECommerce\src\Core\ECommerce.Domain\ECommerce.Domain.csproj
       "Message" görevini yürütme tamamlandı.
       "Message" görevi
         C:\Users\mrkfk\OneDrive\Desktop\Projelerim\ECommerce\src\Core\ECommerce.Application\ECommerce.Application.csproj
       "Message" görevini yürütme tamamlandı.
       "Message" görevi
         C:\Users\mrkfk\OneDrive\Desktop\Projelerim\ECommerce\src\Infrastructure\ECommerce.Infrastructure\ECommerce.Infrastructure.csproj
       "Message" görevini yürütme tamamlandı.
       "MSBuild" görevi
         Genel Özellikler:
           ExcludeRestorePackageImports=true
     1>"C:\Users\mrkfk\OneDrive\Desktop\Projelerim\ECommerce\src\Infrastructure\ECommerce.Infrastructure\ECommerce.Infrastructure.csproj" projesi (1) 1 düğümünde "C:\Users\mrkfk\OneDrive\Desktop\Projelerim\ECommerce\src\Core\ECommerce.Domain\ECommerce.Domain.csproj" (2:4) oluşturuyor (_GenerateRestoreGraphProjectEntry hedef).
   2:4>"C:\Users\mrkfk\OneDrive\Desktop\Projelerim\ECommerce\src\Core\ECommerce.Domain\ECommerce.Domain.csproj" projesinin "C:\Program Files\dotnet\sdk\10.0.100\Sdks\Microsoft.NET.Sdk\targets\Microsoft.NET.TargetFrameworkInference.targets" dosyasındaki "_CheckForUnsupportedNETCoreVersion" hedefi ("CollectPackageReferences" hedefi buna bağımlı):
   2:4>"ECommerce.Domain.csproj" projesinde "_CheckForUnsupportedNETCoreVersion" hedefini oluşturma tamamlandı.
   2:4>"C:\Users\mrkfk\OneDrive\Desktop\Projelerim\ECommerce\src\Core\ECommerce.Domain\ECommerce.Domain.csproj" projesinin "C:\Program Files\dotnet\sdk\10.0.100\Sdks\Microsoft.NET.Sdk\targets\Microsoft.NET.TargetFrameworkInference.targets" dosyasındaki "_CheckForUnsupportedCppNETCoreVersion" hedefi ("CollectPackageReferences" hedefi buna bağımlı):
   2:4>"ECommerce.Domain.csproj" projesinde "_CheckForUnsupportedCppNETCoreVersion" hedefini oluşturma tamamlandı.
     1>"C:\Users\mrkfk\OneDrive\Desktop\Projelerim\ECommerce\src\Infrastructure\ECommerce.Infrastructure\ECommerce.Infrastructure.csproj" projesi (1) 2 düğümünde "C:\Users\mrkfk\OneDrive\Desktop\Projelerim\ECommerce\src\Core\ECommerce.Application\ECommerce.Application.csproj" (3:3) oluşturuyor (_GenerateRestoreGraphProjectEntry hedef).
   3:3>"C:\Users\mrkfk\OneDrive\Desktop\Projelerim\ECommerce\src\Core\ECommerce.Application\ECommerce.Application.csproj" projesinin "C:\Program Files\dotnet\sdk\10.0.100\Sdks\Microsoft.NET.Sdk\targets\Microsoft.NET.TargetFrameworkInference.targets" dosyasındaki "_CheckForUnsupportedNETCoreVersion" hedefi ("CollectPackageReferences" hedefi buna bağımlı):
   3:3>"ECommerce.Application.csproj" projesinde "_CheckForUnsupportedNETCoreVersion" hedefini oluşturma tamamlandı.
   3:3>"C:\Users\mrkfk\OneDrive\Desktop\Projelerim\ECommerce\src\Core\ECommerce.Application\ECommerce.Application.csproj" projesinin "C:\Program Files\dotnet\sdk\10.0.100\Sdks\Microsoft.NET.Sdk\targets\Microsoft.NET.TargetFrameworkInference.targets" dosyasındaki "_CheckForUnsupportedCppNETCoreVersion" hedefi ("CollectPackageReferences" hedefi buna bağımlı):
   3:3>"ECommerce.Application.csproj" projesinde "_CheckForUnsupportedCppNETCoreVersion" hedefini oluşturma tamamlandı.
   3:3>"C:\Users\mrkfk\OneDrive\Desktop\Projelerim\ECommerce\src\Core\ECommerce.Application\ECommerce.Application.csproj" projesinin "C:\Program Files\dotnet\sdk\10.0.100\Sdks\Microsoft.NET.Sdk\targets\Microsoft.NET.Sdk.DefaultItems.Shared.targets" dosyasındaki "UpdateAspNetToFrameworkReference" hedefi ("ApplyImplicitVersions" hedefi buna bağımlı):
       "C:\Program Files\dotnet\sdk\10.0.100\Sdks\Microsoft.NET.Sdk\targets\..\tools\net10.0\Microsoft.NET.Build.Tasks.dll" derlemesindeki "CheckIfPackageReferenceShouldBeFrameworkReference" görevi kullanılıyor.
       "CheckIfPackageReferenceShouldBeFrameworkReference" görevi
       "CheckIfPackageReferenceShouldBeFrameworkReference" görevini yürütme tamamlandı.
       "CheckIfPackageReferenceShouldBeFrameworkReference" görevi
       "CheckIfPackageReferenceShouldBeFrameworkReference" görevini yürütme tamamlandı.
   3:3>"ECommerce.Application.csproj" projesinde "UpdateAspNetToFrameworkReference" hedefini oluşturma tamamlandı.
   3:3>"C:\Users\mrkfk\OneDrive\Desktop\Projelerim\ECommerce\src\Core\ECommerce.Application\ECommerce.Application.csproj" projesinin "C:\Program Files\dotnet\sdk\10.0.100\Sdks\Microsoft.NET.Sdk\targets\Microsoft.NET.Sdk.DefaultItems.Shared.targets" dosyasındaki "CheckForImplicitPackageReferenceOverrides" hedefi ("ApplyImplicitVersions" hedefi buna bağımlı):
       "C:\Program Files\dotnet\sdk\10.0.100\Sdks\Microsoft.NET.Sdk\targets\..\tools\net10.0\Microsoft.NET.Build.Tasks.dll" derlemesindeki "CheckForImplicitPackageReferenceOverrides" görevi kullanılıyor.
       "CheckForImplicitPackageReferenceOverrides" görevi
       "CheckForImplicitPackageReferenceOverrides" görevini yürütme tamamlandı.
   3:3>"ECommerce.Application.csproj" projesinde "CheckForImplicitPackageReferenceOverrides" hedefini oluşturma tamamlandı.
   3:3>"C:\Users\mrkfk\OneDrive\Desktop\Projelerim\ECommerce\src\Core\ECommerce.Application\ECommerce.Application.csproj" projesinin "C:\Program Files\dotnet\sdk\10.0.100\Sdks\Microsoft.NET.Sdk\targets\Microsoft.NET.Sdk.DefaultItems.Shared.targets" dosyasındaki "ApplyImplicitVersions" hedefi ("CollectPackageReferences" hedefi buna bağımlı):
       "C:\Program Files\dotnet\sdk\10.0.100\Sdks\Microsoft.NET.Sdk\targets\..\tools\net10.0\Microsoft.NET.Build.Tasks.dll" derlemesindeki "ApplyImplicitVersions" görevi kullanılıyor.
       "ApplyImplicitVersions" görevi
       "ApplyImplicitVersions" görevini yürütme tamamlandı.
   3:3>"ECommerce.Application.csproj" projesinde "ApplyImplicitVersions" hedefini oluşturma tamamlandı.
       "CheckForImplicitPackageReferenceOverrides" hedefi atlandı. Önceden başarılı bir şekilde derlenmişti.
   3:3>"C:\Users\mrkfk\OneDrive\Desktop\Projelerim\ECommerce\src\Core\ECommerce.Application\ECommerce.Application.csproj" projesinin "C:\Program Files\dotnet\sdk\10.0.100\Sdks\Microsoft.NET.Sdk\targets\Microsoft.NET.RuntimeIdentifierInference.targets" dosyasındaki "_CheckForLanguageAndFeatureCombinationSupport" hedefi ("ProcessFrameworkReferences" hedefi buna bağımlı):
   3:3>"ECommerce.Application.csproj" projesinde "_CheckForLanguageAndFeatureCombinationSupport" hedefini oluşturma tamamlandı.
   3:3>"C:\Users\mrkfk\OneDrive\Desktop\Projelerim\ECommerce\src\Core\ECommerce.Application\ECommerce.Application.csproj" projesinin "C:\Program Files\dotnet\sdk\10.0.100\Sdks\Microsoft.NET.Sdk\targets\Microsoft.NET.Publish.targets" dosyasındaki "_ComputeToolPackInputsToProcessFrameworkReferences" hedefi ("ProcessFrameworkReferences" hedefi buna bağımlı):
   3:3>"ECommerce.Application.csproj" projesinde "_ComputeToolPackInputsToProcessFrameworkReferences" hedefini oluşturma tamamlandı.
   3:3>"C:\Users\mrkfk\OneDrive\Desktop\Projelerim\ECommerce\src\Core\ECommerce.Application\ECommerce.Application.csproj" projesinin "C:\Program Files\dotnet\sdk\10.0.100\Sdks\Microsoft.NET.Sdk\targets\Microsoft.NET.Sdk.FrameworkReferenceResolution.targets" dosyasındaki "ProcessFrameworkReferences" hedefi ("CollectPackageReferences" hedefi buna bağımlı):
       "C:\Program Files\dotnet\sdk\10.0.100\Sdks\Microsoft.NET.Sdk\targets\..\tools\net10.0\Microsoft.NET.Build.Tasks.dll" derlemesindeki "CheckForDuplicateFrameworkReferences" görevi kullanılıyor.
       "CheckForDuplicateFrameworkReferences" görevi
       "CheckForDuplicateFrameworkReferences" görevini yürütme tamamlandı.
       "C:\Program Files\dotnet\sdk\10.0.100\Sdks\Microsoft.NET.Sdk\targets\..\tools\net10.0\Microsoft.NET.Build.Tasks.dll" derlemesindeki "ProcessFrameworkReferences" görevi kullanılıyor.
       "ProcessFrameworkReferences" görevi
         Found 1 known framework references for target framework .NETCoreApp
         Found 5 known runtime packs for target framework .NETCoreApp
         Selected Microsoft.NETCore.App with RIDs 'linux-arm;linux-arm64;linux-musl-arm64;linux-musl-x64;linux-x64;osx-x64;tizen.4.0.0-armel;tizen.5.0.0-armel;win-arm64;win-x64;win-x86;linux-musl-arm;osx-arm64;linux-s390x;linux-loongarch64;linux-bionic-arm;linux-bionic-arm64;linux-bionic-x64;linux-bionic-x86;linux-ppc64le;freebsd-x64;freebsd-arm64;linux-riscv64;linux-musl-riscv64;linux-musl-loongarch64'
         Selected targeting pack 'Microsoft.NETCore.App@9.0.11'
         Added runtime framework 'Microsoft.NETCore.App@9.0.0'
         Selected Microsoft.WindowsDesktop.App with RIDs 'win-x64;win-x86;win-arm64'
         Selected targeting pack 'Microsoft.WindowsDesktop.App@9.0.11'
         Added runtime framework 'Microsoft.WindowsDesktop.App@9.0.0'
         Selected Microsoft.WindowsDesktop.App with RIDs 'win-x64;win-x86;win-arm64'
         Selected targeting pack 'Microsoft.WindowsDesktop.App.WPF@9.0.11'
         Added runtime framework 'Microsoft.WindowsDesktop.App@9.0.0'
         Selected Microsoft.WindowsDesktop.App with RIDs 'win-x64;win-x86;win-arm64'
         Selected targeting pack 'Microsoft.WindowsDesktop.App.WindowsForms@9.0.11'
         Added runtime framework 'Microsoft.WindowsDesktop.App@9.0.0'
         Selected Microsoft.AspNetCore.App with RIDs 'win-x64;win-x86;osx-x64;linux-musl-x64;linux-musl-arm64;linux-x64;linux-arm;linux-arm64;linux-musl-arm;win-arm64;osx-arm64;linux-s390x;linux-loongarch64;linux-ppc64le;freebsd-x64;freebsd-arm64;linux-riscv64;linux-musl-riscv64;linux-loongarch64;linux-musl-loongarch64'
         Selected targeting pack 'Microsoft.AspNetCore.App@9.0.11'
         Added runtime framework 'Microsoft.AspNetCore.App@9.0.0'
       "ProcessFrameworkReferences" görevini yürütme tamamlandı.
       "C:\Program Files\dotnet\sdk\10.0.100\Sdks\Microsoft.NET.Sdk\targets\..\tools\net10.0\Microsoft.NET.Build.Tasks.dll" derlemesindeki "ResolveAppHosts" görevi kullanılıyor.
       "ResolveAppHosts" görevi
   2:4>"C:\Users\mrkfk\OneDrive\Desktop\Projelerim\ECommerce\src\Core\ECommerce.Domain\ECommerce.Domain.csproj" projesinin "C:\Program Files\dotnet\sdk\10.0.100\Sdks\Microsoft.NET.Sdk\targets\Microsoft.NET.Sdk.DefaultItems.Shared.targets" dosyasındaki "CheckForImplicitPackageReferenceOverrides" hedefi ("CollectPackageReferences" hedefi buna bağımlı):
   2:4>"C:\Program Files\dotnet\sdk\10.0.100\Sdks\Microsoft.NET.Sdk\targets\..\tools\net10.0\Microsoft.NET.Build.Tasks.dll" derlemesindeki "CheckForImplicitPackageReferenceOverrides" görevi kullanılıyor.
       "CheckForImplicitPackageReferenceOverrides" görevi
   3:3>"ResolveAppHosts" görevini yürütme tamamlandı.
   3:3>"ECommerce.Application.csproj" projesinde "ProcessFrameworkReferences" hedefini oluşturma tamamlandı.
   3:3>"C:\Users\mrkfk\OneDrive\Desktop\Projelerim\ECommerce\src\Core\ECommerce.Application\ECommerce.Application.csproj" projesinin "C:\Program Files\dotnet\sdk\10.0.100\Sdks\Microsoft.NET.Sdk\targets\Microsoft.NET.ObsoleteReferences.targets" dosyasındaki "_CheckForObsoleteDotNetCliToolReferences" hedefi ("CollectPackageReferences" hedefi buna bağımlı):
   3:3>"ECommerce.Application.csproj" projesinde "_CheckForObsoleteDotNetCliToolReferences" hedefini oluşturma tamamlandı.
   3:3>"C:\Users\mrkfk\OneDrive\Desktop\Projelerim\ECommerce\src\Core\ECommerce.Application\ECommerce.Application.csproj" projesinin "C:\Program Files\dotnet\sdk\10.0.100\NuGet.targets" dosyasındaki "CollectPackageReferences" hedefi ("_GetRestoreProjectStyle" hedefi buna bağımlı):
       "C:\Program Files\dotnet\sdk\10.0.100\NuGet.Build.Tasks.dll" derlemesindeki "CheckForDuplicateNuGetItemsTask" görevi kullanılıyor.
       "CheckForDuplicateNuGetItemsTask" görevi
       "CheckForDuplicateNuGetItemsTask" görevini yürütme tamamlandı.
   3:3>"ECommerce.Application.csproj" projesinde "CollectPackageReferences" hedefini oluşturma tamamlandı.
   3:3>"C:\Users\mrkfk\OneDrive\Desktop\Projelerim\ECommerce\src\Core\ECommerce.Application\ECommerce.Application.csproj" projesinin "C:\Program Files\dotnet\sdk\10.0.100\NuGet.targets" dosyasındaki "_GetRestoreProjectStyle" hedefi ("_GenerateRestoreSpecs" hedefi buna bağımlı):
       "C:\Program Files\dotnet\sdk\10.0.100\NuGet.Build.Tasks.dll" derlemesindeki "GetRestoreProjectStyleTask" görevi kullanılıyor.
       "GetRestoreProjectStyleTask" görevi
       "GetRestoreProjectStyleTask" görevini yürütme tamamlandı.
   3:3>"ECommerce.Application.csproj" projesinde "_GetRestoreProjectStyle" hedefini oluşturma tamamlandı.
   3:3>"C:\Users\mrkfk\OneDrive\Desktop\Projelerim\ECommerce\src\Core\ECommerce.Application\ECommerce.Application.csproj" projesinin "C:\Program Files\dotnet\sdk\10.0.100\NuGet.targets" dosyasındaki "_GenerateRestoreSpecs" hedefi ("_GenerateRestoreGraphProjectEntry" hedefi buna bağımlı):
       "Microsoft.Build.Tasks.Core, Version=15.1.0.0, Culture=neutral, PublicKeyToken=b03f5f7f11d50a3a" derlemesindeki "Message" görevi kullanılıyor.
       "Message" görevi
         Restore entry point C:\Users\mrkfk\OneDrive\Desktop\Projelerim\ECommerce\src\Core\ECommerce.Application\ECommerce.Application.csproj
       "Message" görevini yürütme tamamlandı.
   2:4>"CheckForImplicitPackageReferenceOverrides" görevini yürütme tamamlandı.
   3:3>"ECommerce.Application.csproj" projesinde "_GenerateRestoreSpecs" hedefini oluşturma tamamlandı.
   3:3>"C:\Users\mrkfk\OneDrive\Desktop\Projelerim\ECommerce\src\Core\ECommerce.Application\ECommerce.Application.csproj" projesinin "C:\Program Files\dotnet\sdk\10.0.100\NuGet.targets" dosyasındaki "_GetRestoreSettingsOverrides" hedefi ("_GetRestoreSettings" hedefi buna bağımlı):
   3:3>"ECommerce.Application.csproj" projesinde "_GetRestoreSettingsOverrides" hedefini oluşturma tamamlandı.
   2:4>"ECommerce.Domain.csproj" projesinde "CheckForImplicitPackageReferenceOverrides" hedefini oluşturma tamamlandı.
   3:3>"C:\Users\mrkfk\OneDrive\Desktop\Projelerim\ECommerce\src\Core\ECommerce.Application\ECommerce.Application.csproj" projesinin "C:\Program Files\dotnet\sdk\10.0.100\NuGet.targets" dosyasındaki "_GetRestoreSettingsPerFramework" hedefi ("_GetRestoreSettingsCurrentProject" hedefi buna bağımlı):
   3:3>"ECommerce.Application.csproj" projesinde "_GetRestoreSettingsPerFramework" hedefini oluşturma tamamlandı.
   2:4>"C:\Users\mrkfk\OneDrive\Desktop\Projelerim\ECommerce\src\Core\ECommerce.Domain\ECommerce.Domain.csproj" projesinin "C:\Program Files\dotnet\sdk\10.0.100\Sdks\Microsoft.NET.Sdk\targets\Microsoft.NET.RuntimeIdentifierInference.targets" dosyasındaki "_CheckForLanguageAndFeatureCombinationSupport" hedefi ("ProcessFrameworkReferences" hedefi buna bağımlı):
   2:4>"ECommerce.Domain.csproj" projesinde "_CheckForLanguageAndFeatureCombinationSupport" hedefini oluşturma tamamlandı.
   3:3>"C:\Users\mrkfk\OneDrive\Desktop\Projelerim\ECommerce\src\Core\ECommerce.Application\ECommerce.Application.csproj" projesinin "C:\Program Files\dotnet\sdk\10.0.100\NuGet.targets" dosyasındaki "_GetRestoreSettingsCurrentProject" hedefi ("_GetRestoreSettings" hedefi buna bağımlı):
   3:3>"ECommerce.Application.csproj" projesinde "_GetRestoreSettingsCurrentProject" hedefini oluşturma tamamlandı.
   3:3>"C:\Users\mrkfk\OneDrive\Desktop\Projelerim\ECommerce\src\Core\ECommerce.Application\ECommerce.Application.csproj" projesinin "C:\Program Files\dotnet\sdk\10.0.100\NuGet.targets" dosyasındaki "_GetRestoreSettings" hedefi ("_GenerateDotnetCliToolReferenceSpecs" hedefi buna bağımlı):
       "C:\Program Files\dotnet\sdk\10.0.100\NuGet.Build.Tasks.dll" derlemesindeki "GetRestoreSettingsTask" görevi kullanılıyor.
       "GetRestoreSettingsTask" görevi
   2:4>"C:\Users\mrkfk\OneDrive\Desktop\Projelerim\ECommerce\src\Core\ECommerce.Domain\ECommerce.Domain.csproj" projesinin "C:\Program Files\dotnet\sdk\10.0.100\Sdks\Microsoft.NET.Sdk\targets\Microsoft.NET.Publish.targets" dosyasındaki "_ComputeToolPackInputsToProcessFrameworkReferences" hedefi ("ProcessFrameworkReferences" hedefi buna bağımlı):
   2:4>"ECommerce.Domain.csproj" projesinde "_ComputeToolPackInputsToProcessFrameworkReferences" hedefini oluşturma tamamlandı.
   2:4>"C:\Users\mrkfk\OneDrive\Desktop\Projelerim\ECommerce\src\Core\ECommerce.Domain\ECommerce.Domain.csproj" projesinin "C:\Program Files\dotnet\sdk\10.0.100\Sdks\Microsoft.NET.Sdk\targets\Microsoft.NET.Sdk.FrameworkReferenceResolution.targets" dosyasındaki "ProcessFrameworkReferences" hedefi ("CollectPackageReferences" hedefi buna bağımlı):
       "C:\Program Files\dotnet\sdk\10.0.100\Sdks\Microsoft.NET.Sdk\targets\..\tools\net10.0\Microsoft.NET.Build.Tasks.dll" derlemesindeki "CheckForDuplicateFrameworkReferences" görevi kullanılıyor.
       "CheckForDuplicateFrameworkReferences" görevi
       "CheckForDuplicateFrameworkReferences" görevini yürütme tamamlandı.
       "C:\Program Files\dotnet\sdk\10.0.100\Sdks\Microsoft.NET.Sdk\targets\..\tools\net10.0\Microsoft.NET.Build.Tasks.dll" derlemesindeki "ProcessFrameworkReferences" görevi kullanılıyor.
       "ProcessFrameworkReferences" görevi
   3:3>"GetRestoreSettingsTask" görevini yürütme tamamlandı.
   3:3>"ECommerce.Application.csproj" projesinde "_GetRestoreSettings" hedefini oluşturma tamamlandı.
   3:3>"C:\Users\mrkfk\OneDrive\Desktop\Projelerim\ECommerce\src\Core\ECommerce.Application\ECommerce.Application.csproj" projesinin "C:\Program Files\dotnet\sdk\10.0.100\NuGet.targets" dosyasındaki "_GenerateDotnetCliToolReferenceSpecs" hedefi ("_GenerateRestoreGraphProjectEntry" hedefi buna bağımlı):
       "C:\Program Files\dotnet\sdk\10.0.100\NuGet.Build.Tasks.dll" derlemesindeki "GetRestoreDotnetCliToolsTask" görevi kullanılıyor.
       "GetRestoreDotnetCliToolsTask" görevi
       "GetRestoreDotnetCliToolsTask" görevini yürütme tamamlandı.
   3:3>"ECommerce.Application.csproj" projesinde "_GenerateDotnetCliToolReferenceSpecs" hedefini oluşturma tamamlandı.
   3:3>"C:\Users\mrkfk\OneDrive\Desktop\Projelerim\ECommerce\src\Core\ECommerce.Application\ECommerce.Application.csproj" projesinin "C:\Program Files\dotnet\sdk\10.0.100\NuGet.targets" dosyasındaki "_GenerateRestoreGraphProjectEntry" hedefi (giriş noktası):
   3:3>"ECommerce.Application.csproj" projesinde "_GenerateRestoreGraphProjectEntry" hedefini oluşturma tamamlandı.
   3:3>"C:\Users\mrkfk\OneDrive\Desktop\Projelerim\ECommerce\src\Core\ECommerce.Application\ECommerce.Application.csproj" Projesini Oluşturma İşlemi Tamamlandı (_GenerateRestoreGraphProjectEntry hedef).
   2:4>ProcessFrameworkReferences:
         Found 1 known framework references for target framework .NETCoreApp
         Found 5 known runtime packs for target framework .NETCoreApp
         Selected Microsoft.NETCore.App with RIDs 'linux-arm;linux-arm64;linux-musl-arm64;linux-musl-x64;linux-x64;osx-x64;tizen.4.0.0-armel;tizen.5.0.0-armel;win-arm64;win-x64;win-x86;linux-musl-arm;osx-arm64;linux-s390x;linux-loongarch64;linux-bionic-arm;linux-bionic-arm64;linux-bionic-x64;linux-bionic-x86;linux-ppc64le;freebsd-x64;freebsd-arm64;linux-riscv64;linux-musl-riscv64;linux-musl-loongarch64'
         Selected targeting pack 'Microsoft.NETCore.App@9.0.11'
         Added runtime framework 'Microsoft.NETCore.App@9.0.0'
         Selected Microsoft.WindowsDesktop.App with RIDs 'win-x64;win-x86;win-arm64'
         Selected targeting pack 'Microsoft.WindowsDesktop.App@9.0.11'
         Added runtime framework 'Microsoft.WindowsDesktop.App@9.0.0'
         Selected Microsoft.WindowsDesktop.App with RIDs 'win-x64;win-x86;win-arm64'
         Selected targeting pack 'Microsoft.WindowsDesktop.App.WPF@9.0.11'
         Added runtime framework 'Microsoft.WindowsDesktop.App@9.0.0'
         Selected Microsoft.WindowsDesktop.App with RIDs 'win-x64;win-x86;win-arm64'
         Selected targeting pack 'Microsoft.WindowsDesktop.App.WindowsForms@9.0.11'
         Added runtime framework 'Microsoft.WindowsDesktop.App@9.0.0'
         Selected Microsoft.AspNetCore.App with RIDs 'win-x64;win-x86;osx-x64;linux-musl-x64;linux-musl-arm64;linux-x64;linux-arm;linux-arm64;linux-musl-arm;win-arm64;osx-arm64;linux-s390x;linux-loongarch64;linux-ppc64le;freebsd-x64;freebsd-arm64;linux-riscv64;linux-musl-riscv64;linux-loongarch64;linux-musl-loongarch64'
         Selected targeting pack 'Microsoft.AspNetCore.App@9.0.11'
         Added runtime framework 'Microsoft.AspNetCore.App@9.0.0'
       "ProcessFrameworkReferences" görevini yürütme tamamlandı.
       "C:\Program Files\dotnet\sdk\10.0.100\Sdks\Microsoft.NET.Sdk\targets\..\tools\net10.0\Microsoft.NET.Build.Tasks.dll" derlemesindeki "ResolveAppHosts" görevi kullanılıyor.
       "ResolveAppHosts" görevi
       "ResolveAppHosts" görevini yürütme tamamlandı.
   2:4>"ECommerce.Domain.csproj" projesinde "ProcessFrameworkReferences" hedefini oluşturma tamamlandı.
   2:4>"C:\Users\mrkfk\OneDrive\Desktop\Projelerim\ECommerce\src\Core\ECommerce.Domain\ECommerce.Domain.csproj" projesinin "C:\Program Files\dotnet\sdk\10.0.100\Sdks\Microsoft.NET.Sdk\targets\Microsoft.NET.ObsoleteReferences.targets" dosyasındaki "_CheckForObsoleteDotNetCliToolReferences" hedefi ("CollectPackageReferences" hedefi buna bağımlı):
   2:4>"ECommerce.Domain.csproj" projesinde "_CheckForObsoleteDotNetCliToolReferences" hedefini oluşturma tamamlandı.
   2:4>"C:\Users\mrkfk\OneDrive\Desktop\Projelerim\ECommerce\src\Core\ECommerce.Domain\ECommerce.Domain.csproj" projesinin "C:\Program Files\dotnet\sdk\10.0.100\NuGet.targets" dosyasındaki "CollectPackageReferences" hedefi ("_GetRestoreProjectStyle" hedefi buna bağımlı):
       "C:\Program Files\dotnet\sdk\10.0.100\NuGet.Build.Tasks.dll" derlemesindeki "CheckForDuplicateNuGetItemsTask" görevi kullanılıyor.
       "CheckForDuplicateNuGetItemsTask" görevi
       "CheckForDuplicateNuGetItemsTask" görevini yürütme tamamlandı.
   2:4>"ECommerce.Domain.csproj" projesinde "CollectPackageReferences" hedefini oluşturma tamamlandı.
   2:4>"C:\Users\mrkfk\OneDrive\Desktop\Projelerim\ECommerce\src\Core\ECommerce.Domain\ECommerce.Domain.csproj" projesinin "C:\Program Files\dotnet\sdk\10.0.100\NuGet.targets" dosyasındaki "_GetRestoreProjectStyle" hedefi ("_GenerateRestoreSpecs" hedefi buna bağımlı):
       "C:\Program Files\dotnet\sdk\10.0.100\NuGet.Build.Tasks.dll" derlemesindeki "GetRestoreProjectStyleTask" görevi kullanılıyor.
       "GetRestoreProjectStyleTask" görevi
       "GetRestoreProjectStyleTask" görevini yürütme tamamlandı.
   2:4>"ECommerce.Domain.csproj" projesinde "_GetRestoreProjectStyle" hedefini oluşturma tamamlandı.
   2:4>"C:\Users\mrkfk\OneDrive\Desktop\Projelerim\ECommerce\src\Core\ECommerce.Domain\ECommerce.Domain.csproj" projesinin "C:\Program Files\dotnet\sdk\10.0.100\NuGet.targets" dosyasındaki "_GenerateRestoreSpecs" hedefi ("_GenerateRestoreGraphProjectEntry" hedefi buna bağımlı):
       "Message" görevi
         Restore entry point C:\Users\mrkfk\OneDrive\Desktop\Projelerim\ECommerce\src\Core\ECommerce.Domain\ECommerce.Domain.csproj
       "Message" görevini yürütme tamamlandı.
   2:4>"ECommerce.Domain.csproj" projesinde "_GenerateRestoreSpecs" hedefini oluşturma tamamlandı.
   2:4>"C:\Users\mrkfk\OneDrive\Desktop\Projelerim\ECommerce\src\Core\ECommerce.Domain\ECommerce.Domain.csproj" projesinin "C:\Program Files\dotnet\sdk\10.0.100\NuGet.targets" dosyasındaki "_GetRestoreSettingsOverrides" hedefi ("_GetRestoreSettings" hedefi buna bağımlı):
   2:4>"ECommerce.Domain.csproj" projesinde "_GetRestoreSettingsOverrides" hedefini oluşturma tamamlandı.
   2:4>"C:\Users\mrkfk\OneDrive\Desktop\Projelerim\ECommerce\src\Core\ECommerce.Domain\ECommerce.Domain.csproj" projesinin "C:\Program Files\dotnet\sdk\10.0.100\NuGet.targets" dosyasındaki "_GetRestoreSettingsPerFramework" hedefi ("_GetRestoreSettingsCurrentProject" hedefi buna bağımlı):
   2:4>"ECommerce.Domain.csproj" projesinde "_GetRestoreSettingsPerFramework" hedefini oluşturma tamamlandı.
   2:4>"C:\Users\mrkfk\OneDrive\Desktop\Projelerim\ECommerce\src\Core\ECommerce.Domain\ECommerce.Domain.csproj" projesinin "C:\Program Files\dotnet\sdk\10.0.100\NuGet.targets" dosyasındaki "_GetRestoreSettingsCurrentProject" hedefi ("_GetRestoreSettings" hedefi buna bağımlı):
   2:4>"ECommerce.Domain.csproj" projesinde "_GetRestoreSettingsCurrentProject" hedefini oluşturma tamamlandı.
   2:4>"C:\Users\mrkfk\OneDrive\Desktop\Projelerim\ECommerce\src\Core\ECommerce.Domain\ECommerce.Domain.csproj" projesinin "C:\Program Files\dotnet\sdk\10.0.100\NuGet.targets" dosyasındaki "_GetRestoreSettings" hedefi ("_GenerateDotnetCliToolReferenceSpecs" hedefi buna bağımlı):
       "C:\Program Files\dotnet\sdk\10.0.100\NuGet.Build.Tasks.dll" derlemesindeki "GetRestoreSettingsTask" görevi kullanılıyor.
       "GetRestoreSettingsTask" görevi
         Derleme TaskRun (NuGet.Build.Tasks.GetRestoreSettingsTask) sırasında yüklendi: NuGet.Configuration, Version=7.0.0.0, Culture=neutral, PublicKeyToken=31bf3856ad364e35 (konum: C:\Program Files\dotnet\sdk\10.0.100\NuGet.Configuration.dll, MVID: bb10013e-187b-462a-933a-e9beabfb7bea, AssemblyLoadContext: MSBuild plugin C:\Program Files\dotnet\sdk\10.0.100\NuGet.Build.Tasks.dll)
       "GetRestoreSettingsTask" görevini yürütme tamamlandı.
   2:4>"ECommerce.Domain.csproj" projesinde "_GetRestoreSettings" hedefini oluşturma tamamlandı.
   2:4>"C:\Users\mrkfk\OneDrive\Desktop\Projelerim\ECommerce\src\Core\ECommerce.Domain\ECommerce.Domain.csproj" projesinin "C:\Program Files\dotnet\sdk\10.0.100\NuGet.targets" dosyasındaki "_GenerateDotnetCliToolReferenceSpecs" hedefi ("_GenerateRestoreGraphProjectEntry" hedefi buna bağımlı):
       "C:\Program Files\dotnet\sdk\10.0.100\NuGet.Build.Tasks.dll" derlemesindeki "GetRestoreDotnetCliToolsTask" görevi kullanılıyor.
       "GetRestoreDotnetCliToolsTask" görevi
       "GetRestoreDotnetCliToolsTask" görevini yürütme tamamlandı.
   2:4>"ECommerce.Domain.csproj" projesinde "_GenerateDotnetCliToolReferenceSpecs" hedefini oluşturma tamamlandı.
   2:4>"C:\Users\mrkfk\OneDrive\Desktop\Projelerim\ECommerce\src\Core\ECommerce.Domain\ECommerce.Domain.csproj" projesinin "C:\Program Files\dotnet\sdk\10.0.100\NuGet.targets" dosyasındaki "_GenerateRestoreGraphProjectEntry" hedefi (giriş noktası):
   2:4>"ECommerce.Domain.csproj" projesinde "_GenerateRestoreGraphProjectEntry" hedefini oluşturma tamamlandı.
   2:4>"C:\Users\mrkfk\OneDrive\Desktop\Projelerim\ECommerce\src\Core\ECommerce.Domain\ECommerce.Domain.csproj" Projesini Oluşturma İşlemi Tamamlandı (_GenerateRestoreGraphProjectEntry hedef).
     1>"C:\Users\mrkfk\OneDrive\Desktop\Projelerim\ECommerce\src\Infrastructure\ECommerce.Infrastructure\ECommerce.Infrastructure.csproj" projesi (1) 1 düğümünde "C:\Users\mrkfk\OneDrive\Desktop\Projelerim\ECommerce\src\Infrastructure\ECommerce.Infrastructure\ECommerce.Infrastructure.csproj" (1:5) oluşturuyor (_GenerateRestoreGraphProjectEntry hedef).
   1:5>"C:\Users\mrkfk\OneDrive\Desktop\Projelerim\ECommerce\src\Infrastructure\ECommerce.Infrastructure\ECommerce.Infrastructure.csproj" projesinin "C:\Program Files\dotnet\sdk\10.0.100\Sdks\Microsoft.NET.Sdk\targets\Microsoft.NET.TargetFrameworkInference.targets" dosyasındaki "_CheckForUnsupportedNETCoreVersion" hedefi ("CollectPackageReferences" hedefi buna bağımlı):
   1:5>"ECommerce.Infrastructure.csproj" projesinde "_CheckForUnsupportedNETCoreVersion" hedefini oluşturma tamamlandı.
   1:5>"C:\Users\mrkfk\OneDrive\Desktop\Projelerim\ECommerce\src\Infrastructure\ECommerce.Infrastructure\ECommerce.Infrastructure.csproj" projesinin "C:\Program Files\dotnet\sdk\10.0.100\Sdks\Microsoft.NET.Sdk\targets\Microsoft.NET.TargetFrameworkInference.targets" dosyasındaki "_CheckForUnsupportedCppNETCoreVersion" hedefi ("CollectPackageReferences" hedefi buna bağımlı):
   1:5>"ECommerce.Infrastructure.csproj" projesinde "_CheckForUnsupportedCppNETCoreVersion" hedefini oluşturma tamamlandı.
   1:5>"C:\Users\mrkfk\OneDrive\Desktop\Projelerim\ECommerce\src\Infrastructure\ECommerce.Infrastructure\ECommerce.Infrastructure.csproj" projesinin "C:\Program Files\dotnet\sdk\10.0.100\Sdks\Microsoft.NET.Sdk\targets\Microsoft.NET.Sdk.DefaultItems.Shared.targets" dosyasındaki "UpdateAspNetToFrameworkReference" hedefi ("ApplyImplicitVersions" hedefi buna bağımlı):
       "C:\Program Files\dotnet\sdk\10.0.100\Sdks\Microsoft.NET.Sdk\targets\..\tools\net10.0\Microsoft.NET.Build.Tasks.dll" derlemesindeki "CheckIfPackageReferenceShouldBeFrameworkReference" görevi kullanılıyor.
       "CheckIfPackageReferenceShouldBeFrameworkReference" görevi
       "CheckIfPackageReferenceShouldBeFrameworkReference" görevini yürütme tamamlandı.
       "CheckIfPackageReferenceShouldBeFrameworkReference" görevi
       "CheckIfPackageReferenceShouldBeFrameworkReference" görevini yürütme tamamlandı.
   1:5>"ECommerce.Infrastructure.csproj" projesinde "UpdateAspNetToFrameworkReference" hedefini oluşturma tamamlandı.
   1:5>"C:\Users\mrkfk\OneDrive\Desktop\Projelerim\ECommerce\src\Infrastructure\ECommerce.Infrastructure\ECommerce.Infrastructure.csproj" projesinin "C:\Program Files\dotnet\sdk\10.0.100\Sdks\Microsoft.NET.Sdk\targets\Microsoft.NET.Sdk.DefaultItems.Shared.targets" dosyasındaki "CheckForImplicitPackageReferenceOverrides" hedefi ("ApplyImplicitVersions" hedefi buna bağımlı):
       "C:\Program Files\dotnet\sdk\10.0.100\Sdks\Microsoft.NET.Sdk\targets\..\tools\net10.0\Microsoft.NET.Build.Tasks.dll" derlemesindeki "CheckForImplicitPackageReferenceOverrides" görevi kullanılıyor.
       "CheckForImplicitPackageReferenceOverrides" görevi
       "CheckForImplicitPackageReferenceOverrides" görevini yürütme tamamlandı.
   1:5>"ECommerce.Infrastructure.csproj" projesinde "CheckForImplicitPackageReferenceOverrides" hedefini oluşturma tamamlandı.
   1:5>"C:\Users\mrkfk\OneDrive\Desktop\Projelerim\ECommerce\src\Infrastructure\ECommerce.Infrastructure\ECommerce.Infrastructure.csproj" projesinin "C:\Program Files\dotnet\sdk\10.0.100\Sdks\Microsoft.NET.Sdk\targets\Microsoft.NET.Sdk.DefaultItems.Shared.targets" dosyasındaki "ApplyImplicitVersions" hedefi ("CollectPackageReferences" hedefi buna bağımlı):
       "C:\Program Files\dotnet\sdk\10.0.100\Sdks\Microsoft.NET.Sdk\targets\..\tools\net10.0\Microsoft.NET.Build.Tasks.dll" derlemesindeki "ApplyImplicitVersions" görevi kullanılıyor.
       "ApplyImplicitVersions" görevi
       "ApplyImplicitVersions" görevini yürütme tamamlandı.
   1:5>"ECommerce.Infrastructure.csproj" projesinde "ApplyImplicitVersions" hedefini oluşturma tamamlandı.
       "CheckForImplicitPackageReferenceOverrides" hedefi atlandı. Önceden başarılı bir şekilde derlenmişti.
   1:5>"C:\Users\mrkfk\OneDrive\Desktop\Projelerim\ECommerce\src\Infrastructure\ECommerce.Infrastructure\ECommerce.Infrastructure.csproj" projesinin "C:\Program Files\dotnet\sdk\10.0.100\Sdks\Microsoft.NET.Sdk\targets\Microsoft.NET.RuntimeIdentifierInference.targets" dosyasındaki "_CheckForLanguageAndFeatureCombinationSupport" hedefi ("ProcessFrameworkReferences" hedefi buna bağımlı):
   1:5>"ECommerce.Infrastructure.csproj" projesinde "_CheckForLanguageAndFeatureCombinationSupport" hedefini oluşturma tamamlandı.
   1:5>"C:\Users\mrkfk\OneDrive\Desktop\Projelerim\ECommerce\src\Infrastructure\ECommerce.Infrastructure\ECommerce.Infrastructure.csproj" projesinin "C:\Program Files\dotnet\sdk\10.0.100\Sdks\Microsoft.NET.Sdk\targets\Microsoft.NET.Publish.targets" dosyasındaki "_ComputeToolPackInputsToProcessFrameworkReferences" hedefi ("ProcessFrameworkReferences" hedefi buna bağımlı):
   1:5>"ECommerce.Infrastructure.csproj" projesinde "_ComputeToolPackInputsToProcessFrameworkReferences" hedefini oluşturma tamamlandı.
   1:5>"C:\Users\mrkfk\OneDrive\Desktop\Projelerim\ECommerce\src\Infrastructure\ECommerce.Infrastructure\ECommerce.Infrastructure.csproj" projesinin "C:\Program Files\dotnet\sdk\10.0.100\Sdks\Microsoft.NET.Sdk\targets\Microsoft.NET.Sdk.FrameworkReferenceResolution.targets" dosyasındaki "ProcessFrameworkReferences" hedefi ("CollectPackageReferences" hedefi buna bağımlı):
       "C:\Program Files\dotnet\sdk\10.0.100\Sdks\Microsoft.NET.Sdk\targets\..\tools\net10.0\Microsoft.NET.Build.Tasks.dll" derlemesindeki "CheckForDuplicateFrameworkReferences" görevi kullanılıyor.
       "CheckForDuplicateFrameworkReferences" görevi
       "CheckForDuplicateFrameworkReferences" görevini yürütme tamamlandı.
       "C:\Program Files\dotnet\sdk\10.0.100\Sdks\Microsoft.NET.Sdk\targets\..\tools\net10.0\Microsoft.NET.Build.Tasks.dll" derlemesindeki "ProcessFrameworkReferences" görevi kullanılıyor.
       "ProcessFrameworkReferences" görevi
         Found 2 known framework references for target framework .NETCoreApp
         Found 5 known runtime packs for target framework .NETCoreApp
         Selected Microsoft.NETCore.App with RIDs 'linux-arm;linux-arm64;linux-musl-arm64;linux-musl-x64;linux-x64;osx-x64;tizen.4.0.0-armel;tizen.5.0.0-armel;win-arm64;win-x64;win-x86;linux-musl-arm;osx-arm64;linux-s390x;linux-loongarch64;linux-bionic-arm;linux-bionic-arm64;linux-bionic-x64;linux-bionic-x86;linux-ppc64le;freebsd-x64;freebsd-arm64;linux-riscv64;linux-musl-riscv64;linux-musl-loongarch64'
         Selected targeting pack 'Microsoft.NETCore.App@9.0.11'
         Added runtime framework 'Microsoft.NETCore.App@9.0.0'
         Selected Microsoft.WindowsDesktop.App with RIDs 'win-x64;win-x86;win-arm64'
         Selected targeting pack 'Microsoft.WindowsDesktop.App@9.0.11'
         Added runtime framework 'Microsoft.WindowsDesktop.App@9.0.0'
         Selected Microsoft.WindowsDesktop.App with RIDs 'win-x64;win-x86;win-arm64'
         Selected targeting pack 'Microsoft.WindowsDesktop.App.WPF@9.0.11'
         Added runtime framework 'Microsoft.WindowsDesktop.App@9.0.0'
         Selected Microsoft.WindowsDesktop.App with RIDs 'win-x64;win-x86;win-arm64'
         Selected targeting pack 'Microsoft.WindowsDesktop.App.WindowsForms@9.0.11'
         Added runtime framework 'Microsoft.WindowsDesktop.App@9.0.0'
         Selected Microsoft.AspNetCore.App with RIDs 'win-x64;win-x86;osx-x64;linux-musl-x64;linux-musl-arm64;linux-x64;linux-arm;linux-arm64;linux-musl-arm;win-arm64;osx-arm64;linux-s390x;linux-loongarch64;linux-ppc64le;freebsd-x64;freebsd-arm64;linux-riscv64;linux-musl-riscv64;linux-loongarch64;linux-musl-loongarch64'
         Selected targeting pack 'Microsoft.AspNetCore.App@9.0.11'
         Added runtime framework 'Microsoft.AspNetCore.App@9.0.0'
       "ProcessFrameworkReferences" görevini yürütme tamamlandı.
       "C:\Program Files\dotnet\sdk\10.0.100\Sdks\Microsoft.NET.Sdk\targets\..\tools\net10.0\Microsoft.NET.Build.Tasks.dll" derlemesindeki "ResolveAppHosts" görevi kullanılıyor.
       "ResolveAppHosts" görevi
       "ResolveAppHosts" görevini yürütme tamamlandı.
   1:5>"ECommerce.Infrastructure.csproj" projesinde "ProcessFrameworkReferences" hedefini oluşturma tamamlandı.
   1:5>"C:\Users\mrkfk\OneDrive\Desktop\Projelerim\ECommerce\src\Infrastructure\ECommerce.Infrastructure\ECommerce.Infrastructure.csproj" projesinin "C:\Program Files\dotnet\sdk\10.0.100\Sdks\Microsoft.NET.Sdk\targets\Microsoft.NET.ObsoleteReferences.targets" dosyasındaki "_CheckForObsoleteDotNetCliToolReferences" hedefi ("CollectPackageReferences" hedefi buna bağımlı):
   1:5>"ECommerce.Infrastructure.csproj" projesinde "_CheckForObsoleteDotNetCliToolReferences" hedefini oluşturma tamamlandı.
   1:5>"C:\Users\mrkfk\OneDrive\Desktop\Projelerim\ECommerce\src\Infrastructure\ECommerce.Infrastructure\ECommerce.Infrastructure.csproj" projesinin "C:\Program Files\dotnet\sdk\10.0.100\NuGet.targets" dosyasındaki "CollectPackageReferences" hedefi ("_GetRestoreProjectStyle" hedefi buna bağımlı):
       "C:\Program Files\dotnet\sdk\10.0.100\NuGet.Build.Tasks.dll" derlemesindeki "CheckForDuplicateNuGetItemsTask" görevi kullanılıyor.
       "CheckForDuplicateNuGetItemsTask" görevi
       "CheckForDuplicateNuGetItemsTask" görevini yürütme tamamlandı.
   1:5>"ECommerce.Infrastructure.csproj" projesinde "CollectPackageReferences" hedefini oluşturma tamamlandı.
   1:5>"C:\Users\mrkfk\OneDrive\Desktop\Projelerim\ECommerce\src\Infrastructure\ECommerce.Infrastructure\ECommerce.Infrastructure.csproj" projesinin "C:\Program Files\dotnet\sdk\10.0.100\NuGet.targets" dosyasındaki "_GetRestoreProjectStyle" hedefi ("_GenerateRestoreSpecs" hedefi buna bağımlı):
       "C:\Program Files\dotnet\sdk\10.0.100\NuGet.Build.Tasks.dll" derlemesindeki "GetRestoreProjectStyleTask" görevi kullanılıyor.
       "GetRestoreProjectStyleTask" görevi
       "GetRestoreProjectStyleTask" görevini yürütme tamamlandı.
   1:5>"ECommerce.Infrastructure.csproj" projesinde "_GetRestoreProjectStyle" hedefini oluşturma tamamlandı.
   1:5>"C:\Users\mrkfk\OneDrive\Desktop\Projelerim\ECommerce\src\Infrastructure\ECommerce.Infrastructure\ECommerce.Infrastructure.csproj" projesinin "C:\Program Files\dotnet\sdk\10.0.100\NuGet.targets" dosyasındaki "_GenerateRestoreSpecs" hedefi ("_GenerateRestoreGraphProjectEntry" hedefi buna bağımlı):
       "Message" görevi
         Restore entry point C:\Users\mrkfk\OneDrive\Desktop\Projelerim\ECommerce\src\Infrastructure\ECommerce.Infrastructure\ECommerce.Infrastructure.csproj
       "Message" görevini yürütme tamamlandı.
   1:5>"ECommerce.Infrastructure.csproj" projesinde "_GenerateRestoreSpecs" hedefini oluşturma tamamlandı.
   1:5>"C:\Users\mrkfk\OneDrive\Desktop\Projelerim\ECommerce\src\Infrastructure\ECommerce.Infrastructure\ECommerce.Infrastructure.csproj" projesinin "C:\Program Files\dotnet\sdk\10.0.100\NuGet.targets" dosyasındaki "_GetRestoreSettingsOverrides" hedefi ("_GetRestoreSettings" hedefi buna bağımlı):
   1:5>"ECommerce.Infrastructure.csproj" projesinde "_GetRestoreSettingsOverrides" hedefini oluşturma tamamlandı.
   1:5>"C:\Users\mrkfk\OneDrive\Desktop\Projelerim\ECommerce\src\Infrastructure\ECommerce.Infrastructure\ECommerce.Infrastructure.csproj" projesinin "C:\Program Files\dotnet\sdk\10.0.100\NuGet.targets" dosyasındaki "_GetRestoreSettingsPerFramework" hedefi ("_GetRestoreSettingsCurrentProject" hedefi buna bağımlı):
   1:5>"ECommerce.Infrastructure.csproj" projesinde "_GetRestoreSettingsPerFramework" hedefini oluşturma tamamlandı.
   1:5>"C:\Users\mrkfk\OneDrive\Desktop\Projelerim\ECommerce\src\Infrastructure\ECommerce.Infrastructure\ECommerce.Infrastructure.csproj" projesinin "C:\Program Files\dotnet\sdk\10.0.100\NuGet.targets" dosyasındaki "_GetRestoreSettingsCurrentProject" hedefi ("_GetRestoreSettings" hedefi buna bağımlı):
   1:5>"ECommerce.Infrastructure.csproj" projesinde "_GetRestoreSettingsCurrentProject" hedefini oluşturma tamamlandı.
   1:5>"C:\Users\mrkfk\OneDrive\Desktop\Projelerim\ECommerce\src\Infrastructure\ECommerce.Infrastructure\ECommerce.Infrastructure.csproj" projesinin "C:\Program Files\dotnet\sdk\10.0.100\NuGet.targets" dosyasındaki "_GetRestoreSettings" hedefi ("_GenerateDotnetCliToolReferenceSpecs" hedefi buna bağımlı):
       "C:\Program Files\dotnet\sdk\10.0.100\NuGet.Build.Tasks.dll" derlemesindeki "GetRestoreSettingsTask" görevi kullanılıyor.
       "GetRestoreSettingsTask" görevi
       "GetRestoreSettingsTask" görevini yürütme tamamlandı.
   1:5>"ECommerce.Infrastructure.csproj" projesinde "_GetRestoreSettings" hedefini oluşturma tamamlandı.
   1:5>"C:\Users\mrkfk\OneDrive\Desktop\Projelerim\ECommerce\src\Infrastructure\ECommerce.Infrastructure\ECommerce.Infrastructure.csproj" projesinin "C:\Program Files\dotnet\sdk\10.0.100\NuGet.targets" dosyasındaki "_GenerateDotnetCliToolReferenceSpecs" hedefi ("_GenerateRestoreGraphProjectEntry" hedefi buna bağımlı):
       "C:\Program Files\dotnet\sdk\10.0.100\NuGet.Build.Tasks.dll" derlemesindeki "GetRestoreDotnetCliToolsTask" görevi kullanılıyor.
       "GetRestoreDotnetCliToolsTask" görevi
       "GetRestoreDotnetCliToolsTask" görevini yürütme tamamlandı.
   1:5>"ECommerce.Infrastructure.csproj" projesinde "_GenerateDotnetCliToolReferenceSpecs" hedefini oluşturma tamamlandı.
   1:5>"C:\Users\mrkfk\OneDrive\Desktop\Projelerim\ECommerce\src\Infrastructure\ECommerce.Infrastructure\ECommerce.Infrastructure.csproj" projesinin "C:\Program Files\dotnet\sdk\10.0.100\NuGet.targets" dosyasındaki "_GenerateRestoreGraphProjectEntry" hedefi (giriş noktası):
   1:5>"ECommerce.Infrastructure.csproj" projesinde "_GenerateRestoreGraphProjectEntry" hedefini oluşturma tamamlandı.
   1:5>"C:\Users\mrkfk\OneDrive\Desktop\Projelerim\ECommerce\src\Infrastructure\ECommerce.Infrastructure\ECommerce.Infrastructure.csproj" Projesini Oluşturma İşlemi Tamamlandı (_GenerateRestoreGraphProjectEntry hedef).
     1>"MSBuild" görevini yürütme tamamlandı.
       "MSBuild" görevi
         Genel Özellikler:
           ExcludeRestorePackageImports=true
     1>"C:\Users\mrkfk\OneDrive\Desktop\Projelerim\ECommerce\src\Infrastructure\ECommerce.Infrastructure\ECommerce.Infrastructure.csproj" projesi (1) 1 düğümünde "C:\Users\mrkfk\OneDrive\Desktop\Projelerim\ECommerce\src\Core\ECommerce.Domain\ECommerce.Domain.csproj" (2:5) oluşturuyor (_GenerateProjectRestoreGraph hedef).
   2:5>"_GetRestoreProjectStyle" hedefi atlandı. Önceden başarılı bir şekilde derlenmişti.
       "_GetRestoreProjectStyle" hedefi atlandı. Önceden başarılı bir şekilde derlenmişti.
       "_GetRestoreProjectStyle" hedefi atlandı. Önceden başarılı bir şekilde derlenmişti.
   2:5>"C:\Users\mrkfk\OneDrive\Desktop\Projelerim\ECommerce\src\Core\ECommerce.Domain\ECommerce.Domain.csproj" projesinin "C:\Program Files\dotnet\sdk\10.0.100\NuGet.targets" dosyasındaki "_GetRestoreTargetFrameworkOverride" hedefi ("_GetRestoreTargetFrameworksOutput" hedefi buna bağımlı):
   2:5>"ECommerce.Domain.csproj" projesinde "_GetRestoreTargetFrameworkOverride" hedefini oluşturma tamamlandı.
     1>"C:\Users\mrkfk\OneDrive\Desktop\Projelerim\ECommerce\src\Infrastructure\ECommerce.Infrastructure\ECommerce.Infrastructure.csproj" projesi (1) 2 düğümünde "C:\Users\mrkfk\OneDrive\Desktop\Projelerim\ECommerce\src\Core\ECommerce.Application\ECommerce.Application.csproj" (3:4) oluşturuyor (_GenerateProjectRestoreGraph hedef).
   3:4>"_GetRestoreProjectStyle" hedefi atlandı. Önceden başarılı bir şekilde derlenmişti.
       "_GetRestoreProjectStyle" hedefi atlandı. Önceden başarılı bir şekilde derlenmişti.
       "_GetRestoreProjectStyle" hedefi atlandı. Önceden başarılı bir şekilde derlenmişti.
   2:5>"C:\Users\mrkfk\OneDrive\Desktop\Projelerim\ECommerce\src\Core\ECommerce.Domain\ECommerce.Domain.csproj" projesinin "C:\Program Files\dotnet\sdk\10.0.100\NuGet.targets" dosyasındaki "_GetRestoreTargetFrameworksOutput" hedefi ("_GenerateRestoreProjectSpec" hedefi buna bağımlı):
   2:5>"C:\Program Files\dotnet\sdk\10.0.100\NuGet.Build.Tasks.dll" derlemesindeki "GetProjectTargetFrameworksTask" görevi kullanılıyor.
       "GetProjectTargetFrameworksTask" görevi
   3:4>"C:\Users\mrkfk\OneDrive\Desktop\Projelerim\ECommerce\src\Core\ECommerce.Application\ECommerce.Application.csproj" projesinin "C:\Program Files\dotnet\sdk\10.0.100\NuGet.targets" dosyasındaki "_GetRestoreTargetFrameworkOverride" hedefi ("_GetRestoreTargetFrameworksOutput" hedefi buna bağımlı):
   3:4>"ECommerce.Application.csproj" projesinde "_GetRestoreTargetFrameworkOverride" hedefini oluşturma tamamlandı.
   3:4>"C:\Users\mrkfk\OneDrive\Desktop\Projelerim\ECommerce\src\Core\ECommerce.Application\ECommerce.Application.csproj" projesinin "C:\Program Files\dotnet\sdk\10.0.100\NuGet.targets" dosyasındaki "_GetRestoreTargetFrameworksOutput" hedefi ("_GenerateRestoreProjectSpec" hedefi buna bağımlı):
       "C:\Program Files\dotnet\sdk\10.0.100\NuGet.Build.Tasks.dll" derlemesindeki "GetProjectTargetFrameworksTask" görevi kullanılıyor.
       "GetProjectTargetFrameworksTask" görevi
       "GetProjectTargetFrameworksTask" görevini yürütme tamamlandı.
   3:4>"ECommerce.Application.csproj" projesinde "_GetRestoreTargetFrameworksOutput" hedefini oluşturma tamamlandı.
       "_GetRestoreSettings" hedefi atlandı. Önceden başarılı bir şekilde derlenmişti.
   3:4>"C:\Users\mrkfk\OneDrive\Desktop\Projelerim\ECommerce\src\Core\ECommerce.Application\ECommerce.Application.csproj" projesinin "C:\Program Files\dotnet\sdk\10.0.100\NuGet.targets" dosyasındaki "_GenerateRestoreProjectSpec" hedefi ("_GenerateProjectRestoreGraph" hedefi buna bağımlı):
       "ConvertToAbsolutePath" görevi
       "ConvertToAbsolutePath" görevini yürütme tamamlandı.
   3:4>"ECommerce.Application.csproj" projesinde "_GenerateRestoreProjectSpec" hedefini oluşturma tamamlandı.
       "_GetRestoreProjectStyle" hedefi atlandı. Önceden başarılı bir şekilde derlenmişti.
       "CollectPackageReferences" hedefi atlandı. Önceden başarılı bir şekilde derlenmişti.
   3:4>"C:\Users\mrkfk\OneDrive\Desktop\Projelerim\ECommerce\src\Core\ECommerce.Application\ECommerce.Application.csproj" projesinin "C:\Program Files\dotnet\sdk\10.0.100\NuGet.targets" dosyasındaki "CollectPackageDownloads" hedefi ("_CollectRestoreInputs" hedefi buna bağımlı):
       "CheckForDuplicateNuGetItemsTask" görevi
       "CheckForDuplicateNuGetItemsTask" görevini yürütme tamamlandı.
   3:4>"ECommerce.Application.csproj" projesinde "CollectPackageDownloads" hedefini oluşturma tamamlandı.
   2:5>"GetProjectTargetFrameworksTask" görevini yürütme tamamlandı.
   3:4>"C:\Users\mrkfk\OneDrive\Desktop\Projelerim\ECommerce\src\Core\ECommerce.Application\ECommerce.Application.csproj" projesinin "C:\Program Files\dotnet\sdk\10.0.100\NuGet.targets" dosyasındaki "CollectFrameworkReferences" hedefi ("_CollectRestoreInputs" hedefi buna bağımlı):
   3:4>"ECommerce.Application.csproj" projesinde "CollectFrameworkReferences" hedefini oluşturma tamamlandı.
   3:4>"C:\Users\mrkfk\OneDrive\Desktop\Projelerim\ECommerce\src\Core\ECommerce.Application\ECommerce.Application.csproj" projesinin "C:\Program Files\dotnet\sdk\10.0.100\NuGet.targets" dosyasındaki "CollectCentralPackageVersions" hedefi ("_CollectRestoreInputs" hedefi buna bağımlı):
       "CheckForDuplicateNuGetItemsTask" görevi
       "CheckForDuplicateNuGetItemsTask" görevini yürütme tamamlandı.
   2:5>"ECommerce.Domain.csproj" projesinde "_GetRestoreTargetFrameworksOutput" hedefini oluşturma tamamlandı.
       "_GetRestoreSettings" hedefi atlandı. Önceden başarılı bir şekilde derlenmişti.
   3:4>"ECommerce.Application.csproj" projesinde "CollectCentralPackageVersions" hedefini oluşturma tamamlandı.
   2:5>"C:\Users\mrkfk\OneDrive\Desktop\Projelerim\ECommerce\src\Core\ECommerce.Domain\ECommerce.Domain.csproj" projesinin "C:\Program Files\dotnet\sdk\10.0.100\NuGet.targets" dosyasındaki "_GenerateRestoreProjectSpec" hedefi ("_GenerateProjectRestoreGraph" hedefi buna bağımlı):
   2:5>"ConvertToAbsolutePath" görevi
   3:4>"C:\Users\mrkfk\OneDrive\Desktop\Projelerim\ECommerce\src\Core\ECommerce.Application\ECommerce.Application.csproj" projesinin "C:\Program Files\dotnet\sdk\10.0.100\NuGet.targets" dosyasındaki "CollectNuGetAuditSuppressions" hedefi ("_CollectRestoreInputs" hedefi buna bağımlı):
   3:4>"CheckForDuplicateNuGetItemsTask" görevi
       "CheckForDuplicateNuGetItemsTask" görevini yürütme tamamlandı.
   3:4>"ECommerce.Application.csproj" projesinde "CollectNuGetAuditSuppressions" hedefini oluşturma tamamlandı.
   3:4>"C:\Users\mrkfk\OneDrive\Desktop\Projelerim\ECommerce\src\Core\ECommerce.Application\ECommerce.Application.csproj" projesinin "C:\Program Files\dotnet\sdk\10.0.100\NuGet.targets" dosyasındaki "CollectPrunePackageReferences" hedefi ("_CollectRestoreInputs" hedefi buna bağımlı):
       "CheckForDuplicateNuGetItemsTask" görevi
       "CheckForDuplicateNuGetItemsTask" görevini yürütme tamamlandı.
   3:4>"ECommerce.Application.csproj" projesinde "CollectPrunePackageReferences" hedefini oluşturma tamamlandı.
   2:5>"ConvertToAbsolutePath" görevini yürütme tamamlandı.
   3:4>"C:\Users\mrkfk\OneDrive\Desktop\Projelerim\ECommerce\src\Core\ECommerce.Application\ECommerce.Application.csproj" projesinin "C:\Program Files\dotnet\sdk\10.0.100\NuGet.targets" dosyasındaki "_CollectRestoreInputs" hedefi ("_GenerateProjectRestoreGraphPerFramework" hedefi buna bağımlı):
   3:4>"ECommerce.Application.csproj" projesinde "_CollectRestoreInputs" hedefini oluşturma tamamlandı.
   3:4>"C:\Users\mrkfk\OneDrive\Desktop\Projelerim\ECommerce\src\Core\ECommerce.Application\ECommerce.Application.csproj" projesinin "C:\Program Files\dotnet\sdk\10.0.100\NuGet.targets" dosyasındaki "_GenerateProjectRestoreGraphPerFramework" hedefi ("_GenerateProjectRestoreGraphCurrentProject" hedefi buna bağımlı):
       "C:\Program Files\dotnet\sdk\10.0.100\NuGet.Build.Tasks.dll" derlemesindeki "GetRestoreProjectReferencesTask" görevi kullanılıyor.
       "GetRestoreProjectReferencesTask" görevi
   2:5>"ECommerce.Domain.csproj" projesinde "_GenerateRestoreProjectSpec" hedefini oluşturma tamamlandı.
       "_GetRestoreProjectStyle" hedefi atlandı. Önceden başarılı bir şekilde derlenmişti.
       "CollectPackageReferences" hedefi atlandı. Önceden başarılı bir şekilde derlenmişti.
   3:4>"GetRestoreProjectReferencesTask" görevini yürütme tamamlandı.
   2:5>"C:\Users\mrkfk\OneDrive\Desktop\Projelerim\ECommerce\src\Core\ECommerce.Domain\ECommerce.Domain.csproj" projesinin "C:\Program Files\dotnet\sdk\10.0.100\NuGet.targets" dosyasındaki "CollectPackageDownloads" hedefi ("_CollectRestoreInputs" hedefi buna bağımlı):
   2:5>"CheckForDuplicateNuGetItemsTask" görevi
   3:4>_GenerateProjectRestoreGraphPerFramework:
       "C:\Program Files\dotnet\sdk\10.0.100\NuGet.Build.Tasks.dll" derlemesindeki "GetRestorePackageReferencesTask" görevi kullanılıyor.
       "GetRestorePackageReferencesTask" görevi
       "GetRestorePackageReferencesTask" görevini yürütme tamamlandı.
   2:5>"CheckForDuplicateNuGetItemsTask" görevini yürütme tamamlandı.
   3:4>_GenerateProjectRestoreGraphPerFramework:
       "C:\Program Files\dotnet\sdk\10.0.100\NuGet.Build.Tasks.dll" derlemesindeki "GetRestorePackageDownloadsTask" görevi kullanılıyor.
       "GetRestorePackageDownloadsTask" görevi
   2:5>"ECommerce.Domain.csproj" projesinde "CollectPackageDownloads" hedefini oluşturma tamamlandı.
   2:5>"C:\Users\mrkfk\OneDrive\Desktop\Projelerim\ECommerce\src\Core\ECommerce.Domain\ECommerce.Domain.csproj" projesinin "C:\Program Files\dotnet\sdk\10.0.100\NuGet.targets" dosyasındaki "CollectFrameworkReferences" hedefi ("_CollectRestoreInputs" hedefi buna bağımlı):
   2:5>"ECommerce.Domain.csproj" projesinde "CollectFrameworkReferences" hedefini oluşturma tamamlandı.
   2:5>"C:\Users\mrkfk\OneDrive\Desktop\Projelerim\ECommerce\src\Core\ECommerce.Domain\ECommerce.Domain.csproj" projesinin "C:\Program Files\dotnet\sdk\10.0.100\NuGet.targets" dosyasındaki "CollectCentralPackageVersions" hedefi ("_CollectRestoreInputs" hedefi buna bağımlı):
       "CheckForDuplicateNuGetItemsTask" görevi
   3:4>"GetRestorePackageDownloadsTask" görevini yürütme tamamlandı.
   2:5>"CheckForDuplicateNuGetItemsTask" görevini yürütme tamamlandı.
   2:5>"ECommerce.Domain.csproj" projesinde "CollectCentralPackageVersions" hedefini oluşturma tamamlandı.
   3:4>_GenerateProjectRestoreGraphPerFramework:
       "C:\Program Files\dotnet\sdk\10.0.100\NuGet.Build.Tasks.dll" derlemesindeki "GetRestoreFrameworkReferencesTask" görevi kullanılıyor.
       "GetRestoreFrameworkReferencesTask" görevi
   2:5>"C:\Users\mrkfk\OneDrive\Desktop\Projelerim\ECommerce\src\Core\ECommerce.Domain\ECommerce.Domain.csproj" projesinin "C:\Program Files\dotnet\sdk\10.0.100\NuGet.targets" dosyasındaki "CollectNuGetAuditSuppressions" hedefi ("_CollectRestoreInputs" hedefi buna bağımlı):
   2:5>"CheckForDuplicateNuGetItemsTask" görevi
       "CheckForDuplicateNuGetItemsTask" görevini yürütme tamamlandı.
   2:5>"ECommerce.Domain.csproj" projesinde "CollectNuGetAuditSuppressions" hedefini oluşturma tamamlandı.
   2:5>"C:\Users\mrkfk\OneDrive\Desktop\Projelerim\ECommerce\src\Core\ECommerce.Domain\ECommerce.Domain.csproj" projesinin "C:\Program Files\dotnet\sdk\10.0.100\NuGet.targets" dosyasındaki "CollectPrunePackageReferences" hedefi ("_CollectRestoreInputs" hedefi buna bağımlı):
       "CheckForDuplicateNuGetItemsTask" görevi
       "CheckForDuplicateNuGetItemsTask" görevini yürütme tamamlandı.
   2:5>"ECommerce.Domain.csproj" projesinde "CollectPrunePackageReferences" hedefini oluşturma tamamlandı.
   2:5>"C:\Users\mrkfk\OneDrive\Desktop\Projelerim\ECommerce\src\Core\ECommerce.Domain\ECommerce.Domain.csproj" projesinin "C:\Program Files\dotnet\sdk\10.0.100\NuGet.targets" dosyasındaki "_CollectRestoreInputs" hedefi ("_GenerateProjectRestoreGraphPerFramework" hedefi buna bağımlı):
   2:5>"ECommerce.Domain.csproj" projesinde "_CollectRestoreInputs" hedefini oluşturma tamamlandı.
   3:4>"GetRestoreFrameworkReferencesTask" görevini yürütme tamamlandı.
   2:5>"C:\Users\mrkfk\OneDrive\Desktop\Projelerim\ECommerce\src\Core\ECommerce.Domain\ECommerce.Domain.csproj" projesinin "C:\Program Files\dotnet\sdk\10.0.100\NuGet.targets" dosyasındaki "_GenerateProjectRestoreGraphPerFramework" hedefi ("_GenerateProjectRestoreGraphCurrentProject" hedefi buna bağımlı):
   2:5>"C:\Program Files\dotnet\sdk\10.0.100\NuGet.Build.Tasks.dll" derlemesindeki "GetRestoreProjectReferencesTask" görevi kullanılıyor.
       "GetRestoreProjectReferencesTask" görevi
   3:4>_GenerateProjectRestoreGraphPerFramework:
       "C:\Program Files\dotnet\sdk\10.0.100\NuGet.Build.Tasks.dll" derlemesindeki "GetRestoreNuGetAuditSuppressionsTask" görevi kullanılıyor.
       "GetRestoreNuGetAuditSuppressionsTask" görevi
   2:5>"GetRestoreProjectReferencesTask" görevini yürütme tamamlandı.
   3:4>"GetRestoreNuGetAuditSuppressionsTask" görevini yürütme tamamlandı.
   2:5>_GenerateProjectRestoreGraphPerFramework:
       "C:\Program Files\dotnet\sdk\10.0.100\NuGet.Build.Tasks.dll" derlemesindeki "GetRestorePackageReferencesTask" görevi kullanılıyor.
       "GetRestorePackageReferencesTask" görevi
   3:4>_GenerateProjectRestoreGraphPerFramework:
       "C:\Program Files\dotnet\sdk\10.0.100\NuGet.Build.Tasks.dll" derlemesindeki "GetRestorePrunePackageReferencesTask" görevi kullanılıyor.
       "GetRestorePrunePackageReferencesTask" görevi
   2:5>"GetRestorePackageReferencesTask" görevini yürütme tamamlandı.
       "C:\Program Files\dotnet\sdk\10.0.100\NuGet.Build.Tasks.dll" derlemesindeki "GetRestorePackageDownloadsTask" görevi kullanılıyor.
   3:4>"GetRestorePrunePackageReferencesTask" görevini yürütme tamamlandı.
   2:5>"GetRestorePackageDownloadsTask" görevi
   3:4>"ECommerce.Application.csproj" projesinde "_GenerateProjectRestoreGraphPerFramework" hedefini oluşturma tamamlandı.
   3:4>"C:\Users\mrkfk\OneDrive\Desktop\Projelerim\ECommerce\src\Core\ECommerce.Application\ECommerce.Application.csproj" projesinin "C:\Program Files\dotnet\sdk\10.0.100\NuGet.targets" dosyasındaki "_GenerateProjectRestoreGraphCurrentProject" hedefi ("_GenerateRestoreDependencies" hedefi buna bağımlı):
   3:4>"ECommerce.Application.csproj" projesinde "_GenerateProjectRestoreGraphCurrentProject" hedefini oluşturma tamamlandı.
   3:4>"C:\Users\mrkfk\OneDrive\Desktop\Projelerim\ECommerce\src\Core\ECommerce.Application\ECommerce.Application.csproj" projesinin "C:\Program Files\dotnet\sdk\10.0.100\NuGet.targets" dosyasındaki "_GenerateRestoreDependencies" hedefi ("_GenerateProjectRestoreGraph" hedefi buna bağımlı):
   3:4>"ECommerce.Application.csproj" projesinde "_GenerateRestoreDependencies" hedefini oluşturma tamamlandı.
   3:4>"C:\Users\mrkfk\OneDrive\Desktop\Projelerim\ECommerce\src\Core\ECommerce.Application\ECommerce.Application.csproj" projesinin "C:\Program Files\dotnet\sdk\10.0.100\NuGet.targets" dosyasındaki "_GenerateProjectRestoreGraph" hedefi (giriş noktası):
   3:4>"ECommerce.Application.csproj" projesinde "_GenerateProjectRestoreGraph" hedefini oluşturma tamamlandı.
   3:4>"C:\Users\mrkfk\OneDrive\Desktop\Projelerim\ECommerce\src\Core\ECommerce.Application\ECommerce.Application.csproj" Projesini Oluşturma İşlemi Tamamlandı (_GenerateProjectRestoreGraph hedef).
   2:5>"GetRestorePackageDownloadsTask" görevini yürütme tamamlandı.
       "C:\Program Files\dotnet\sdk\10.0.100\NuGet.Build.Tasks.dll" derlemesindeki "GetRestoreFrameworkReferencesTask" görevi kullanılıyor.
       "GetRestoreFrameworkReferencesTask" görevi
       "GetRestoreFrameworkReferencesTask" görevini yürütme tamamlandı.
       "C:\Program Files\dotnet\sdk\10.0.100\NuGet.Build.Tasks.dll" derlemesindeki "GetRestoreNuGetAuditSuppressionsTask" görevi kullanılıyor.
       "GetRestoreNuGetAuditSuppressionsTask" görevi
       "GetRestoreNuGetAuditSuppressionsTask" görevini yürütme tamamlandı.
       "C:\Program Files\dotnet\sdk\10.0.100\NuGet.Build.Tasks.dll" derlemesindeki "GetRestorePrunePackageReferencesTask" görevi kullanılıyor.
       "GetRestorePrunePackageReferencesTask" görevi
       "GetRestorePrunePackageReferencesTask" görevini yürütme tamamlandı.
   2:5>"ECommerce.Domain.csproj" projesinde "_GenerateProjectRestoreGraphPerFramework" hedefini oluşturma tamamlandı.
   2:5>"C:\Users\mrkfk\OneDrive\Desktop\Projelerim\ECommerce\src\Core\ECommerce.Domain\ECommerce.Domain.csproj" projesinin "C:\Program Files\dotnet\sdk\10.0.100\NuGet.targets" dosyasındaki "_GenerateProjectRestoreGraphCurrentProject" hedefi ("_GenerateRestoreDependencies" hedefi buna bağımlı):
   2:5>"ECommerce.Domain.csproj" projesinde "_GenerateProjectRestoreGraphCurrentProject" hedefini oluşturma tamamlandı.
   2:5>"C:\Users\mrkfk\OneDrive\Desktop\Projelerim\ECommerce\src\Core\ECommerce.Domain\ECommerce.Domain.csproj" projesinin "C:\Program Files\dotnet\sdk\10.0.100\NuGet.targets" dosyasındaki "_GenerateRestoreDependencies" hedefi ("_GenerateProjectRestoreGraph" hedefi buna bağımlı):
   2:5>"ECommerce.Domain.csproj" projesinde "_GenerateRestoreDependencies" hedefini oluşturma tamamlandı.
   2:5>"C:\Users\mrkfk\OneDrive\Desktop\Projelerim\ECommerce\src\Core\ECommerce.Domain\ECommerce.Domain.csproj" projesinin "C:\Program Files\dotnet\sdk\10.0.100\NuGet.targets" dosyasındaki "_GenerateProjectRestoreGraph" hedefi (giriş noktası):
   2:5>"ECommerce.Domain.csproj" projesinde "_GenerateProjectRestoreGraph" hedefini oluşturma tamamlandı.
   2:5>"C:\Users\mrkfk\OneDrive\Desktop\Projelerim\ECommerce\src\Core\ECommerce.Domain\ECommerce.Domain.csproj" Projesini Oluşturma İşlemi Tamamlandı (_GenerateProjectRestoreGraph hedef).
     1>"C:\Users\mrkfk\OneDrive\Desktop\Projelerim\ECommerce\src\Infrastructure\ECommerce.Infrastructure\ECommerce.Infrastructure.csproj" projesi (1) 1 düğümünde "C:\Users\mrkfk\OneDrive\Desktop\Projelerim\ECommerce\src\Infrastructure\ECommerce.Infrastructure\ECommerce.Infrastructure.csproj" (1:6) oluşturuyor (_GenerateProjectRestoreGraph hedef).
   1:6>"_GetRestoreProjectStyle" hedefi atlandı. Önceden başarılı bir şekilde derlenmişti.
       "_GetRestoreProjectStyle" hedefi atlandı. Önceden başarılı bir şekilde derlenmişti.
       "_GetRestoreProjectStyle" hedefi atlandı. Önceden başarılı bir şekilde derlenmişti.
   1:6>"C:\Users\mrkfk\OneDrive\Desktop\Projelerim\ECommerce\src\Infrastructure\ECommerce.Infrastructure\ECommerce.Infrastructure.csproj" projesinin "C:\Program Files\dotnet\sdk\10.0.100\NuGet.targets" dosyasındaki "_GetRestoreTargetFrameworkOverride" hedefi ("_GetRestoreTargetFrameworksOutput" hedefi buna bağımlı):
   1:6>"ECommerce.Infrastructure.csproj" projesinde "_GetRestoreTargetFrameworkOverride" hedefini oluşturma tamamlandı.
   1:6>"C:\Users\mrkfk\OneDrive\Desktop\Projelerim\ECommerce\src\Infrastructure\ECommerce.Infrastructure\ECommerce.Infrastructure.csproj" projesinin "C:\Program Files\dotnet\sdk\10.0.100\NuGet.targets" dosyasındaki "_GetRestoreTargetFrameworksOutput" hedefi ("_GenerateRestoreProjectSpec" hedefi buna bağımlı):
       "C:\Program Files\dotnet\sdk\10.0.100\NuGet.Build.Tasks.dll" derlemesindeki "GetProjectTargetFrameworksTask" görevi kullanılıyor.
       "GetProjectTargetFrameworksTask" görevi
       "GetProjectTargetFrameworksTask" görevini yürütme tamamlandı.
   1:6>"ECommerce.Infrastructure.csproj" projesinde "_GetRestoreTargetFrameworksOutput" hedefini oluşturma tamamlandı.
       "_GetRestoreSettings" hedefi atlandı. Önceden başarılı bir şekilde derlenmişti.
   1:6>"C:\Users\mrkfk\OneDrive\Desktop\Projelerim\ECommerce\src\Infrastructure\ECommerce.Infrastructure\ECommerce.Infrastructure.csproj" projesinin "C:\Program Files\dotnet\sdk\10.0.100\NuGet.targets" dosyasındaki "_GenerateRestoreProjectSpec" hedefi ("_GenerateProjectRestoreGraph" hedefi buna bağımlı):
       "ConvertToAbsolutePath" görevi
       "ConvertToAbsolutePath" görevini yürütme tamamlandı.
   1:6>"ECommerce.Infrastructure.csproj" projesinde "_GenerateRestoreProjectSpec" hedefini oluşturma tamamlandı.
       "_GetRestoreProjectStyle" hedefi atlandı. Önceden başarılı bir şekilde derlenmişti.
       "CollectPackageReferences" hedefi atlandı. Önceden başarılı bir şekilde derlenmişti.
   1:6>"C:\Users\mrkfk\OneDrive\Desktop\Projelerim\ECommerce\src\Infrastructure\ECommerce.Infrastructure\ECommerce.Infrastructure.csproj" projesinin "C:\Program Files\dotnet\sdk\10.0.100\NuGet.targets" dosyasındaki "CollectPackageDownloads" hedefi ("_CollectRestoreInputs" hedefi buna bağımlı):
       "CheckForDuplicateNuGetItemsTask" görevi
       "CheckForDuplicateNuGetItemsTask" görevini yürütme tamamlandı.
   1:6>"ECommerce.Infrastructure.csproj" projesinde "CollectPackageDownloads" hedefini oluşturma tamamlandı.
   1:6>"C:\Users\mrkfk\OneDrive\Desktop\Projelerim\ECommerce\src\Infrastructure\ECommerce.Infrastructure\ECommerce.Infrastructure.csproj" projesinin "C:\Program Files\dotnet\sdk\10.0.100\NuGet.targets" dosyasındaki "CollectFrameworkReferences" hedefi ("_CollectRestoreInputs" hedefi buna bağımlı):
   1:6>"ECommerce.Infrastructure.csproj" projesinde "CollectFrameworkReferences" hedefini oluşturma tamamlandı.
   1:6>"C:\Users\mrkfk\OneDrive\Desktop\Projelerim\ECommerce\src\Infrastructure\ECommerce.Infrastructure\ECommerce.Infrastructure.csproj" projesinin "C:\Program Files\dotnet\sdk\10.0.100\NuGet.targets" dosyasındaki "CollectCentralPackageVersions" hedefi ("_CollectRestoreInputs" hedefi buna bağımlı):
       "CheckForDuplicateNuGetItemsTask" görevi
       "CheckForDuplicateNuGetItemsTask" görevini yürütme tamamlandı.
   1:6>"ECommerce.Infrastructure.csproj" projesinde "CollectCentralPackageVersions" hedefini oluşturma tamamlandı.
   1:6>"C:\Users\mrkfk\OneDrive\Desktop\Projelerim\ECommerce\src\Infrastructure\ECommerce.Infrastructure\ECommerce.Infrastructure.csproj" projesinin "C:\Program Files\dotnet\sdk\10.0.100\NuGet.targets" dosyasındaki "CollectNuGetAuditSuppressions" hedefi ("_CollectRestoreInputs" hedefi buna bağımlı):
       "CheckForDuplicateNuGetItemsTask" görevi
       "CheckForDuplicateNuGetItemsTask" görevini yürütme tamamlandı.
   1:6>"ECommerce.Infrastructure.csproj" projesinde "CollectNuGetAuditSuppressions" hedefini oluşturma tamamlandı.
   1:6>"C:\Users\mrkfk\OneDrive\Desktop\Projelerim\ECommerce\src\Infrastructure\ECommerce.Infrastructure\ECommerce.Infrastructure.csproj" projesinin "C:\Program Files\dotnet\sdk\10.0.100\NuGet.targets" dosyasındaki "CollectPrunePackageReferences" hedefi ("_CollectRestoreInputs" hedefi buna bağımlı):
       "CheckForDuplicateNuGetItemsTask" görevi
       "CheckForDuplicateNuGetItemsTask" görevini yürütme tamamlandı.
   1:6>"ECommerce.Infrastructure.csproj" projesinde "CollectPrunePackageReferences" hedefini oluşturma tamamlandı.
   1:6>"C:\Users\mrkfk\OneDrive\Desktop\Projelerim\ECommerce\src\Infrastructure\ECommerce.Infrastructure\ECommerce.Infrastructure.csproj" projesinin "C:\Program Files\dotnet\sdk\10.0.100\NuGet.targets" dosyasındaki "_CollectRestoreInputs" hedefi ("_GenerateProjectRestoreGraphPerFramework" hedefi buna bağımlı):
   1:6>"ECommerce.Infrastructure.csproj" projesinde "_CollectRestoreInputs" hedefini oluşturma tamamlandı.
   1:6>"C:\Users\mrkfk\OneDrive\Desktop\Projelerim\ECommerce\src\Infrastructure\ECommerce.Infrastructure\ECommerce.Infrastructure.csproj" projesinin "C:\Program Files\dotnet\sdk\10.0.100\NuGet.targets" dosyasındaki "_GenerateProjectRestoreGraphPerFramework" hedefi ("_GenerateProjectRestoreGraphCurrentProject" hedefi buna bağımlı):
       "C:\Program Files\dotnet\sdk\10.0.100\NuGet.Build.Tasks.dll" derlemesindeki "GetRestoreProjectReferencesTask" görevi kullanılıyor.
       "GetRestoreProjectReferencesTask" görevi
       "GetRestoreProjectReferencesTask" görevini yürütme tamamlandı.
       "C:\Program Files\dotnet\sdk\10.0.100\NuGet.Build.Tasks.dll" derlemesindeki "GetRestorePackageReferencesTask" görevi kullanılıyor.
       "GetRestorePackageReferencesTask" görevi
       "GetRestorePackageReferencesTask" görevini yürütme tamamlandı.
       "C:\Program Files\dotnet\sdk\10.0.100\NuGet.Build.Tasks.dll" derlemesindeki "GetRestorePackageDownloadsTask" görevi kullanılıyor.
       "GetRestorePackageDownloadsTask" görevi
       "GetRestorePackageDownloadsTask" görevini yürütme tamamlandı.
       "C:\Program Files\dotnet\sdk\10.0.100\NuGet.Build.Tasks.dll" derlemesindeki "GetRestoreFrameworkReferencesTask" görevi kullanılıyor.
       "GetRestoreFrameworkReferencesTask" görevi
       "GetRestoreFrameworkReferencesTask" görevini yürütme tamamlandı.
       "C:\Program Files\dotnet\sdk\10.0.100\NuGet.Build.Tasks.dll" derlemesindeki "GetRestoreNuGetAuditSuppressionsTask" görevi kullanılıyor.
       "GetRestoreNuGetAuditSuppressionsTask" görevi
       "GetRestoreNuGetAuditSuppressionsTask" görevini yürütme tamamlandı.
       "C:\Program Files\dotnet\sdk\10.0.100\NuGet.Build.Tasks.dll" derlemesindeki "GetRestorePrunePackageReferencesTask" görevi kullanılıyor.
       "GetRestorePrunePackageReferencesTask" görevi
       "GetRestorePrunePackageReferencesTask" görevini yürütme tamamlandı.
   1:6>"ECommerce.Infrastructure.csproj" projesinde "_GenerateProjectRestoreGraphPerFramework" hedefini oluşturma tamamlandı.
   1:6>"C:\Users\mrkfk\OneDrive\Desktop\Projelerim\ECommerce\src\Infrastructure\ECommerce.Infrastructure\ECommerce.Infrastructure.csproj" projesinin "C:\Program Files\dotnet\sdk\10.0.100\NuGet.targets" dosyasındaki "_GenerateProjectRestoreGraphCurrentProject" hedefi ("_GenerateRestoreDependencies" hedefi buna bağımlı):
   1:6>"ECommerce.Infrastructure.csproj" projesinde "_GenerateProjectRestoreGraphCurrentProject" hedefini oluşturma tamamlandı.
   1:6>"C:\Users\mrkfk\OneDrive\Desktop\Projelerim\ECommerce\src\Infrastructure\ECommerce.Infrastructure\ECommerce.Infrastructure.csproj" projesinin "C:\Program Files\dotnet\sdk\10.0.100\NuGet.targets" dosyasındaki "_GenerateRestoreDependencies" hedefi ("_GenerateProjectRestoreGraph" hedefi buna bağımlı):
   1:6>"ECommerce.Infrastructure.csproj" projesinde "_GenerateRestoreDependencies" hedefini oluşturma tamamlandı.
   1:6>"C:\Users\mrkfk\OneDrive\Desktop\Projelerim\ECommerce\src\Infrastructure\ECommerce.Infrastructure\ECommerce.Infrastructure.csproj" projesinin "C:\Program Files\dotnet\sdk\10.0.100\NuGet.targets" dosyasındaki "_GenerateProjectRestoreGraph" hedefi (giriş noktası):
   1:6>"ECommerce.Infrastructure.csproj" projesinde "_GenerateProjectRestoreGraph" hedefini oluşturma tamamlandı.
   1:6>"C:\Users\mrkfk\OneDrive\Desktop\Projelerim\ECommerce\src\Infrastructure\ECommerce.Infrastructure\ECommerce.Infrastructure.csproj" Projesini Oluşturma İşlemi Tamamlandı (_GenerateProjectRestoreGraph hedef).
     1>"MSBuild" görevini yürütme tamamlandı.
     1>"ECommerce.Infrastructure.csproj" projesinde "_GenerateRestoreGraph" hedefini oluşturma tamamlandı.
     1>"C:\Users\mrkfk\OneDrive\Desktop\Projelerim\ECommerce\src\Infrastructure\ECommerce.Infrastructure\ECommerce.Infrastructure.csproj" projesinin "C:\Program Files\dotnet\sdk\10.0.100\Sdks\Microsoft.NET.Sdk\targets\Microsoft.NET.TargetFrameworkInference.targets" dosyasındaki "_CollectTargetFrameworkForTelemetry" hedefi ("Restore" hedefi buna bağımlı):
       "C:\Program Files\dotnet\sdk\10.0.100\Sdks\Microsoft.NET.Sdk\targets\..\tools\net10.0\Microsoft.NET.Build.Tasks.dll" derlemesindeki "AllowEmptyTelemetry" görevi kullanılıyor.
       "AllowEmptyTelemetry" görevi
       "AllowEmptyTelemetry" görevini yürütme tamamlandı.
     1>"ECommerce.Infrastructure.csproj" projesinde "_CollectTargetFrameworkForTelemetry" hedefini oluşturma tamamlandı.
     1>"C:\Users\mrkfk\OneDrive\Desktop\Projelerim\ECommerce\src\Infrastructure\ECommerce.Infrastructure\ECommerce.Infrastructure.csproj" projesinin "C:\Program Files\dotnet\sdk\10.0.100\Sdks\Microsoft.NET.Sdk\targets\Microsoft.NET.TargetFrameworkInference.targets" dosyasındaki "_CheckForUnsupportedNETCoreVersion" hedefi ("Restore" hedefi buna bağımlı):
     1>"ECommerce.Infrastructure.csproj" projesinde "_CheckForUnsupportedNETCoreVersion" hedefini oluşturma tamamlandı.
     1>"C:\Users\mrkfk\OneDrive\Desktop\Projelerim\ECommerce\src\Infrastructure\ECommerce.Infrastructure\ECommerce.Infrastructure.csproj" projesinin "C:\Program Files\dotnet\sdk\10.0.100\Sdks\Microsoft.NET.Sdk\targets\Microsoft.NET.TargetFrameworkInference.targets" dosyasındaki "_CheckForUnsupportedCppNETCoreVersion" hedefi ("Restore" hedefi buna bağımlı):
     1>"ECommerce.Infrastructure.csproj" projesinde "_CheckForUnsupportedCppNETCoreVersion" hedefini oluşturma tamamlandı.
     1>"C:\Users\mrkfk\OneDrive\Desktop\Projelerim\ECommerce\src\Infrastructure\ECommerce.Infrastructure\ECommerce.Infrastructure.csproj" projesinin "C:\Program Files\dotnet\sdk\10.0.100\NuGet.targets" dosyasındaki "Restore" hedefi (giriş noktası):
       "RemoveDuplicates" görevi
       "RemoveDuplicates" görevini yürütme tamamlandı.
       "C:\Program Files\dotnet\sdk\10.0.100\NuGet.Build.Tasks.dll" derlemesindeki "RestoreTask" görevi kullanılıyor.
       "RestoreTask" görevi
         Derleme TaskRun (NuGet.Build.Tasks.RestoreTask) sırasında yüklendi: NuGet.Packaging, Version=7.0.0.0, Culture=neutral, PublicKeyToken=31bf3856ad364e35 (konum: C:\Program Files\dotnet\sdk\10.0.100\NuGet.Packaging.dll, MVID: 213537d6-d9dc-498e-b0c9-d2ec19128b73, AssemblyLoadContext: MSBuild plugin C:\Program Files\dotnet\sdk\10.0.100\NuGet.Build.Tasks.dll)
         Derleme TaskRun (NuGet.Build.Tasks.RestoreTask) sırasında yüklendi: NuGet.LibraryModel, Version=7.0.0.0, Culture=neutral, PublicKeyToken=31bf3856ad364e35 (konum: C:\Program Files\dotnet\sdk\10.0.100\NuGet.LibraryModel.dll, MVID: 32cfc5d8-2340-4201-ac21-280f1a055205, AssemblyLoadContext: MSBuild plugin C:\Program Files\dotnet\sdk\10.0.100\NuGet.Build.Tasks.dll)
         Derleme TaskRun (NuGet.Build.Tasks.RestoreTask) sırasında yüklendi: NuGet.Versioning, Version=7.0.0.0, Culture=neutral, PublicKeyToken=31bf3856ad364e35 (konum: C:\Program Files\dotnet\sdk\10.0.100\NuGet.Versioning.dll, MVID: 0b79b7cd-ffbc-46b7-8cd2-ea36ee314822, AssemblyLoadContext: MSBuild plugin C:\Program Files\dotnet\sdk\10.0.100\NuGet.Build.Tasks.dll)
         Derleme TaskRun (NuGet.Build.Tasks.RestoreTask) sırasında yüklendi: NuGet.Frameworks, Version=7.0.0.0, Culture=neutral, PublicKeyToken=31bf3856ad364e35 (konum: C:\Program Files\dotnet\sdk\10.0.100\NuGet.Frameworks.dll, MVID: 850f02e4-7dfe-443c-87d1-982613f2ce8f, AssemblyLoadContext: MSBuild plugin C:\Program Files\dotnet\sdk\10.0.100\NuGet.Build.Tasks.dll)
         Derleme TaskRun (NuGet.Build.Tasks.RestoreTask) sırasında yüklendi: NuGet.Protocol, Version=7.0.0.0, Culture=neutral, PublicKeyToken=31bf3856ad364e35 (konum: C:\Program Files\dotnet\sdk\10.0.100\NuGet.Protocol.dll, MVID: a915e891-4e64-4171-a698-7803468fc56b, AssemblyLoadContext: MSBuild plugin C:\Program Files\dotnet\sdk\10.0.100\NuGet.Build.Tasks.dll)
         Derleme TaskRun (NuGet.Build.Tasks.RestoreTask) sırasında yüklendi: NuGet.Credentials, Version=7.0.0.0, Culture=neutral, PublicKeyToken=31bf3856ad364e35 (konum: C:\Program Files\dotnet\sdk\10.0.100\NuGet.Credentials.dll, MVID: 2f2eee8c-110e-4173-8e92-21e0d350b2d5, AssemblyLoadContext: MSBuild plugin C:\Program Files\dotnet\sdk\10.0.100\NuGet.Build.Tasks.dll)
         Derleme TaskRun (NuGet.Build.Tasks.RestoreTask) sırasında yüklendi: NuGet.Packaging.resources, Version=7.0.0.0, Culture=tr, PublicKeyToken=31bf3856ad364e35 (konum: C:\Program Files\dotnet\sdk\10.0.100\tr\NuGet.Packaging.resources.dll, MVID: 6a953a72-274e-4068-ad92-3f1396267575, AssemblyLoadContext: MSBuild plugin C:\Program Files\dotnet\sdk\10.0.100\NuGet.Build.Tasks.dll)
         X.509 sertifika zinciri doğrulaması, kod imzalama için .NET tarafından seçilen varsayılan güven deposunu kullanır.
         X.509 sertifika zinciri doğrulaması, zaman damgalama için .NET tarafından seçilen varsayılan güven deposunu kullanır.
         Derleme TaskRun (NuGet.Build.Tasks.RestoreTask) sırasında yüklendi: NuGet.DependencyResolver.Core, Version=7.0.0.0, Culture=neutral, PublicKeyToken=31bf3856ad364e35 (konum: C:\Program Files\dotnet\sdk\10.0.100\NuGet.DependencyResolver.Core.dll, MVID: 41537a91-3baf-4c2b-b917-0e542bea4f8f, AssemblyLoadContext: MSBuild plugin C:\Program Files\dotnet\sdk\10.0.100\NuGet.Build.Tasks.dll)
         Derleme TaskRun (NuGet.Build.Tasks.RestoreTask) sırasında yüklendi: NuGet.Commands.resources, Version=7.0.0.0, Culture=tr, PublicKeyToken=31bf3856ad364e35 (konum: C:\Program Files\dotnet\sdk\10.0.100\tr\NuGet.Commands.resources.dll, MVID: a9c77c57-6e37-4066-bded-2bacd1168d8c, AssemblyLoadContext: MSBuild plugin C:\Program Files\dotnet\sdk\10.0.100\NuGet.Build.Tasks.dll)
         12 eşzamanlı iş ile geri yükleme çalıştırılıyor.
         C:\Users\mrkfk\OneDrive\Desktop\Projelerim\ECommerce\src\Core\ECommerce.Domain\ECommerce.Domain.csproj adlı proje dosyası okunuyor.
         C:\Users\mrkfk\OneDrive\Desktop\Projelerim\ECommerce\src\Core\ECommerce.Application\ECommerce.Application.csproj adlı proje dosyası okunuyor.
         C:\Users\mrkfk\OneDrive\Desktop\Projelerim\ECommerce\src\Infrastructure\ECommerce.Infrastructure\ECommerce.Infrastructure.csproj adlı proje dosyası okunuyor.
         Derleme TaskRun (NuGet.Build.Tasks.RestoreTask) sırasında yüklendi: Newtonsoft.Json, Version=13.0.0.0, Culture=neutral, PublicKeyToken=30ad4fe6b2a6aeed (konum: C:\Program Files\dotnet\sdk\10.0.100\Newtonsoft.Json.dll, MVID: 7e62198b-eab2-4380-bbac-29171862d1d8, AssemblyLoadContext: MSBuild plugin C:\Program Files\dotnet\sdk\10.0.100\NuGet.Build.Tasks.dll)
         Derleme TaskRun (NuGet.Build.Tasks.RestoreTask) sırasında yüklendi: System.Runtime.Serialization.Primitives, Version=10.0.0.0, Culture=neutral, PublicKeyToken=b03f5f7f11d50a3a (konum: C:\Program Files\dotnet\shared\Microsoft.NETCore.App\10.0.0\System.Runtime.Serialization.Primitives.dll, MVID: 838a4272-75cb-4e94-aee1-4d1fe4c1cdd1, AssemblyLoadContext: Default)
         Derleme TaskRun (NuGet.Build.Tasks.RestoreTask) sırasında yüklendi: System.Runtime.Numerics, Version=10.0.0.0, Culture=neutral, PublicKeyToken=b03f5f7f11d50a3a (konum: C:\Program Files\dotnet\shared\Microsoft.NETCore.App\10.0.0\System.Runtime.Numerics.dll, MVID: f7819309-7cd8-4dc3-b08c-be78679d77da, AssemblyLoadContext: Default)
         Derleme TaskRun (NuGet.Build.Tasks.RestoreTask) sırasında yüklendi: System.Text.Encodings.Web, Version=10.0.0.0, Culture=neutral, PublicKeyToken=cc7b13ffcd2ddd51 (konum: C:\Program Files\dotnet\shared\Microsoft.NETCore.App\10.0.0\System.Text.Encodings.Web.dll, MVID: acfd4df8-de5d-4286-b868-f28acd2b46fb, AssemblyLoadContext: Default)
         Derleme TaskRun (NuGet.Build.Tasks.RestoreTask) sırasında yüklendi: System.Reflection.Emit.Lightweight, Version=10.0.0.0, Culture=neutral, PublicKeyToken=b03f5f7f11d50a3a (konum: C:\Program Files\dotnet\shared\Microsoft.NETCore.App\10.0.0\System.Reflection.Emit.Lightweight.dll, MVID: 04a8830f-7779-4293-86e0-cc042d987005, AssemblyLoadContext: Default)
         Derleme TaskRun (NuGet.Build.Tasks.RestoreTask) sırasında yüklendi: System.Reflection.Primitives, Version=10.0.0.0, Culture=neutral, PublicKeyToken=b03f5f7f11d50a3a (konum: C:\Program Files\dotnet\shared\Microsoft.NETCore.App\10.0.0\System.Reflection.Primitives.dll, MVID: 01463719-aa35-42f3-848a-8a227ed9c141, AssemblyLoadContext: Default)
         Derleme TaskRun (NuGet.Build.Tasks.RestoreTask) sırasında yüklendi: System.Reflection.Emit.ILGeneration, Version=10.0.0.0, Culture=neutral, PublicKeyToken=b03f5f7f11d50a3a (konum: C:\Program Files\dotnet\shared\Microsoft.NETCore.App\10.0.0\System.Reflection.Emit.ILGeneration.dll, MVID: 3891ef81-5b90-4c53-91c2-969ac66c9d49, AssemblyLoadContext: Default)
         'ECommerce.Application' için geri yükleme girişleri değiştirilmedi. Geri yüklemeyi tamamlamak için başka bir eylem gerekli değil.
         'ECommerce.Domain' için geri yükleme girişleri değiştirilmedi. Geri yüklemeyi tamamlamak için başka bir eylem gerekli değil.
         'ECommerce.Infrastructure' için geri yükleme girişleri değiştirilmedi. Geri yüklemeyi tamamlamak için başka bir eylem gerekli değil.
         Geri yükleme işleniyor...
         Geri yükleme işleniyor...
         Geri yükleme işleniyor...
         Varlıklar dosyası değiştirilmedi. Varlıklar dosyasına yazma işlemi atlanıyor. Yol: C:\Users\mrkfk\OneDrive\Desktop\Projelerim\ECommerce\src\Core\ECommerce.Domain\obj\project.assets.json
         Varlıklar dosyası değiştirilmedi. Varlıklar dosyasına yazma işlemi atlanıyor. Yol: C:\Users\mrkfk\OneDrive\Desktop\Projelerim\ECommerce\src\Infrastructure\ECommerce.Infrastructure\obj\project.assets.json
         Varlıklar dosyası değiştirilmedi. Varlıklar dosyasına yazma işlemi atlanıyor. Yol: C:\Users\mrkfk\OneDrive\Desktop\Projelerim\ECommerce\src\Core\ECommerce.Application\obj\project.assets.json
         İşlemsiz geri yükleme. Önbellek güncelleştirilmeyecek. Yol: C:\Users\mrkfk\OneDrive\Desktop\Projelerim\ECommerce\src\Core\ECommerce.Domain\obj\project.nuget.cache
         İşlemsiz geri yükleme. Önbellek güncelleştirilmeyecek. Yol: C:\Users\mrkfk\OneDrive\Desktop\Projelerim\ECommerce\src\Core\ECommerce.Application\obj\project.nuget.cache
         İşlemsiz geri yükleme. Önbellek güncelleştirilmeyecek. Yol: C:\Users\mrkfk\OneDrive\Desktop\Projelerim\ECommerce\src\Infrastructure\ECommerce.Infrastructure\obj\project.nuget.cache
         Derleme TaskRun (NuGet.Build.Tasks.RestoreTask) sırasında yüklendi: NuGet.Common.resources, Version=7.0.0.0, Culture=tr, PublicKeyToken=31bf3856ad364e35 (konum: C:\Program Files\dotnet\sdk\10.0.100\tr\NuGet.Common.resources.dll, MVID: efe087d1-1437-44ef-bd5e-54a3555768aa, AssemblyLoadContext: MSBuild plugin C:\Program Files\dotnet\sdk\10.0.100\NuGet.Build.Tasks.dll)
         C:\Users\mrkfk\OneDrive\Desktop\Projelerim\ECommerce\src\Core\ECommerce.Domain\ECommerce.Domain.csproj geri yüklendi (53 ms içinde).
         C:\Users\mrkfk\OneDrive\Desktop\Projelerim\ECommerce\src\Infrastructure\ECommerce.Infrastructure\ECommerce.Infrastructure.csproj geri yüklendi (54 ms içinde).
         C:\Users\mrkfk\OneDrive\Desktop\Projelerim\ECommerce\src\Core\ECommerce.Application\ECommerce.Application.csproj geri yüklendi (53 ms içinde).
         
         Kullanılan NuGet yapılandırma dosyaları:
             C:\Users\mrkfk\AppData\Roaming\NuGet\NuGet.Config
             C:\Program Files (x86)\NuGet\Config\Microsoft.VisualStudio.FallbackLocation.config
             C:\Program Files (x86)\NuGet\Config\Microsoft.VisualStudio.Offline.config
         
         Kullanılan akışlar:
             https://api.nuget.org/v3/index.json
             C:\Program Files (x86)\Microsoft SDKs\NuGetPackages\
             C:\Program Files\dotnet\library-packs
         Geri yükleme için tüm projeler güncel.
       "RestoreTask" görevini yürütme tamamlandı.
     1>"ECommerce.Infrastructure.csproj" projesinde "Restore" hedefini oluşturma tamamlandı.
     1>"C:\Users\mrkfk\OneDrive\Desktop\Projelerim\ECommerce\src\Infrastructure\ECommerce.Infrastructure\ECommerce.Infrastructure.csproj" Projesini Oluşturma İşlemi Tamamlandı (Restore hedef).
     0>C:\Program Files\dotnet\sdk\10.0.100\Sdks\Microsoft.NET.Sdk\Sdk\Sdk.props(49,11): message : 'C:\Program Files\dotnet\sdk\10.0.100\' değerine sahip 'MSBuildExtensionsPath' özelliği ortamdan genişletildi.
       C:\Program Files\dotnet\sdk\10.0.100\Current\Microsoft.Common.props(60,5): message : Özellik yeniden ataması: $(MSBuildProjectExtensionsPath)="C:\Users\mrkfk\OneDrive\Desktop\Projelerim\ECommerce\src\Infrastructure\ECommerce.Infrastructure\obj\" (önceki değer: "obj\") konum: C:\Program Files\dotnet\sdk\10.0.100\Current\Microsoft.Common.props (60,5)
       C:\Users\mrkfk\OneDrive\Desktop\Projelerim\ECommerce\src\Infrastructure\ECommerce.Infrastructure\obj\ECommerce.Infrastructure.csproj.nuget.g.props(7,5): message : 'C:\Users\mrkfk' değerine sahip 'USERPROFILE' özelliği ortamdan genişletildi.
       C:\Program Files\dotnet\sdk\10.0.100\Current\Microsoft.Common.props(84,119): message : 'C:\Users\mrkfk\AppData\Local\Microsoft\MSBuild' değerine sahip 'MSBuildUserExtensionsPath' özelliği ortamdan genişletildi.
       C:\Program Files\dotnet\sdk\10.0.100\Sdks\Microsoft.NET.Sdk\targets\Microsoft.NET.Sdk.props(90,5): message : Özellik yeniden ataması: $(AssemblySearchPaths)="{CandidateAssemblyFiles};{HintPathFromItem}" (önceki değer: "{CandidateAssemblyFiles}") konum: C:\Program Files\dotnet\sdk\10.0.100\Sdks\Microsoft.NET.Sdk\targets\Microsoft.NET.Sdk.props (90,5)
       C:\Program Files\dotnet\sdk\10.0.100\Sdks\Microsoft.NET.Sdk\targets\Microsoft.NET.Sdk.props(91,5): message : Özellik yeniden ataması: $(AssemblySearchPaths)="{CandidateAssemblyFiles};{HintPathFromItem};{TargetFrameworkDirectory}" (önceki değer: "{CandidateAssemblyFiles};{HintPathFromItem}") konum: C:\Program Files\dotnet\sdk\10.0.100\Sdks\Microsoft.NET.Sdk\targets\Microsoft.NET.Sdk.props (91,5)
       C:\Program Files\dotnet\sdk\10.0.100\Sdks\Microsoft.NET.Sdk\targets\Microsoft.NET.Sdk.props(92,5): message : Özellik yeniden ataması: $(AssemblySearchPaths)="{CandidateAssemblyFiles};{HintPathFromItem};{TargetFrameworkDirectory};{RawFileName}" (önceki değer: "{CandidateAssemblyFiles};{HintPathFromItem};{TargetFrameworkDirectory}") konum: C:\Program Files\dotnet\sdk\10.0.100\Sdks\Microsoft.NET.Sdk\targets\Microsoft.NET.Sdk.props (92,5)
       C:\Program Files\dotnet\sdk\10.0.100\Sdks\Microsoft.NET.Sdk\targets\Microsoft.NET.Sdk.ImportPublishProfile.targets(28,5): message : Özellik yeniden ataması: $(PublishProfileImported)="false" (önceki değer: "true") konum: C:\Program Files\dotnet\sdk\10.0.100\Sdks\Microsoft.NET.Sdk\targets\Microsoft.NET.Sdk.ImportPublishProfile.targets (28,5)
       C:\Program Files\dotnet\sdk\10.0.100\Sdks\Microsoft.NET.Sdk\targets\Microsoft.NET.TargetFrameworkInference.targets(81,5): message : Özellik yeniden ataması: $(TargetPlatformVersion)="" (önceki değer: "0.0") konum: C:\Program Files\dotnet\sdk\10.0.100\Sdks\Microsoft.NET.Sdk\targets\Microsoft.NET.TargetFrameworkInference.targets (81,5)
       C:\Program Files\dotnet\sdk\10.0.100\Sdks\Microsoft.NET.Sdk\targets\Microsoft.NET.DefaultOutputPaths.targets(127,5): message : Özellik yeniden ataması: $(DefaultItemExcludes)=";bin\Debug\/**;obj\Debug\/**" (önceki değer: ";bin\Debug\/**") konum: C:\Program Files\dotnet\sdk\10.0.100\Sdks\Microsoft.NET.Sdk\targets\Microsoft.NET.DefaultOutputPaths.targets (127,5)
       C:\Program Files\dotnet\sdk\10.0.100\Sdks\Microsoft.NET.Sdk\targets\Microsoft.NET.DefaultOutputPaths.targets(142,5): message : Özellik yeniden ataması: $(OutputPath)="bin\Debug\net9.0\" (önceki değer: "bin\Debug\") konum: C:\Program Files\dotnet\sdk\10.0.100\Sdks\Microsoft.NET.Sdk\targets\Microsoft.NET.DefaultOutputPaths.targets (142,5)
       C:\Program Files\dotnet\sdk\10.0.100\Sdks\Microsoft.NET.Sdk\targets\Microsoft.NET.DefaultOutputPaths.targets(147,5): message : Özellik yeniden ataması: $(IntermediateOutputPath)="obj\Debug\net9.0\" (önceki değer: "obj\Debug\") konum: C:\Program Files\dotnet\sdk\10.0.100\Sdks\Microsoft.NET.Sdk\targets\Microsoft.NET.DefaultOutputPaths.targets (147,5)
       C:\Program Files\dotnet\sdk\10.0.100\Sdks\Microsoft.NET.Sdk\targets\Microsoft.NET.Sdk.BeforeCommon.targets(371,5): message : Özellik yeniden ataması: $(RoslynTargetsPath)="C:\Program Files\dotnet\sdk\10.0.100\Sdks\Microsoft.NET.Sdk\targets\..\..\..\Roslyn" (önceki değer: "C:\Program Files\dotnet\sdk\10.0.100\Roslyn") konum: C:\Program Files\dotnet\sdk\10.0.100\Sdks\Microsoft.NET.Sdk\targets\Microsoft.NET.Sdk.BeforeCommon.targets (371,5)
       C:\Program Files\dotnet\sdk\10.0.100\Roslyn\Microsoft.Managed.Core.targets(6,5): message : Özellik yeniden ataması: $(_BuildTasksDirectory)="C:\Program Files\dotnet\sdk\10.0.100\Sdks\Microsoft.NET.Sdk\targets\..\..\..\Roslyn\" (önceki değer: "C:\Program Files\dotnet\sdk\10.0.100\Roslyn\") konum: C:\Program Files\dotnet\sdk\10.0.100\Roslyn\Microsoft.Managed.Core.targets (6,5)
       C:\Program Files\dotnet\sdk\10.0.100\Roslyn\Microsoft.CSharp.Core.targets(200,5): message : Özellik yeniden ataması: $(CommandLineArgsForDesignTimeEvaluation)="-langversion:13.0 -define:TRACE" (önceki değer: "-langversion:13.0") konum: C:\Program Files\dotnet\sdk\10.0.100\Roslyn\Microsoft.CSharp.Core.targets (200,5)
       C:\Program Files\dotnet\sdk\10.0.100\Microsoft.Common.CurrentVersion.targets(175,5): message : Özellik yeniden ataması: $(_DebugSymbolsProduced)="true" (önceki değer: "false") konum: C:\Program Files\dotnet\sdk\10.0.100\Microsoft.Common.CurrentVersion.targets (175,5)
       C:\Program Files\dotnet\sdk\10.0.100\Microsoft.Common.CurrentVersion.targets(185,5): message : Özellik yeniden ataması: $(_DocumentationFileProduced)="false" (önceki değer: "true") konum: C:\Program Files\dotnet\sdk\10.0.100\Microsoft.Common.CurrentVersion.targets (185,5)
       C:\Program Files\dotnet\sdk\10.0.100\Microsoft.Common.CurrentVersion.targets(392,5): message : Özellik yeniden ataması: $(MSBuildCopyMarkerName)="ECommerc.B0B31267" (önceki değer: "ECommerce.Infrastructure.csproj") konum: C:\Program Files\dotnet\sdk\10.0.100\Microsoft.Common.CurrentVersion.targets (392,5)
       C:\Program Files\dotnet\sdk\10.0.100\Microsoft.Common.CurrentVersion.targets(393,5): message : Özellik yeniden ataması: $(MSBuildCopyMarkerName)="ECommerc.B0B31267.Up2Date" (önceki değer: "ECommerc.B0B31267") konum: C:\Program Files\dotnet\sdk\10.0.100\Microsoft.Common.CurrentVersion.targets (393,5)
       C:\Program Files\dotnet\sdk\10.0.100\Microsoft.Common.CurrentVersion.targets(541,5): message : Özellik yeniden ataması: $(ProcessorArchitecture)="msil" (önceki değer: "") konum: C:\Program Files\dotnet\sdk\10.0.100\Microsoft.Common.CurrentVersion.targets (541,5)
       C:\Program Files\dotnet\sdk\10.0.100\Microsoft.Common.CurrentVersion.targets(580,5): message : Özellik yeniden ataması: $(DelaySign)="" (önceki değer: "false") konum: C:\Program Files\dotnet\sdk\10.0.100\Microsoft.Common.CurrentVersion.targets (580,5)
       C:\Program Files\dotnet\sdk\10.0.100\Microsoft.Common.CurrentVersion.targets(2606,5): message : 'C:\Users\mrkfk\AppData\Local' değerine sahip 'LOCALAPPDATA' özelliği ortamdan genişletildi.
       C:\Program Files\dotnet\sdk\10.0.100\Microsoft.Common.CurrentVersion.targets(3934,5): message : Özellik yeniden ataması: $(_SGenGenerateSerializationAssembliesConfig)="Auto" (önceki değer: "") konum: C:\Program Files\dotnet\sdk\10.0.100\Microsoft.Common.CurrentVersion.targets (3934,5)
       C:\Program Files\dotnet\sdk\10.0.100\Microsoft.Common.CurrentVersion.targets(3935,5): message : Özellik yeniden ataması: $(_SGenGenerateSerializationAssembliesConfig)="Off" (önceki değer: "Auto") konum: C:\Program Files\dotnet\sdk\10.0.100\Microsoft.Common.CurrentVersion.targets (3935,5)
       C:\Program Files\dotnet\sdk\10.0.100\Microsoft.Common.CurrentVersion.targets(5146,5): message : Özellik yeniden ataması: $(_TargetsThatPrepareProjectReferences)="
       C:\Program Files\dotnet\sdk\10.0.100\Microsoft.Common.CurrentVersion.targets(5146,5): message :       AssignProjectConfiguration;
       C:\Program Files\dotnet\sdk\10.0.100\Microsoft.Common.CurrentVersion.targets(5146,5): message :       _SplitProjectReferencesByFileExistence
       C:\Program Files\dotnet\sdk\10.0.100\Microsoft.Common.CurrentVersion.targets(5146,5): message :     " (önceki değer: "_SplitProjectReferencesByFileExistence") konum: C:\Program Files\dotnet\sdk\10.0.100\Microsoft.Common.CurrentVersion.targets (5146,5)
       C:\Program Files\dotnet\sdk\10.0.100\Microsoft.Common.CurrentVersion.targets(6959,5): message : 'C:\Program Files\dotnet\sdk\10.0.100' değerine sahip 'MSBuildExtensionsPath32' özelliği ortamdan genişletildi.
       "NuGetInteractive" özelliği genel bir özelliktir ve değiştirilemez.
       C:\Program Files\dotnet\sdk\10.0.100\Sdks\Microsoft.NET.Sdk\targets\Microsoft.PackageDependencyResolution.targets(29,5): message : Özellik yeniden ataması: $(ProjectAssetsCacheFile)="C:\Users\mrkfk\OneDrive\Desktop\Projelerim\ECommerce\src\Infrastructure\ECommerce.Infrastructure\obj\Debug\net9.0\ECommerce.Infrastructure.assets.cache" (önceki değer: "obj\Debug\net9.0\ECommerce.Infrastructure.assets.cache") konum: C:\Program Files\dotnet\sdk\10.0.100\Sdks\Microsoft.NET.Sdk\targets\Microsoft.PackageDependencyResolution.targets (29,5)
       C:\Program Files\dotnet\sdk\10.0.100\Sdks\Microsoft.NET.Sdk\targets\Microsoft.PackageDependencyResolution.targets(80,5): message : Özellik yeniden ataması: $(ResolveAssemblyReferencesDependsOn)="
       C:\Program Files\dotnet\sdk\10.0.100\Sdks\Microsoft.NET.Sdk\targets\Microsoft.PackageDependencyResolution.targets(80,5): message :       
       C:\Program Files\dotnet\sdk\10.0.100\Sdks\Microsoft.NET.Sdk\targets\Microsoft.PackageDependencyResolution.targets(80,5): message :       ResolveProjectReferences;
       C:\Program Files\dotnet\sdk\10.0.100\Sdks\Microsoft.NET.Sdk\targets\Microsoft.PackageDependencyResolution.targets(80,5): message :       FindInvalidProjectReferences;
       C:\Program Files\dotnet\sdk\10.0.100\Sdks\Microsoft.NET.Sdk\targets\Microsoft.PackageDependencyResolution.targets(80,5): message :       GetFrameworkPaths;
       C:\Program Files\dotnet\sdk\10.0.100\Sdks\Microsoft.NET.Sdk\targets\Microsoft.PackageDependencyResolution.targets(80,5): message :       GetReferenceAssemblyPaths;
       C:\Program Files\dotnet\sdk\10.0.100\Sdks\Microsoft.NET.Sdk\targets\Microsoft.PackageDependencyResolution.targets(80,5): message :       PrepareForBuild;
       C:\Program Files\dotnet\sdk\10.0.100\Sdks\Microsoft.NET.Sdk\targets\Microsoft.PackageDependencyResolution.targets(80,5): message :       ResolveSDKReferences;
       C:\Program Files\dotnet\sdk\10.0.100\Sdks\Microsoft.NET.Sdk\targets\Microsoft.PackageDependencyResolution.targets(80,5): message :       ExpandSDKReferences;
       C:\Program Files\dotnet\sdk\10.0.100\Sdks\Microsoft.NET.Sdk\targets\Microsoft.PackageDependencyResolution.targets(80,5): message :     ;
       C:\Program Files\dotnet\sdk\10.0.100\Sdks\Microsoft.NET.Sdk\targets\Microsoft.PackageDependencyResolution.targets(80,5): message :       ResolvePackageDependenciesForBuild;
       C:\Program Files\dotnet\sdk\10.0.100\Sdks\Microsoft.NET.Sdk\targets\Microsoft.PackageDependencyResolution.targets(80,5): message :       _HandlePackageFileConflicts;
       C:\Program Files\dotnet\sdk\10.0.100\Sdks\Microsoft.NET.Sdk\targets\Microsoft.PackageDependencyResolution.targets(80,5): message :     " (önceki değer: "
       C:\Program Files\dotnet\sdk\10.0.100\Sdks\Microsoft.NET.Sdk\targets\Microsoft.PackageDependencyResolution.targets(80,5): message :       ResolveProjectReferences;
       C:\Program Files\dotnet\sdk\10.0.100\Sdks\Microsoft.NET.Sdk\targets\Microsoft.PackageDependencyResolution.targets(80,5): message :       FindInvalidProjectReferences;
       C:\Program Files\dotnet\sdk\10.0.100\Sdks\Microsoft.NET.Sdk\targets\Microsoft.PackageDependencyResolution.targets(80,5): message :       GetFrameworkPaths;
       C:\Program Files\dotnet\sdk\10.0.100\Sdks\Microsoft.NET.Sdk\targets\Microsoft.PackageDependencyResolution.targets(80,5): message :       GetReferenceAssemblyPaths;
       C:\Program Files\dotnet\sdk\10.0.100\Sdks\Microsoft.NET.Sdk\targets\Microsoft.PackageDependencyResolution.targets(80,5): message :       PrepareForBuild;
       C:\Program Files\dotnet\sdk\10.0.100\Sdks\Microsoft.NET.Sdk\targets\Microsoft.PackageDependencyResolution.targets(80,5): message :       ResolveSDKReferences;
       C:\Program Files\dotnet\sdk\10.0.100\Sdks\Microsoft.NET.Sdk\targets\Microsoft.PackageDependencyResolution.targets(80,5): message :       ExpandSDKReferences;
       C:\Program Files\dotnet\sdk\10.0.100\Sdks\Microsoft.NET.Sdk\targets\Microsoft.PackageDependencyResolution.targets(80,5): message :     ") konum: C:\Program Files\dotnet\sdk\10.0.100\Sdks\Microsoft.NET.Sdk\targets\Microsoft.PackageDependencyResolution.targets (80,5)
       C:\Program Files\dotnet\sdk\10.0.100\Sdks\Microsoft.NET.Sdk\targets\Microsoft.PackageDependencyResolution.targets(86,5): message : Özellik yeniden ataması: $(PrepareResourcesDependsOn)="
       C:\Program Files\dotnet\sdk\10.0.100\Sdks\Microsoft.NET.Sdk\targets\Microsoft.PackageDependencyResolution.targets(86,5): message :       ResolvePackageDependenciesForBuild;
       C:\Program Files\dotnet\sdk\10.0.100\Sdks\Microsoft.NET.Sdk\targets\Microsoft.PackageDependencyResolution.targets(86,5): message :       _HandlePackageFileConflicts;
       C:\Program Files\dotnet\sdk\10.0.100\Sdks\Microsoft.NET.Sdk\targets\Microsoft.PackageDependencyResolution.targets(86,5): message :       
       C:\Program Files\dotnet\sdk\10.0.100\Sdks\Microsoft.NET.Sdk\targets\Microsoft.PackageDependencyResolution.targets(86,5): message :       ;
       C:\Program Files\dotnet\sdk\10.0.100\Sdks\Microsoft.NET.Sdk\targets\Microsoft.PackageDependencyResolution.targets(86,5): message :       PrepareResourceNames;
       C:\Program Files\dotnet\sdk\10.0.100\Sdks\Microsoft.NET.Sdk\targets\Microsoft.PackageDependencyResolution.targets(86,5): message :       ResGen;
       C:\Program Files\dotnet\sdk\10.0.100\Sdks\Microsoft.NET.Sdk\targets\Microsoft.PackageDependencyResolution.targets(86,5): message :       CompileLicxFiles
       C:\Program Files\dotnet\sdk\10.0.100\Sdks\Microsoft.NET.Sdk\targets\Microsoft.PackageDependencyResolution.targets(86,5): message :     
       C:\Program Files\dotnet\sdk\10.0.100\Sdks\Microsoft.NET.Sdk\targets\Microsoft.PackageDependencyResolution.targets(86,5): message :     " (önceki değer: "
       C:\Program Files\dotnet\sdk\10.0.100\Sdks\Microsoft.NET.Sdk\targets\Microsoft.PackageDependencyResolution.targets(86,5): message :       ;
       C:\Program Files\dotnet\sdk\10.0.100\Sdks\Microsoft.NET.Sdk\targets\Microsoft.PackageDependencyResolution.targets(86,5): message :       PrepareResourceNames;
       C:\Program Files\dotnet\sdk\10.0.100\Sdks\Microsoft.NET.Sdk\targets\Microsoft.PackageDependencyResolution.targets(86,5): message :       ResGen;
       C:\Program Files\dotnet\sdk\10.0.100\Sdks\Microsoft.NET.Sdk\targets\Microsoft.PackageDependencyResolution.targets(86,5): message :       CompileLicxFiles
       C:\Program Files\dotnet\sdk\10.0.100\Sdks\Microsoft.NET.Sdk\targets\Microsoft.PackageDependencyResolution.targets(86,5): message :     ") konum: C:\Program Files\dotnet\sdk\10.0.100\Sdks\Microsoft.NET.Sdk\targets\Microsoft.PackageDependencyResolution.targets (86,5)
       C:\Program Files\dotnet\sdk\10.0.100\Sdks\Microsoft.NET.Sdk\targets\Microsoft.NET.Sdk.DefaultItems.targets(35,5): message : Özellik yeniden ataması: $(DefaultItemExcludes)=";bin\Debug\/**;obj\Debug\/**;bin\/**" (önceki değer: ";bin\Debug\/**;obj\Debug\/**") konum: C:\Program Files\dotnet\sdk\10.0.100\Sdks\Microsoft.NET.Sdk\targets\Microsoft.NET.Sdk.DefaultItems.targets (35,5)
       C:\Program Files\dotnet\sdk\10.0.100\Sdks\Microsoft.NET.Sdk\targets\Microsoft.NET.Sdk.DefaultItems.targets(37,5): message : Özellik yeniden ataması: $(DefaultItemExcludes)=";bin\Debug\/**;obj\Debug\/**;bin\/**;obj\/**" (önceki değer: ";bin\Debug\/**;obj\Debug\/**;bin\/**") konum: C:\Program Files\dotnet\sdk\10.0.100\Sdks\Microsoft.NET.Sdk\targets\Microsoft.NET.Sdk.DefaultItems.targets (37,5)
       C:\Program Files\dotnet\sdk\10.0.100\Sdks\Microsoft.NET.Sdk\targets\Microsoft.NET.Sdk.DefaultItems.targets(40,5): message : Özellik yeniden ataması: $(DefaultItemExcludes)=";bin\Debug\/**;obj\Debug\/**;bin\/**;obj\/**;**/*.user" (önceki değer: ";bin\Debug\/**;obj\Debug\/**;bin\/**;obj\/**") konum: C:\Program Files\dotnet\sdk\10.0.100\Sdks\Microsoft.NET.Sdk\targets\Microsoft.NET.Sdk.DefaultItems.targets (40,5)
       C:\Program Files\dotnet\sdk\10.0.100\Sdks\Microsoft.NET.Sdk\targets\Microsoft.NET.Sdk.DefaultItems.targets(41,5): message : Özellik yeniden ataması: $(DefaultItemExcludes)=";bin\Debug\/**;obj\Debug\/**;bin\/**;obj\/**;**/*.user;**/*.*proj" (önceki değer: ";bin\Debug\/**;obj\Debug\/**;bin\/**;obj\/**;**/*.user") konum: C:\Program Files\dotnet\sdk\10.0.100\Sdks\Microsoft.NET.Sdk\targets\Microsoft.NET.Sdk.DefaultItems.targets (41,5)
       C:\Program Files\dotnet\sdk\10.0.100\Sdks\Microsoft.NET.Sdk\targets\Microsoft.NET.Sdk.DefaultItems.targets(42,5): message : Özellik yeniden ataması: $(DefaultItemExcludes)=";bin\Debug\/**;obj\Debug\/**;bin\/**;obj\/**;**/*.user;**/*.*proj;**/*.sln" (önceki değer: ";bin\Debug\/**;obj\Debug\/**;bin\/**;obj\/**;**/*.user;**/*.*proj") konum: C:\Program Files\dotnet\sdk\10.0.100\Sdks\Microsoft.NET.Sdk\targets\Microsoft.NET.Sdk.DefaultItems.targets (42,5)
       C:\Program Files\dotnet\sdk\10.0.100\Sdks\Microsoft.NET.Sdk\targets\Microsoft.NET.Sdk.DefaultItems.targets(43,5): message : Özellik yeniden ataması: $(DefaultItemExcludes)=";bin\Debug\/**;obj\Debug\/**;bin\/**;obj\/**;**/*.user;**/*.*proj;**/*.sln;**/*.slnx" (önceki değer: ";bin\Debug\/**;obj\Debug\/**;bin\/**;obj\/**;**/*.user;**/*.*proj;**/*.sln") konum: C:\Program Files\dotnet\sdk\10.0.100\Sdks\Microsoft.NET.Sdk\targets\Microsoft.NET.Sdk.DefaultItems.targets (43,5)
       C:\Program Files\dotnet\sdk\10.0.100\Sdks\Microsoft.NET.Sdk\targets\Microsoft.NET.Sdk.DefaultItems.targets(44,5): message : Özellik yeniden ataması: $(DefaultItemExcludes)=";bin\Debug\/**;obj\Debug\/**;bin\/**;obj\/**;**/*.user;**/*.*proj;**/*.sln;**/*.slnx;**/*.vssscc" (önceki değer: ";bin\Debug\/**;obj\Debug\/**;bin\/**;obj\/**;**/*.user;**/*.*proj;**/*.sln;**/*.slnx") konum: C:\Program Files\dotnet\sdk\10.0.100\Sdks\Microsoft.NET.Sdk\targets\Microsoft.NET.Sdk.DefaultItems.targets (44,5)
       C:\Program Files\dotnet\sdk\10.0.100\Sdks\Microsoft.NET.Sdk\targets\Microsoft.NET.Sdk.DefaultItems.targets(45,5): message : Özellik yeniden ataması: $(DefaultItemExcludes)=";bin\Debug\/**;obj\Debug\/**;bin\/**;obj\/**;**/*.user;**/*.*proj;**/*.sln;**/*.slnx;**/*.vssscc;**/.DS_Store" (önceki değer: ";bin\Debug\/**;obj\Debug\/**;bin\/**;obj\/**;**/*.user;**/*.*proj;**/*.sln;**/*.slnx;**/*.vssscc") konum: C:\Program Files\dotnet\sdk\10.0.100\Sdks\Microsoft.NET.Sdk\targets\Microsoft.NET.Sdk.DefaultItems.targets (45,5)
       C:\Program Files\dotnet\sdk\10.0.100\Sdks\Microsoft.NET.Sdk\targets\Microsoft.NET.Sdk.FrameworkReferenceResolution.targets(14,5): message : Özellik yeniden ataması: $(ResolveAssemblyReferencesDependsOn)="
       C:\Program Files\dotnet\sdk\10.0.100\Sdks\Microsoft.NET.Sdk\targets\Microsoft.NET.Sdk.FrameworkReferenceResolution.targets(14,5): message :       
       C:\Program Files\dotnet\sdk\10.0.100\Sdks\Microsoft.NET.Sdk\targets\Microsoft.NET.Sdk.FrameworkReferenceResolution.targets(14,5): message :       
       C:\Program Files\dotnet\sdk\10.0.100\Sdks\Microsoft.NET.Sdk\targets\Microsoft.NET.Sdk.FrameworkReferenceResolution.targets(14,5): message :       ResolveProjectReferences;
       C:\Program Files\dotnet\sdk\10.0.100\Sdks\Microsoft.NET.Sdk\targets\Microsoft.NET.Sdk.FrameworkReferenceResolution.targets(14,5): message :       FindInvalidProjectReferences;
       C:\Program Files\dotnet\sdk\10.0.100\Sdks\Microsoft.NET.Sdk\targets\Microsoft.NET.Sdk.FrameworkReferenceResolution.targets(14,5): message :       GetFrameworkPaths;
       C:\Program Files\dotnet\sdk\10.0.100\Sdks\Microsoft.NET.Sdk\targets\Microsoft.NET.Sdk.FrameworkReferenceResolution.targets(14,5): message :       GetReferenceAssemblyPaths;
       C:\Program Files\dotnet\sdk\10.0.100\Sdks\Microsoft.NET.Sdk\targets\Microsoft.NET.Sdk.FrameworkReferenceResolution.targets(14,5): message :       PrepareForBuild;
       C:\Program Files\dotnet\sdk\10.0.100\Sdks\Microsoft.NET.Sdk\targets\Microsoft.NET.Sdk.FrameworkReferenceResolution.targets(14,5): message :       ResolveSDKReferences;
       C:\Program Files\dotnet\sdk\10.0.100\Sdks\Microsoft.NET.Sdk\targets\Microsoft.NET.Sdk.FrameworkReferenceResolution.targets(14,5): message :       ExpandSDKReferences;
       C:\Program Files\dotnet\sdk\10.0.100\Sdks\Microsoft.NET.Sdk\targets\Microsoft.NET.Sdk.FrameworkReferenceResolution.targets(14,5): message :     ;
       C:\Program Files\dotnet\sdk\10.0.100\Sdks\Microsoft.NET.Sdk\targets\Microsoft.NET.Sdk.FrameworkReferenceResolution.targets(14,5): message :       ResolvePackageDependenciesForBuild;
       C:\Program Files\dotnet\sdk\10.0.100\Sdks\Microsoft.NET.Sdk\targets\Microsoft.NET.Sdk.FrameworkReferenceResolution.targets(14,5): message :       _HandlePackageFileConflicts;
       C:\Program Files\dotnet\sdk\10.0.100\Sdks\Microsoft.NET.Sdk\targets\Microsoft.NET.Sdk.FrameworkReferenceResolution.targets(14,5): message :     ;
       C:\Program Files\dotnet\sdk\10.0.100\Sdks\Microsoft.NET.Sdk\targets\Microsoft.NET.Sdk.FrameworkReferenceResolution.targets(14,5): message :       ResolveTargetingPackAssets;
       C:\Program Files\dotnet\sdk\10.0.100\Sdks\Microsoft.NET.Sdk\targets\Microsoft.NET.Sdk.FrameworkReferenceResolution.targets(14,5): message :     " (önceki değer: "
       C:\Program Files\dotnet\sdk\10.0.100\Sdks\Microsoft.NET.Sdk\targets\Microsoft.NET.Sdk.FrameworkReferenceResolution.targets(14,5): message :       
       C:\Program Files\dotnet\sdk\10.0.100\Sdks\Microsoft.NET.Sdk\targets\Microsoft.NET.Sdk.FrameworkReferenceResolution.targets(14,5): message :       ResolveProjectReferences;
       C:\Program Files\dotnet\sdk\10.0.100\Sdks\Microsoft.NET.Sdk\targets\Microsoft.NET.Sdk.FrameworkReferenceResolution.targets(14,5): message :       FindInvalidProjectReferences;
       C:\Program Files\dotnet\sdk\10.0.100\Sdks\Microsoft.NET.Sdk\targets\Microsoft.NET.Sdk.FrameworkReferenceResolution.targets(14,5): message :       GetFrameworkPaths;
       C:\Program Files\dotnet\sdk\10.0.100\Sdks\Microsoft.NET.Sdk\targets\Microsoft.NET.Sdk.FrameworkReferenceResolution.targets(14,5): message :       GetReferenceAssemblyPaths;
       C:\Program Files\dotnet\sdk\10.0.100\Sdks\Microsoft.NET.Sdk\targets\Microsoft.NET.Sdk.FrameworkReferenceResolution.targets(14,5): message :       PrepareForBuild;
       C:\Program Files\dotnet\sdk\10.0.100\Sdks\Microsoft.NET.Sdk\targets\Microsoft.NET.Sdk.FrameworkReferenceResolution.targets(14,5): message :       ResolveSDKReferences;
       C:\Program Files\dotnet\sdk\10.0.100\Sdks\Microsoft.NET.Sdk\targets\Microsoft.NET.Sdk.FrameworkReferenceResolution.targets(14,5): message :       ExpandSDKReferences;
       C:\Program Files\dotnet\sdk\10.0.100\Sdks\Microsoft.NET.Sdk\targets\Microsoft.NET.Sdk.FrameworkReferenceResolution.targets(14,5): message :     ;
       C:\Program Files\dotnet\sdk\10.0.100\Sdks\Microsoft.NET.Sdk\targets\Microsoft.NET.Sdk.FrameworkReferenceResolution.targets(14,5): message :       ResolvePackageDependenciesForBuild;
       C:\Program Files\dotnet\sdk\10.0.100\Sdks\Microsoft.NET.Sdk\targets\Microsoft.NET.Sdk.FrameworkReferenceResolution.targets(14,5): message :       _HandlePackageFileConflicts;
       C:\Program Files\dotnet\sdk\10.0.100\Sdks\Microsoft.NET.Sdk\targets\Microsoft.NET.Sdk.FrameworkReferenceResolution.targets(14,5): message :     ") konum: C:\Program Files\dotnet\sdk\10.0.100\Sdks\Microsoft.NET.Sdk\targets\Microsoft.NET.Sdk.FrameworkReferenceResolution.targets (14,5)
       C:\Program Files\dotnet\sdk\10.0.100\Sdks\Microsoft.NET.Sdk\targets\Microsoft.NET.Sdk.targets(44,5): message : Özellik yeniden ataması: $(_GenerateRuntimeConfigurationPropertyInputsCache)="C:\Users\mrkfk\OneDrive\Desktop\Projelerim\ECommerce\src\Infrastructure\ECommerce.Infrastructure\obj\Debug\net9.0\ECommerce.Infrastructure.genruntimeconfig.cache" (önceki değer: "obj\Debug\net9.0\ECommerce.Infrastructure.genruntimeconfig.cache") konum: C:\Program Files\dotnet\sdk\10.0.100\Sdks\Microsoft.NET.Sdk\targets\Microsoft.NET.Sdk.targets (44,5)
       C:\Program Files\dotnet\sdk\10.0.100\Sdks\Microsoft.NET.Sdk\targets\Microsoft.NET.Sdk.targets(46,5): message : Özellik yeniden ataması: $(_GeneratePublishDependencyFilePropertyInputsCache)="C:\Users\mrkfk\OneDrive\Desktop\Projelerim\ECommerce\src\Infrastructure\ECommerce.Infrastructure\obj\Debug\net9.0\ECommerce.Infrastructure.genpublishdeps.cache" (önceki değer: "obj\Debug\net9.0\ECommerce.Infrastructure.genpublishdeps.cache") konum: C:\Program Files\dotnet\sdk\10.0.100\Sdks\Microsoft.NET.Sdk\targets\Microsoft.NET.Sdk.targets (46,5)
       C:\Program Files\dotnet\sdk\10.0.100\Sdks\Microsoft.NET.Sdk\targets\Microsoft.NET.Sdk.targets(48,5): message : Özellik yeniden ataması: $(_GenerateSingleFileBundlePropertyInputsCache)="C:\Users\mrkfk\OneDrive\Desktop\Projelerim\ECommerce\src\Infrastructure\ECommerce.Infrastructure\obj\Debug\net9.0\ECommerce.Infrastructure.genbundle.cache" (önceki değer: "obj\Debug\net9.0\ECommerce.Infrastructure.genbundle.cache") konum: C:\Program Files\dotnet\sdk\10.0.100\Sdks\Microsoft.NET.Sdk\targets\Microsoft.NET.Sdk.targets (48,5)
       C:\Program Files\dotnet\sdk\10.0.100\Sdks\Microsoft.NET.Sdk\targets\Microsoft.NET.Sdk.targets(81,5): message : Özellik yeniden ataması: $(GenerateRuntimeConfigDevFile)="false" (önceki değer: "true") konum: C:\Program Files\dotnet\sdk\10.0.100\Sdks\Microsoft.NET.Sdk\targets\Microsoft.NET.Sdk.targets (81,5)
       C:\Program Files\dotnet\sdk\10.0.100\Sdks\Microsoft.NET.Sdk\targets\Microsoft.NET.Sdk.targets(98,5): message : Özellik yeniden ataması: $(_DefaultUserProfileRuntimeStorePath)="C:\Users\mrkfk" (önceki değer: "") konum: C:\Program Files\dotnet\sdk\10.0.100\Sdks\Microsoft.NET.Sdk\targets\Microsoft.NET.Sdk.targets (98,5)
       C:\Program Files\dotnet\sdk\10.0.100\Sdks\Microsoft.NET.Sdk\targets\Microsoft.NET.Sdk.targets(99,5): message : Özellik yeniden ataması: $(_DefaultUserProfileRuntimeStorePath)="C:\Users\mrkfk\.dotnet\store" (önceki değer: "C:\Users\mrkfk") konum: C:\Program Files\dotnet\sdk\10.0.100\Sdks\Microsoft.NET.Sdk\targets\Microsoft.NET.Sdk.targets (99,5)
       C:\Program Files\dotnet\sdk\10.0.100\Sdks\Microsoft.NET.Sdk\targets\Microsoft.NET.Sdk.targets(144,5): message : Özellik yeniden ataması: $(AvailablePlatforms)="Any CPU,x86,x64,ARM32" (önceki değer: "Any CPU,x86,x64") konum: C:\Program Files\dotnet\sdk\10.0.100\Sdks\Microsoft.NET.Sdk\targets\Microsoft.NET.Sdk.targets (144,5)
       C:\Program Files\dotnet\sdk\10.0.100\Sdks\Microsoft.NET.Sdk\targets\Microsoft.NET.Sdk.targets(148,5): message : Özellik yeniden ataması: $(AvailablePlatforms)="Any CPU,x86,x64,ARM32,ARM64" (önceki değer: "Any CPU,x86,x64,ARM32") konum: C:\Program Files\dotnet\sdk\10.0.100\Sdks\Microsoft.NET.Sdk\targets\Microsoft.NET.Sdk.targets (148,5)
       C:\Program Files\dotnet\sdk\10.0.100\Sdks\Microsoft.NET.Sdk\targets\Microsoft.NET.Sdk.targets(204,5): message : Özellik yeniden ataması: $(CoreBuildDependsOn)="
       C:\Program Files\dotnet\sdk\10.0.100\Sdks\Microsoft.NET.Sdk\targets\Microsoft.NET.Sdk.targets(204,5): message :       _CheckForBuildWithNoBuild;
       C:\Program Files\dotnet\sdk\10.0.100\Sdks\Microsoft.NET.Sdk\targets\Microsoft.NET.Sdk.targets(204,5): message :       
       C:\Program Files\dotnet\sdk\10.0.100\Sdks\Microsoft.NET.Sdk\targets\Microsoft.NET.Sdk.targets(204,5): message :       BuildOnlySettings;
       C:\Program Files\dotnet\sdk\10.0.100\Sdks\Microsoft.NET.Sdk\targets\Microsoft.NET.Sdk.targets(204,5): message :       PrepareForBuild;
       C:\Program Files\dotnet\sdk\10.0.100\Sdks\Microsoft.NET.Sdk\targets\Microsoft.NET.Sdk.targets(204,5): message :       PreBuildEvent;
       C:\Program Files\dotnet\sdk\10.0.100\Sdks\Microsoft.NET.Sdk\targets\Microsoft.NET.Sdk.targets(204,5): message :       ResolveReferences;
       C:\Program Files\dotnet\sdk\10.0.100\Sdks\Microsoft.NET.Sdk\targets\Microsoft.NET.Sdk.targets(204,5): message :       PrepareResources;
       C:\Program Files\dotnet\sdk\10.0.100\Sdks\Microsoft.NET.Sdk\targets\Microsoft.NET.Sdk.targets(204,5): message :       ResolveKeySource;
       C:\Program Files\dotnet\sdk\10.0.100\Sdks\Microsoft.NET.Sdk\targets\Microsoft.NET.Sdk.targets(204,5): message :       Compile;
       C:\Program Files\dotnet\sdk\10.0.100\Sdks\Microsoft.NET.Sdk\targets\Microsoft.NET.Sdk.targets(204,5): message :       ExportWindowsMDFile;
       C:\Program Files\dotnet\sdk\10.0.100\Sdks\Microsoft.NET.Sdk\targets\Microsoft.NET.Sdk.targets(204,5): message :       UnmanagedUnregistration;
       C:\Program Files\dotnet\sdk\10.0.100\Sdks\Microsoft.NET.Sdk\targets\Microsoft.NET.Sdk.targets(204,5): message :       GenerateSerializationAssemblies;
       C:\Program Files\dotnet\sdk\10.0.100\Sdks\Microsoft.NET.Sdk\targets\Microsoft.NET.Sdk.targets(204,5): message :       CreateSatelliteAssemblies;
       C:\Program Files\dotnet\sdk\10.0.100\Sdks\Microsoft.NET.Sdk\targets\Microsoft.NET.Sdk.targets(204,5): message :       GenerateManifests;
       C:\Program Files\dotnet\sdk\10.0.100\Sdks\Microsoft.NET.Sdk\targets\Microsoft.NET.Sdk.targets(204,5): message :       GetTargetPath;
       C:\Program Files\dotnet\sdk\10.0.100\Sdks\Microsoft.NET.Sdk\targets\Microsoft.NET.Sdk.targets(204,5): message :       PrepareForRun;
       C:\Program Files\dotnet\sdk\10.0.100\Sdks\Microsoft.NET.Sdk\targets\Microsoft.NET.Sdk.targets(204,5): message :       UnmanagedRegistration;
       C:\Program Files\dotnet\sdk\10.0.100\Sdks\Microsoft.NET.Sdk\targets\Microsoft.NET.Sdk.targets(204,5): message :       IncrementalClean;
       C:\Program Files\dotnet\sdk\10.0.100\Sdks\Microsoft.NET.Sdk\targets\Microsoft.NET.Sdk.targets(204,5): message :       PostBuildEvent
       C:\Program Files\dotnet\sdk\10.0.100\Sdks\Microsoft.NET.Sdk\targets\Microsoft.NET.Sdk.targets(204,5): message :     ;
       C:\Program Files\dotnet\sdk\10.0.100\Sdks\Microsoft.NET.Sdk\targets\Microsoft.NET.Sdk.targets(204,5): message :       GenerateBuildDependencyFile;
       C:\Program Files\dotnet\sdk\10.0.100\Sdks\Microsoft.NET.Sdk\targets\Microsoft.NET.Sdk.targets(204,5): message :       GenerateBuildRuntimeConfigurationFiles
       C:\Program Files\dotnet\sdk\10.0.100\Sdks\Microsoft.NET.Sdk\targets\Microsoft.NET.Sdk.targets(204,5): message :     " (önceki değer: "
       C:\Program Files\dotnet\sdk\10.0.100\Sdks\Microsoft.NET.Sdk\targets\Microsoft.NET.Sdk.targets(204,5): message :       BuildOnlySettings;
       C:\Program Files\dotnet\sdk\10.0.100\Sdks\Microsoft.NET.Sdk\targets\Microsoft.NET.Sdk.targets(204,5): message :       PrepareForBuild;
       C:\Program Files\dotnet\sdk\10.0.100\Sdks\Microsoft.NET.Sdk\targets\Microsoft.NET.Sdk.targets(204,5): message :       PreBuildEvent;
       C:\Program Files\dotnet\sdk\10.0.100\Sdks\Microsoft.NET.Sdk\targets\Microsoft.NET.Sdk.targets(204,5): message :       ResolveReferences;
       C:\Program Files\dotnet\sdk\10.0.100\Sdks\Microsoft.NET.Sdk\targets\Microsoft.NET.Sdk.targets(204,5): message :       PrepareResources;
       C:\Program Files\dotnet\sdk\10.0.100\Sdks\Microsoft.NET.Sdk\targets\Microsoft.NET.Sdk.targets(204,5): message :       ResolveKeySource;
       C:\Program Files\dotnet\sdk\10.0.100\Sdks\Microsoft.NET.Sdk\targets\Microsoft.NET.Sdk.targets(204,5): message :       Compile;
       C:\Program Files\dotnet\sdk\10.0.100\Sdks\Microsoft.NET.Sdk\targets\Microsoft.NET.Sdk.targets(204,5): message :       ExportWindowsMDFile;
       C:\Program Files\dotnet\sdk\10.0.100\Sdks\Microsoft.NET.Sdk\targets\Microsoft.NET.Sdk.targets(204,5): message :       UnmanagedUnregistration;
       C:\Program Files\dotnet\sdk\10.0.100\Sdks\Microsoft.NET.Sdk\targets\Microsoft.NET.Sdk.targets(204,5): message :       GenerateSerializationAssemblies;
       C:\Program Files\dotnet\sdk\10.0.100\Sdks\Microsoft.NET.Sdk\targets\Microsoft.NET.Sdk.targets(204,5): message :       CreateSatelliteAssemblies;
       C:\Program Files\dotnet\sdk\10.0.100\Sdks\Microsoft.NET.Sdk\targets\Microsoft.NET.Sdk.targets(204,5): message :       GenerateManifests;
       C:\Program Files\dotnet\sdk\10.0.100\Sdks\Microsoft.NET.Sdk\targets\Microsoft.NET.Sdk.targets(204,5): message :       GetTargetPath;
       C:\Program Files\dotnet\sdk\10.0.100\Sdks\Microsoft.NET.Sdk\targets\Microsoft.NET.Sdk.targets(204,5): message :       PrepareForRun;
       C:\Program Files\dotnet\sdk\10.0.100\Sdks\Microsoft.NET.Sdk\targets\Microsoft.NET.Sdk.targets(204,5): message :       UnmanagedRegistration;
       C:\Program Files\dotnet\sdk\10.0.100\Sdks\Microsoft.NET.Sdk\targets\Microsoft.NET.Sdk.targets(204,5): message :       IncrementalClean;
       C:\Program Files\dotnet\sdk\10.0.100\Sdks\Microsoft.NET.Sdk\targets\Microsoft.NET.Sdk.targets(204,5): message :       PostBuildEvent
       C:\Program Files\dotnet\sdk\10.0.100\Sdks\Microsoft.NET.Sdk\targets\Microsoft.NET.Sdk.targets(204,5): message :     ") konum: C:\Program Files\dotnet\sdk\10.0.100\Sdks\Microsoft.NET.Sdk\targets\Microsoft.NET.Sdk.targets (204,5)
       C:\Program Files\dotnet\sdk\10.0.100\Sdks\Microsoft.NET.Sdk\targets\Microsoft.NET.Sdk.targets(213,5): message : Özellik yeniden ataması: $(CoreCleanDependsOn)="
       C:\Program Files\dotnet\sdk\10.0.100\Sdks\Microsoft.NET.Sdk\targets\Microsoft.NET.Sdk.targets(213,5): message :       _SdkBeforeClean;
       C:\Program Files\dotnet\sdk\10.0.100\Sdks\Microsoft.NET.Sdk\targets\Microsoft.NET.Sdk.targets(213,5): message :       
       C:\Program Files\dotnet\sdk\10.0.100\Sdks\Microsoft.NET.Sdk\targets\Microsoft.NET.Sdk.targets(213,5): message :     " (önceki değer: "") konum: C:\Program Files\dotnet\sdk\10.0.100\Sdks\Microsoft.NET.Sdk\targets\Microsoft.NET.Sdk.targets (213,5)
       C:\Program Files\dotnet\sdk\10.0.100\Sdks\Microsoft.NET.Sdk\targets\Microsoft.NET.Sdk.targets(220,5): message : Özellik yeniden ataması: $(RebuildDependsOn)="
       C:\Program Files\dotnet\sdk\10.0.100\Sdks\Microsoft.NET.Sdk\targets\Microsoft.NET.Sdk.targets(220,5): message :       _SdkBeforeRebuild;
       C:\Program Files\dotnet\sdk\10.0.100\Sdks\Microsoft.NET.Sdk\targets\Microsoft.NET.Sdk.targets(220,5): message :       
       C:\Program Files\dotnet\sdk\10.0.100\Sdks\Microsoft.NET.Sdk\targets\Microsoft.NET.Sdk.targets(220,5): message :       BeforeRebuild;
       C:\Program Files\dotnet\sdk\10.0.100\Sdks\Microsoft.NET.Sdk\targets\Microsoft.NET.Sdk.targets(220,5): message :       Clean;
       C:\Program Files\dotnet\sdk\10.0.100\Sdks\Microsoft.NET.Sdk\targets\Microsoft.NET.Sdk.targets(220,5): message :       Build;
       C:\Program Files\dotnet\sdk\10.0.100\Sdks\Microsoft.NET.Sdk\targets\Microsoft.NET.Sdk.targets(220,5): message :       AfterRebuild;
       C:\Program Files\dotnet\sdk\10.0.100\Sdks\Microsoft.NET.Sdk\targets\Microsoft.NET.Sdk.targets(220,5): message :     
       C:\Program Files\dotnet\sdk\10.0.100\Sdks\Microsoft.NET.Sdk\targets\Microsoft.NET.Sdk.targets(220,5): message :     " (önceki değer: "
       C:\Program Files\dotnet\sdk\10.0.100\Sdks\Microsoft.NET.Sdk\targets\Microsoft.NET.Sdk.targets(220,5): message :       BeforeRebuild;
       C:\Program Files\dotnet\sdk\10.0.100\Sdks\Microsoft.NET.Sdk\targets\Microsoft.NET.Sdk.targets(220,5): message :       Clean;
       C:\Program Files\dotnet\sdk\10.0.100\Sdks\Microsoft.NET.Sdk\targets\Microsoft.NET.Sdk.targets(220,5): message :       Build;
       C:\Program Files\dotnet\sdk\10.0.100\Sdks\Microsoft.NET.Sdk\targets\Microsoft.NET.Sdk.targets(220,5): message :       AfterRebuild;
       C:\Program Files\dotnet\sdk\10.0.100\Sdks\Microsoft.NET.Sdk\targets\Microsoft.NET.Sdk.targets(220,5): message :     ") konum: C:\Program Files\dotnet\sdk\10.0.100\Sdks\Microsoft.NET.Sdk\targets\Microsoft.NET.Sdk.targets (220,5)
       C:\Program Files\dotnet\sdk\10.0.100\Sdks\Microsoft.NET.Sdk\targets\Microsoft.NET.Sdk.targets(799,5): message : Özellik yeniden ataması: $(CompileDependsOn)="
       C:\Program Files\dotnet\sdk\10.0.100\Sdks\Microsoft.NET.Sdk\targets\Microsoft.NET.Sdk.targets(799,5): message :       
       C:\Program Files\dotnet\sdk\10.0.100\Sdks\Microsoft.NET.Sdk\targets\Microsoft.NET.Sdk.targets(799,5): message :       ResolveReferences;
       C:\Program Files\dotnet\sdk\10.0.100\Sdks\Microsoft.NET.Sdk\targets\Microsoft.NET.Sdk.targets(799,5): message :       ResolveKeySource;
       C:\Program Files\dotnet\sdk\10.0.100\Sdks\Microsoft.NET.Sdk\targets\Microsoft.NET.Sdk.targets(799,5): message :       SetWin32ManifestProperties;
       C:\Program Files\dotnet\sdk\10.0.100\Sdks\Microsoft.NET.Sdk\targets\Microsoft.NET.Sdk.targets(799,5): message :       _SetPreferNativeArm64Win32ManifestProperties;
       C:\Program Files\dotnet\sdk\10.0.100\Sdks\Microsoft.NET.Sdk\targets\Microsoft.NET.Sdk.targets(799,5): message :       FindReferenceAssembliesForReferences;
       C:\Program Files\dotnet\sdk\10.0.100\Sdks\Microsoft.NET.Sdk\targets\Microsoft.NET.Sdk.targets(799,5): message :       _GenerateCompileInputs;
       C:\Program Files\dotnet\sdk\10.0.100\Sdks\Microsoft.NET.Sdk\targets\Microsoft.NET.Sdk.targets(799,5): message :       BeforeCompile;
       C:\Program Files\dotnet\sdk\10.0.100\Sdks\Microsoft.NET.Sdk\targets\Microsoft.NET.Sdk.targets(799,5): message :       _TimeStampBeforeCompile;
       C:\Program Files\dotnet\sdk\10.0.100\Sdks\Microsoft.NET.Sdk\targets\Microsoft.NET.Sdk.targets(799,5): message :       _GenerateCompileDependencyCache;
       C:\Program Files\dotnet\sdk\10.0.100\Sdks\Microsoft.NET.Sdk\targets\Microsoft.NET.Sdk.targets(799,5): message :       CoreCompile;
       C:\Program Files\dotnet\sdk\10.0.100\Sdks\Microsoft.NET.Sdk\targets\Microsoft.NET.Sdk.targets(799,5): message :       _TimeStampAfterCompile;
       C:\Program Files\dotnet\sdk\10.0.100\Sdks\Microsoft.NET.Sdk\targets\Microsoft.NET.Sdk.targets(799,5): message :       AfterCompile;
       C:\Program Files\dotnet\sdk\10.0.100\Sdks\Microsoft.NET.Sdk\targets\Microsoft.NET.Sdk.targets(799,5): message :     ;
       C:\Program Files\dotnet\sdk\10.0.100\Sdks\Microsoft.NET.Sdk\targets\Microsoft.NET.Sdk.targets(799,5): message :       _CreateAppHost;
       C:\Program Files\dotnet\sdk\10.0.100\Sdks\Microsoft.NET.Sdk\targets\Microsoft.NET.Sdk.targets(799,5): message :       _CreateComHost;
       C:\Program Files\dotnet\sdk\10.0.100\Sdks\Microsoft.NET.Sdk\targets\Microsoft.NET.Sdk.targets(799,5): message :       _GetIjwHostPaths;
       C:\Program Files\dotnet\sdk\10.0.100\Sdks\Microsoft.NET.Sdk\targets\Microsoft.NET.Sdk.targets(799,5): message :     " (önceki değer: "
       C:\Program Files\dotnet\sdk\10.0.100\Sdks\Microsoft.NET.Sdk\targets\Microsoft.NET.Sdk.targets(799,5): message :       ResolveReferences;
       C:\Program Files\dotnet\sdk\10.0.100\Sdks\Microsoft.NET.Sdk\targets\Microsoft.NET.Sdk.targets(799,5): message :       ResolveKeySource;
       C:\Program Files\dotnet\sdk\10.0.100\Sdks\Microsoft.NET.Sdk\targets\Microsoft.NET.Sdk.targets(799,5): message :       SetWin32ManifestProperties;
       C:\Program Files\dotnet\sdk\10.0.100\Sdks\Microsoft.NET.Sdk\targets\Microsoft.NET.Sdk.targets(799,5): message :       _SetPreferNativeArm64Win32ManifestProperties;
       C:\Program Files\dotnet\sdk\10.0.100\Sdks\Microsoft.NET.Sdk\targets\Microsoft.NET.Sdk.targets(799,5): message :       FindReferenceAssembliesForReferences;
       C:\Program Files\dotnet\sdk\10.0.100\Sdks\Microsoft.NET.Sdk\targets\Microsoft.NET.Sdk.targets(799,5): message :       _GenerateCompileInputs;
       C:\Program Files\dotnet\sdk\10.0.100\Sdks\Microsoft.NET.Sdk\targets\Microsoft.NET.Sdk.targets(799,5): message :       BeforeCompile;
       C:\Program Files\dotnet\sdk\10.0.100\Sdks\Microsoft.NET.Sdk\targets\Microsoft.NET.Sdk.targets(799,5): message :       _TimeStampBeforeCompile;
       C:\Program Files\dotnet\sdk\10.0.100\Sdks\Microsoft.NET.Sdk\targets\Microsoft.NET.Sdk.targets(799,5): message :       _GenerateCompileDependencyCache;
       C:\Program Files\dotnet\sdk\10.0.100\Sdks\Microsoft.NET.Sdk\targets\Microsoft.NET.Sdk.targets(799,5): message :       CoreCompile;
       C:\Program Files\dotnet\sdk\10.0.100\Sdks\Microsoft.NET.Sdk\targets\Microsoft.NET.Sdk.targets(799,5): message :       _TimeStampAfterCompile;
       C:\Program Files\dotnet\sdk\10.0.100\Sdks\Microsoft.NET.Sdk\targets\Microsoft.NET.Sdk.targets(799,5): message :       AfterCompile;
       C:\Program Files\dotnet\sdk\10.0.100\Sdks\Microsoft.NET.Sdk\targets\Microsoft.NET.Sdk.targets(799,5): message :     ") konum: C:\Program Files\dotnet\sdk\10.0.100\Sdks\Microsoft.NET.Sdk\targets\Microsoft.NET.Sdk.targets (799,5)
       C:\Program Files\dotnet\sdk\10.0.100\Sdks\Microsoft.NET.Sdk\targets\Microsoft.NET.Sdk.targets(1131,5): message : Özellik yeniden ataması: $(CreateSatelliteAssembliesDependsOn)="
       C:\Program Files\dotnet\sdk\10.0.100\Sdks\Microsoft.NET.Sdk\targets\Microsoft.NET.Sdk.targets(1131,5): message :       
       C:\Program Files\dotnet\sdk\10.0.100\Sdks\Microsoft.NET.Sdk\targets\Microsoft.NET.Sdk.targets(1131,5): message :       ;
       C:\Program Files\dotnet\sdk\10.0.100\Sdks\Microsoft.NET.Sdk\targets\Microsoft.NET.Sdk.targets(1131,5): message :       _GenerateSatelliteAssemblyInputs;
       C:\Program Files\dotnet\sdk\10.0.100\Sdks\Microsoft.NET.Sdk\targets\Microsoft.NET.Sdk.targets(1131,5): message :       ComputeIntermediateSatelliteAssemblies;
       C:\Program Files\dotnet\sdk\10.0.100\Sdks\Microsoft.NET.Sdk\targets\Microsoft.NET.Sdk.targets(1131,5): message :       GenerateSatelliteAssemblies
       C:\Program Files\dotnet\sdk\10.0.100\Sdks\Microsoft.NET.Sdk\targets\Microsoft.NET.Sdk.targets(1131,5): message :     ;
       C:\Program Files\dotnet\sdk\10.0.100\Sdks\Microsoft.NET.Sdk\targets\Microsoft.NET.Sdk.targets(1131,5): message :       CoreGenerateSatelliteAssemblies
       C:\Program Files\dotnet\sdk\10.0.100\Sdks\Microsoft.NET.Sdk\targets\Microsoft.NET.Sdk.targets(1131,5): message :     " (önceki değer: "
       C:\Program Files\dotnet\sdk\10.0.100\Sdks\Microsoft.NET.Sdk\targets\Microsoft.NET.Sdk.targets(1131,5): message :       ;
       C:\Program Files\dotnet\sdk\10.0.100\Sdks\Microsoft.NET.Sdk\targets\Microsoft.NET.Sdk.targets(1131,5): message :       _GenerateSatelliteAssemblyInputs;
       C:\Program Files\dotnet\sdk\10.0.100\Sdks\Microsoft.NET.Sdk\targets\Microsoft.NET.Sdk.targets(1131,5): message :       ComputeIntermediateSatelliteAssemblies;
       C:\Program Files\dotnet\sdk\10.0.100\Sdks\Microsoft.NET.Sdk\targets\Microsoft.NET.Sdk.targets(1131,5): message :       GenerateSatelliteAssemblies
       C:\Program Files\dotnet\sdk\10.0.100\Sdks\Microsoft.NET.Sdk\targets\Microsoft.NET.Sdk.targets(1131,5): message :     ") konum: C:\Program Files\dotnet\sdk\10.0.100\Sdks\Microsoft.NET.Sdk\targets\Microsoft.NET.Sdk.targets (1131,5)
       C:\Program Files\dotnet\sdk\10.0.100\Sdks\Microsoft.SourceLink.GitLab\build\Microsoft.SourceLink.GitLab.targets(12,5): message : Özellik yeniden ataması: $(SourceLinkUrlInitializerTargets)=";_InitializeGitHubSourceLinkUrl;_InitializeGitLabSourceLinkUrl" (önceki değer: ";_InitializeGitHubSourceLinkUrl") konum: C:\Program Files\dotnet\sdk\10.0.100\Sdks\Microsoft.SourceLink.GitLab\build\Microsoft.SourceLink.GitLab.targets (12,5)
       C:\Program Files\dotnet\sdk\10.0.100\Sdks\Microsoft.SourceLink.GitLab\build\Microsoft.SourceLink.GitLab.targets(13,5): message : Özellik yeniden ataması: $(SourceControlManagerUrlTranslationTargets)=";TranslateGitHubUrlsInSourceControlInformation;TranslateGitLabUrlsInSourceControlInformation" (önceki değer: ";TranslateGitHubUrlsInSourceControlInformation") konum: C:\Program Files\dotnet\sdk\10.0.100\Sdks\Microsoft.SourceLink.GitLab\build\Microsoft.SourceLink.GitLab.targets (13,5)
       C:\Program Files\dotnet\sdk\10.0.100\Sdks\Microsoft.SourceLink.AzureRepos.Git\build\Microsoft.SourceLink.AzureRepos.Git.targets(12,5): message : Özellik yeniden ataması: $(SourceLinkUrlInitializerTargets)=";_InitializeGitHubSourceLinkUrl;_InitializeGitLabSourceLinkUrl;_InitializeAzureReposGitSourceLinkUrl" (önceki değer: ";_InitializeGitHubSourceLinkUrl;_InitializeGitLabSourceLinkUrl") konum: C:\Program Files\dotnet\sdk\10.0.100\Sdks\Microsoft.SourceLink.AzureRepos.Git\build\Microsoft.SourceLink.AzureRepos.Git.targets (12,5)
       C:\Program Files\dotnet\sdk\10.0.100\Sdks\Microsoft.SourceLink.AzureRepos.Git\build\Microsoft.SourceLink.AzureRepos.Git.targets(13,5): message : Özellik yeniden ataması: $(SourceControlManagerUrlTranslationTargets)=";TranslateGitHubUrlsInSourceControlInformation;TranslateGitLabUrlsInSourceControlInformation;TranslateAzureReposGitUrlsInSourceControlInformation" (önceki değer: ";TranslateGitHubUrlsInSourceControlInformation;TranslateGitLabUrlsInSourceControlInformation") konum: C:\Program Files\dotnet\sdk\10.0.100\Sdks\Microsoft.SourceLink.AzureRepos.Git\build\Microsoft.SourceLink.AzureRepos.Git.targets (13,5)
       C:\Program Files\dotnet\sdk\10.0.100\Sdks\Microsoft.SourceLink.Bitbucket.Git\build\Microsoft.SourceLink.Bitbucket.Git.targets(12,5): message : Özellik yeniden ataması: $(SourceLinkUrlInitializerTargets)=";_InitializeGitHubSourceLinkUrl;_InitializeGitLabSourceLinkUrl;_InitializeAzureReposGitSourceLinkUrl;_InitializeBitbucketGitSourceLinkUrl" (önceki değer: ";_InitializeGitHubSourceLinkUrl;_InitializeGitLabSourceLinkUrl;_InitializeAzureReposGitSourceLinkUrl") konum: C:\Program Files\dotnet\sdk\10.0.100\Sdks\Microsoft.SourceLink.Bitbucket.Git\build\Microsoft.SourceLink.Bitbucket.Git.targets (12,5)
       C:\Program Files\dotnet\sdk\10.0.100\Sdks\Microsoft.SourceLink.Bitbucket.Git\build\Microsoft.SourceLink.Bitbucket.Git.targets(13,5): message : Özellik yeniden ataması: $(SourceControlManagerUrlTranslationTargets)=";TranslateGitHubUrlsInSourceControlInformation;TranslateGitLabUrlsInSourceControlInformation;TranslateAzureReposGitUrlsInSourceControlInformation;TranslateBitbucketGitUrlsInSourceControlInformation" (önceki değer: ";TranslateGitHubUrlsInSourceControlInformation;TranslateGitLabUrlsInSourceControlInformation;TranslateAzureReposGitUrlsInSourceControlInformation") konum: C:\Program Files\dotnet\sdk\10.0.100\Sdks\Microsoft.SourceLink.Bitbucket.Git\build\Microsoft.SourceLink.Bitbucket.Git.targets (13,5)
       C:\Program Files\dotnet\sdk\10.0.100\Sdks\Microsoft.NET.Sdk\targets\Microsoft.NET.DesignerSupport.targets(21,5): message : Özellik yeniden ataması: $(DesignerRuntimeImplementationProjectOutputGroupDependsOn)="
       C:\Program Files\dotnet\sdk\10.0.100\Sdks\Microsoft.NET.Sdk\targets\Microsoft.NET.DesignerSupport.targets(21,5): message :       
       C:\Program Files\dotnet\sdk\10.0.100\Sdks\Microsoft.NET.Sdk\targets\Microsoft.NET.DesignerSupport.targets(21,5): message :       ;
       C:\Program Files\dotnet\sdk\10.0.100\Sdks\Microsoft.NET.Sdk\targets\Microsoft.NET.DesignerSupport.targets(21,5): message :       
       C:\Program Files\dotnet\sdk\10.0.100\Sdks\Microsoft.NET.Sdk\targets\Microsoft.NET.DesignerSupport.targets(21,5): message :       ;
       C:\Program Files\dotnet\sdk\10.0.100\Sdks\Microsoft.NET.Sdk\targets\Microsoft.NET.DesignerSupport.targets(21,5): message :       BuildOnlySettings;
       C:\Program Files\dotnet\sdk\10.0.100\Sdks\Microsoft.NET.Sdk\targets\Microsoft.NET.DesignerSupport.targets(21,5): message :       PrepareForBuild;
       C:\Program Files\dotnet\sdk\10.0.100\Sdks\Microsoft.NET.Sdk\targets\Microsoft.NET.DesignerSupport.targets(21,5): message :       AssignTargetPaths;
       C:\Program Files\dotnet\sdk\10.0.100\Sdks\Microsoft.NET.Sdk\targets\Microsoft.NET.DesignerSupport.targets(21,5): message :       ResolveReferences
       C:\Program Files\dotnet\sdk\10.0.100\Sdks\Microsoft.NET.Sdk\targets\Microsoft.NET.DesignerSupport.targets(21,5): message :     
       C:\Program Files\dotnet\sdk\10.0.100\Sdks\Microsoft.NET.Sdk\targets\Microsoft.NET.DesignerSupport.targets(21,5): message :     ;
       C:\Program Files\dotnet\sdk\10.0.100\Sdks\Microsoft.NET.Sdk\targets\Microsoft.NET.DesignerSupport.targets(21,5): message :       _GenerateDesignerDepsFile;
       C:\Program Files\dotnet\sdk\10.0.100\Sdks\Microsoft.NET.Sdk\targets\Microsoft.NET.DesignerSupport.targets(21,5): message :       _GenerateDesignerRuntimeConfigFile;
       C:\Program Files\dotnet\sdk\10.0.100\Sdks\Microsoft.NET.Sdk\targets\Microsoft.NET.DesignerSupport.targets(21,5): message :       GetCopyToOutputDirectoryItems;
       C:\Program Files\dotnet\sdk\10.0.100\Sdks\Microsoft.NET.Sdk\targets\Microsoft.NET.DesignerSupport.targets(21,5): message :       _GatherDesignerShadowCopyFiles;
       C:\Program Files\dotnet\sdk\10.0.100\Sdks\Microsoft.NET.Sdk\targets\Microsoft.NET.DesignerSupport.targets(21,5): message :     " (önceki değer: "
       C:\Program Files\dotnet\sdk\10.0.100\Sdks\Microsoft.NET.Sdk\targets\Microsoft.NET.DesignerSupport.targets(21,5): message :       ;
       C:\Program Files\dotnet\sdk\10.0.100\Sdks\Microsoft.NET.Sdk\targets\Microsoft.NET.DesignerSupport.targets(21,5): message :       
       C:\Program Files\dotnet\sdk\10.0.100\Sdks\Microsoft.NET.Sdk\targets\Microsoft.NET.DesignerSupport.targets(21,5): message :       ;
       C:\Program Files\dotnet\sdk\10.0.100\Sdks\Microsoft.NET.Sdk\targets\Microsoft.NET.DesignerSupport.targets(21,5): message :       BuildOnlySettings;
       C:\Program Files\dotnet\sdk\10.0.100\Sdks\Microsoft.NET.Sdk\targets\Microsoft.NET.DesignerSupport.targets(21,5): message :       PrepareForBuild;
       C:\Program Files\dotnet\sdk\10.0.100\Sdks\Microsoft.NET.Sdk\targets\Microsoft.NET.DesignerSupport.targets(21,5): message :       AssignTargetPaths;
       C:\Program Files\dotnet\sdk\10.0.100\Sdks\Microsoft.NET.Sdk\targets\Microsoft.NET.DesignerSupport.targets(21,5): message :       ResolveReferences
       C:\Program Files\dotnet\sdk\10.0.100\Sdks\Microsoft.NET.Sdk\targets\Microsoft.NET.DesignerSupport.targets(21,5): message :     
       C:\Program Files\dotnet\sdk\10.0.100\Sdks\Microsoft.NET.Sdk\targets\Microsoft.NET.DesignerSupport.targets(21,5): message :     ") konum: C:\Program Files\dotnet\sdk\10.0.100\Sdks\Microsoft.NET.Sdk\targets\Microsoft.NET.DesignerSupport.targets (21,5)
       C:\Program Files\dotnet\sdk\10.0.100\Sdks\Microsoft.NET.Sdk\targets\Microsoft.NET.Sdk.CSharp.targets(31,5): message : Özellik yeniden ataması: $(DefineConstants)="TRACE;DEBUG" (önceki değer: "TRACE") konum: C:\Program Files\dotnet\sdk\10.0.100\Sdks\Microsoft.NET.Sdk\targets\Microsoft.NET.Sdk.CSharp.targets (31,5)
       C:\Program Files\dotnet\sdk\10.0.100\Sdks\Microsoft.NET.Sdk\targets\Microsoft.NET.Sdk.CSharp.targets(45,5): message : Özellik yeniden ataması: $(WarningsAsErrors)=";NU1605;SYSLIB0011" (önceki değer: ";NU1605") konum: C:\Program Files\dotnet\sdk\10.0.100\Sdks\Microsoft.NET.Sdk\targets\Microsoft.NET.Sdk.CSharp.targets (45,5)
       C:\Program Files\dotnet\sdk\10.0.100\NuGet.Build.Tasks.Pack.targets(34,5): message : Özellik yeniden ataması: $(PackageDescription)="Package Description" (önceki değer: "") konum: C:\Program Files\dotnet\sdk\10.0.100\NuGet.Build.Tasks.Pack.targets (34,5)
       C:\Program Files\dotnet\sdk\10.0.100\NuGet.Build.Tasks.Pack.targets(59,5): message : Özellik yeniden ataması: $(GenerateNuspecDependsOn)="Build;_LoadPackInputItems; _GetTargetFrameworksOutput; _WalkEachTargetPerFramework; _GetPackageFiles; " (önceki değer: "_LoadPackInputItems; _GetTargetFrameworksOutput; _WalkEachTargetPerFramework; _GetPackageFiles; ") konum: C:\Program Files\dotnet\sdk\10.0.100\NuGet.Build.Tasks.Pack.targets (59,5)
       C:\Program Files\dotnet\sdk\10.0.100\Sdks\Microsoft.NET.Sdk\Sdk\Sdk.targets(59,5): message : Özellik yeniden ataması: $(_IsNotSetContainersTargetsDir)="true" (önceki değer: "false") konum: C:\Program Files\dotnet\sdk\10.0.100\Sdks\Microsoft.NET.Sdk\Sdk\Sdk.targets (59,5)
       C:\Program Files\dotnet\sdk\10.0.100\Containers\build\Microsoft.NET.Build.Containers.targets(5,5): message : Özellik yeniden ataması: $(_IsSDKContainerAllowedVersion)="true" (önceki değer: "false") konum: C:\Program Files\dotnet\sdk\10.0.100\Containers\build\Microsoft.NET.Build.Containers.targets (5,5)
       C:\Program Files\dotnet\sdk\10.0.100\Containers\build\Microsoft.NET.Build.Containers.targets(15,5): message : Özellik yeniden ataması: $(_ContainerIsTargetingNet8TFM)="true" (önceki değer: "false") konum: C:\Program Files\dotnet\sdk\10.0.100\Containers\build\Microsoft.NET.Build.Containers.targets (15,5)
       "C:\Program Files\dotnet\sdk\10.0.100\Sdks\Microsoft.NET.Sdk\targets\Microsoft.NET.Sdk.FrameworkReferenceResolution.targets" projesindeki "ResolveFrameworkReferences" hedefi kullanılarak "C:\Program Files\dotnet\sdk\10.0.100\Microsoft.Common.CurrentVersion.targets" projesindeki "ResolveFrameworkReferences" hedefinin üzerine yazılıyor.
       "C:\Program Files\dotnet\sdk\10.0.100\Sdks\Microsoft.NET.Sdk\targets\Microsoft.NET.Sdk.targets" projesindeki "GenerateSupportedTargetFrameworkAlias" hedefi kullanılarak "C:\Program Files\dotnet\sdk\10.0.100\Microsoft.Common.CurrentVersion.targets" projesindeki "GenerateSupportedTargetFrameworkAlias" hedefinin üzerine yazılıyor.
       "C:\Program Files\dotnet\sdk\10.0.100\Sdks\Microsoft.NET.Sdk\targets\Microsoft.NET.DisableStandardFrameworkResolution.targets" projesindeki "GetReferenceAssemblyPaths" hedefi kullanılarak "C:\Program Files\dotnet\sdk\10.0.100\Microsoft.Common.CurrentVersion.targets" projesindeki "GetReferenceAssemblyPaths" hedefinin üzerine yazılıyor.
       "C:\Program Files\dotnet\sdk\10.0.100\Sdks\Microsoft.NET.Sdk\targets\Microsoft.NET.DisableStandardFrameworkResolution.targets" projesindeki "GetFrameworkPaths" hedefi kullanılarak "C:\Program Files\dotnet\sdk\10.0.100\Microsoft.Common.CurrentVersion.targets" projesindeki "GetFrameworkPaths" hedefinin üzerine yazılıyor.
       "C:\Program Files\dotnet\sdk\10.0.100\Sdks\Microsoft.NET.Sdk\targets\Microsoft.NET.DesignerSupport.targets" projesindeki "DesignerRuntimeImplementationProjectOutputGroup" hedefi kullanılarak "C:\Program Files\dotnet\sdk\10.0.100\Microsoft.Common.CurrentVersion.targets" projesindeki "DesignerRuntimeImplementationProjectOutputGroup" hedefinin üzerine yazılıyor.
       "C:\Program Files\dotnet\sdk\10.0.100\Sdks\Microsoft.NET.Sdk\targets\Microsoft.NET.Publish.targets" projesindeki "Publish" hedefi kullanılarak "C:\Program Files\dotnet\sdk\10.0.100\Microsoft.Common.CurrentVersion.targets" projesindeki "Publish" hedefinin üzerine yazılıyor.
       "C:\Program Files\dotnet\sdk\10.0.100\Sdks\Microsoft.NET.Sdk\targets\Microsoft.NET.Publish.targets" projesindeki "ResolveReadyToRunCompilers" hedefi kullanılarak "C:\Program Files\dotnet\sdk\10.0.100\Sdks\Microsoft.NET.Sdk\targets\Microsoft.NET.CrossGen.targets" projesindeki "ResolveReadyToRunCompilers" hedefinin üzerine yazılıyor.
       "C:\Program Files\dotnet\sdk\10.0.100\Sdks\Microsoft.NET.Sdk\targets\Microsoft.NET.Publish.targets" projesindeki "GetCopyToPublishDirectoryItems" hedefi kullanılarak "C:\Program Files\dotnet\sdk\10.0.100\Microsoft.Common.CurrentVersion.targets" projesindeki "GetCopyToPublishDirectoryItems" hedefinin üzerine yazılıyor.
       "C:\Program Files\dotnet\sdk\10.0.100\Sdks\Microsoft.NET.Sdk\targets\Microsoft.NET.Sdk.targets" projesindeki "Run" hedefi kullanılarak "C:\Program Files\dotnet\sdk\10.0.100\Microsoft.Common.CurrentVersion.targets" projesindeki "Run" hedefinin üzerine yazılıyor.
       "ResolveNuGetPackageAssets" konumundaki bir AfterTargets özniteliğinde listelenen "C:\Users\mrkfk\.nuget\packages\system.text.json\9.0.0\buildTransitive\net8.0\System.Text.Json.targets (11,11)" hedefi projede yok ve göz ardı edilecek.
       "ResolveNuGetPackageAssets" konumundaki bir AfterTargets özniteliğinde listelenen "C:\Users\mrkfk\.nuget\packages\system.text.json\9.0.0\buildTransitive\net8.0\System.Text.Json.targets (23,11)" hedefi projede yok ve göz ardı edilecek.
       "ResolveNuGetPackageAssets" konumundaki bir AfterTargets özniteliğinde listelenen "C:\Users\mrkfk\.nuget\packages\microsoft.extensions.options\9.0.0\buildTransitive\net8.0\Microsoft.Extensions.Options.targets (11,11)" hedefi projede yok ve göz ardı edilecek.
       "ResolveNuGetPackageAssets" konumundaki bir AfterTargets özniteliğinde listelenen "C:\Users\mrkfk\.nuget\packages\microsoft.extensions.options\9.0.0\buildTransitive\net8.0\Microsoft.Extensions.Options.targets (23,11)" hedefi projede yok ve göz ardı edilecek.
       "ResolveNuGetPackageAssets" konumundaki bir AfterTargets özniteliğinde listelenen "C:\Users\mrkfk\.nuget\packages\microsoft.extensions.logging.abstractions\9.0.0\buildTransitive\net8.0\Microsoft.Extensions.Logging.Abstractions.targets (11,11)" hedefi projede yok ve göz ardı edilecek.
       "ResolveNuGetPackageAssets" konumundaki bir AfterTargets özniteliğinde listelenen "C:\Users\mrkfk\.nuget\packages\microsoft.extensions.logging.abstractions\9.0.0\buildTransitive\net8.0\Microsoft.Extensions.Logging.Abstractions.targets (23,11)" hedefi projede yok ve göz ardı edilecek.
   1:7>2 düğümünde "C:\Users\mrkfk\OneDrive\Desktop\Projelerim\ECommerce\src\Infrastructure\ECommerce.Infrastructure\ECommerce.Infrastructure.csproj" projesi (varsayılan hedefler).
   1:7>"C:\Users\mrkfk\OneDrive\Desktop\Projelerim\ECommerce\src\Infrastructure\ECommerce.Infrastructure\ECommerce.Infrastructure.csproj" projesinin "C:\Users\mrkfk\.nuget\packages\mono.texttemplating\3.0.0\buildTransitive\Mono.TextTemplating.targets" dosyasındaki "NETStandardCompatError_Mono_TextTemplating_net6_0" hedefi (giriş noktası):
   1:7>"ECommerce.Infrastructure.csproj" projesinde "NETStandardCompatError_Mono_TextTemplating_net6_0" hedefini oluşturma tamamlandı.
   1:7>"C:\Users\mrkfk\OneDrive\Desktop\Projelerim\ECommerce\src\Infrastructure\ECommerce.Infrastructure\ECommerce.Infrastructure.csproj" projesinin "C:\Program Files\dotnet\sdk\10.0.100\Sdks\Microsoft.NET.Sdk\targets\Microsoft.NET.TargetFrameworkInference.targets" dosyasındaki "_CollectTargetFrameworkForTelemetry" hedefi ("_CheckForInvalidConfigurationAndPlatform" hedefi buna bağımlı):
       "C:\Program Files\dotnet\sdk\10.0.100\Sdks\Microsoft.NET.Sdk\targets\..\tools\net10.0\Microsoft.NET.Build.Tasks.dll" derlemesindeki "AllowEmptyTelemetry" görevi kullanılıyor.
       "AllowEmptyTelemetry" görevi
       "AllowEmptyTelemetry" görevini yürütme tamamlandı.
   1:7>"ECommerce.Infrastructure.csproj" projesinde "_CollectTargetFrameworkForTelemetry" hedefini oluşturma tamamlandı.
   1:7>"C:\Users\mrkfk\OneDrive\Desktop\Projelerim\ECommerce\src\Infrastructure\ECommerce.Infrastructure\ECommerce.Infrastructure.csproj" projesinin "C:\Program Files\dotnet\sdk\10.0.100\Sdks\Microsoft.NET.Sdk\targets\Microsoft.NET.TargetFrameworkInference.targets" dosyasındaki "_CheckForUnsupportedNETCoreVersion" hedefi ("_CheckForInvalidConfigurationAndPlatform" hedefi buna bağımlı):
   1:7>"ECommerce.Infrastructure.csproj" projesinde "_CheckForUnsupportedNETCoreVersion" hedefini oluşturma tamamlandı.
   1:7>"C:\Users\mrkfk\OneDrive\Desktop\Projelerim\ECommerce\src\Infrastructure\ECommerce.Infrastructure\ECommerce.Infrastructure.csproj" projesinin "C:\Program Files\dotnet\sdk\10.0.100\Sdks\Microsoft.NET.Sdk\targets\Microsoft.NET.TargetFrameworkInference.targets" dosyasındaki "_CheckForUnsupportedCppNETCoreVersion" hedefi ("_CheckForInvalidConfigurationAndPlatform" hedefi buna bağımlı):
   1:7>"ECommerce.Infrastructure.csproj" projesinde "_CheckForUnsupportedCppNETCoreVersion" hedefini oluşturma tamamlandı.
   1:7>"C:\Users\mrkfk\OneDrive\Desktop\Projelerim\ECommerce\src\Infrastructure\ECommerce.Infrastructure\ECommerce.Infrastructure.csproj" projesinin "C:\Program Files\dotnet\sdk\10.0.100\Sdks\Microsoft.NET.Sdk\targets\Microsoft.NET.DefaultOutputPaths.targets" dosyasındaki "_CheckForUnsupportedArtifactsPath" hedefi ("_CheckForInvalidConfigurationAndPlatform" hedefi buna bağımlı):
   1:7>"ECommerce.Infrastructure.csproj" projesinde "_CheckForUnsupportedArtifactsPath" hedefini oluşturma tamamlandı.
   1:7>"C:\Users\mrkfk\OneDrive\Desktop\Projelerim\ECommerce\src\Infrastructure\ECommerce.Infrastructure\ECommerce.Infrastructure.csproj" projesinin "C:\Program Files\dotnet\sdk\10.0.100\Sdks\Microsoft.NET.Sdk\targets\Microsoft.NET.RuntimeIdentifierInference.targets" dosyasındaki "_CheckForUnsupportedHostingUsage" hedefi ("_CheckForInvalidConfigurationAndPlatform" hedefi buna bağımlı):
   1:7>"ECommerce.Infrastructure.csproj" projesinde "_CheckForUnsupportedHostingUsage" hedefini oluşturma tamamlandı.
   1:7>"C:\Users\mrkfk\OneDrive\Desktop\Projelerim\ECommerce\src\Infrastructure\ECommerce.Infrastructure\ECommerce.Infrastructure.csproj" projesinin "C:\Program Files\dotnet\sdk\10.0.100\Sdks\Microsoft.NET.Sdk\targets\Microsoft.NET.RuntimeIdentifierInference.targets" dosyasındaki "_CheckAndUnsetUnsupportedPrefer32Bit" hedefi ("_CheckForInvalidConfigurationAndPlatform" hedefi buna bağımlı):
   1:7>"ECommerce.Infrastructure.csproj" projesinde "_CheckAndUnsetUnsupportedPrefer32Bit" hedefini oluşturma tamamlandı.
   1:7>"C:\Users\mrkfk\OneDrive\Desktop\Projelerim\ECommerce\src\Infrastructure\ECommerce.Infrastructure\ECommerce.Infrastructure.csproj" projesinin "C:\Program Files\dotnet\sdk\10.0.100\Sdks\Microsoft.NET.Sdk\targets\Microsoft.NET.RuntimeIdentifierInference.targets" dosyasındaki "_CheckForLanguageAndFeatureCombinationSupport" hedefi ("_CheckForInvalidConfigurationAndPlatform" hedefi buna bağımlı):
   1:7>"ECommerce.Infrastructure.csproj" projesinde "_CheckForLanguageAndFeatureCombinationSupport" hedefini oluşturma tamamlandı.
   1:7>"C:\Users\mrkfk\OneDrive\Desktop\Projelerim\ECommerce\src\Infrastructure\ECommerce.Infrastructure\ECommerce.Infrastructure.csproj" projesinin "C:\Program Files\dotnet\sdk\10.0.100\Sdks\Microsoft.NET.Sdk\targets\Microsoft.NET.Sdk.DefaultItems.Shared.targets" dosyasındaki "UpdateAspNetToFrameworkReference" hedefi ("ApplyImplicitVersions" hedefi buna bağımlı):
       "C:\Program Files\dotnet\sdk\10.0.100\Sdks\Microsoft.NET.Sdk\targets\..\tools\net10.0\Microsoft.NET.Build.Tasks.dll" derlemesindeki "CheckIfPackageReferenceShouldBeFrameworkReference" görevi kullanılıyor.
       "CheckIfPackageReferenceShouldBeFrameworkReference" görevi
       "CheckIfPackageReferenceShouldBeFrameworkReference" görevini yürütme tamamlandı.
       "CheckIfPackageReferenceShouldBeFrameworkReference" görevi
       "CheckIfPackageReferenceShouldBeFrameworkReference" görevini yürütme tamamlandı.
   1:7>"ECommerce.Infrastructure.csproj" projesinde "UpdateAspNetToFrameworkReference" hedefini oluşturma tamamlandı.
   1:7>"C:\Users\mrkfk\OneDrive\Desktop\Projelerim\ECommerce\src\Infrastructure\ECommerce.Infrastructure\ECommerce.Infrastructure.csproj" projesinin "C:\Program Files\dotnet\sdk\10.0.100\Sdks\Microsoft.NET.Sdk\targets\Microsoft.NET.Sdk.DefaultItems.Shared.targets" dosyasındaki "CheckForImplicitPackageReferenceOverrides" hedefi ("ApplyImplicitVersions" hedefi buna bağımlı):
       "C:\Program Files\dotnet\sdk\10.0.100\Sdks\Microsoft.NET.Sdk\targets\..\tools\net10.0\Microsoft.NET.Build.Tasks.dll" derlemesindeki "CheckForImplicitPackageReferenceOverrides" görevi kullanılıyor.
       "CheckForImplicitPackageReferenceOverrides" görevi
       "CheckForImplicitPackageReferenceOverrides" görevini yürütme tamamlandı.
   1:7>"ECommerce.Infrastructure.csproj" projesinde "CheckForImplicitPackageReferenceOverrides" hedefini oluşturma tamamlandı.
   1:7>"C:\Users\mrkfk\OneDrive\Desktop\Projelerim\ECommerce\src\Infrastructure\ECommerce.Infrastructure\ECommerce.Infrastructure.csproj" projesinin "C:\Program Files\dotnet\sdk\10.0.100\Sdks\Microsoft.NET.Sdk\targets\Microsoft.NET.Sdk.DefaultItems.Shared.targets" dosyasındaki "ApplyImplicitVersions" hedefi ("CollectPackageReferences" hedefi buna bağımlı):
       "C:\Program Files\dotnet\sdk\10.0.100\Sdks\Microsoft.NET.Sdk\targets\..\tools\net10.0\Microsoft.NET.Build.Tasks.dll" derlemesindeki "ApplyImplicitVersions" görevi kullanılıyor.
       "ApplyImplicitVersions" görevi
       "ApplyImplicitVersions" görevini yürütme tamamlandı.
   1:7>"ECommerce.Infrastructure.csproj" projesinde "ApplyImplicitVersions" hedefini oluşturma tamamlandı.
       "CheckForImplicitPackageReferenceOverrides" hedefi atlandı. Önceden başarılı bir şekilde derlenmişti.
   1:7>"C:\Users\mrkfk\OneDrive\Desktop\Projelerim\ECommerce\src\Infrastructure\ECommerce.Infrastructure\ECommerce.Infrastructure.csproj" projesinin "C:\Program Files\dotnet\sdk\10.0.100\Sdks\Microsoft.NET.Sdk\targets\Microsoft.NET.Publish.targets" dosyasındaki "_ComputeToolPackInputsToProcessFrameworkReferences" hedefi ("ProcessFrameworkReferences" hedefi buna bağımlı):
   1:7>"ECommerce.Infrastructure.csproj" projesinde "_ComputeToolPackInputsToProcessFrameworkReferences" hedefini oluşturma tamamlandı.
   1:7>"C:\Users\mrkfk\OneDrive\Desktop\Projelerim\ECommerce\src\Infrastructure\ECommerce.Infrastructure\ECommerce.Infrastructure.csproj" projesinin "C:\Program Files\dotnet\sdk\10.0.100\Sdks\Microsoft.NET.Sdk\targets\Microsoft.NET.Sdk.FrameworkReferenceResolution.targets" dosyasındaki "ProcessFrameworkReferences" hedefi ("CollectPackageReferences" hedefi buna bağımlı):
       "C:\Program Files\dotnet\sdk\10.0.100\Sdks\Microsoft.NET.Sdk\targets\..\tools\net10.0\Microsoft.NET.Build.Tasks.dll" derlemesindeki "CheckForDuplicateFrameworkReferences" görevi kullanılıyor.
       "CheckForDuplicateFrameworkReferences" görevi
       "CheckForDuplicateFrameworkReferences" görevini yürütme tamamlandı.
       "C:\Program Files\dotnet\sdk\10.0.100\Sdks\Microsoft.NET.Sdk\targets\..\tools\net10.0\Microsoft.NET.Build.Tasks.dll" derlemesindeki "ProcessFrameworkReferences" görevi kullanılıyor.
       "ProcessFrameworkReferences" görevi
         Found 2 known framework references for target framework .NETCoreApp
         Found 5 known runtime packs for target framework .NETCoreApp
         Selected Microsoft.NETCore.App with RIDs 'linux-arm;linux-arm64;linux-musl-arm64;linux-musl-x64;linux-x64;osx-x64;tizen.4.0.0-armel;tizen.5.0.0-armel;win-arm64;win-x64;win-x86;linux-musl-arm;osx-arm64;linux-s390x;linux-loongarch64;linux-bionic-arm;linux-bionic-arm64;linux-bionic-x64;linux-bionic-x86;linux-ppc64le;freebsd-x64;freebsd-arm64;linux-riscv64;linux-musl-riscv64;linux-musl-loongarch64'
         Selected targeting pack 'Microsoft.NETCore.App@9.0.11'
         Added runtime framework 'Microsoft.NETCore.App@9.0.0'
         Selected Microsoft.WindowsDesktop.App with RIDs 'win-x64;win-x86;win-arm64'
         Selected targeting pack 'Microsoft.WindowsDesktop.App@9.0.11'
         Added runtime framework 'Microsoft.WindowsDesktop.App@9.0.0'
         Selected Microsoft.WindowsDesktop.App with RIDs 'win-x64;win-x86;win-arm64'
         Selected targeting pack 'Microsoft.WindowsDesktop.App.WPF@9.0.11'
         Added runtime framework 'Microsoft.WindowsDesktop.App@9.0.0'
         Selected Microsoft.WindowsDesktop.App with RIDs 'win-x64;win-x86;win-arm64'
         Selected targeting pack 'Microsoft.WindowsDesktop.App.WindowsForms@9.0.11'
         Added runtime framework 'Microsoft.WindowsDesktop.App@9.0.0'
         Selected Microsoft.AspNetCore.App with RIDs 'win-x64;win-x86;osx-x64;linux-musl-x64;linux-musl-arm64;linux-x64;linux-arm;linux-arm64;linux-musl-arm;win-arm64;osx-arm64;linux-s390x;linux-loongarch64;linux-ppc64le;freebsd-x64;freebsd-arm64;linux-riscv64;linux-musl-riscv64;linux-loongarch64;linux-musl-loongarch64'
         Selected targeting pack 'Microsoft.AspNetCore.App@9.0.11'
         Added runtime framework 'Microsoft.AspNetCore.App@9.0.0'
       "ProcessFrameworkReferences" görevini yürütme tamamlandı.
       "C:\Program Files\dotnet\sdk\10.0.100\Sdks\Microsoft.NET.Sdk\targets\..\tools\net10.0\Microsoft.NET.Build.Tasks.dll" derlemesindeki "ResolveAppHosts" görevi kullanılıyor.
       "ResolveAppHosts" görevi
       "ResolveAppHosts" görevini yürütme tamamlandı.
   1:7>"ECommerce.Infrastructure.csproj" projesinde "ProcessFrameworkReferences" hedefini oluşturma tamamlandı.
   1:7>"C:\Users\mrkfk\OneDrive\Desktop\Projelerim\ECommerce\src\Infrastructure\ECommerce.Infrastructure\ECommerce.Infrastructure.csproj" projesinin "C:\Program Files\dotnet\sdk\10.0.100\Sdks\Microsoft.NET.Sdk\targets\Microsoft.NET.ObsoleteReferences.targets" dosyasındaki "_CheckForObsoleteDotNetCliToolReferences" hedefi ("CollectPackageReferences" hedefi buna bağımlı):
   1:7>"ECommerce.Infrastructure.csproj" projesinde "_CheckForObsoleteDotNetCliToolReferences" hedefini oluşturma tamamlandı.
   1:7>"C:\Users\mrkfk\OneDrive\Desktop\Projelerim\ECommerce\src\Infrastructure\ECommerce.Infrastructure\ECommerce.Infrastructure.csproj" projesinin "C:\Program Files\dotnet\sdk\10.0.100\NuGet.targets" dosyasındaki "CollectPackageReferences" hedefi ("_GetRestoreProjectStyle" hedefi buna bağımlı):
       "C:\Program Files\dotnet\sdk\10.0.100\NuGet.Build.Tasks.dll" derlemesindeki "CheckForDuplicateNuGetItemsTask" görevi kullanılıyor.
       "CheckForDuplicateNuGetItemsTask" görevi
       "CheckForDuplicateNuGetItemsTask" görevini yürütme tamamlandı.
   1:7>"ECommerce.Infrastructure.csproj" projesinde "CollectPackageReferences" hedefini oluşturma tamamlandı.
   1:7>"C:\Users\mrkfk\OneDrive\Desktop\Projelerim\ECommerce\src\Infrastructure\ECommerce.Infrastructure\ECommerce.Infrastructure.csproj" projesinin "C:\Program Files\dotnet\sdk\10.0.100\NuGet.targets" dosyasındaki "_GetRestoreProjectStyle" hedefi ("EnableIntermediateOutputPathMismatchWarning" hedefi buna bağımlı):
       "C:\Program Files\dotnet\sdk\10.0.100\NuGet.Build.Tasks.dll" derlemesindeki "GetRestoreProjectStyleTask" görevi kullanılıyor.
       "GetRestoreProjectStyleTask" görevi
       "GetRestoreProjectStyleTask" görevini yürütme tamamlandı.
   1:7>"ECommerce.Infrastructure.csproj" projesinde "_GetRestoreProjectStyle" hedefini oluşturma tamamlandı.
   1:7>"C:\Users\mrkfk\OneDrive\Desktop\Projelerim\ECommerce\src\Infrastructure\ECommerce.Infrastructure\ECommerce.Infrastructure.csproj" projesinin "C:\Program Files\dotnet\sdk\10.0.100\NuGet.targets" dosyasındaki "EnableIntermediateOutputPathMismatchWarning" hedefi ("_CheckForInvalidConfigurationAndPlatform" hedefi buna bağımlı):
   1:7>"ECommerce.Infrastructure.csproj" projesinde "EnableIntermediateOutputPathMismatchWarning" hedefini oluşturma tamamlandı.
       "ApplyImplicitVersions" hedefi atlandı. Önceden başarılı bir şekilde derlenmişti.
       "CheckForImplicitPackageReferenceOverrides" hedefi atlandı. Önceden başarılı bir şekilde derlenmişti.
   1:7>"C:\Users\mrkfk\OneDrive\Desktop\Projelerim\ECommerce\src\Infrastructure\ECommerce.Infrastructure\ECommerce.Infrastructure.csproj" projesinin "C:\Program Files\dotnet\sdk\10.0.100\Sdks\Microsoft.NET.Sdk\targets\Microsoft.NET.Sdk.DefaultItems.Shared.targets" dosyasındaki "CheckForDuplicateItems" hedefi ("_CheckForInvalidConfigurationAndPlatform" hedefi buna bağımlı):
       "C:\Program Files\dotnet\sdk\10.0.100\Sdks\Microsoft.NET.Sdk\targets\..\tools\net10.0\Microsoft.NET.Build.Tasks.dll" derlemesindeki "CheckForDuplicateItems" görevi kullanılıyor.
       "CheckForDuplicateItems" görevi
       "CheckForDuplicateItems" görevini yürütme tamamlandı.
       "CheckForDuplicateItems" görevi
       "CheckForDuplicateItems" görevini yürütme tamamlandı.
       "CheckForDuplicateItems" görevi
       "CheckForDuplicateItems" görevini yürütme tamamlandı.
   1:7>"ECommerce.Infrastructure.csproj" projesinde "CheckForDuplicateItems" hedefini oluşturma tamamlandı.
       "ProcessFrameworkReferences" hedefi atlandı. Önceden başarılı bir şekilde derlenmişti.
   1:7>"C:\Users\mrkfk\OneDrive\Desktop\Projelerim\ECommerce\src\Infrastructure\ECommerce.Infrastructure\ECommerce.Infrastructure.csproj" projesinin "C:\Program Files\dotnet\sdk\10.0.100\Microsoft.Common.CurrentVersion.targets" dosyasındaki "_CheckForInvalidConfigurationAndPlatform" hedefi ("BeforeBuild" hedefi buna bağımlı):
       "Message" görevi
         Configuration=Debug
       "Message" görevini yürütme tamamlandı.
       "Message" görevi
         Platform=AnyCPU
       "Message" görevini yürütme tamamlandı.
   1:7>"ECommerce.Infrastructure.csproj" projesinde "_CheckForInvalidConfigurationAndPlatform" hedefini oluşturma tamamlandı.
   1:7>"C:\Users\mrkfk\OneDrive\Desktop\Projelerim\ECommerce\src\Infrastructure\ECommerce.Infrastructure\ECommerce.Infrastructure.csproj" projesinin "C:\Program Files\dotnet\sdk\10.0.100\Sdks\Microsoft.NET.Sdk\targets\Microsoft.NET.Sdk.targets" dosyasındaki "ValidateCommandLineProperties" hedefi ("BeforeBuild" hedefi buna bağımlı):
   1:7>"ECommerce.Infrastructure.csproj" projesinde "ValidateCommandLineProperties" hedefini oluşturma tamamlandı.
   1:7>"C:\Users\mrkfk\OneDrive\Desktop\Projelerim\ECommerce\src\Infrastructure\ECommerce.Infrastructure\ECommerce.Infrastructure.csproj" projesinin "C:\Program Files\dotnet\sdk\10.0.100\Microsoft.Common.CurrentVersion.targets" dosyasındaki "BeforeBuild" hedefi ("Build" hedefi buna bağımlı):
   1:7>"ECommerce.Infrastructure.csproj" projesinde "BeforeBuild" hedefini oluşturma tamamlandı.
   1:7>"C:\Users\mrkfk\OneDrive\Desktop\Projelerim\ECommerce\src\Infrastructure\ECommerce.Infrastructure\ECommerce.Infrastructure.csproj" projesinin "C:\Program Files\dotnet\sdk\10.0.100\Microsoft.Common.CurrentVersion.targets" dosyasındaki "BuildOnlySettings" hedefi ("CoreBuild" hedefi buna bağımlı):
       C:\Program Files\dotnet\sdk\10.0.100\Microsoft.Common.CurrentVersion.targets(1168,7): message : Özellik yeniden ataması: $(BuildingProject)="true" (önceki değer: "false") konum: C:\Program Files\dotnet\sdk\10.0.100\Microsoft.Common.CurrentVersion.targets (1168,7) [C:\Users\mrkfk\OneDrive\Desktop\Projelerim\ECommerce\src\Infrastructure\ECommerce.Infrastructure\ECommerce.Infrastructure.csproj]
   1:7>"ECommerce.Infrastructure.csproj" projesinde "BuildOnlySettings" hedefini oluşturma tamamlandı.
   1:7>"C:\Users\mrkfk\OneDrive\Desktop\Projelerim\ECommerce\src\Infrastructure\ECommerce.Infrastructure\ECommerce.Infrastructure.csproj" projesinin "C:\Program Files\dotnet\sdk\10.0.100\Sdks\Microsoft.NET.Sdk\targets\Microsoft.NET.DisableStandardFrameworkResolution.targets" dosyasındaki "GetFrameworkPaths" hedefi ("PrepareForBuild" hedefi buna bağımlı):
   1:7>"ECommerce.Infrastructure.csproj" projesinde "GetFrameworkPaths" hedefini oluşturma tamamlandı.
   1:7>"C:\Users\mrkfk\OneDrive\Desktop\Projelerim\ECommerce\src\Infrastructure\ECommerce.Infrastructure\ECommerce.Infrastructure.csproj" projesinin "C:\Program Files\dotnet\sdk\10.0.100\Sdks\Microsoft.NET.Sdk\targets\Microsoft.NET.DisableStandardFrameworkResolution.targets" dosyasındaki "GetReferenceAssemblyPaths" hedefi ("PrepareForBuild" hedefi buna bağımlı):
   1:7>"ECommerce.Infrastructure.csproj" projesinde "GetReferenceAssemblyPaths" hedefini oluşturma tamamlandı.
   1:7>"C:\Users\mrkfk\OneDrive\Desktop\Projelerim\ECommerce\src\Infrastructure\ECommerce.Infrastructure\ECommerce.Infrastructure.csproj" projesinin "C:\Program Files\dotnet\sdk\10.0.100\Microsoft.Common.CurrentVersion.targets" dosyasındaki "PrepareForBuild" hedefi ("CoreBuild" hedefi buna bağımlı):
       "Microsoft.Build.Tasks.Core, Version=15.1.0.0, Culture=neutral, PublicKeyToken=b03f5f7f11d50a3a" derlemesindeki "FindAppConfigFile" görevi kullanılıyor.
       "FindAppConfigFile" görevi
       "FindAppConfigFile" görevini yürütme tamamlandı.
       "Microsoft.Build.Tasks.Core, Version=15.1.0.0, Culture=neutral, PublicKeyToken=b03f5f7f11d50a3a" derlemesindeki "MakeDir" görevi kullanılıyor.
       "MakeDir" görevi
       "MakeDir" görevini yürütme tamamlandı.
   1:7>"ECommerce.Infrastructure.csproj" projesinde "PrepareForBuild" hedefini oluşturma tamamlandı.
   1:7>"C:\Users\mrkfk\OneDrive\Desktop\Projelerim\ECommerce\src\Infrastructure\ECommerce.Infrastructure\ECommerce.Infrastructure.csproj" projesinin "C:\Program Files\dotnet\sdk\10.0.100\Sdks\Microsoft.NET.Sdk\targets\Microsoft.NET.Sdk.BeforeCommon.targets" dosyasındaki "GenerateTargetFrameworkDefineConstants" hedefi ("AddImplicitDefineConstants" hedefi buna bağımlı):
   1:7>"ECommerce.Infrastructure.csproj" projesinde "GenerateTargetFrameworkDefineConstants" hedefini oluşturma tamamlandı.
   1:7>"C:\Users\mrkfk\OneDrive\Desktop\Projelerim\ECommerce\src\Infrastructure\ECommerce.Infrastructure\ECommerce.Infrastructure.csproj" projesinin "C:\Program Files\dotnet\sdk\10.0.100\Sdks\Microsoft.NET.Sdk\targets\Microsoft.NET.Sdk.BeforeCommon.targets" dosyasındaki "GenerateNETCompatibleDefineConstants" hedefi ("AddImplicitDefineConstants" hedefi buna bağımlı):
   1:7>"ECommerce.Infrastructure.csproj" projesinde "GenerateNETCompatibleDefineConstants" hedefini oluşturma tamamlandı.
   1:7>"C:\Users\mrkfk\OneDrive\Desktop\Projelerim\ECommerce\src\Infrastructure\ECommerce.Infrastructure\ECommerce.Infrastructure.csproj" projesinin "C:\Program Files\dotnet\sdk\10.0.100\Sdks\Microsoft.NET.Sdk\targets\Microsoft.NET.Sdk.BeforeCommon.targets" dosyasındaki "AddImplicitDefineConstants" hedefi ("CoreBuild" hedefi buna bağımlı):
       C:\Program Files\dotnet\sdk\10.0.100\Sdks\Microsoft.NET.Sdk\targets\Microsoft.NET.Sdk.BeforeCommon.targets(295,7): message : Özellik yeniden ataması: $(DefineConstants)="TRACE;DEBUG;NET;NET9_0;NETCOREAPP;NET5_0_OR_GREATER;NET6_0_OR_GREATER;NET7_0_OR_GREATER;NET8_0_OR_GREATER;NET9_0_OR_GREATER;NETCOREAPP1_0_OR_GREATER;NETCOREAPP1_1_OR_GREATER;NETCOREAPP2_0_OR_GREATER;NETCOREAPP2_1_OR_GREATER;NETCOREAPP2_2_OR_GREATER;NETCOREAPP3_0_OR_GREATER;NETCOREAPP3_1_OR_GREATER" (önceki değer: "TRACE;DEBUG") konum: C:\Program Files\dotnet\sdk\10.0.100\Sdks\Microsoft.NET.Sdk\targets\Microsoft.NET.Sdk.BeforeCommon.targets (295,7) [C:\Users\mrkfk\OneDrive\Desktop\Projelerim\ECommerce\src\Infrastructure\ECommerce.Infrastructure\ECommerce.Infrastructure.csproj]
   1:7>"ECommerce.Infrastructure.csproj" projesinde "AddImplicitDefineConstants" hedefini oluşturma tamamlandı.
   1:7>"C:\Users\mrkfk\OneDrive\Desktop\Projelerim\ECommerce\src\Infrastructure\ECommerce.Infrastructure\ECommerce.Infrastructure.csproj" projesinin "C:\Program Files\dotnet\sdk\10.0.100\Sdks\Microsoft.NET.Sdk\targets\Microsoft.NET.GenerateGlobalUsings.targets" dosyasındaki "GenerateGlobalUsings" hedefi ("CoreBuild" hedefi buna bağımlı):
       "C:\Program Files\dotnet\sdk\10.0.100\Sdks\Microsoft.NET.Sdk\targets\..\tools\net10.0\Microsoft.NET.Build.Tasks.dll" derlemesindeki "GenerateGlobalUsings" görevi kullanılıyor.
       "GenerateGlobalUsings" görevi
       "GenerateGlobalUsings" görevini yürütme tamamlandı.
       "Microsoft.Build.Tasks.Core, Version=15.1.0.0, Culture=neutral, PublicKeyToken=b03f5f7f11d50a3a" derlemesindeki "WriteLinesToFile" görevi kullanılıyor.
       "WriteLinesToFile" görevi
         İçerik değişmeyeceğinden "obj\Debug\net9.0\ECommerce.Infrastructure.GlobalUsings.g.cs" dosyası üzerine yazma işlemi atlanacak.
       "WriteLinesToFile" görevini yürütme tamamlandı.
   1:7>"ECommerce.Infrastructure.csproj" projesinde "GenerateGlobalUsings" hedefini oluşturma tamamlandı.
   1:7>"C:\Users\mrkfk\OneDrive\Desktop\Projelerim\ECommerce\src\Infrastructure\ECommerce.Infrastructure\ECommerce.Infrastructure.csproj" projesinin "C:\Program Files\dotnet\sdk\10.0.100\Microsoft.Common.CurrentVersion.targets" dosyasındaki "BeforeResolveReferences" hedefi ("ResolveReferences" hedefi buna bağımlı):
   1:7>"ECommerce.Infrastructure.csproj" projesinde "BeforeResolveReferences" hedefini oluşturma tamamlandı.
   1:7>"C:\Users\mrkfk\OneDrive\Desktop\Projelerim\ECommerce\src\Infrastructure\ECommerce.Infrastructure\ECommerce.Infrastructure.csproj" projesinin "C:\Program Files\dotnet\sdk\10.0.100\Microsoft.Common.CurrentVersion.targets" dosyasındaki "IgnoreJavaScriptOutputAssembly" hedefi ("AssignProjectConfiguration" hedefi buna bağımlı):
   1:7>"ECommerce.Infrastructure.csproj" projesinde "IgnoreJavaScriptOutputAssembly" hedefini oluşturma tamamlandı.
       "ProcessFrameworkReferences" hedefi atlandı. Önceden başarılı bir şekilde derlenmişti.
   1:7>"C:\Users\mrkfk\OneDrive\Desktop\Projelerim\ECommerce\src\Infrastructure\ECommerce.Infrastructure\ECommerce.Infrastructure.csproj" projesinin "C:\Program Files\dotnet\sdk\10.0.100\Sdks\Microsoft.NET.Sdk\targets\Microsoft.NET.Sdk.Shared.targets" dosyasındaki "_DefaultMicrosoftNETPlatformLibrary" hedefi ("ResolvePackageAssets" hedefi buna bağımlı):
   1:7>"ECommerce.Infrastructure.csproj" projesinde "_DefaultMicrosoftNETPlatformLibrary" hedefini oluşturma tamamlandı.
   1:7>"C:\Users\mrkfk\OneDrive\Desktop\Projelerim\ECommerce\src\Infrastructure\ECommerce.Infrastructure\ECommerce.Infrastructure.csproj" projesinin "C:\Program Files\dotnet\sdk\10.0.100\Sdks\Microsoft.NET.Sdk\targets\Microsoft.NET.Sdk.Shared.targets" dosyasındaki "_ComputePackageReferencePublish" hedefi ("ResolvePackageAssets" hedefi buna bağımlı):
   1:7>"ECommerce.Infrastructure.csproj" projesinde "_ComputePackageReferencePublish" hedefini oluşturma tamamlandı.
   1:7>"C:\Users\mrkfk\OneDrive\Desktop\Projelerim\ECommerce\src\Infrastructure\ECommerce.Infrastructure\ECommerce.Infrastructure.csproj" projesinin "C:\Program Files\dotnet\sdk\10.0.100\Sdks\Microsoft.NET.Sdk\targets\Microsoft.PackageDependencyResolution.targets" dosyasındaki "ResolvePackageAssets" hedefi ("ResolveLockFileReferences" hedefi buna bağımlı):
       "C:\Program Files\dotnet\sdk\10.0.100\Sdks\Microsoft.NET.Sdk\targets\..\tools\net10.0\Microsoft.NET.Build.Tasks.dll" derlemesindeki "ResolvePackageAssets" görevi kullanılıyor.
       "ResolvePackageAssets" görevi
       "ResolvePackageAssets" görevini yürütme tamamlandı.
   1:7>"ECommerce.Infrastructure.csproj" projesinde "ResolvePackageAssets" hedefini oluşturma tamamlandı.
   1:7>"C:\Users\mrkfk\OneDrive\Desktop\Projelerim\ECommerce\src\Infrastructure\ECommerce.Infrastructure\ECommerce.Infrastructure.csproj" projesinin "C:\Program Files\dotnet\sdk\10.0.100\Sdks\Microsoft.NET.Sdk\targets\Microsoft.NET.Sdk.DefaultItems.Shared.targets" dosyasındaki "_CheckForTransitiveWindowsDesktopDependencies" hedefi ("ResolveLockFileReferences" hedefi buna bağımlı):
   1:7>"ECommerce.Infrastructure.csproj" projesinde "_CheckForTransitiveWindowsDesktopDependencies" hedefini oluşturma tamamlandı.
   1:7>"C:\Users\mrkfk\OneDrive\Desktop\Projelerim\ECommerce\src\Infrastructure\ECommerce.Infrastructure\ECommerce.Infrastructure.csproj" projesinin "C:\Program Files\dotnet\sdk\10.0.100\Sdks\Microsoft.NET.Sdk\targets\Microsoft.NET.Sdk.FrameworkReferenceResolution.targets" dosyasındaki "AddTransitiveFrameworkReferences" hedefi ("ResolveLockFileReferences" hedefi buna bağımlı):
   1:7>"ECommerce.Infrastructure.csproj" projesinde "AddTransitiveFrameworkReferences" hedefini oluşturma tamamlandı.
   1:7>"C:\Users\mrkfk\OneDrive\Desktop\Projelerim\ECommerce\src\Infrastructure\ECommerce.Infrastructure\ECommerce.Infrastructure.csproj" projesinin "C:\Program Files\dotnet\sdk\10.0.100\Sdks\Microsoft.NET.Sdk\targets\Microsoft.PackageDependencyResolution.targets" dosyasındaki "ResolveLockFileReferences" hedefi ("ResolvePackageDependenciesForBuild" hedefi buna bağımlı):
       "C:\Program Files\dotnet\sdk\10.0.100\Sdks\Microsoft.NET.Sdk\targets\..\tools\net10.0\Microsoft.NET.Build.Tasks.dll" derlemesindeki "JoinItems" görevi kullanılıyor.
       "JoinItems" görevi
       "JoinItems" görevini yürütme tamamlandı.
   1:7>"ECommerce.Infrastructure.csproj" projesinde "ResolveLockFileReferences" hedefini oluşturma tamamlandı.
       "ResolvePackageAssets" hedefi atlandı. Önceden başarılı bir şekilde derlenmişti.
   1:7>"C:\Users\mrkfk\OneDrive\Desktop\Projelerim\ECommerce\src\Infrastructure\ECommerce.Infrastructure\ECommerce.Infrastructure.csproj" projesinin "C:\Program Files\dotnet\sdk\10.0.100\Sdks\Microsoft.NET.Sdk\targets\Microsoft.PackageDependencyResolution.targets" dosyasındaki "ResolveLockFileAnalyzers" hedefi ("ResolvePackageDependenciesForBuild" hedefi buna bağımlı):
   1:7>"ECommerce.Infrastructure.csproj" projesinde "ResolveLockFileAnalyzers" hedefini oluşturma tamamlandı.
       "ResolvePackageAssets" hedefi atlandı. Önceden başarılı bir şekilde derlenmişti.
   1:7>"C:\Users\mrkfk\OneDrive\Desktop\Projelerim\ECommerce\src\Infrastructure\ECommerce.Infrastructure\ECommerce.Infrastructure.csproj" projesinin "C:\Program Files\dotnet\sdk\10.0.100\Sdks\Microsoft.NET.Sdk\targets\Microsoft.PackageDependencyResolution.targets" dosyasındaki "ResolveLockFileCopyLocalFiles" hedefi ("ResolvePackageDependenciesForBuild" hedefi buna bağımlı):
   1:7>"ECommerce.Infrastructure.csproj" projesinde "ResolveLockFileCopyLocalFiles" hedefini oluşturma tamamlandı.
       "ResolvePackageAssets" hedefi atlandı. Önceden başarılı bir şekilde derlenmişti.
   1:7>"C:\Users\mrkfk\OneDrive\Desktop\Projelerim\ECommerce\src\Infrastructure\ECommerce.Infrastructure\ECommerce.Infrastructure.csproj" projesinin "C:\Program Files\dotnet\sdk\10.0.100\Sdks\Microsoft.NET.Sdk\targets\Microsoft.PackageDependencyResolution.targets" dosyasındaki "IncludeTransitiveProjectReferences" hedefi ("ResolvePackageDependenciesForBuild" hedefi buna bağımlı):
   1:7>"ECommerce.Infrastructure.csproj" projesinde "IncludeTransitiveProjectReferences" hedefini oluşturma tamamlandı.
   1:7>"C:\Users\mrkfk\OneDrive\Desktop\Projelerim\ECommerce\src\Infrastructure\ECommerce.Infrastructure\ECommerce.Infrastructure.csproj" projesinin "C:\Program Files\dotnet\sdk\10.0.100\Sdks\Microsoft.NET.Sdk\targets\Microsoft.PackageDependencyResolution.targets" dosyasındaki "ResolvePackageDependenciesForBuild" hedefi ("AssignProjectConfiguration" hedefi buna bağımlı):
   1:7>"ECommerce.Infrastructure.csproj" projesinde "ResolvePackageDependenciesForBuild" hedefini oluşturma tamamlandı.
   1:7>"C:\Users\mrkfk\OneDrive\Desktop\Projelerim\ECommerce\src\Infrastructure\ECommerce.Infrastructure\ECommerce.Infrastructure.csproj" projesinin "C:\Program Files\dotnet\sdk\10.0.100\Microsoft.Common.CurrentVersion.targets" dosyasındaki "AssignProjectConfiguration" hedefi ("ResolveReferences" hedefi buna bağımlı):
       "Microsoft.Build.Tasks.Core, Version=15.1.0.0, Culture=neutral, PublicKeyToken=b03f5f7f11d50a3a" derlemesindeki "AssignProjectConfiguration" görevi kullanılıyor.
       "AssignProjectConfiguration" görevi
         "..\..\Core\ECommerce.Domain\ECommerce.Domain.csproj" proje başvurusu çözümlenmedi.
         "..\..\Core\ECommerce.Application\ECommerce.Application.csproj" proje başvurusu çözümlenmedi.
       "AssignProjectConfiguration" görevini yürütme tamamlandı.
   1:7>"ECommerce.Infrastructure.csproj" projesinde "AssignProjectConfiguration" hedefini oluşturma tamamlandı.
       "AssignProjectConfiguration" hedefi atlandı. Önceden başarılı bir şekilde derlenmişti.
   1:7>"C:\Users\mrkfk\OneDrive\Desktop\Projelerim\ECommerce\src\Infrastructure\ECommerce.Infrastructure\ECommerce.Infrastructure.csproj" projesinin "C:\Program Files\dotnet\sdk\10.0.100\Microsoft.Common.CurrentVersion.targets" dosyasındaki "_SplitProjectReferencesByFileExistence" hedefi ("PrepareProjectReferences" hedefi buna bağımlı):
   1:7>"ECommerce.Infrastructure.csproj" projesinde "_SplitProjectReferencesByFileExistence" hedefini oluşturma tamamlandı.
   1:7>"C:\Users\mrkfk\OneDrive\Desktop\Projelerim\ECommerce\src\Infrastructure\ECommerce.Infrastructure\ECommerce.Infrastructure.csproj" projesinin "C:\Program Files\dotnet\sdk\10.0.100\Microsoft.Common.CurrentVersion.targets" dosyasındaki "_AddOutputPathToGlobalPropertiesToRemove" hedefi ("_GetProjectReferenceTargetFrameworkProperties" hedefi buna bağımlı):
   1:7>"ECommerce.Infrastructure.csproj" projesinde "_AddOutputPathToGlobalPropertiesToRemove" hedefini oluşturma tamamlandı.
   1:7>"C:\Users\mrkfk\OneDrive\Desktop\Projelerim\ECommerce\src\Infrastructure\ECommerce.Infrastructure\ECommerce.Infrastructure.csproj" projesinin "C:\Program Files\dotnet\sdk\10.0.100\Microsoft.Common.CurrentVersion.targets" dosyasındaki "_GetProjectReferenceTargetFrameworkProperties" hedefi ("PrepareProjectReferences" hedefi buna bağımlı):
       "MSBuild" görevi
         Özellikler kaldırılıyor:
           TargetFramework
           RuntimeIdentifier
           SelfContained
     0>C:\Program Files\dotnet\sdk\10.0.100\Sdks\Microsoft.NET.Sdk\Sdk\Sdk.props(49,11): message : 'C:\Program Files\dotnet\sdk\10.0.100\' değerine sahip 'MSBuildExtensionsPath' özelliği ortamdan genişletildi.
       "Microsoft.NET.Sdk" SDK’sı "DefaultSdkResolver" çözümleyicisi tarafından "C:\Program Files\dotnet\sdk\10.0.100\Sdks\Microsoft.NET.Sdk\Sdk" konumuna ve "" sürümüne başarıyla çözümlendi.
       C:\Program Files\dotnet\sdk\10.0.100\Current\Microsoft.Common.props(60,5): message : Özellik yeniden ataması: $(MSBuildProjectExtensionsPath)="C:\Users\mrkfk\OneDrive\Desktop\Projelerim\ECommerce\src\Core\ECommerce.Domain\obj\" (önceki değer: "obj\") konum: C:\Program Files\dotnet\sdk\10.0.100\Current\Microsoft.Common.props (60,5)
       C:\Users\mrkfk\OneDrive\Desktop\Projelerim\ECommerce\src\Core\ECommerce.Domain\obj\ECommerce.Domain.csproj.nuget.g.props(7,5): message : 'C:\Users\mrkfk' değerine sahip 'USERPROFILE' özelliği ortamdan genişletildi.
       C:\Program Files\dotnet\sdk\10.0.100\Current\Microsoft.Common.props(84,119): message : 'C:\Users\mrkfk\AppData\Local\Microsoft\MSBuild' değerine sahip 'MSBuildUserExtensionsPath' özelliği ortamdan genişletildi.
       C:\Program Files\dotnet\sdk\10.0.100\Sdks\Microsoft.NET.Sdk\Sdk\Sdk.props(49,11): message : 'C:\Program Files\dotnet\sdk\10.0.100\' değerine sahip 'MSBuildExtensionsPath' özelliği ortamdan genişletildi.
       C:\Program Files\dotnet\sdk\10.0.100\Sdks\Microsoft.NET.Sdk\targets\Microsoft.NET.Sdk.props(90,5): message : Özellik yeniden ataması: $(AssemblySearchPaths)="{CandidateAssemblyFiles};{HintPathFromItem}" (önceki değer: "{CandidateAssemblyFiles}") konum: C:\Program Files\dotnet\sdk\10.0.100\Sdks\Microsoft.NET.Sdk\targets\Microsoft.NET.Sdk.props (90,5)
       C:\Program Files\dotnet\sdk\10.0.100\Sdks\Microsoft.NET.Sdk\targets\Microsoft.NET.Sdk.props(91,5): message : Özellik yeniden ataması: $(AssemblySearchPaths)="{CandidateAssemblyFiles};{HintPathFromItem};{TargetFrameworkDirectory}" (önceki değer: "{CandidateAssemblyFiles};{HintPathFromItem}") konum: C:\Program Files\dotnet\sdk\10.0.100\Sdks\Microsoft.NET.Sdk\targets\Microsoft.NET.Sdk.props (91,5)
       C:\Program Files\dotnet\sdk\10.0.100\Sdks\Microsoft.NET.Sdk\targets\Microsoft.NET.Sdk.props(92,5): message : Özellik yeniden ataması: $(AssemblySearchPaths)="{CandidateAssemblyFiles};{HintPathFromItem};{TargetFrameworkDirectory};{RawFileName}" (önceki değer: "{CandidateAssemblyFiles};{HintPathFromItem};{TargetFrameworkDirectory}") konum: C:\Program Files\dotnet\sdk\10.0.100\Sdks\Microsoft.NET.Sdk\targets\Microsoft.NET.Sdk.props (92,5)
       C:\Program Files\dotnet\sdk\10.0.100\Sdks\Microsoft.NET.Sdk\targets\Microsoft.NET.Sdk.ImportPublishProfile.targets(28,5): message : Özellik yeniden ataması: $(PublishProfileImported)="false" (önceki değer: "true") konum: C:\Program Files\dotnet\sdk\10.0.100\Sdks\Microsoft.NET.Sdk\targets\Microsoft.NET.Sdk.ImportPublishProfile.targets (28,5)
       C:\Program Files\dotnet\sdk\10.0.100\Sdks\Microsoft.NET.Sdk\targets\Microsoft.NET.TargetFrameworkInference.targets(81,5): message : Özellik yeniden ataması: $(TargetPlatformVersion)="" (önceki değer: "0.0") konum: C:\Program Files\dotnet\sdk\10.0.100\Sdks\Microsoft.NET.Sdk\targets\Microsoft.NET.TargetFrameworkInference.targets (81,5)
       C:\Program Files\dotnet\sdk\10.0.100\Sdks\Microsoft.NET.Sdk\targets\Microsoft.NET.DefaultOutputPaths.targets(127,5): message : Özellik yeniden ataması: $(DefaultItemExcludes)=";bin\Debug\/**;obj\Debug\/**" (önceki değer: ";bin\Debug\/**") konum: C:\Program Files\dotnet\sdk\10.0.100\Sdks\Microsoft.NET.Sdk\targets\Microsoft.NET.DefaultOutputPaths.targets (127,5)
       C:\Program Files\dotnet\sdk\10.0.100\Sdks\Microsoft.NET.Sdk\targets\Microsoft.NET.DefaultOutputPaths.targets(142,5): message : Özellik yeniden ataması: $(OutputPath)="bin\Debug\net9.0\" (önceki değer: "bin\Debug\") konum: C:\Program Files\dotnet\sdk\10.0.100\Sdks\Microsoft.NET.Sdk\targets\Microsoft.NET.DefaultOutputPaths.targets (142,5)
       C:\Program Files\dotnet\sdk\10.0.100\Sdks\Microsoft.NET.Sdk\targets\Microsoft.NET.DefaultOutputPaths.targets(147,5): message : Özellik yeniden ataması: $(IntermediateOutputPath)="obj\Debug\net9.0\" (önceki değer: "obj\Debug\") konum: C:\Program Files\dotnet\sdk\10.0.100\Sdks\Microsoft.NET.Sdk\targets\Microsoft.NET.DefaultOutputPaths.targets (147,5)
       C:\Program Files\dotnet\sdk\10.0.100\Current\Microsoft.Common.props(60,5): message : Özellik yeniden ataması: $(MSBuildProjectExtensionsPath)="C:\Users\mrkfk\OneDrive\Desktop\Projelerim\ECommerce\src\Core\ECommerce.Application\obj\" (önceki değer: "obj\") konum: C:\Program Files\dotnet\sdk\10.0.100\Current\Microsoft.Common.props (60,5)
       C:\Program Files\dotnet\sdk\10.0.100\Sdks\Microsoft.NET.Sdk\targets\Microsoft.NET.Sdk.BeforeCommon.targets(371,5): message : Özellik yeniden ataması: $(RoslynTargetsPath)="C:\Program Files\dotnet\sdk\10.0.100\Sdks\Microsoft.NET.Sdk\targets\..\..\..\Roslyn" (önceki değer: "C:\Program Files\dotnet\sdk\10.0.100\Roslyn") konum: C:\Program Files\dotnet\sdk\10.0.100\Sdks\Microsoft.NET.Sdk\targets\Microsoft.NET.Sdk.BeforeCommon.targets (371,5)
       C:\Program Files\dotnet\sdk\10.0.100\Roslyn\Microsoft.Managed.Core.targets(6,5): message : Özellik yeniden ataması: $(_BuildTasksDirectory)="C:\Program Files\dotnet\sdk\10.0.100\Sdks\Microsoft.NET.Sdk\targets\..\..\..\Roslyn\" (önceki değer: "C:\Program Files\dotnet\sdk\10.0.100\Roslyn\") konum: C:\Program Files\dotnet\sdk\10.0.100\Roslyn\Microsoft.Managed.Core.targets (6,5)
       C:\Program Files\dotnet\sdk\10.0.100\Roslyn\Microsoft.CSharp.Core.targets(200,5): message : Özellik yeniden ataması: $(CommandLineArgsForDesignTimeEvaluation)="-langversion:13.0 -define:TRACE" (önceki değer: "-langversion:13.0") konum: C:\Program Files\dotnet\sdk\10.0.100\Roslyn\Microsoft.CSharp.Core.targets (200,5)
       C:\Users\mrkfk\OneDrive\Desktop\Projelerim\ECommerce\src\Core\ECommerce.Application\obj\ECommerce.Application.csproj.nuget.g.props(7,5): message : 'C:\Users\mrkfk' değerine sahip 'USERPROFILE' özelliği ortamdan genişletildi.
       C:\Program Files\dotnet\sdk\10.0.100\Microsoft.Common.CurrentVersion.targets(175,5): message : Özellik yeniden ataması: $(_DebugSymbolsProduced)="true" (önceki değer: "false") konum: C:\Program Files\dotnet\sdk\10.0.100\Microsoft.Common.CurrentVersion.targets (175,5)
       C:\Program Files\dotnet\sdk\10.0.100\Microsoft.Common.CurrentVersion.targets(185,5): message : Özellik yeniden ataması: $(_DocumentationFileProduced)="false" (önceki değer: "true") konum: C:\Program Files\dotnet\sdk\10.0.100\Microsoft.Common.CurrentVersion.targets (185,5)
       C:\Program Files\dotnet\sdk\10.0.100\Microsoft.Common.CurrentVersion.targets(392,5): message : Özellik yeniden ataması: $(MSBuildCopyMarkerName)="ECommerc.8ED50DBB" (önceki değer: "ECommerce.Domain.csproj") konum: C:\Program Files\dotnet\sdk\10.0.100\Microsoft.Common.CurrentVersion.targets (392,5)
       C:\Program Files\dotnet\sdk\10.0.100\Microsoft.Common.CurrentVersion.targets(393,5): message : Özellik yeniden ataması: $(MSBuildCopyMarkerName)="ECommerc.8ED50DBB.Up2Date" (önceki değer: "ECommerc.8ED50DBB") konum: C:\Program Files\dotnet\sdk\10.0.100\Microsoft.Common.CurrentVersion.targets (393,5)
       C:\Program Files\dotnet\sdk\10.0.100\Microsoft.Common.CurrentVersion.targets(541,5): message : Özellik yeniden ataması: $(ProcessorArchitecture)="msil" (önceki değer: "") konum: C:\Program Files\dotnet\sdk\10.0.100\Microsoft.Common.CurrentVersion.targets (541,5)
       C:\Program Files\dotnet\sdk\10.0.100\Microsoft.Common.CurrentVersion.targets(580,5): message : Özellik yeniden ataması: $(DelaySign)="" (önceki değer: "false") konum: C:\Program Files\dotnet\sdk\10.0.100\Microsoft.Common.CurrentVersion.targets (580,5)
       C:\Program Files\dotnet\sdk\10.0.100\Microsoft.Common.CurrentVersion.targets(2606,5): message : 'C:\Users\mrkfk\AppData\Local' değerine sahip 'LOCALAPPDATA' özelliği ortamdan genişletildi.
       C:\Program Files\dotnet\sdk\10.0.100\Microsoft.Common.CurrentVersion.targets(3934,5): message : Özellik yeniden ataması: $(_SGenGenerateSerializationAssembliesConfig)="Auto" (önceki değer: "") konum: C:\Program Files\dotnet\sdk\10.0.100\Microsoft.Common.CurrentVersion.targets (3934,5)
       C:\Program Files\dotnet\sdk\10.0.100\Microsoft.Common.CurrentVersion.targets(3935,5): message : Özellik yeniden ataması: $(_SGenGenerateSerializationAssembliesConfig)="Off" (önceki değer: "Auto") konum: C:\Program Files\dotnet\sdk\10.0.100\Microsoft.Common.CurrentVersion.targets (3935,5)
       C:\Program Files\dotnet\sdk\10.0.100\Microsoft.Common.CurrentVersion.targets(5146,5): message : Özellik yeniden ataması: $(_TargetsThatPrepareProjectReferences)="
       C:\Program Files\dotnet\sdk\10.0.100\Microsoft.Common.CurrentVersion.targets(5146,5): message :       AssignProjectConfiguration;
       C:\Program Files\dotnet\sdk\10.0.100\Microsoft.Common.CurrentVersion.targets(5146,5): message :       _SplitProjectReferencesByFileExistence
       C:\Program Files\dotnet\sdk\10.0.100\Microsoft.Common.CurrentVersion.targets(5146,5): message :     " (önceki değer: "_SplitProjectReferencesByFileExistence") konum: C:\Program Files\dotnet\sdk\10.0.100\Microsoft.Common.CurrentVersion.targets (5146,5)
       C:\Program Files\dotnet\sdk\10.0.100\Current\Microsoft.Common.props(84,119): message : 'C:\Users\mrkfk\AppData\Local\Microsoft\MSBuild' değerine sahip 'MSBuildUserExtensionsPath' özelliği ortamdan genişletildi.
       C:\Program Files\dotnet\sdk\10.0.100\Microsoft.Common.CurrentVersion.targets(6959,5): message : 'C:\Program Files\dotnet\sdk\10.0.100' değerine sahip 'MSBuildExtensionsPath32' özelliği ortamdan genişletildi.
       "NuGetInteractive" özelliği genel bir özelliktir ve değiştirilemez.
       C:\Program Files\dotnet\sdk\10.0.100\Sdks\Microsoft.NET.Sdk\targets\Microsoft.PackageDependencyResolution.targets(29,5): message : Özellik yeniden ataması: $(ProjectAssetsCacheFile)="C:\Users\mrkfk\OneDrive\Desktop\Projelerim\ECommerce\src\Core\ECommerce.Domain\obj\Debug\net9.0\ECommerce.Domain.assets.cache" (önceki değer: "obj\Debug\net9.0\ECommerce.Domain.assets.cache") konum: C:\Program Files\dotnet\sdk\10.0.100\Sdks\Microsoft.NET.Sdk\targets\Microsoft.PackageDependencyResolution.targets (29,5)
       C:\Program Files\dotnet\sdk\10.0.100\Sdks\Microsoft.NET.Sdk\targets\Microsoft.PackageDependencyResolution.targets(80,5): message : Özellik yeniden ataması: $(ResolveAssemblyReferencesDependsOn)="
       C:\Program Files\dotnet\sdk\10.0.100\Sdks\Microsoft.NET.Sdk\targets\Microsoft.PackageDependencyResolution.targets(80,5): message :       
       C:\Program Files\dotnet\sdk\10.0.100\Sdks\Microsoft.NET.Sdk\targets\Microsoft.PackageDependencyResolution.targets(80,5): message :       ResolveProjectReferences;
       C:\Program Files\dotnet\sdk\10.0.100\Sdks\Microsoft.NET.Sdk\targets\Microsoft.PackageDependencyResolution.targets(80,5): message :       FindInvalidProjectReferences;
       C:\Program Files\dotnet\sdk\10.0.100\Sdks\Microsoft.NET.Sdk\targets\Microsoft.PackageDependencyResolution.targets(80,5): message :       GetFrameworkPaths;
       C:\Program Files\dotnet\sdk\10.0.100\Sdks\Microsoft.NET.Sdk\targets\Microsoft.PackageDependencyResolution.targets(80,5): message :       GetReferenceAssemblyPaths;
       C:\Program Files\dotnet\sdk\10.0.100\Sdks\Microsoft.NET.Sdk\targets\Microsoft.PackageDependencyResolution.targets(80,5): message :       PrepareForBuild;
       C:\Program Files\dotnet\sdk\10.0.100\Sdks\Microsoft.NET.Sdk\targets\Microsoft.PackageDependencyResolution.targets(80,5): message :       ResolveSDKReferences;
       C:\Program Files\dotnet\sdk\10.0.100\Sdks\Microsoft.NET.Sdk\targets\Microsoft.PackageDependencyResolution.targets(80,5): message :       ExpandSDKReferences;
       C:\Program Files\dotnet\sdk\10.0.100\Sdks\Microsoft.NET.Sdk\targets\Microsoft.PackageDependencyResolution.targets(80,5): message :     ;
       C:\Program Files\dotnet\sdk\10.0.100\Sdks\Microsoft.NET.Sdk\targets\Microsoft.PackageDependencyResolution.targets(80,5): message :       ResolvePackageDependenciesForBuild;
       C:\Program Files\dotnet\sdk\10.0.100\Sdks\Microsoft.NET.Sdk\targets\Microsoft.PackageDependencyResolution.targets(80,5): message :       _HandlePackageFileConflicts;
       C:\Program Files\dotnet\sdk\10.0.100\Sdks\Microsoft.NET.Sdk\targets\Microsoft.PackageDependencyResolution.targets(80,5): message :     " (önceki değer: "
       C:\Program Files\dotnet\sdk\10.0.100\Sdks\Microsoft.NET.Sdk\targets\Microsoft.PackageDependencyResolution.targets(80,5): message :       ResolveProjectReferences;
       C:\Program Files\dotnet\sdk\10.0.100\Sdks\Microsoft.NET.Sdk\targets\Microsoft.PackageDependencyResolution.targets(80,5): message :       FindInvalidProjectReferences;
       C:\Program Files\dotnet\sdk\10.0.100\Sdks\Microsoft.NET.Sdk\targets\Microsoft.PackageDependencyResolution.targets(80,5): message :       GetFrameworkPaths;
       C:\Program Files\dotnet\sdk\10.0.100\Sdks\Microsoft.NET.Sdk\targets\Microsoft.PackageDependencyResolution.targets(80,5): message :       GetReferenceAssemblyPaths;
       C:\Program Files\dotnet\sdk\10.0.100\Sdks\Microsoft.NET.Sdk\targets\Microsoft.PackageDependencyResolution.targets(80,5): message :       PrepareForBuild;
       C:\Program Files\dotnet\sdk\10.0.100\Sdks\Microsoft.NET.Sdk\targets\Microsoft.PackageDependencyResolution.targets(80,5): message :       ResolveSDKReferences;
       C:\Program Files\dotnet\sdk\10.0.100\Sdks\Microsoft.NET.Sdk\targets\Microsoft.PackageDependencyResolution.targets(80,5): message :       ExpandSDKReferences;
       C:\Program Files\dotnet\sdk\10.0.100\Sdks\Microsoft.NET.Sdk\targets\Microsoft.PackageDependencyResolution.targets(80,5): message :     ") konum: C:\Program Files\dotnet\sdk\10.0.100\Sdks\Microsoft.NET.Sdk\targets\Microsoft.PackageDependencyResolution.targets (80,5)
       C:\Program Files\dotnet\sdk\10.0.100\Sdks\Microsoft.NET.Sdk\targets\Microsoft.PackageDependencyResolution.targets(86,5): message : Özellik yeniden ataması: $(PrepareResourcesDependsOn)="
       C:\Program Files\dotnet\sdk\10.0.100\Sdks\Microsoft.NET.Sdk\targets\Microsoft.PackageDependencyResolution.targets(86,5): message :       ResolvePackageDependenciesForBuild;
       C:\Program Files\dotnet\sdk\10.0.100\Sdks\Microsoft.NET.Sdk\targets\Microsoft.PackageDependencyResolution.targets(86,5): message :       _HandlePackageFileConflicts;
       C:\Program Files\dotnet\sdk\10.0.100\Sdks\Microsoft.NET.Sdk\targets\Microsoft.PackageDependencyResolution.targets(86,5): message :       
       C:\Program Files\dotnet\sdk\10.0.100\Sdks\Microsoft.NET.Sdk\targets\Microsoft.PackageDependencyResolution.targets(86,5): message :       ;
       C:\Program Files\dotnet\sdk\10.0.100\Sdks\Microsoft.NET.Sdk\targets\Microsoft.PackageDependencyResolution.targets(86,5): message :       PrepareResourceNames;
       C:\Program Files\dotnet\sdk\10.0.100\Sdks\Microsoft.NET.Sdk\targets\Microsoft.PackageDependencyResolution.targets(86,5): message :       ResGen;
       C:\Program Files\dotnet\sdk\10.0.100\Sdks\Microsoft.NET.Sdk\targets\Microsoft.PackageDependencyResolution.targets(86,5): message :       CompileLicxFiles
       C:\Program Files\dotnet\sdk\10.0.100\Sdks\Microsoft.NET.Sdk\targets\Microsoft.PackageDependencyResolution.targets(86,5): message :     
       C:\Program Files\dotnet\sdk\10.0.100\Sdks\Microsoft.NET.Sdk\targets\Microsoft.PackageDependencyResolution.targets(86,5): message :     " (önceki değer: "
       C:\Program Files\dotnet\sdk\10.0.100\Sdks\Microsoft.NET.Sdk\targets\Microsoft.PackageDependencyResolution.targets(86,5): message :       ;
       C:\Program Files\dotnet\sdk\10.0.100\Sdks\Microsoft.NET.Sdk\targets\Microsoft.PackageDependencyResolution.targets(86,5): message :       PrepareResourceNames;
       C:\Program Files\dotnet\sdk\10.0.100\Sdks\Microsoft.NET.Sdk\targets\Microsoft.PackageDependencyResolution.targets(86,5): message :       ResGen;
       C:\Program Files\dotnet\sdk\10.0.100\Sdks\Microsoft.NET.Sdk\targets\Microsoft.PackageDependencyResolution.targets(86,5): message :       CompileLicxFiles
       C:\Program Files\dotnet\sdk\10.0.100\Sdks\Microsoft.NET.Sdk\targets\Microsoft.PackageDependencyResolution.targets(86,5): message :     ") konum: C:\Program Files\dotnet\sdk\10.0.100\Sdks\Microsoft.NET.Sdk\targets\Microsoft.PackageDependencyResolution.targets (86,5)
       C:\Program Files\dotnet\sdk\10.0.100\Sdks\Microsoft.NET.Sdk\targets\Microsoft.NET.Sdk.DefaultItems.targets(35,5): message : Özellik yeniden ataması: $(DefaultItemExcludes)=";bin\Debug\/**;obj\Debug\/**;bin\/**" (önceki değer: ";bin\Debug\/**;obj\Debug\/**") konum: C:\Program Files\dotnet\sdk\10.0.100\Sdks\Microsoft.NET.Sdk\targets\Microsoft.NET.Sdk.DefaultItems.targets (35,5)
       C:\Program Files\dotnet\sdk\10.0.100\Sdks\Microsoft.NET.Sdk\targets\Microsoft.NET.Sdk.DefaultItems.targets(37,5): message : Özellik yeniden ataması: $(DefaultItemExcludes)=";bin\Debug\/**;obj\Debug\/**;bin\/**;obj\/**" (önceki değer: ";bin\Debug\/**;obj\Debug\/**;bin\/**") konum: C:\Program Files\dotnet\sdk\10.0.100\Sdks\Microsoft.NET.Sdk\targets\Microsoft.NET.Sdk.DefaultItems.targets (37,5)
       C:\Program Files\dotnet\sdk\10.0.100\Sdks\Microsoft.NET.Sdk\targets\Microsoft.NET.Sdk.DefaultItems.targets(40,5): message : Özellik yeniden ataması: $(DefaultItemExcludes)=";bin\Debug\/**;obj\Debug\/**;bin\/**;obj\/**;**/*.user" (önceki değer: ";bin\Debug\/**;obj\Debug\/**;bin\/**;obj\/**") konum: C:\Program Files\dotnet\sdk\10.0.100\Sdks\Microsoft.NET.Sdk\targets\Microsoft.NET.Sdk.DefaultItems.targets (40,5)
       C:\Program Files\dotnet\sdk\10.0.100\Sdks\Microsoft.NET.Sdk\targets\Microsoft.NET.Sdk.DefaultItems.targets(41,5): message : Özellik yeniden ataması: $(DefaultItemExcludes)=";bin\Debug\/**;obj\Debug\/**;bin\/**;obj\/**;**/*.user;**/*.*proj" (önceki değer: ";bin\Debug\/**;obj\Debug\/**;bin\/**;obj\/**;**/*.user") konum: C:\Program Files\dotnet\sdk\10.0.100\Sdks\Microsoft.NET.Sdk\targets\Microsoft.NET.Sdk.DefaultItems.targets (41,5)
       C:\Program Files\dotnet\sdk\10.0.100\Sdks\Microsoft.NET.Sdk\targets\Microsoft.NET.Sdk.DefaultItems.targets(42,5): message : Özellik yeniden ataması: $(DefaultItemExcludes)=";bin\Debug\/**;obj\Debug\/**;bin\/**;obj\/**;**/*.user;**/*.*proj;**/*.sln" (önceki değer: ";bin\Debug\/**;obj\Debug\/**;bin\/**;obj\/**;**/*.user;**/*.*proj") konum: C:\Program Files\dotnet\sdk\10.0.100\Sdks\Microsoft.NET.Sdk\targets\Microsoft.NET.Sdk.DefaultItems.targets (42,5)
       C:\Program Files\dotnet\sdk\10.0.100\Sdks\Microsoft.NET.Sdk\targets\Microsoft.NET.Sdk.DefaultItems.targets(43,5): message : Özellik yeniden ataması: $(DefaultItemExcludes)=";bin\Debug\/**;obj\Debug\/**;bin\/**;obj\/**;**/*.user;**/*.*proj;**/*.sln;**/*.slnx" (önceki değer: ";bin\Debug\/**;obj\Debug\/**;bin\/**;obj\/**;**/*.user;**/*.*proj;**/*.sln") konum: C:\Program Files\dotnet\sdk\10.0.100\Sdks\Microsoft.NET.Sdk\targets\Microsoft.NET.Sdk.DefaultItems.targets (43,5)
       C:\Program Files\dotnet\sdk\10.0.100\Sdks\Microsoft.NET.Sdk\targets\Microsoft.NET.Sdk.DefaultItems.targets(44,5): message : Özellik yeniden ataması: $(DefaultItemExcludes)=";bin\Debug\/**;obj\Debug\/**;bin\/**;obj\/**;**/*.user;**/*.*proj;**/*.sln;**/*.slnx;**/*.vssscc" (önceki değer: ";bin\Debug\/**;obj\Debug\/**;bin\/**;obj\/**;**/*.user;**/*.*proj;**/*.sln;**/*.slnx") konum: C:\Program Files\dotnet\sdk\10.0.100\Sdks\Microsoft.NET.Sdk\targets\Microsoft.NET.Sdk.DefaultItems.targets (44,5)
       C:\Program Files\dotnet\sdk\10.0.100\Sdks\Microsoft.NET.Sdk\targets\Microsoft.NET.Sdk.DefaultItems.targets(45,5): message : Özellik yeniden ataması: $(DefaultItemExcludes)=";bin\Debug\/**;obj\Debug\/**;bin\/**;obj\/**;**/*.user;**/*.*proj;**/*.sln;**/*.slnx;**/*.vssscc;**/.DS_Store" (önceki değer: ";bin\Debug\/**;obj\Debug\/**;bin\/**;obj\/**;**/*.user;**/*.*proj;**/*.sln;**/*.slnx;**/*.vssscc") konum: C:\Program Files\dotnet\sdk\10.0.100\Sdks\Microsoft.NET.Sdk\targets\Microsoft.NET.Sdk.DefaultItems.targets (45,5)
       C:\Program Files\dotnet\sdk\10.0.100\Sdks\Microsoft.NET.Sdk\targets\Microsoft.NET.Sdk.FrameworkReferenceResolution.targets(14,5): message : Özellik yeniden ataması: $(ResolveAssemblyReferencesDependsOn)="
       C:\Program Files\dotnet\sdk\10.0.100\Sdks\Microsoft.NET.Sdk\targets\Microsoft.NET.Sdk.FrameworkReferenceResolution.targets(14,5): message :       
       C:\Program Files\dotnet\sdk\10.0.100\Sdks\Microsoft.NET.Sdk\targets\Microsoft.NET.Sdk.FrameworkReferenceResolution.targets(14,5): message :       
       C:\Program Files\dotnet\sdk\10.0.100\Sdks\Microsoft.NET.Sdk\targets\Microsoft.NET.Sdk.FrameworkReferenceResolution.targets(14,5): message :       ResolveProjectReferences;
       C:\Program Files\dotnet\sdk\10.0.100\Sdks\Microsoft.NET.Sdk\targets\Microsoft.NET.Sdk.FrameworkReferenceResolution.targets(14,5): message :       FindInvalidProjectReferences;
       C:\Program Files\dotnet\sdk\10.0.100\Sdks\Microsoft.NET.Sdk\targets\Microsoft.NET.Sdk.FrameworkReferenceResolution.targets(14,5): message :       GetFrameworkPaths;
       C:\Program Files\dotnet\sdk\10.0.100\Sdks\Microsoft.NET.Sdk\targets\Microsoft.NET.Sdk.FrameworkReferenceResolution.targets(14,5): message :       GetReferenceAssemblyPaths;
       C:\Program Files\dotnet\sdk\10.0.100\Sdks\Microsoft.NET.Sdk\targets\Microsoft.NET.Sdk.FrameworkReferenceResolution.targets(14,5): message :       PrepareForBuild;
       C:\Program Files\dotnet\sdk\10.0.100\Sdks\Microsoft.NET.Sdk\targets\Microsoft.NET.Sdk.FrameworkReferenceResolution.targets(14,5): message :       ResolveSDKReferences;
       C:\Program Files\dotnet\sdk\10.0.100\Sdks\Microsoft.NET.Sdk\targets\Microsoft.NET.Sdk.FrameworkReferenceResolution.targets(14,5): message :       ExpandSDKReferences;
       C:\Program Files\dotnet\sdk\10.0.100\Sdks\Microsoft.NET.Sdk\targets\Microsoft.NET.Sdk.FrameworkReferenceResolution.targets(14,5): message :     ;
       C:\Program Files\dotnet\sdk\10.0.100\Sdks\Microsoft.NET.Sdk\targets\Microsoft.NET.Sdk.FrameworkReferenceResolution.targets(14,5): message :       ResolvePackageDependenciesForBuild;
       C:\Program Files\dotnet\sdk\10.0.100\Sdks\Microsoft.NET.Sdk\targets\Microsoft.NET.Sdk.FrameworkReferenceResolution.targets(14,5): message :       _HandlePackageFileConflicts;
       C:\Program Files\dotnet\sdk\10.0.100\Sdks\Microsoft.NET.Sdk\targets\Microsoft.NET.Sdk.FrameworkReferenceResolution.targets(14,5): message :     ;
       C:\Program Files\dotnet\sdk\10.0.100\Sdks\Microsoft.NET.Sdk\targets\Microsoft.NET.Sdk.FrameworkReferenceResolution.targets(14,5): message :       ResolveTargetingPackAssets;
       C:\Program Files\dotnet\sdk\10.0.100\Sdks\Microsoft.NET.Sdk\targets\Microsoft.NET.Sdk.FrameworkReferenceResolution.targets(14,5): message :     " (önceki değer: "
       C:\Program Files\dotnet\sdk\10.0.100\Sdks\Microsoft.NET.Sdk\targets\Microsoft.NET.Sdk.FrameworkReferenceResolution.targets(14,5): message :       
       C:\Program Files\dotnet\sdk\10.0.100\Sdks\Microsoft.NET.Sdk\targets\Microsoft.NET.Sdk.FrameworkReferenceResolution.targets(14,5): message :       ResolveProjectReferences;
       C:\Program Files\dotnet\sdk\10.0.100\Sdks\Microsoft.NET.Sdk\targets\Microsoft.NET.Sdk.FrameworkReferenceResolution.targets(14,5): message :       FindInvalidProjectReferences;
       C:\Program Files\dotnet\sdk\10.0.100\Sdks\Microsoft.NET.Sdk\targets\Microsoft.NET.Sdk.FrameworkReferenceResolution.targets(14,5): message :       GetFrameworkPaths;
       C:\Program Files\dotnet\sdk\10.0.100\Sdks\Microsoft.NET.Sdk\targets\Microsoft.NET.Sdk.FrameworkReferenceResolution.targets(14,5): message :       GetReferenceAssemblyPaths;
       C:\Program Files\dotnet\sdk\10.0.100\Sdks\Microsoft.NET.Sdk\targets\Microsoft.NET.Sdk.FrameworkReferenceResolution.targets(14,5): message :       PrepareForBuild;
       C:\Program Files\dotnet\sdk\10.0.100\Sdks\Microsoft.NET.Sdk\targets\Microsoft.NET.Sdk.FrameworkReferenceResolution.targets(14,5): message :       ResolveSDKReferences;
       C:\Program Files\dotnet\sdk\10.0.100\Sdks\Microsoft.NET.Sdk\targets\Microsoft.NET.Sdk.FrameworkReferenceResolution.targets(14,5): message :       ExpandSDKReferences;
       C:\Program Files\dotnet\sdk\10.0.100\Sdks\Microsoft.NET.Sdk\targets\Microsoft.NET.Sdk.FrameworkReferenceResolution.targets(14,5): message :     ;
       C:\Program Files\dotnet\sdk\10.0.100\Sdks\Microsoft.NET.Sdk\targets\Microsoft.NET.Sdk.FrameworkReferenceResolution.targets(14,5): message :       ResolvePackageDependenciesForBuild;
       C:\Program Files\dotnet\sdk\10.0.100\Sdks\Microsoft.NET.Sdk\targets\Microsoft.NET.Sdk.FrameworkReferenceResolution.targets(14,5): message :       _HandlePackageFileConflicts;
       C:\Program Files\dotnet\sdk\10.0.100\Sdks\Microsoft.NET.Sdk\targets\Microsoft.NET.Sdk.FrameworkReferenceResolution.targets(14,5): message :     ") konum: C:\Program Files\dotnet\sdk\10.0.100\Sdks\Microsoft.NET.Sdk\targets\Microsoft.NET.Sdk.FrameworkReferenceResolution.targets (14,5)
       C:\Program Files\dotnet\sdk\10.0.100\Sdks\Microsoft.NET.Sdk\targets\Microsoft.NET.Sdk.targets(44,5): message : Özellik yeniden ataması: $(_GenerateRuntimeConfigurationPropertyInputsCache)="C:\Users\mrkfk\OneDrive\Desktop\Projelerim\ECommerce\src\Core\ECommerce.Domain\obj\Debug\net9.0\ECommerce.Domain.genruntimeconfig.cache" (önceki değer: "obj\Debug\net9.0\ECommerce.Domain.genruntimeconfig.cache") konum: C:\Program Files\dotnet\sdk\10.0.100\Sdks\Microsoft.NET.Sdk\targets\Microsoft.NET.Sdk.targets (44,5)
       C:\Program Files\dotnet\sdk\10.0.100\Sdks\Microsoft.NET.Sdk\targets\Microsoft.NET.Sdk.targets(46,5): message : Özellik yeniden ataması: $(_GeneratePublishDependencyFilePropertyInputsCache)="C:\Users\mrkfk\OneDrive\Desktop\Projelerim\ECommerce\src\Core\ECommerce.Domain\obj\Debug\net9.0\ECommerce.Domain.genpublishdeps.cache" (önceki değer: "obj\Debug\net9.0\ECommerce.Domain.genpublishdeps.cache") konum: C:\Program Files\dotnet\sdk\10.0.100\Sdks\Microsoft.NET.Sdk\targets\Microsoft.NET.Sdk.targets (46,5)
       C:\Program Files\dotnet\sdk\10.0.100\Sdks\Microsoft.NET.Sdk\targets\Microsoft.NET.Sdk.targets(48,5): message : Özellik yeniden ataması: $(_GenerateSingleFileBundlePropertyInputsCache)="C:\Users\mrkfk\OneDrive\Desktop\Projelerim\ECommerce\src\Core\ECommerce.Domain\obj\Debug\net9.0\ECommerce.Domain.genbundle.cache" (önceki değer: "obj\Debug\net9.0\ECommerce.Domain.genbundle.cache") konum: C:\Program Files\dotnet\sdk\10.0.100\Sdks\Microsoft.NET.Sdk\targets\Microsoft.NET.Sdk.targets (48,5)
       C:\Program Files\dotnet\sdk\10.0.100\Sdks\Microsoft.NET.Sdk\targets\Microsoft.NET.Sdk.targets(81,5): message : Özellik yeniden ataması: $(GenerateRuntimeConfigDevFile)="false" (önceki değer: "true") konum: C:\Program Files\dotnet\sdk\10.0.100\Sdks\Microsoft.NET.Sdk\targets\Microsoft.NET.Sdk.targets (81,5)
       C:\Program Files\dotnet\sdk\10.0.100\Sdks\Microsoft.NET.Sdk\targets\Microsoft.NET.Sdk.targets(98,5): message : Özellik yeniden ataması: $(_DefaultUserProfileRuntimeStorePath)="C:\Users\mrkfk" (önceki değer: "") konum: C:\Program Files\dotnet\sdk\10.0.100\Sdks\Microsoft.NET.Sdk\targets\Microsoft.NET.Sdk.targets (98,5)
       C:\Program Files\dotnet\sdk\10.0.100\Sdks\Microsoft.NET.Sdk\targets\Microsoft.NET.Sdk.targets(99,5): message : Özellik yeniden ataması: $(_DefaultUserProfileRuntimeStorePath)="C:\Users\mrkfk\.dotnet\store" (önceki değer: "C:\Users\mrkfk") konum: C:\Program Files\dotnet\sdk\10.0.100\Sdks\Microsoft.NET.Sdk\targets\Microsoft.NET.Sdk.targets (99,5)
       C:\Program Files\dotnet\sdk\10.0.100\Sdks\Microsoft.NET.Sdk\targets\Microsoft.NET.Sdk.targets(144,5): message : Özellik yeniden ataması: $(AvailablePlatforms)="Any CPU,x86,x64,ARM32" (önceki değer: "Any CPU,x86,x64") konum: C:\Program Files\dotnet\sdk\10.0.100\Sdks\Microsoft.NET.Sdk\targets\Microsoft.NET.Sdk.targets (144,5)
       C:\Program Files\dotnet\sdk\10.0.100\Sdks\Microsoft.NET.Sdk\targets\Microsoft.NET.Sdk.targets(148,5): message : Özellik yeniden ataması: $(AvailablePlatforms)="Any CPU,x86,x64,ARM32,ARM64" (önceki değer: "Any CPU,x86,x64,ARM32") konum: C:\Program Files\dotnet\sdk\10.0.100\Sdks\Microsoft.NET.Sdk\targets\Microsoft.NET.Sdk.targets (148,5)
       C:\Program Files\dotnet\sdk\10.0.100\Sdks\Microsoft.NET.Sdk\targets\Microsoft.NET.Sdk.props(90,5): message : Özellik yeniden ataması: $(AssemblySearchPaths)="{CandidateAssemblyFiles};{HintPathFromItem}" (önceki değer: "{CandidateAssemblyFiles}") konum: C:\Program Files\dotnet\sdk\10.0.100\Sdks\Microsoft.NET.Sdk\targets\Microsoft.NET.Sdk.props (90,5)
       C:\Program Files\dotnet\sdk\10.0.100\Sdks\Microsoft.NET.Sdk\targets\Microsoft.NET.Sdk.props(91,5): message : Özellik yeniden ataması: $(AssemblySearchPaths)="{CandidateAssemblyFiles};{HintPathFromItem};{TargetFrameworkDirectory}" (önceki değer: "{CandidateAssemblyFiles};{HintPathFromItem}") konum: C:\Program Files\dotnet\sdk\10.0.100\Sdks\Microsoft.NET.Sdk\targets\Microsoft.NET.Sdk.props (91,5)
       C:\Program Files\dotnet\sdk\10.0.100\Sdks\Microsoft.NET.Sdk\targets\Microsoft.NET.Sdk.props(92,5): message : Özellik yeniden ataması: $(AssemblySearchPaths)="{CandidateAssemblyFiles};{HintPathFromItem};{TargetFrameworkDirectory};{RawFileName}" (önceki değer: "{CandidateAssemblyFiles};{HintPathFromItem};{TargetFrameworkDirectory}") konum: C:\Program Files\dotnet\sdk\10.0.100\Sdks\Microsoft.NET.Sdk\targets\Microsoft.NET.Sdk.props (92,5)
       C:\Program Files\dotnet\sdk\10.0.100\Sdks\Microsoft.NET.Sdk\targets\Microsoft.NET.Sdk.targets(204,5): message : Özellik yeniden ataması: $(CoreBuildDependsOn)="
       C:\Program Files\dotnet\sdk\10.0.100\Sdks\Microsoft.NET.Sdk\targets\Microsoft.NET.Sdk.targets(204,5): message :       _CheckForBuildWithNoBuild;
       C:\Program Files\dotnet\sdk\10.0.100\Sdks\Microsoft.NET.Sdk\targets\Microsoft.NET.Sdk.targets(204,5): message :       
       C:\Program Files\dotnet\sdk\10.0.100\Sdks\Microsoft.NET.Sdk\targets\Microsoft.NET.Sdk.targets(204,5): message :       BuildOnlySettings;
       C:\Program Files\dotnet\sdk\10.0.100\Sdks\Microsoft.NET.Sdk\targets\Microsoft.NET.Sdk.targets(204,5): message :       PrepareForBuild;
       C:\Program Files\dotnet\sdk\10.0.100\Sdks\Microsoft.NET.Sdk\targets\Microsoft.NET.Sdk.targets(204,5): message :       PreBuildEvent;
       C:\Program Files\dotnet\sdk\10.0.100\Sdks\Microsoft.NET.Sdk\targets\Microsoft.NET.Sdk.targets(204,5): message :       ResolveReferences;
       C:\Program Files\dotnet\sdk\10.0.100\Sdks\Microsoft.NET.Sdk\targets\Microsoft.NET.Sdk.targets(204,5): message :       PrepareResources;
       C:\Program Files\dotnet\sdk\10.0.100\Sdks\Microsoft.NET.Sdk\targets\Microsoft.NET.Sdk.targets(204,5): message :       ResolveKeySource;
       C:\Program Files\dotnet\sdk\10.0.100\Sdks\Microsoft.NET.Sdk\targets\Microsoft.NET.Sdk.targets(204,5): message :       Compile;
       C:\Program Files\dotnet\sdk\10.0.100\Sdks\Microsoft.NET.Sdk\targets\Microsoft.NET.Sdk.targets(204,5): message :       ExportWindowsMDFile;
       C:\Program Files\dotnet\sdk\10.0.100\Sdks\Microsoft.NET.Sdk\targets\Microsoft.NET.Sdk.targets(204,5): message :       UnmanagedUnregistration;
       C:\Program Files\dotnet\sdk\10.0.100\Sdks\Microsoft.NET.Sdk\targets\Microsoft.NET.Sdk.targets(204,5): message :       GenerateSerializationAssemblies;
       C:\Program Files\dotnet\sdk\10.0.100\Sdks\Microsoft.NET.Sdk\targets\Microsoft.NET.Sdk.targets(204,5): message :       CreateSatelliteAssemblies;
       C:\Program Files\dotnet\sdk\10.0.100\Sdks\Microsoft.NET.Sdk\targets\Microsoft.NET.Sdk.targets(204,5): message :       GenerateManifests;
       C:\Program Files\dotnet\sdk\10.0.100\Sdks\Microsoft.NET.Sdk\targets\Microsoft.NET.Sdk.targets(204,5): message :       GetTargetPath;
       C:\Program Files\dotnet\sdk\10.0.100\Sdks\Microsoft.NET.Sdk\targets\Microsoft.NET.Sdk.targets(204,5): message :       PrepareForRun;
       C:\Program Files\dotnet\sdk\10.0.100\Sdks\Microsoft.NET.Sdk\targets\Microsoft.NET.Sdk.targets(204,5): message :       UnmanagedRegistration;
       C:\Program Files\dotnet\sdk\10.0.100\Sdks\Microsoft.NET.Sdk\targets\Microsoft.NET.Sdk.targets(204,5): message :       IncrementalClean;
       C:\Program Files\dotnet\sdk\10.0.100\Sdks\Microsoft.NET.Sdk\targets\Microsoft.NET.Sdk.targets(204,5): message :       PostBuildEvent
       C:\Program Files\dotnet\sdk\10.0.100\Sdks\Microsoft.NET.Sdk\targets\Microsoft.NET.Sdk.targets(204,5): message :     ;
       C:\Program Files\dotnet\sdk\10.0.100\Sdks\Microsoft.NET.Sdk\targets\Microsoft.NET.Sdk.targets(204,5): message :       GenerateBuildDependencyFile;
       C:\Program Files\dotnet\sdk\10.0.100\Sdks\Microsoft.NET.Sdk\targets\Microsoft.NET.Sdk.targets(204,5): message :       GenerateBuildRuntimeConfigurationFiles
       C:\Program Files\dotnet\sdk\10.0.100\Sdks\Microsoft.NET.Sdk\targets\Microsoft.NET.Sdk.targets(204,5): message :     " (önceki değer: "
       C:\Program Files\dotnet\sdk\10.0.100\Sdks\Microsoft.NET.Sdk\targets\Microsoft.NET.Sdk.targets(204,5): message :       BuildOnlySettings;
       C:\Program Files\dotnet\sdk\10.0.100\Sdks\Microsoft.NET.Sdk\targets\Microsoft.NET.Sdk.targets(204,5): message :       PrepareForBuild;
       C:\Program Files\dotnet\sdk\10.0.100\Sdks\Microsoft.NET.Sdk\targets\Microsoft.NET.Sdk.targets(204,5): message :       PreBuildEvent;
       C:\Program Files\dotnet\sdk\10.0.100\Sdks\Microsoft.NET.Sdk\targets\Microsoft.NET.Sdk.targets(204,5): message :       ResolveReferences;
       C:\Program Files\dotnet\sdk\10.0.100\Sdks\Microsoft.NET.Sdk\targets\Microsoft.NET.Sdk.targets(204,5): message :       PrepareResources;
       C:\Program Files\dotnet\sdk\10.0.100\Sdks\Microsoft.NET.Sdk\targets\Microsoft.NET.Sdk.targets(204,5): message :       ResolveKeySource;
       C:\Program Files\dotnet\sdk\10.0.100\Sdks\Microsoft.NET.Sdk\targets\Microsoft.NET.Sdk.targets(204,5): message :       Compile;
       C:\Program Files\dotnet\sdk\10.0.100\Sdks\Microsoft.NET.Sdk\targets\Microsoft.NET.Sdk.targets(204,5): message :       ExportWindowsMDFile;
       C:\Program Files\dotnet\sdk\10.0.100\Sdks\Microsoft.NET.Sdk\targets\Microsoft.NET.Sdk.targets(204,5): message :       UnmanagedUnregistration;
       C:\Program Files\dotnet\sdk\10.0.100\Sdks\Microsoft.NET.Sdk\targets\Microsoft.NET.Sdk.targets(204,5): message :       GenerateSerializationAssemblies;
       C:\Program Files\dotnet\sdk\10.0.100\Sdks\Microsoft.NET.Sdk\targets\Microsoft.NET.Sdk.targets(204,5): message :       CreateSatelliteAssemblies;
       C:\Program Files\dotnet\sdk\10.0.100\Sdks\Microsoft.NET.Sdk\targets\Microsoft.NET.Sdk.targets(204,5): message :       GenerateManifests;
       C:\Program Files\dotnet\sdk\10.0.100\Sdks\Microsoft.NET.Sdk\targets\Microsoft.NET.Sdk.targets(204,5): message :       GetTargetPath;
       C:\Program Files\dotnet\sdk\10.0.100\Sdks\Microsoft.NET.Sdk\targets\Microsoft.NET.Sdk.targets(204,5): message :       PrepareForRun;
       C:\Program Files\dotnet\sdk\10.0.100\Sdks\Microsoft.NET.Sdk\targets\Microsoft.NET.Sdk.targets(204,5): message :       UnmanagedRegistration;
       C:\Program Files\dotnet\sdk\10.0.100\Sdks\Microsoft.NET.Sdk\targets\Microsoft.NET.Sdk.targets(204,5): message :       IncrementalClean;
       C:\Program Files\dotnet\sdk\10.0.100\Sdks\Microsoft.NET.Sdk\targets\Microsoft.NET.Sdk.targets(204,5): message :       PostBuildEvent
       C:\Program Files\dotnet\sdk\10.0.100\Sdks\Microsoft.NET.Sdk\targets\Microsoft.NET.Sdk.targets(204,5): message :     ") konum: C:\Program Files\dotnet\sdk\10.0.100\Sdks\Microsoft.NET.Sdk\targets\Microsoft.NET.Sdk.targets (204,5)
       C:\Program Files\dotnet\sdk\10.0.100\Sdks\Microsoft.NET.Sdk\targets\Microsoft.NET.Sdk.targets(213,5): message : Özellik yeniden ataması: $(CoreCleanDependsOn)="
       C:\Program Files\dotnet\sdk\10.0.100\Sdks\Microsoft.NET.Sdk\targets\Microsoft.NET.Sdk.targets(213,5): message :       _SdkBeforeClean;
       C:\Program Files\dotnet\sdk\10.0.100\Sdks\Microsoft.NET.Sdk\targets\Microsoft.NET.Sdk.targets(213,5): message :       
       C:\Program Files\dotnet\sdk\10.0.100\Sdks\Microsoft.NET.Sdk\targets\Microsoft.NET.Sdk.targets(213,5): message :     " (önceki değer: "") konum: C:\Program Files\dotnet\sdk\10.0.100\Sdks\Microsoft.NET.Sdk\targets\Microsoft.NET.Sdk.targets (213,5)
       C:\Program Files\dotnet\sdk\10.0.100\Sdks\Microsoft.NET.Sdk\targets\Microsoft.NET.Sdk.targets(220,5): message : Özellik yeniden ataması: $(RebuildDependsOn)="
       C:\Program Files\dotnet\sdk\10.0.100\Sdks\Microsoft.NET.Sdk\targets\Microsoft.NET.Sdk.targets(220,5): message :       _SdkBeforeRebuild;
       C:\Program Files\dotnet\sdk\10.0.100\Sdks\Microsoft.NET.Sdk\targets\Microsoft.NET.Sdk.targets(220,5): message :       
       C:\Program Files\dotnet\sdk\10.0.100\Sdks\Microsoft.NET.Sdk\targets\Microsoft.NET.Sdk.targets(220,5): message :       BeforeRebuild;
       C:\Program Files\dotnet\sdk\10.0.100\Sdks\Microsoft.NET.Sdk\targets\Microsoft.NET.Sdk.targets(220,5): message :       Clean;
       C:\Program Files\dotnet\sdk\10.0.100\Sdks\Microsoft.NET.Sdk\targets\Microsoft.NET.Sdk.targets(220,5): message :       Build;
       C:\Program Files\dotnet\sdk\10.0.100\Sdks\Microsoft.NET.Sdk\targets\Microsoft.NET.Sdk.targets(220,5): message :       AfterRebuild;
       C:\Program Files\dotnet\sdk\10.0.100\Sdks\Microsoft.NET.Sdk\targets\Microsoft.NET.Sdk.targets(220,5): message :     
       C:\Program Files\dotnet\sdk\10.0.100\Sdks\Microsoft.NET.Sdk\targets\Microsoft.NET.Sdk.targets(220,5): message :     " (önceki değer: "
       C:\Program Files\dotnet\sdk\10.0.100\Sdks\Microsoft.NET.Sdk\targets\Microsoft.NET.Sdk.targets(220,5): message :       BeforeRebuild;
       C:\Program Files\dotnet\sdk\10.0.100\Sdks\Microsoft.NET.Sdk\targets\Microsoft.NET.Sdk.targets(220,5): message :       Clean;
       C:\Program Files\dotnet\sdk\10.0.100\Sdks\Microsoft.NET.Sdk\targets\Microsoft.NET.Sdk.targets(220,5): message :       Build;
       C:\Program Files\dotnet\sdk\10.0.100\Sdks\Microsoft.NET.Sdk\targets\Microsoft.NET.Sdk.targets(220,5): message :       AfterRebuild;
       C:\Program Files\dotnet\sdk\10.0.100\Sdks\Microsoft.NET.Sdk\targets\Microsoft.NET.Sdk.targets(220,5): message :     ") konum: C:\Program Files\dotnet\sdk\10.0.100\Sdks\Microsoft.NET.Sdk\targets\Microsoft.NET.Sdk.targets (220,5)
       C:\Program Files\dotnet\sdk\10.0.100\Sdks\Microsoft.NET.Sdk\targets\Microsoft.NET.Sdk.targets(799,5): message : Özellik yeniden ataması: $(CompileDependsOn)="
       C:\Program Files\dotnet\sdk\10.0.100\Sdks\Microsoft.NET.Sdk\targets\Microsoft.NET.Sdk.targets(799,5): message :       
       C:\Program Files\dotnet\sdk\10.0.100\Sdks\Microsoft.NET.Sdk\targets\Microsoft.NET.Sdk.targets(799,5): message :       ResolveReferences;
       C:\Program Files\dotnet\sdk\10.0.100\Sdks\Microsoft.NET.Sdk\targets\Microsoft.NET.Sdk.targets(799,5): message :       ResolveKeySource;
       C:\Program Files\dotnet\sdk\10.0.100\Sdks\Microsoft.NET.Sdk\targets\Microsoft.NET.Sdk.targets(799,5): message :       SetWin32ManifestProperties;
       C:\Program Files\dotnet\sdk\10.0.100\Sdks\Microsoft.NET.Sdk\targets\Microsoft.NET.Sdk.targets(799,5): message :       _SetPreferNativeArm64Win32ManifestProperties;
       C:\Program Files\dotnet\sdk\10.0.100\Sdks\Microsoft.NET.Sdk\targets\Microsoft.NET.Sdk.targets(799,5): message :       FindReferenceAssembliesForReferences;
       C:\Program Files\dotnet\sdk\10.0.100\Sdks\Microsoft.NET.Sdk\targets\Microsoft.NET.Sdk.targets(799,5): message :       _GenerateCompileInputs;
       C:\Program Files\dotnet\sdk\10.0.100\Sdks\Microsoft.NET.Sdk\targets\Microsoft.NET.Sdk.targets(799,5): message :       BeforeCompile;
       C:\Program Files\dotnet\sdk\10.0.100\Sdks\Microsoft.NET.Sdk\targets\Microsoft.NET.Sdk.targets(799,5): message :       _TimeStampBeforeCompile;
       C:\Program Files\dotnet\sdk\10.0.100\Sdks\Microsoft.NET.Sdk\targets\Microsoft.NET.Sdk.targets(799,5): message :       _GenerateCompileDependencyCache;
       C:\Program Files\dotnet\sdk\10.0.100\Sdks\Microsoft.NET.Sdk\targets\Microsoft.NET.Sdk.targets(799,5): message :       CoreCompile;
       C:\Program Files\dotnet\sdk\10.0.100\Sdks\Microsoft.NET.Sdk\targets\Microsoft.NET.Sdk.targets(799,5): message :       _TimeStampAfterCompile;
       C:\Program Files\dotnet\sdk\10.0.100\Sdks\Microsoft.NET.Sdk\targets\Microsoft.NET.Sdk.targets(799,5): message :       AfterCompile;
       C:\Program Files\dotnet\sdk\10.0.100\Sdks\Microsoft.NET.Sdk\targets\Microsoft.NET.Sdk.targets(799,5): message :     ;
       C:\Program Files\dotnet\sdk\10.0.100\Sdks\Microsoft.NET.Sdk\targets\Microsoft.NET.Sdk.targets(799,5): message :       _CreateAppHost;
       C:\Program Files\dotnet\sdk\10.0.100\Sdks\Microsoft.NET.Sdk\targets\Microsoft.NET.Sdk.targets(799,5): message :       _CreateComHost;
       C:\Program Files\dotnet\sdk\10.0.100\Sdks\Microsoft.NET.Sdk\targets\Microsoft.NET.Sdk.targets(799,5): message :       _GetIjwHostPaths;
       C:\Program Files\dotnet\sdk\10.0.100\Sdks\Microsoft.NET.Sdk\targets\Microsoft.NET.Sdk.targets(799,5): message :     " (önceki değer: "
       C:\Program Files\dotnet\sdk\10.0.100\Sdks\Microsoft.NET.Sdk\targets\Microsoft.NET.Sdk.targets(799,5): message :       ResolveReferences;
       C:\Program Files\dotnet\sdk\10.0.100\Sdks\Microsoft.NET.Sdk\targets\Microsoft.NET.Sdk.targets(799,5): message :       ResolveKeySource;
       C:\Program Files\dotnet\sdk\10.0.100\Sdks\Microsoft.NET.Sdk\targets\Microsoft.NET.Sdk.targets(799,5): message :       SetWin32ManifestProperties;
       C:\Program Files\dotnet\sdk\10.0.100\Sdks\Microsoft.NET.Sdk\targets\Microsoft.NET.Sdk.targets(799,5): message :       _SetPreferNativeArm64Win32ManifestProperties;
       C:\Program Files\dotnet\sdk\10.0.100\Sdks\Microsoft.NET.Sdk\targets\Microsoft.NET.Sdk.targets(799,5): message :       FindReferenceAssembliesForReferences;
       C:\Program Files\dotnet\sdk\10.0.100\Sdks\Microsoft.NET.Sdk\targets\Microsoft.NET.Sdk.targets(799,5): message :       _GenerateCompileInputs;
       C:\Program Files\dotnet\sdk\10.0.100\Sdks\Microsoft.NET.Sdk\targets\Microsoft.NET.Sdk.targets(799,5): message :       BeforeCompile;
       C:\Program Files\dotnet\sdk\10.0.100\Sdks\Microsoft.NET.Sdk\targets\Microsoft.NET.Sdk.targets(799,5): message :       _TimeStampBeforeCompile;
       C:\Program Files\dotnet\sdk\10.0.100\Sdks\Microsoft.NET.Sdk\targets\Microsoft.NET.Sdk.targets(799,5): message :       _GenerateCompileDependencyCache;
       C:\Program Files\dotnet\sdk\10.0.100\Sdks\Microsoft.NET.Sdk\targets\Microsoft.NET.Sdk.targets(799,5): message :       CoreCompile;
       C:\Program Files\dotnet\sdk\10.0.100\Sdks\Microsoft.NET.Sdk\targets\Microsoft.NET.Sdk.targets(799,5): message :       _TimeStampAfterCompile;
       C:\Program Files\dotnet\sdk\10.0.100\Sdks\Microsoft.NET.Sdk\targets\Microsoft.NET.Sdk.targets(799,5): message :       AfterCompile;
       C:\Program Files\dotnet\sdk\10.0.100\Sdks\Microsoft.NET.Sdk\targets\Microsoft.NET.Sdk.targets(799,5): message :     ") konum: C:\Program Files\dotnet\sdk\10.0.100\Sdks\Microsoft.NET.Sdk\targets\Microsoft.NET.Sdk.targets (799,5)
       C:\Program Files\dotnet\sdk\10.0.100\Sdks\Microsoft.NET.Sdk\targets\Microsoft.NET.Sdk.targets(1131,5): message : Özellik yeniden ataması: $(CreateSatelliteAssembliesDependsOn)="
       C:\Program Files\dotnet\sdk\10.0.100\Sdks\Microsoft.NET.Sdk\targets\Microsoft.NET.Sdk.targets(1131,5): message :       
       C:\Program Files\dotnet\sdk\10.0.100\Sdks\Microsoft.NET.Sdk\targets\Microsoft.NET.Sdk.targets(1131,5): message :       ;
       C:\Program Files\dotnet\sdk\10.0.100\Sdks\Microsoft.NET.Sdk\targets\Microsoft.NET.Sdk.targets(1131,5): message :       _GenerateSatelliteAssemblyInputs;
       C:\Program Files\dotnet\sdk\10.0.100\Sdks\Microsoft.NET.Sdk\targets\Microsoft.NET.Sdk.targets(1131,5): message :       ComputeIntermediateSatelliteAssemblies;
       C:\Program Files\dotnet\sdk\10.0.100\Sdks\Microsoft.NET.Sdk\targets\Microsoft.NET.Sdk.targets(1131,5): message :       GenerateSatelliteAssemblies
       C:\Program Files\dotnet\sdk\10.0.100\Sdks\Microsoft.NET.Sdk\targets\Microsoft.NET.Sdk.targets(1131,5): message :     ;
       C:\Program Files\dotnet\sdk\10.0.100\Sdks\Microsoft.NET.Sdk\targets\Microsoft.NET.Sdk.targets(1131,5): message :       CoreGenerateSatelliteAssemblies
       C:\Program Files\dotnet\sdk\10.0.100\Sdks\Microsoft.NET.Sdk\targets\Microsoft.NET.Sdk.targets(1131,5): message :     " (önceki değer: "
       C:\Program Files\dotnet\sdk\10.0.100\Sdks\Microsoft.NET.Sdk\targets\Microsoft.NET.Sdk.targets(1131,5): message :       ;
       C:\Program Files\dotnet\sdk\10.0.100\Sdks\Microsoft.NET.Sdk\targets\Microsoft.NET.Sdk.targets(1131,5): message :       _GenerateSatelliteAssemblyInputs;
       C:\Program Files\dotnet\sdk\10.0.100\Sdks\Microsoft.NET.Sdk\targets\Microsoft.NET.Sdk.targets(1131,5): message :       ComputeIntermediateSatelliteAssemblies;
       C:\Program Files\dotnet\sdk\10.0.100\Sdks\Microsoft.NET.Sdk\targets\Microsoft.NET.Sdk.targets(1131,5): message :       GenerateSatelliteAssemblies
       C:\Program Files\dotnet\sdk\10.0.100\Sdks\Microsoft.NET.Sdk\targets\Microsoft.NET.Sdk.targets(1131,5): message :     ") konum: C:\Program Files\dotnet\sdk\10.0.100\Sdks\Microsoft.NET.Sdk\targets\Microsoft.NET.Sdk.targets (1131,5)
       C:\Program Files\dotnet\sdk\10.0.100\Sdks\Microsoft.SourceLink.GitLab\build\Microsoft.SourceLink.GitLab.targets(12,5): message : Özellik yeniden ataması: $(SourceLinkUrlInitializerTargets)=";_InitializeGitHubSourceLinkUrl;_InitializeGitLabSourceLinkUrl" (önceki değer: ";_InitializeGitHubSourceLinkUrl") konum: C:\Program Files\dotnet\sdk\10.0.100\Sdks\Microsoft.SourceLink.GitLab\build\Microsoft.SourceLink.GitLab.targets (12,5)
       C:\Program Files\dotnet\sdk\10.0.100\Sdks\Microsoft.SourceLink.GitLab\build\Microsoft.SourceLink.GitLab.targets(13,5): message : Özellik yeniden ataması: $(SourceControlManagerUrlTranslationTargets)=";TranslateGitHubUrlsInSourceControlInformation;TranslateGitLabUrlsInSourceControlInformation" (önceki değer: ";TranslateGitHubUrlsInSourceControlInformation") konum: C:\Program Files\dotnet\sdk\10.0.100\Sdks\Microsoft.SourceLink.GitLab\build\Microsoft.SourceLink.GitLab.targets (13,5)
       C:\Program Files\dotnet\sdk\10.0.100\Sdks\Microsoft.SourceLink.AzureRepos.Git\build\Microsoft.SourceLink.AzureRepos.Git.targets(12,5): message : Özellik yeniden ataması: $(SourceLinkUrlInitializerTargets)=";_InitializeGitHubSourceLinkUrl;_InitializeGitLabSourceLinkUrl;_InitializeAzureReposGitSourceLinkUrl" (önceki değer: ";_InitializeGitHubSourceLinkUrl;_InitializeGitLabSourceLinkUrl") konum: C:\Program Files\dotnet\sdk\10.0.100\Sdks\Microsoft.SourceLink.AzureRepos.Git\build\Microsoft.SourceLink.AzureRepos.Git.targets (12,5)
       C:\Program Files\dotnet\sdk\10.0.100\Sdks\Microsoft.SourceLink.AzureRepos.Git\build\Microsoft.SourceLink.AzureRepos.Git.targets(13,5): message : Özellik yeniden ataması: $(SourceControlManagerUrlTranslationTargets)=";TranslateGitHubUrlsInSourceControlInformation;TranslateGitLabUrlsInSourceControlInformation;TranslateAzureReposGitUrlsInSourceControlInformation" (önceki değer: ";TranslateGitHubUrlsInSourceControlInformation;TranslateGitLabUrlsInSourceControlInformation") konum: C:\Program Files\dotnet\sdk\10.0.100\Sdks\Microsoft.SourceLink.AzureRepos.Git\build\Microsoft.SourceLink.AzureRepos.Git.targets (13,5)
       C:\Program Files\dotnet\sdk\10.0.100\Sdks\Microsoft.SourceLink.Bitbucket.Git\build\Microsoft.SourceLink.Bitbucket.Git.targets(12,5): message : Özellik yeniden ataması: $(SourceLinkUrlInitializerTargets)=";_InitializeGitHubSourceLinkUrl;_InitializeGitLabSourceLinkUrl;_InitializeAzureReposGitSourceLinkUrl;_InitializeBitbucketGitSourceLinkUrl" (önceki değer: ";_InitializeGitHubSourceLinkUrl;_InitializeGitLabSourceLinkUrl;_InitializeAzureReposGitSourceLinkUrl") konum: C:\Program Files\dotnet\sdk\10.0.100\Sdks\Microsoft.SourceLink.Bitbucket.Git\build\Microsoft.SourceLink.Bitbucket.Git.targets (12,5)
       C:\Program Files\dotnet\sdk\10.0.100\Sdks\Microsoft.SourceLink.Bitbucket.Git\build\Microsoft.SourceLink.Bitbucket.Git.targets(13,5): message : Özellik yeniden ataması: $(SourceControlManagerUrlTranslationTargets)=";TranslateGitHubUrlsInSourceControlInformation;TranslateGitLabUrlsInSourceControlInformation;TranslateAzureReposGitUrlsInSourceControlInformation;TranslateBitbucketGitUrlsInSourceControlInformation" (önceki değer: ";TranslateGitHubUrlsInSourceControlInformation;TranslateGitLabUrlsInSourceControlInformation;TranslateAzureReposGitUrlsInSourceControlInformation") konum: C:\Program Files\dotnet\sdk\10.0.100\Sdks\Microsoft.SourceLink.Bitbucket.Git\build\Microsoft.SourceLink.Bitbucket.Git.targets (13,5)
       C:\Program Files\dotnet\sdk\10.0.100\Sdks\Microsoft.NET.Sdk\targets\Microsoft.NET.DesignerSupport.targets(21,5): message : Özellik yeniden ataması: $(DesignerRuntimeImplementationProjectOutputGroupDependsOn)="
       C:\Program Files\dotnet\sdk\10.0.100\Sdks\Microsoft.NET.Sdk\targets\Microsoft.NET.DesignerSupport.targets(21,5): message :       
       C:\Program Files\dotnet\sdk\10.0.100\Sdks\Microsoft.NET.Sdk\targets\Microsoft.NET.DesignerSupport.targets(21,5): message :       ;
       C:\Program Files\dotnet\sdk\10.0.100\Sdks\Microsoft.NET.Sdk\targets\Microsoft.NET.DesignerSupport.targets(21,5): message :       
       C:\Program Files\dotnet\sdk\10.0.100\Sdks\Microsoft.NET.Sdk\targets\Microsoft.NET.DesignerSupport.targets(21,5): message :       ;
       C:\Program Files\dotnet\sdk\10.0.100\Sdks\Microsoft.NET.Sdk\targets\Microsoft.NET.DesignerSupport.targets(21,5): message :       BuildOnlySettings;
       C:\Program Files\dotnet\sdk\10.0.100\Sdks\Microsoft.NET.Sdk\targets\Microsoft.NET.DesignerSupport.targets(21,5): message :       PrepareForBuild;
       C:\Program Files\dotnet\sdk\10.0.100\Sdks\Microsoft.NET.Sdk\targets\Microsoft.NET.DesignerSupport.targets(21,5): message :       AssignTargetPaths;
       C:\Program Files\dotnet\sdk\10.0.100\Sdks\Microsoft.NET.Sdk\targets\Microsoft.NET.DesignerSupport.targets(21,5): message :       ResolveReferences
       C:\Program Files\dotnet\sdk\10.0.100\Sdks\Microsoft.NET.Sdk\targets\Microsoft.NET.DesignerSupport.targets(21,5): message :     
       C:\Program Files\dotnet\sdk\10.0.100\Sdks\Microsoft.NET.Sdk\targets\Microsoft.NET.DesignerSupport.targets(21,5): message :     ;
       C:\Program Files\dotnet\sdk\10.0.100\Sdks\Microsoft.NET.Sdk\targets\Microsoft.NET.DesignerSupport.targets(21,5): message :       _GenerateDesignerDepsFile;
       C:\Program Files\dotnet\sdk\10.0.100\Sdks\Microsoft.NET.Sdk\targets\Microsoft.NET.DesignerSupport.targets(21,5): message :       _GenerateDesignerRuntimeConfigFile;
       C:\Program Files\dotnet\sdk\10.0.100\Sdks\Microsoft.NET.Sdk\targets\Microsoft.NET.DesignerSupport.targets(21,5): message :       GetCopyToOutputDirectoryItems;
       C:\Program Files\dotnet\sdk\10.0.100\Sdks\Microsoft.NET.Sdk\targets\Microsoft.NET.DesignerSupport.targets(21,5): message :       _GatherDesignerShadowCopyFiles;
       C:\Program Files\dotnet\sdk\10.0.100\Sdks\Microsoft.NET.Sdk\targets\Microsoft.NET.DesignerSupport.targets(21,5): message :     " (önceki değer: "
       C:\Program Files\dotnet\sdk\10.0.100\Sdks\Microsoft.NET.Sdk\targets\Microsoft.NET.DesignerSupport.targets(21,5): message :       ;
       C:\Program Files\dotnet\sdk\10.0.100\Sdks\Microsoft.NET.Sdk\targets\Microsoft.NET.DesignerSupport.targets(21,5): message :       
       C:\Program Files\dotnet\sdk\10.0.100\Sdks\Microsoft.NET.Sdk\targets\Microsoft.NET.DesignerSupport.targets(21,5): message :       ;
       C:\Program Files\dotnet\sdk\10.0.100\Sdks\Microsoft.NET.Sdk\targets\Microsoft.NET.DesignerSupport.targets(21,5): message :       BuildOnlySettings;
       C:\Program Files\dotnet\sdk\10.0.100\Sdks\Microsoft.NET.Sdk\targets\Microsoft.NET.DesignerSupport.targets(21,5): message :       PrepareForBuild;
       C:\Program Files\dotnet\sdk\10.0.100\Sdks\Microsoft.NET.Sdk\targets\Microsoft.NET.DesignerSupport.targets(21,5): message :       AssignTargetPaths;
       C:\Program Files\dotnet\sdk\10.0.100\Sdks\Microsoft.NET.Sdk\targets\Microsoft.NET.DesignerSupport.targets(21,5): message :       ResolveReferences
       C:\Program Files\dotnet\sdk\10.0.100\Sdks\Microsoft.NET.Sdk\targets\Microsoft.NET.DesignerSupport.targets(21,5): message :     
       C:\Program Files\dotnet\sdk\10.0.100\Sdks\Microsoft.NET.Sdk\targets\Microsoft.NET.DesignerSupport.targets(21,5): message :     ") konum: C:\Program Files\dotnet\sdk\10.0.100\Sdks\Microsoft.NET.Sdk\targets\Microsoft.NET.DesignerSupport.targets (21,5)
       C:\Program Files\dotnet\sdk\10.0.100\Sdks\Microsoft.NET.Sdk\targets\Microsoft.NET.Sdk.CSharp.targets(31,5): message : Özellik yeniden ataması: $(DefineConstants)="TRACE;DEBUG" (önceki değer: "TRACE") konum: C:\Program Files\dotnet\sdk\10.0.100\Sdks\Microsoft.NET.Sdk\targets\Microsoft.NET.Sdk.CSharp.targets (31,5)
       C:\Program Files\dotnet\sdk\10.0.100\Sdks\Microsoft.NET.Sdk\targets\Microsoft.NET.Sdk.CSharp.targets(45,5): message : Özellik yeniden ataması: $(WarningsAsErrors)=";NU1605;SYSLIB0011" (önceki değer: ";NU1605") konum: C:\Program Files\dotnet\sdk\10.0.100\Sdks\Microsoft.NET.Sdk\targets\Microsoft.NET.Sdk.CSharp.targets (45,5)
       C:\Program Files\dotnet\sdk\10.0.100\NuGet.Build.Tasks.Pack.targets(34,5): message : Özellik yeniden ataması: $(PackageDescription)="Package Description" (önceki değer: "") konum: C:\Program Files\dotnet\sdk\10.0.100\NuGet.Build.Tasks.Pack.targets (34,5)
       C:\Program Files\dotnet\sdk\10.0.100\NuGet.Build.Tasks.Pack.targets(59,5): message : Özellik yeniden ataması: $(GenerateNuspecDependsOn)="Build;_LoadPackInputItems; _GetTargetFrameworksOutput; _WalkEachTargetPerFramework; _GetPackageFiles; " (önceki değer: "_LoadPackInputItems; _GetTargetFrameworksOutput; _WalkEachTargetPerFramework; _GetPackageFiles; ") konum: C:\Program Files\dotnet\sdk\10.0.100\NuGet.Build.Tasks.Pack.targets (59,5)
       C:\Program Files\dotnet\sdk\10.0.100\Sdks\Microsoft.NET.Sdk\Sdk\Sdk.targets(59,5): message : Özellik yeniden ataması: $(_IsNotSetContainersTargetsDir)="true" (önceki değer: "false") konum: C:\Program Files\dotnet\sdk\10.0.100\Sdks\Microsoft.NET.Sdk\Sdk\Sdk.targets (59,5)
       C:\Program Files\dotnet\sdk\10.0.100\Containers\build\Microsoft.NET.Build.Containers.targets(5,5): message : Özellik yeniden ataması: $(_IsSDKContainerAllowedVersion)="true" (önceki değer: "false") konum: C:\Program Files\dotnet\sdk\10.0.100\Containers\build\Microsoft.NET.Build.Containers.targets (5,5)
       C:\Program Files\dotnet\sdk\10.0.100\Containers\build\Microsoft.NET.Build.Containers.targets(15,5): message : Özellik yeniden ataması: $(_ContainerIsTargetingNet8TFM)="true" (önceki değer: "false") konum: C:\Program Files\dotnet\sdk\10.0.100\Containers\build\Microsoft.NET.Build.Containers.targets (15,5)
       "DefaultSdkResolver" çözümleyicisi "Microsoft.NET.SDK.WorkloadAutoImportPropsLocator" SDK’sını çözümlemeyi denedi.
       Uyarılar: null
       Hatalar: MSB4276: "C:\Program Files\dotnet\sdk\10.0.100\Sdks\Microsoft.NET.SDK.WorkloadAutoImportPropsLocator\Sdk" dizini olmadığından, varsayılan SDK çözümleyicisi "Microsoft.NET.SDK.WorkloadAutoImportPropsLocator" SDK’sını çözümleyemedi.
       "C:\Program Files\dotnet\sdk\10.0.100\Sdks\Microsoft.NET.Sdk\targets\Microsoft.NET.Sdk.FrameworkReferenceResolution.targets" projesindeki "ResolveFrameworkReferences" hedefi kullanılarak "C:\Program Files\dotnet\sdk\10.0.100\Microsoft.Common.CurrentVersion.targets" projesindeki "ResolveFrameworkReferences" hedefinin üzerine yazılıyor.
       "C:\Program Files\dotnet\sdk\10.0.100\Sdks\Microsoft.NET.Sdk\targets\Microsoft.NET.Sdk.targets" projesindeki "GenerateSupportedTargetFrameworkAlias" hedefi kullanılarak "C:\Program Files\dotnet\sdk\10.0.100\Microsoft.Common.CurrentVersion.targets" projesindeki "GenerateSupportedTargetFrameworkAlias" hedefinin üzerine yazılıyor.
       "C:\Program Files\dotnet\sdk\10.0.100\Sdks\Microsoft.NET.Sdk\targets\Microsoft.NET.DisableStandardFrameworkResolution.targets" projesindeki "GetReferenceAssemblyPaths" hedefi kullanılarak "C:\Program Files\dotnet\sdk\10.0.100\Microsoft.Common.CurrentVersion.targets" projesindeki "GetReferenceAssemblyPaths" hedefinin üzerine yazılıyor.
       "C:\Program Files\dotnet\sdk\10.0.100\Sdks\Microsoft.NET.Sdk\targets\Microsoft.NET.DisableStandardFrameworkResolution.targets" projesindeki "GetFrameworkPaths" hedefi kullanılarak "C:\Program Files\dotnet\sdk\10.0.100\Microsoft.Common.CurrentVersion.targets" projesindeki "GetFrameworkPaths" hedefinin üzerine yazılıyor.
       "C:\Program Files\dotnet\sdk\10.0.100\Sdks\Microsoft.NET.Sdk\targets\Microsoft.NET.DesignerSupport.targets" projesindeki "DesignerRuntimeImplementationProjectOutputGroup" hedefi kullanılarak "C:\Program Files\dotnet\sdk\10.0.100\Microsoft.Common.CurrentVersion.targets" projesindeki "DesignerRuntimeImplementationProjectOutputGroup" hedefinin üzerine yazılıyor.
       "C:\Program Files\dotnet\sdk\10.0.100\Sdks\Microsoft.NET.Sdk\targets\Microsoft.NET.Publish.targets" projesindeki "Publish" hedefi kullanılarak "C:\Program Files\dotnet\sdk\10.0.100\Microsoft.Common.CurrentVersion.targets" projesindeki "Publish" hedefinin üzerine yazılıyor.
       "C:\Program Files\dotnet\sdk\10.0.100\Sdks\Microsoft.NET.Sdk\targets\Microsoft.NET.Publish.targets" projesindeki "ResolveReadyToRunCompilers" hedefi kullanılarak "C:\Program Files\dotnet\sdk\10.0.100\Sdks\Microsoft.NET.Sdk\targets\Microsoft.NET.CrossGen.targets" projesindeki "ResolveReadyToRunCompilers" hedefinin üzerine yazılıyor.
       "C:\Program Files\dotnet\sdk\10.0.100\Sdks\Microsoft.NET.Sdk\targets\Microsoft.NET.Publish.targets" projesindeki "GetCopyToPublishDirectoryItems" hedefi kullanılarak "C:\Program Files\dotnet\sdk\10.0.100\Microsoft.Common.CurrentVersion.targets" projesindeki "GetCopyToPublishDirectoryItems" hedefinin üzerine yazılıyor.
       "C:\Program Files\dotnet\sdk\10.0.100\Sdks\Microsoft.NET.Sdk\targets\Microsoft.NET.Sdk.targets" projesindeki "Run" hedefi kullanılarak "C:\Program Files\dotnet\sdk\10.0.100\Microsoft.Common.CurrentVersion.targets" projesindeki "Run" hedefinin üzerine yazılıyor.
   1:7>"C:\Users\mrkfk\OneDrive\Desktop\Projelerim\ECommerce\src\Infrastructure\ECommerce.Infrastructure\ECommerce.Infrastructure.csproj" projesi (1:7) 2 düğümünde "C:\Users\mrkfk\OneDrive\Desktop\Projelerim\ECommerce\src\Core\ECommerce.Domain\ECommerce.Domain.csproj" (2:6) oluşturuyor (GetTargetFrameworks hedef).
   2:6>"C:\Users\mrkfk\OneDrive\Desktop\Projelerim\ECommerce\src\Core\ECommerce.Domain\ECommerce.Domain.csproj" projesinin "C:\Program Files\dotnet\sdk\10.0.100\Sdks\Microsoft.NET.Sdk\targets\Microsoft.NET.Sdk.targets" dosyasındaki "_CalculateIsVSTestTestProject" hedefi ("GetTargetFrameworksWithPlatformForSingleTargetFramework" hedefi buna bağımlı):
   2:6>"ECommerce.Domain.csproj" projesinde "_CalculateIsVSTestTestProject" hedefini oluşturma tamamlandı.
   2:6>"C:\Users\mrkfk\OneDrive\Desktop\Projelerim\ECommerce\src\Core\ECommerce.Domain\ECommerce.Domain.csproj" projesinin "C:\Program Files\dotnet\sdk\10.0.100\Microsoft.Common.CurrentVersion.targets" dosyasındaki "GetTargetFrameworksWithPlatformForSingleTargetFramework" hedefi ("GetTargetFrameworks" hedefi buna bağımlı):
       "Microsoft.Build.Tasks.Core, Version=15.1.0.0, Culture=neutral, PublicKeyToken=b03f5f7f11d50a3a" derlemesindeki "CombineTargetFrameworkInfoProperties" görevi kullanılıyor.
       "CombineTargetFrameworkInfoProperties" görevi
       "CombineTargetFrameworkInfoProperties" görevini yürütme tamamlandı.
   2:6>"ECommerce.Domain.csproj" projesinde "GetTargetFrameworksWithPlatformForSingleTargetFramework" hedefini oluşturma tamamlandı.
   2:6>"C:\Users\mrkfk\OneDrive\Desktop\Projelerim\ECommerce\src\Core\ECommerce.Domain\ECommerce.Domain.csproj" projesinin "C:\Program Files\dotnet\sdk\10.0.100\Microsoft.Common.CurrentVersion.targets" dosyasındaki "GetTargetFrameworks" hedefi (giriş noktası):
       "Microsoft.Build.Tasks.Core, Version=15.1.0.0, Culture=neutral, PublicKeyToken=b03f5f7f11d50a3a" derlemesindeki "CombineXmlElements" görevi kullanılıyor.
       "CombineXmlElements" görevi
       "CombineXmlElements" görevini yürütme tamamlandı.
   2:6>"ECommerce.Domain.csproj" projesinde "GetTargetFrameworks" hedefini oluşturma tamamlandı.
   2:6>"C:\Users\mrkfk\OneDrive\Desktop\Projelerim\ECommerce\src\Core\ECommerce.Domain\ECommerce.Domain.csproj" Projesini Oluşturma İşlemi Tamamlandı (GetTargetFrameworks hedef).
     0>"Microsoft.NET.SDK.WorkloadAutoImportPropsLocator" SDK’sı "Microsoft.DotNet.MSBuildWorkloadSdkResolver" çözümleyicisi tarafından "C:\Program Files\dotnet\packs\Microsoft.Android.Sdk.Windows\36.1.2\Sdk" konumuna ve "null" sürümüne başarıyla çözümlendi.
       C:\Program Files\dotnet\sdk\10.0.100\Sdks\Microsoft.NET.Sdk\targets\Microsoft.NET.Sdk.ImportPublishProfile.targets(28,5): message : Özellik yeniden ataması: $(PublishProfileImported)="false" (önceki değer: "true") konum: C:\Program Files\dotnet\sdk\10.0.100\Sdks\Microsoft.NET.Sdk\targets\Microsoft.NET.Sdk.ImportPublishProfile.targets (28,5)
       C:\Program Files\dotnet\sdk\10.0.100\Sdks\Microsoft.NET.Sdk\targets\Microsoft.NET.TargetFrameworkInference.targets(81,5): message : Özellik yeniden ataması: $(TargetPlatformVersion)="" (önceki değer: "0.0") konum: C:\Program Files\dotnet\sdk\10.0.100\Sdks\Microsoft.NET.Sdk\targets\Microsoft.NET.TargetFrameworkInference.targets (81,5)
       C:\Program Files\dotnet\sdk\10.0.100\Sdks\Microsoft.NET.Sdk\targets\Microsoft.NET.DefaultOutputPaths.targets(127,5): message : Özellik yeniden ataması: $(DefaultItemExcludes)=";bin\Debug\/**;obj\Debug\/**" (önceki değer: ";bin\Debug\/**") konum: C:\Program Files\dotnet\sdk\10.0.100\Sdks\Microsoft.NET.Sdk\targets\Microsoft.NET.DefaultOutputPaths.targets (127,5)
       C:\Program Files\dotnet\sdk\10.0.100\Sdks\Microsoft.NET.Sdk\targets\Microsoft.NET.DefaultOutputPaths.targets(142,5): message : Özellik yeniden ataması: $(OutputPath)="bin\Debug\net9.0\" (önceki değer: "bin\Debug\") konum: C:\Program Files\dotnet\sdk\10.0.100\Sdks\Microsoft.NET.Sdk\targets\Microsoft.NET.DefaultOutputPaths.targets (142,5)
       C:\Program Files\dotnet\sdk\10.0.100\Sdks\Microsoft.NET.Sdk\targets\Microsoft.NET.DefaultOutputPaths.targets(147,5): message : Özellik yeniden ataması: $(IntermediateOutputPath)="obj\Debug\net9.0\" (önceki değer: "obj\Debug\") konum: C:\Program Files\dotnet\sdk\10.0.100\Sdks\Microsoft.NET.Sdk\targets\Microsoft.NET.DefaultOutputPaths.targets (147,5)
       "DefaultSdkResolver" çözümleyicisi "Microsoft.NET.SDK.WorkloadManifestTargetsLocator" SDK’sını çözümlemeyi denedi.
       Uyarılar: null
       Hatalar: MSB4276: "C:\Program Files\dotnet\sdk\10.0.100\Sdks\Microsoft.NET.SDK.WorkloadManifestTargetsLocator\Sdk" dizini olmadığından, varsayılan SDK çözümleyicisi "Microsoft.NET.SDK.WorkloadManifestTargetsLocator" SDK’sını çözümleyemedi.
       "Microsoft.NET.SDK.WorkloadManifestTargetsLocator" SDK’sı "Microsoft.DotNet.MSBuildWorkloadSdkResolver" çözümleyicisi tarafından "C:\Program Files\dotnet\sdk-manifests\10.0.100\microsoft.net.sdk.android\36.1.2" konumuna ve "null" sürümüne başarıyla çözümlendi.
       C:\Program Files\dotnet\sdk\10.0.100\Sdks\Microsoft.NET.Sdk\targets\Microsoft.NET.Sdk.BeforeCommon.targets(371,5): message : Özellik yeniden ataması: $(RoslynTargetsPath)="C:\Program Files\dotnet\sdk\10.0.100\Sdks\Microsoft.NET.Sdk\targets\..\..\..\Roslyn" (önceki değer: "C:\Program Files\dotnet\sdk\10.0.100\Roslyn") konum: C:\Program Files\dotnet\sdk\10.0.100\Sdks\Microsoft.NET.Sdk\targets\Microsoft.NET.Sdk.BeforeCommon.targets (371,5)
       C:\Program Files\dotnet\sdk\10.0.100\Roslyn\Microsoft.Managed.Core.targets(6,5): message : Özellik yeniden ataması: $(_BuildTasksDirectory)="C:\Program Files\dotnet\sdk\10.0.100\Sdks\Microsoft.NET.Sdk\targets\..\..\..\Roslyn\" (önceki değer: "C:\Program Files\dotnet\sdk\10.0.100\Roslyn\") konum: C:\Program Files\dotnet\sdk\10.0.100\Roslyn\Microsoft.Managed.Core.targets (6,5)
       C:\Program Files\dotnet\sdk\10.0.100\Roslyn\Microsoft.CSharp.Core.targets(200,5): message : Özellik yeniden ataması: $(CommandLineArgsForDesignTimeEvaluation)="-langversion:13.0 -define:TRACE" (önceki değer: "-langversion:13.0") konum: C:\Program Files\dotnet\sdk\10.0.100\Roslyn\Microsoft.CSharp.Core.targets (200,5)
       C:\Program Files\dotnet\sdk\10.0.100\Microsoft.Common.CurrentVersion.targets(175,5): message : Özellik yeniden ataması: $(_DebugSymbolsProduced)="true" (önceki değer: "false") konum: C:\Program Files\dotnet\sdk\10.0.100\Microsoft.Common.CurrentVersion.targets (175,5)
       C:\Program Files\dotnet\sdk\10.0.100\Microsoft.Common.CurrentVersion.targets(185,5): message : Özellik yeniden ataması: $(_DocumentationFileProduced)="false" (önceki değer: "true") konum: C:\Program Files\dotnet\sdk\10.0.100\Microsoft.Common.CurrentVersion.targets (185,5)
       C:\Program Files\dotnet\sdk\10.0.100\Microsoft.Common.CurrentVersion.targets(392,5): message : Özellik yeniden ataması: $(MSBuildCopyMarkerName)="ECommerc.670E0CBE" (önceki değer: "ECommerce.Application.csproj") konum: C:\Program Files\dotnet\sdk\10.0.100\Microsoft.Common.CurrentVersion.targets (392,5)
       C:\Program Files\dotnet\sdk\10.0.100\Microsoft.Common.CurrentVersion.targets(393,5): message : Özellik yeniden ataması: $(MSBuildCopyMarkerName)="ECommerc.670E0CBE.Up2Date" (önceki değer: "ECommerc.670E0CBE") konum: C:\Program Files\dotnet\sdk\10.0.100\Microsoft.Common.CurrentVersion.targets (393,5)
       C:\Program Files\dotnet\sdk\10.0.100\Microsoft.Common.CurrentVersion.targets(541,5): message : Özellik yeniden ataması: $(ProcessorArchitecture)="msil" (önceki değer: "") konum: C:\Program Files\dotnet\sdk\10.0.100\Microsoft.Common.CurrentVersion.targets (541,5)
       C:\Program Files\dotnet\sdk\10.0.100\Microsoft.Common.CurrentVersion.targets(580,5): message : Özellik yeniden ataması: $(DelaySign)="" (önceki değer: "false") konum: C:\Program Files\dotnet\sdk\10.0.100\Microsoft.Common.CurrentVersion.targets (580,5)
       C:\Program Files\dotnet\sdk\10.0.100\Microsoft.Common.CurrentVersion.targets(2606,5): message : 'C:\Users\mrkfk\AppData\Local' değerine sahip 'LOCALAPPDATA' özelliği ortamdan genişletildi.
       C:\Program Files\dotnet\sdk\10.0.100\Microsoft.Common.CurrentVersion.targets(3934,5): message : Özellik yeniden ataması: $(_SGenGenerateSerializationAssembliesConfig)="Auto" (önceki değer: "") konum: C:\Program Files\dotnet\sdk\10.0.100\Microsoft.Common.CurrentVersion.targets (3934,5)
       C:\Program Files\dotnet\sdk\10.0.100\Microsoft.Common.CurrentVersion.targets(3935,5): message : Özellik yeniden ataması: $(_SGenGenerateSerializationAssembliesConfig)="Off" (önceki değer: "Auto") konum: C:\Program Files\dotnet\sdk\10.0.100\Microsoft.Common.CurrentVersion.targets (3935,5)
       C:\Program Files\dotnet\sdk\10.0.100\Microsoft.Common.CurrentVersion.targets(5146,5): message : Özellik yeniden ataması: $(_TargetsThatPrepareProjectReferences)="
       C:\Program Files\dotnet\sdk\10.0.100\Microsoft.Common.CurrentVersion.targets(5146,5): message :       AssignProjectConfiguration;
       C:\Program Files\dotnet\sdk\10.0.100\Microsoft.Common.CurrentVersion.targets(5146,5): message :       _SplitProjectReferencesByFileExistence
       C:\Program Files\dotnet\sdk\10.0.100\Microsoft.Common.CurrentVersion.targets(5146,5): message :     " (önceki değer: "_SplitProjectReferencesByFileExistence") konum: C:\Program Files\dotnet\sdk\10.0.100\Microsoft.Common.CurrentVersion.targets (5146,5)
       C:\Program Files\dotnet\sdk\10.0.100\Microsoft.Common.CurrentVersion.targets(6959,5): message : 'C:\Program Files\dotnet\sdk\10.0.100' değerine sahip 'MSBuildExtensionsPath32' özelliği ortamdan genişletildi.
       "NuGetInteractive" özelliği genel bir özelliktir ve değiştirilemez.
       C:\Program Files\dotnet\sdk\10.0.100\Sdks\Microsoft.NET.Sdk\targets\Microsoft.PackageDependencyResolution.targets(29,5): message : Özellik yeniden ataması: $(ProjectAssetsCacheFile)="C:\Users\mrkfk\OneDrive\Desktop\Projelerim\ECommerce\src\Core\ECommerce.Application\obj\Debug\net9.0\ECommerce.Application.assets.cache" (önceki değer: "obj\Debug\net9.0\ECommerce.Application.assets.cache") konum: C:\Program Files\dotnet\sdk\10.0.100\Sdks\Microsoft.NET.Sdk\targets\Microsoft.PackageDependencyResolution.targets (29,5)
       C:\Program Files\dotnet\sdk\10.0.100\Sdks\Microsoft.NET.Sdk\targets\Microsoft.PackageDependencyResolution.targets(80,5): message : Özellik yeniden ataması: $(ResolveAssemblyReferencesDependsOn)="
       C:\Program Files\dotnet\sdk\10.0.100\Sdks\Microsoft.NET.Sdk\targets\Microsoft.PackageDependencyResolution.targets(80,5): message :       
       C:\Program Files\dotnet\sdk\10.0.100\Sdks\Microsoft.NET.Sdk\targets\Microsoft.PackageDependencyResolution.targets(80,5): message :       ResolveProjectReferences;
       C:\Program Files\dotnet\sdk\10.0.100\Sdks\Microsoft.NET.Sdk\targets\Microsoft.PackageDependencyResolution.targets(80,5): message :       FindInvalidProjectReferences;
       C:\Program Files\dotnet\sdk\10.0.100\Sdks\Microsoft.NET.Sdk\targets\Microsoft.PackageDependencyResolution.targets(80,5): message :       GetFrameworkPaths;
       C:\Program Files\dotnet\sdk\10.0.100\Sdks\Microsoft.NET.Sdk\targets\Microsoft.PackageDependencyResolution.targets(80,5): message :       GetReferenceAssemblyPaths;
       C:\Program Files\dotnet\sdk\10.0.100\Sdks\Microsoft.NET.Sdk\targets\Microsoft.PackageDependencyResolution.targets(80,5): message :       PrepareForBuild;
       C:\Program Files\dotnet\sdk\10.0.100\Sdks\Microsoft.NET.Sdk\targets\Microsoft.PackageDependencyResolution.targets(80,5): message :       ResolveSDKReferences;
       C:\Program Files\dotnet\sdk\10.0.100\Sdks\Microsoft.NET.Sdk\targets\Microsoft.PackageDependencyResolution.targets(80,5): message :       ExpandSDKReferences;
       C:\Program Files\dotnet\sdk\10.0.100\Sdks\Microsoft.NET.Sdk\targets\Microsoft.PackageDependencyResolution.targets(80,5): message :     ;
       C:\Program Files\dotnet\sdk\10.0.100\Sdks\Microsoft.NET.Sdk\targets\Microsoft.PackageDependencyResolution.targets(80,5): message :       ResolvePackageDependenciesForBuild;
       C:\Program Files\dotnet\sdk\10.0.100\Sdks\Microsoft.NET.Sdk\targets\Microsoft.PackageDependencyResolution.targets(80,5): message :       _HandlePackageFileConflicts;
       C:\Program Files\dotnet\sdk\10.0.100\Sdks\Microsoft.NET.Sdk\targets\Microsoft.PackageDependencyResolution.targets(80,5): message :     " (önceki değer: "
       C:\Program Files\dotnet\sdk\10.0.100\Sdks\Microsoft.NET.Sdk\targets\Microsoft.PackageDependencyResolution.targets(80,5): message :       ResolveProjectReferences;
       C:\Program Files\dotnet\sdk\10.0.100\Sdks\Microsoft.NET.Sdk\targets\Microsoft.PackageDependencyResolution.targets(80,5): message :       FindInvalidProjectReferences;
       C:\Program Files\dotnet\sdk\10.0.100\Sdks\Microsoft.NET.Sdk\targets\Microsoft.PackageDependencyResolution.targets(80,5): message :       GetFrameworkPaths;
       C:\Program Files\dotnet\sdk\10.0.100\Sdks\Microsoft.NET.Sdk\targets\Microsoft.PackageDependencyResolution.targets(80,5): message :       GetReferenceAssemblyPaths;
       C:\Program Files\dotnet\sdk\10.0.100\Sdks\Microsoft.NET.Sdk\targets\Microsoft.PackageDependencyResolution.targets(80,5): message :       PrepareForBuild;
       C:\Program Files\dotnet\sdk\10.0.100\Sdks\Microsoft.NET.Sdk\targets\Microsoft.PackageDependencyResolution.targets(80,5): message :       ResolveSDKReferences;
       C:\Program Files\dotnet\sdk\10.0.100\Sdks\Microsoft.NET.Sdk\targets\Microsoft.PackageDependencyResolution.targets(80,5): message :       ExpandSDKReferences;
       C:\Program Files\dotnet\sdk\10.0.100\Sdks\Microsoft.NET.Sdk\targets\Microsoft.PackageDependencyResolution.targets(80,5): message :     ") konum: C:\Program Files\dotnet\sdk\10.0.100\Sdks\Microsoft.NET.Sdk\targets\Microsoft.PackageDependencyResolution.targets (80,5)
       C:\Program Files\dotnet\sdk\10.0.100\Sdks\Microsoft.NET.Sdk\targets\Microsoft.PackageDependencyResolution.targets(86,5): message : Özellik yeniden ataması: $(PrepareResourcesDependsOn)="
       C:\Program Files\dotnet\sdk\10.0.100\Sdks\Microsoft.NET.Sdk\targets\Microsoft.PackageDependencyResolution.targets(86,5): message :       ResolvePackageDependenciesForBuild;
       C:\Program Files\dotnet\sdk\10.0.100\Sdks\Microsoft.NET.Sdk\targets\Microsoft.PackageDependencyResolution.targets(86,5): message :       _HandlePackageFileConflicts;
       C:\Program Files\dotnet\sdk\10.0.100\Sdks\Microsoft.NET.Sdk\targets\Microsoft.PackageDependencyResolution.targets(86,5): message :       
       C:\Program Files\dotnet\sdk\10.0.100\Sdks\Microsoft.NET.Sdk\targets\Microsoft.PackageDependencyResolution.targets(86,5): message :       ;
       C:\Program Files\dotnet\sdk\10.0.100\Sdks\Microsoft.NET.Sdk\targets\Microsoft.PackageDependencyResolution.targets(86,5): message :       PrepareResourceNames;
       C:\Program Files\dotnet\sdk\10.0.100\Sdks\Microsoft.NET.Sdk\targets\Microsoft.PackageDependencyResolution.targets(86,5): message :       ResGen;
       C:\Program Files\dotnet\sdk\10.0.100\Sdks\Microsoft.NET.Sdk\targets\Microsoft.PackageDependencyResolution.targets(86,5): message :       CompileLicxFiles
       C:\Program Files\dotnet\sdk\10.0.100\Sdks\Microsoft.NET.Sdk\targets\Microsoft.PackageDependencyResolution.targets(86,5): message :     
       C:\Program Files\dotnet\sdk\10.0.100\Sdks\Microsoft.NET.Sdk\targets\Microsoft.PackageDependencyResolution.targets(86,5): message :     " (önceki değer: "
       C:\Program Files\dotnet\sdk\10.0.100\Sdks\Microsoft.NET.Sdk\targets\Microsoft.PackageDependencyResolution.targets(86,5): message :       ;
       C:\Program Files\dotnet\sdk\10.0.100\Sdks\Microsoft.NET.Sdk\targets\Microsoft.PackageDependencyResolution.targets(86,5): message :       PrepareResourceNames;
       C:\Program Files\dotnet\sdk\10.0.100\Sdks\Microsoft.NET.Sdk\targets\Microsoft.PackageDependencyResolution.targets(86,5): message :       ResGen;
       C:\Program Files\dotnet\sdk\10.0.100\Sdks\Microsoft.NET.Sdk\targets\Microsoft.PackageDependencyResolution.targets(86,5): message :       CompileLicxFiles
       C:\Program Files\dotnet\sdk\10.0.100\Sdks\Microsoft.NET.Sdk\targets\Microsoft.PackageDependencyResolution.targets(86,5): message :     ") konum: C:\Program Files\dotnet\sdk\10.0.100\Sdks\Microsoft.NET.Sdk\targets\Microsoft.PackageDependencyResolution.targets (86,5)
       C:\Program Files\dotnet\sdk\10.0.100\Sdks\Microsoft.NET.Sdk\targets\Microsoft.NET.Sdk.DefaultItems.targets(35,5): message : Özellik yeniden ataması: $(DefaultItemExcludes)=";bin\Debug\/**;obj\Debug\/**;bin\/**" (önceki değer: ";bin\Debug\/**;obj\Debug\/**") konum: C:\Program Files\dotnet\sdk\10.0.100\Sdks\Microsoft.NET.Sdk\targets\Microsoft.NET.Sdk.DefaultItems.targets (35,5)
       C:\Program Files\dotnet\sdk\10.0.100\Sdks\Microsoft.NET.Sdk\targets\Microsoft.NET.Sdk.DefaultItems.targets(37,5): message : Özellik yeniden ataması: $(DefaultItemExcludes)=";bin\Debug\/**;obj\Debug\/**;bin\/**;obj\/**" (önceki değer: ";bin\Debug\/**;obj\Debug\/**;bin\/**") konum: C:\Program Files\dotnet\sdk\10.0.100\Sdks\Microsoft.NET.Sdk\targets\Microsoft.NET.Sdk.DefaultItems.targets (37,5)
       C:\Program Files\dotnet\sdk\10.0.100\Sdks\Microsoft.NET.Sdk\targets\Microsoft.NET.Sdk.DefaultItems.targets(40,5): message : Özellik yeniden ataması: $(DefaultItemExcludes)=";bin\Debug\/**;obj\Debug\/**;bin\/**;obj\/**;**/*.user" (önceki değer: ";bin\Debug\/**;obj\Debug\/**;bin\/**;obj\/**") konum: C:\Program Files\dotnet\sdk\10.0.100\Sdks\Microsoft.NET.Sdk\targets\Microsoft.NET.Sdk.DefaultItems.targets (40,5)
       C:\Program Files\dotnet\sdk\10.0.100\Sdks\Microsoft.NET.Sdk\targets\Microsoft.NET.Sdk.DefaultItems.targets(41,5): message : Özellik yeniden ataması: $(DefaultItemExcludes)=";bin\Debug\/**;obj\Debug\/**;bin\/**;obj\/**;**/*.user;**/*.*proj" (önceki değer: ";bin\Debug\/**;obj\Debug\/**;bin\/**;obj\/**;**/*.user") konum: C:\Program Files\dotnet\sdk\10.0.100\Sdks\Microsoft.NET.Sdk\targets\Microsoft.NET.Sdk.DefaultItems.targets (41,5)
       C:\Program Files\dotnet\sdk\10.0.100\Sdks\Microsoft.NET.Sdk\targets\Microsoft.NET.Sdk.DefaultItems.targets(42,5): message : Özellik yeniden ataması: $(DefaultItemExcludes)=";bin\Debug\/**;obj\Debug\/**;bin\/**;obj\/**;**/*.user;**/*.*proj;**/*.sln" (önceki değer: ";bin\Debug\/**;obj\Debug\/**;bin\/**;obj\/**;**/*.user;**/*.*proj") konum: C:\Program Files\dotnet\sdk\10.0.100\Sdks\Microsoft.NET.Sdk\targets\Microsoft.NET.Sdk.DefaultItems.targets (42,5)
       C:\Program Files\dotnet\sdk\10.0.100\Sdks\Microsoft.NET.Sdk\targets\Microsoft.NET.Sdk.DefaultItems.targets(43,5): message : Özellik yeniden ataması: $(DefaultItemExcludes)=";bin\Debug\/**;obj\Debug\/**;bin\/**;obj\/**;**/*.user;**/*.*proj;**/*.sln;**/*.slnx" (önceki değer: ";bin\Debug\/**;obj\Debug\/**;bin\/**;obj\/**;**/*.user;**/*.*proj;**/*.sln") konum: C:\Program Files\dotnet\sdk\10.0.100\Sdks\Microsoft.NET.Sdk\targets\Microsoft.NET.Sdk.DefaultItems.targets (43,5)
       C:\Program Files\dotnet\sdk\10.0.100\Sdks\Microsoft.NET.Sdk\targets\Microsoft.NET.Sdk.DefaultItems.targets(44,5): message : Özellik yeniden ataması: $(DefaultItemExcludes)=";bin\Debug\/**;obj\Debug\/**;bin\/**;obj\/**;**/*.user;**/*.*proj;**/*.sln;**/*.slnx;**/*.vssscc" (önceki değer: ";bin\Debug\/**;obj\Debug\/**;bin\/**;obj\/**;**/*.user;**/*.*proj;**/*.sln;**/*.slnx") konum: C:\Program Files\dotnet\sdk\10.0.100\Sdks\Microsoft.NET.Sdk\targets\Microsoft.NET.Sdk.DefaultItems.targets (44,5)
       C:\Program Files\dotnet\sdk\10.0.100\Sdks\Microsoft.NET.Sdk\targets\Microsoft.NET.Sdk.DefaultItems.targets(45,5): message : Özellik yeniden ataması: $(DefaultItemExcludes)=";bin\Debug\/**;obj\Debug\/**;bin\/**;obj\/**;**/*.user;**/*.*proj;**/*.sln;**/*.slnx;**/*.vssscc;**/.DS_Store" (önceki değer: ";bin\Debug\/**;obj\Debug\/**;bin\/**;obj\/**;**/*.user;**/*.*proj;**/*.sln;**/*.slnx;**/*.vssscc") konum: C:\Program Files\dotnet\sdk\10.0.100\Sdks\Microsoft.NET.Sdk\targets\Microsoft.NET.Sdk.DefaultItems.targets (45,5)
       C:\Program Files\dotnet\sdk\10.0.100\Sdks\Microsoft.NET.Sdk\targets\Microsoft.NET.Sdk.FrameworkReferenceResolution.targets(14,5): message : Özellik yeniden ataması: $(ResolveAssemblyReferencesDependsOn)="
       C:\Program Files\dotnet\sdk\10.0.100\Sdks\Microsoft.NET.Sdk\targets\Microsoft.NET.Sdk.FrameworkReferenceResolution.targets(14,5): message :       
       C:\Program Files\dotnet\sdk\10.0.100\Sdks\Microsoft.NET.Sdk\targets\Microsoft.NET.Sdk.FrameworkReferenceResolution.targets(14,5): message :       
       C:\Program Files\dotnet\sdk\10.0.100\Sdks\Microsoft.NET.Sdk\targets\Microsoft.NET.Sdk.FrameworkReferenceResolution.targets(14,5): message :       ResolveProjectReferences;
       C:\Program Files\dotnet\sdk\10.0.100\Sdks\Microsoft.NET.Sdk\targets\Microsoft.NET.Sdk.FrameworkReferenceResolution.targets(14,5): message :       FindInvalidProjectReferences;
       C:\Program Files\dotnet\sdk\10.0.100\Sdks\Microsoft.NET.Sdk\targets\Microsoft.NET.Sdk.FrameworkReferenceResolution.targets(14,5): message :       GetFrameworkPaths;
       C:\Program Files\dotnet\sdk\10.0.100\Sdks\Microsoft.NET.Sdk\targets\Microsoft.NET.Sdk.FrameworkReferenceResolution.targets(14,5): message :       GetReferenceAssemblyPaths;
       C:\Program Files\dotnet\sdk\10.0.100\Sdks\Microsoft.NET.Sdk\targets\Microsoft.NET.Sdk.FrameworkReferenceResolution.targets(14,5): message :       PrepareForBuild;
       C:\Program Files\dotnet\sdk\10.0.100\Sdks\Microsoft.NET.Sdk\targets\Microsoft.NET.Sdk.FrameworkReferenceResolution.targets(14,5): message :       ResolveSDKReferences;
       C:\Program Files\dotnet\sdk\10.0.100\Sdks\Microsoft.NET.Sdk\targets\Microsoft.NET.Sdk.FrameworkReferenceResolution.targets(14,5): message :       ExpandSDKReferences;
       C:\Program Files\dotnet\sdk\10.0.100\Sdks\Microsoft.NET.Sdk\targets\Microsoft.NET.Sdk.FrameworkReferenceResolution.targets(14,5): message :     ;
       C:\Program Files\dotnet\sdk\10.0.100\Sdks\Microsoft.NET.Sdk\targets\Microsoft.NET.Sdk.FrameworkReferenceResolution.targets(14,5): message :       ResolvePackageDependenciesForBuild;
       C:\Program Files\dotnet\sdk\10.0.100\Sdks\Microsoft.NET.Sdk\targets\Microsoft.NET.Sdk.FrameworkReferenceResolution.targets(14,5): message :       _HandlePackageFileConflicts;
       C:\Program Files\dotnet\sdk\10.0.100\Sdks\Microsoft.NET.Sdk\targets\Microsoft.NET.Sdk.FrameworkReferenceResolution.targets(14,5): message :     ;
       C:\Program Files\dotnet\sdk\10.0.100\Sdks\Microsoft.NET.Sdk\targets\Microsoft.NET.Sdk.FrameworkReferenceResolution.targets(14,5): message :       ResolveTargetingPackAssets;
       C:\Program Files\dotnet\sdk\10.0.100\Sdks\Microsoft.NET.Sdk\targets\Microsoft.NET.Sdk.FrameworkReferenceResolution.targets(14,5): message :     " (önceki değer: "
       C:\Program Files\dotnet\sdk\10.0.100\Sdks\Microsoft.NET.Sdk\targets\Microsoft.NET.Sdk.FrameworkReferenceResolution.targets(14,5): message :       
       C:\Program Files\dotnet\sdk\10.0.100\Sdks\Microsoft.NET.Sdk\targets\Microsoft.NET.Sdk.FrameworkReferenceResolution.targets(14,5): message :       ResolveProjectReferences;
       C:\Program Files\dotnet\sdk\10.0.100\Sdks\Microsoft.NET.Sdk\targets\Microsoft.NET.Sdk.FrameworkReferenceResolution.targets(14,5): message :       FindInvalidProjectReferences;
       C:\Program Files\dotnet\sdk\10.0.100\Sdks\Microsoft.NET.Sdk\targets\Microsoft.NET.Sdk.FrameworkReferenceResolution.targets(14,5): message :       GetFrameworkPaths;
       C:\Program Files\dotnet\sdk\10.0.100\Sdks\Microsoft.NET.Sdk\targets\Microsoft.NET.Sdk.FrameworkReferenceResolution.targets(14,5): message :       GetReferenceAssemblyPaths;
       C:\Program Files\dotnet\sdk\10.0.100\Sdks\Microsoft.NET.Sdk\targets\Microsoft.NET.Sdk.FrameworkReferenceResolution.targets(14,5): message :       PrepareForBuild;
       C:\Program Files\dotnet\sdk\10.0.100\Sdks\Microsoft.NET.Sdk\targets\Microsoft.NET.Sdk.FrameworkReferenceResolution.targets(14,5): message :       ResolveSDKReferences;
       C:\Program Files\dotnet\sdk\10.0.100\Sdks\Microsoft.NET.Sdk\targets\Microsoft.NET.Sdk.FrameworkReferenceResolution.targets(14,5): message :       ExpandSDKReferences;
       C:\Program Files\dotnet\sdk\10.0.100\Sdks\Microsoft.NET.Sdk\targets\Microsoft.NET.Sdk.FrameworkReferenceResolution.targets(14,5): message :     ;
       C:\Program Files\dotnet\sdk\10.0.100\Sdks\Microsoft.NET.Sdk\targets\Microsoft.NET.Sdk.FrameworkReferenceResolution.targets(14,5): message :       ResolvePackageDependenciesForBuild;
       C:\Program Files\dotnet\sdk\10.0.100\Sdks\Microsoft.NET.Sdk\targets\Microsoft.NET.Sdk.FrameworkReferenceResolution.targets(14,5): message :       _HandlePackageFileConflicts;
       C:\Program Files\dotnet\sdk\10.0.100\Sdks\Microsoft.NET.Sdk\targets\Microsoft.NET.Sdk.FrameworkReferenceResolution.targets(14,5): message :     ") konum: C:\Program Files\dotnet\sdk\10.0.100\Sdks\Microsoft.NET.Sdk\targets\Microsoft.NET.Sdk.FrameworkReferenceResolution.targets (14,5)
       C:\Program Files\dotnet\sdk\10.0.100\Sdks\Microsoft.NET.Sdk\targets\Microsoft.NET.Sdk.targets(44,5): message : Özellik yeniden ataması: $(_GenerateRuntimeConfigurationPropertyInputsCache)="C:\Users\mrkfk\OneDrive\Desktop\Projelerim\ECommerce\src\Core\ECommerce.Application\obj\Debug\net9.0\ECommerce.Application.genruntimeconfig.cache" (önceki değer: "obj\Debug\net9.0\ECommerce.Application.genruntimeconfig.cache") konum: C:\Program Files\dotnet\sdk\10.0.100\Sdks\Microsoft.NET.Sdk\targets\Microsoft.NET.Sdk.targets (44,5)
       C:\Program Files\dotnet\sdk\10.0.100\Sdks\Microsoft.NET.Sdk\targets\Microsoft.NET.Sdk.targets(46,5): message : Özellik yeniden ataması: $(_GeneratePublishDependencyFilePropertyInputsCache)="C:\Users\mrkfk\OneDrive\Desktop\Projelerim\ECommerce\src\Core\ECommerce.Application\obj\Debug\net9.0\ECommerce.Application.genpublishdeps.cache" (önceki değer: "obj\Debug\net9.0\ECommerce.Application.genpublishdeps.cache") konum: C:\Program Files\dotnet\sdk\10.0.100\Sdks\Microsoft.NET.Sdk\targets\Microsoft.NET.Sdk.targets (46,5)
       C:\Program Files\dotnet\sdk\10.0.100\Sdks\Microsoft.NET.Sdk\targets\Microsoft.NET.Sdk.targets(48,5): message : Özellik yeniden ataması: $(_GenerateSingleFileBundlePropertyInputsCache)="C:\Users\mrkfk\OneDrive\Desktop\Projelerim\ECommerce\src\Core\ECommerce.Application\obj\Debug\net9.0\ECommerce.Application.genbundle.cache" (önceki değer: "obj\Debug\net9.0\ECommerce.Application.genbundle.cache") konum: C:\Program Files\dotnet\sdk\10.0.100\Sdks\Microsoft.NET.Sdk\targets\Microsoft.NET.Sdk.targets (48,5)
       C:\Program Files\dotnet\sdk\10.0.100\Sdks\Microsoft.NET.Sdk\targets\Microsoft.NET.Sdk.targets(81,5): message : Özellik yeniden ataması: $(GenerateRuntimeConfigDevFile)="false" (önceki değer: "true") konum: C:\Program Files\dotnet\sdk\10.0.100\Sdks\Microsoft.NET.Sdk\targets\Microsoft.NET.Sdk.targets (81,5)
       C:\Program Files\dotnet\sdk\10.0.100\Sdks\Microsoft.NET.Sdk\targets\Microsoft.NET.Sdk.targets(98,5): message : Özellik yeniden ataması: $(_DefaultUserProfileRuntimeStorePath)="C:\Users\mrkfk" (önceki değer: "") konum: C:\Program Files\dotnet\sdk\10.0.100\Sdks\Microsoft.NET.Sdk\targets\Microsoft.NET.Sdk.targets (98,5)
       C:\Program Files\dotnet\sdk\10.0.100\Sdks\Microsoft.NET.Sdk\targets\Microsoft.NET.Sdk.targets(99,5): message : Özellik yeniden ataması: $(_DefaultUserProfileRuntimeStorePath)="C:\Users\mrkfk\.dotnet\store" (önceki değer: "C:\Users\mrkfk") konum: C:\Program Files\dotnet\sdk\10.0.100\Sdks\Microsoft.NET.Sdk\targets\Microsoft.NET.Sdk.targets (99,5)
       C:\Program Files\dotnet\sdk\10.0.100\Sdks\Microsoft.NET.Sdk\targets\Microsoft.NET.Sdk.targets(144,5): message : Özellik yeniden ataması: $(AvailablePlatforms)="Any CPU,x86,x64,ARM32" (önceki değer: "Any CPU,x86,x64") konum: C:\Program Files\dotnet\sdk\10.0.100\Sdks\Microsoft.NET.Sdk\targets\Microsoft.NET.Sdk.targets (144,5)
       C:\Program Files\dotnet\sdk\10.0.100\Sdks\Microsoft.NET.Sdk\targets\Microsoft.NET.Sdk.targets(148,5): message : Özellik yeniden ataması: $(AvailablePlatforms)="Any CPU,x86,x64,ARM32,ARM64" (önceki değer: "Any CPU,x86,x64,ARM32") konum: C:\Program Files\dotnet\sdk\10.0.100\Sdks\Microsoft.NET.Sdk\targets\Microsoft.NET.Sdk.targets (148,5)
       C:\Program Files\dotnet\sdk\10.0.100\Sdks\Microsoft.NET.Sdk\targets\Microsoft.NET.Sdk.targets(204,5): message : Özellik yeniden ataması: $(CoreBuildDependsOn)="
       C:\Program Files\dotnet\sdk\10.0.100\Sdks\Microsoft.NET.Sdk\targets\Microsoft.NET.Sdk.targets(204,5): message :       _CheckForBuildWithNoBuild;
       C:\Program Files\dotnet\sdk\10.0.100\Sdks\Microsoft.NET.Sdk\targets\Microsoft.NET.Sdk.targets(204,5): message :       
       C:\Program Files\dotnet\sdk\10.0.100\Sdks\Microsoft.NET.Sdk\targets\Microsoft.NET.Sdk.targets(204,5): message :       BuildOnlySettings;
       C:\Program Files\dotnet\sdk\10.0.100\Sdks\Microsoft.NET.Sdk\targets\Microsoft.NET.Sdk.targets(204,5): message :       PrepareForBuild;
       C:\Program Files\dotnet\sdk\10.0.100\Sdks\Microsoft.NET.Sdk\targets\Microsoft.NET.Sdk.targets(204,5): message :       PreBuildEvent;
       C:\Program Files\dotnet\sdk\10.0.100\Sdks\Microsoft.NET.Sdk\targets\Microsoft.NET.Sdk.targets(204,5): message :       ResolveReferences;
       C:\Program Files\dotnet\sdk\10.0.100\Sdks\Microsoft.NET.Sdk\targets\Microsoft.NET.Sdk.targets(204,5): message :       PrepareResources;
       C:\Program Files\dotnet\sdk\10.0.100\Sdks\Microsoft.NET.Sdk\targets\Microsoft.NET.Sdk.targets(204,5): message :       ResolveKeySource;
       C:\Program Files\dotnet\sdk\10.0.100\Sdks\Microsoft.NET.Sdk\targets\Microsoft.NET.Sdk.targets(204,5): message :       Compile;
       C:\Program Files\dotnet\sdk\10.0.100\Sdks\Microsoft.NET.Sdk\targets\Microsoft.NET.Sdk.targets(204,5): message :       ExportWindowsMDFile;
       C:\Program Files\dotnet\sdk\10.0.100\Sdks\Microsoft.NET.Sdk\targets\Microsoft.NET.Sdk.targets(204,5): message :       UnmanagedUnregistration;
       C:\Program Files\dotnet\sdk\10.0.100\Sdks\Microsoft.NET.Sdk\targets\Microsoft.NET.Sdk.targets(204,5): message :       GenerateSerializationAssemblies;
       C:\Program Files\dotnet\sdk\10.0.100\Sdks\Microsoft.NET.Sdk\targets\Microsoft.NET.Sdk.targets(204,5): message :       CreateSatelliteAssemblies;
       C:\Program Files\dotnet\sdk\10.0.100\Sdks\Microsoft.NET.Sdk\targets\Microsoft.NET.Sdk.targets(204,5): message :       GenerateManifests;
       C:\Program Files\dotnet\sdk\10.0.100\Sdks\Microsoft.NET.Sdk\targets\Microsoft.NET.Sdk.targets(204,5): message :       GetTargetPath;
       C:\Program Files\dotnet\sdk\10.0.100\Sdks\Microsoft.NET.Sdk\targets\Microsoft.NET.Sdk.targets(204,5): message :       PrepareForRun;
       C:\Program Files\dotnet\sdk\10.0.100\Sdks\Microsoft.NET.Sdk\targets\Microsoft.NET.Sdk.targets(204,5): message :       UnmanagedRegistration;
       C:\Program Files\dotnet\sdk\10.0.100\Sdks\Microsoft.NET.Sdk\targets\Microsoft.NET.Sdk.targets(204,5): message :       IncrementalClean;
       C:\Program Files\dotnet\sdk\10.0.100\Sdks\Microsoft.NET.Sdk\targets\Microsoft.NET.Sdk.targets(204,5): message :       PostBuildEvent
       C:\Program Files\dotnet\sdk\10.0.100\Sdks\Microsoft.NET.Sdk\targets\Microsoft.NET.Sdk.targets(204,5): message :     ;
       C:\Program Files\dotnet\sdk\10.0.100\Sdks\Microsoft.NET.Sdk\targets\Microsoft.NET.Sdk.targets(204,5): message :       GenerateBuildDependencyFile;
       C:\Program Files\dotnet\sdk\10.0.100\Sdks\Microsoft.NET.Sdk\targets\Microsoft.NET.Sdk.targets(204,5): message :       GenerateBuildRuntimeConfigurationFiles
       C:\Program Files\dotnet\sdk\10.0.100\Sdks\Microsoft.NET.Sdk\targets\Microsoft.NET.Sdk.targets(204,5): message :     " (önceki değer: "
       C:\Program Files\dotnet\sdk\10.0.100\Sdks\Microsoft.NET.Sdk\targets\Microsoft.NET.Sdk.targets(204,5): message :       BuildOnlySettings;
       C:\Program Files\dotnet\sdk\10.0.100\Sdks\Microsoft.NET.Sdk\targets\Microsoft.NET.Sdk.targets(204,5): message :       PrepareForBuild;
       C:\Program Files\dotnet\sdk\10.0.100\Sdks\Microsoft.NET.Sdk\targets\Microsoft.NET.Sdk.targets(204,5): message :       PreBuildEvent;
       C:\Program Files\dotnet\sdk\10.0.100\Sdks\Microsoft.NET.Sdk\targets\Microsoft.NET.Sdk.targets(204,5): message :       ResolveReferences;
       C:\Program Files\dotnet\sdk\10.0.100\Sdks\Microsoft.NET.Sdk\targets\Microsoft.NET.Sdk.targets(204,5): message :       PrepareResources;
       C:\Program Files\dotnet\sdk\10.0.100\Sdks\Microsoft.NET.Sdk\targets\Microsoft.NET.Sdk.targets(204,5): message :       ResolveKeySource;
       C:\Program Files\dotnet\sdk\10.0.100\Sdks\Microsoft.NET.Sdk\targets\Microsoft.NET.Sdk.targets(204,5): message :       Compile;
       C:\Program Files\dotnet\sdk\10.0.100\Sdks\Microsoft.NET.Sdk\targets\Microsoft.NET.Sdk.targets(204,5): message :       ExportWindowsMDFile;
       C:\Program Files\dotnet\sdk\10.0.100\Sdks\Microsoft.NET.Sdk\targets\Microsoft.NET.Sdk.targets(204,5): message :       UnmanagedUnregistration;
       C:\Program Files\dotnet\sdk\10.0.100\Sdks\Microsoft.NET.Sdk\targets\Microsoft.NET.Sdk.targets(204,5): message :       GenerateSerializationAssemblies;
       C:\Program Files\dotnet\sdk\10.0.100\Sdks\Microsoft.NET.Sdk\targets\Microsoft.NET.Sdk.targets(204,5): message :       CreateSatelliteAssemblies;
       C:\Program Files\dotnet\sdk\10.0.100\Sdks\Microsoft.NET.Sdk\targets\Microsoft.NET.Sdk.targets(204,5): message :       GenerateManifests;
       C:\Program Files\dotnet\sdk\10.0.100\Sdks\Microsoft.NET.Sdk\targets\Microsoft.NET.Sdk.targets(204,5): message :       GetTargetPath;
       C:\Program Files\dotnet\sdk\10.0.100\Sdks\Microsoft.NET.Sdk\targets\Microsoft.NET.Sdk.targets(204,5): message :       PrepareForRun;
       C:\Program Files\dotnet\sdk\10.0.100\Sdks\Microsoft.NET.Sdk\targets\Microsoft.NET.Sdk.targets(204,5): message :       UnmanagedRegistration;
       C:\Program Files\dotnet\sdk\10.0.100\Sdks\Microsoft.NET.Sdk\targets\Microsoft.NET.Sdk.targets(204,5): message :       IncrementalClean;
       C:\Program Files\dotnet\sdk\10.0.100\Sdks\Microsoft.NET.Sdk\targets\Microsoft.NET.Sdk.targets(204,5): message :       PostBuildEvent
       C:\Program Files\dotnet\sdk\10.0.100\Sdks\Microsoft.NET.Sdk\targets\Microsoft.NET.Sdk.targets(204,5): message :     ") konum: C:\Program Files\dotnet\sdk\10.0.100\Sdks\Microsoft.NET.Sdk\targets\Microsoft.NET.Sdk.targets (204,5)
       C:\Program Files\dotnet\sdk\10.0.100\Sdks\Microsoft.NET.Sdk\targets\Microsoft.NET.Sdk.targets(213,5): message : Özellik yeniden ataması: $(CoreCleanDependsOn)="
       C:\Program Files\dotnet\sdk\10.0.100\Sdks\Microsoft.NET.Sdk\targets\Microsoft.NET.Sdk.targets(213,5): message :       _SdkBeforeClean;
       C:\Program Files\dotnet\sdk\10.0.100\Sdks\Microsoft.NET.Sdk\targets\Microsoft.NET.Sdk.targets(213,5): message :       
       C:\Program Files\dotnet\sdk\10.0.100\Sdks\Microsoft.NET.Sdk\targets\Microsoft.NET.Sdk.targets(213,5): message :     " (önceki değer: "") konum: C:\Program Files\dotnet\sdk\10.0.100\Sdks\Microsoft.NET.Sdk\targets\Microsoft.NET.Sdk.targets (213,5)
       C:\Program Files\dotnet\sdk\10.0.100\Sdks\Microsoft.NET.Sdk\targets\Microsoft.NET.Sdk.targets(220,5): message : Özellik yeniden ataması: $(RebuildDependsOn)="
       C:\Program Files\dotnet\sdk\10.0.100\Sdks\Microsoft.NET.Sdk\targets\Microsoft.NET.Sdk.targets(220,5): message :       _SdkBeforeRebuild;
       C:\Program Files\dotnet\sdk\10.0.100\Sdks\Microsoft.NET.Sdk\targets\Microsoft.NET.Sdk.targets(220,5): message :       
       C:\Program Files\dotnet\sdk\10.0.100\Sdks\Microsoft.NET.Sdk\targets\Microsoft.NET.Sdk.targets(220,5): message :       BeforeRebuild;
       C:\Program Files\dotnet\sdk\10.0.100\Sdks\Microsoft.NET.Sdk\targets\Microsoft.NET.Sdk.targets(220,5): message :       Clean;
       C:\Program Files\dotnet\sdk\10.0.100\Sdks\Microsoft.NET.Sdk\targets\Microsoft.NET.Sdk.targets(220,5): message :       Build;
       C:\Program Files\dotnet\sdk\10.0.100\Sdks\Microsoft.NET.Sdk\targets\Microsoft.NET.Sdk.targets(220,5): message :       AfterRebuild;
       C:\Program Files\dotnet\sdk\10.0.100\Sdks\Microsoft.NET.Sdk\targets\Microsoft.NET.Sdk.targets(220,5): message :     
       C:\Program Files\dotnet\sdk\10.0.100\Sdks\Microsoft.NET.Sdk\targets\Microsoft.NET.Sdk.targets(220,5): message :     " (önceki değer: "
       C:\Program Files\dotnet\sdk\10.0.100\Sdks\Microsoft.NET.Sdk\targets\Microsoft.NET.Sdk.targets(220,5): message :       BeforeRebuild;
       C:\Program Files\dotnet\sdk\10.0.100\Sdks\Microsoft.NET.Sdk\targets\Microsoft.NET.Sdk.targets(220,5): message :       Clean;
       C:\Program Files\dotnet\sdk\10.0.100\Sdks\Microsoft.NET.Sdk\targets\Microsoft.NET.Sdk.targets(220,5): message :       Build;
       C:\Program Files\dotnet\sdk\10.0.100\Sdks\Microsoft.NET.Sdk\targets\Microsoft.NET.Sdk.targets(220,5): message :       AfterRebuild;
       C:\Program Files\dotnet\sdk\10.0.100\Sdks\Microsoft.NET.Sdk\targets\Microsoft.NET.Sdk.targets(220,5): message :     ") konum: C:\Program Files\dotnet\sdk\10.0.100\Sdks\Microsoft.NET.Sdk\targets\Microsoft.NET.Sdk.targets (220,5)
       C:\Program Files\dotnet\sdk\10.0.100\Sdks\Microsoft.NET.Sdk\targets\Microsoft.NET.Sdk.targets(799,5): message : Özellik yeniden ataması: $(CompileDependsOn)="
       C:\Program Files\dotnet\sdk\10.0.100\Sdks\Microsoft.NET.Sdk\targets\Microsoft.NET.Sdk.targets(799,5): message :       
       C:\Program Files\dotnet\sdk\10.0.100\Sdks\Microsoft.NET.Sdk\targets\Microsoft.NET.Sdk.targets(799,5): message :       ResolveReferences;
       C:\Program Files\dotnet\sdk\10.0.100\Sdks\Microsoft.NET.Sdk\targets\Microsoft.NET.Sdk.targets(799,5): message :       ResolveKeySource;
       C:\Program Files\dotnet\sdk\10.0.100\Sdks\Microsoft.NET.Sdk\targets\Microsoft.NET.Sdk.targets(799,5): message :       SetWin32ManifestProperties;
       C:\Program Files\dotnet\sdk\10.0.100\Sdks\Microsoft.NET.Sdk\targets\Microsoft.NET.Sdk.targets(799,5): message :       _SetPreferNativeArm64Win32ManifestProperties;
       C:\Program Files\dotnet\sdk\10.0.100\Sdks\Microsoft.NET.Sdk\targets\Microsoft.NET.Sdk.targets(799,5): message :       FindReferenceAssembliesForReferences;
       C:\Program Files\dotnet\sdk\10.0.100\Sdks\Microsoft.NET.Sdk\targets\Microsoft.NET.Sdk.targets(799,5): message :       _GenerateCompileInputs;
       C:\Program Files\dotnet\sdk\10.0.100\Sdks\Microsoft.NET.Sdk\targets\Microsoft.NET.Sdk.targets(799,5): message :       BeforeCompile;
       C:\Program Files\dotnet\sdk\10.0.100\Sdks\Microsoft.NET.Sdk\targets\Microsoft.NET.Sdk.targets(799,5): message :       _TimeStampBeforeCompile;
       C:\Program Files\dotnet\sdk\10.0.100\Sdks\Microsoft.NET.Sdk\targets\Microsoft.NET.Sdk.targets(799,5): message :       _GenerateCompileDependencyCache;
       C:\Program Files\dotnet\sdk\10.0.100\Sdks\Microsoft.NET.Sdk\targets\Microsoft.NET.Sdk.targets(799,5): message :       CoreCompile;
       C:\Program Files\dotnet\sdk\10.0.100\Sdks\Microsoft.NET.Sdk\targets\Microsoft.NET.Sdk.targets(799,5): message :       _TimeStampAfterCompile;
       C:\Program Files\dotnet\sdk\10.0.100\Sdks\Microsoft.NET.Sdk\targets\Microsoft.NET.Sdk.targets(799,5): message :       AfterCompile;
       C:\Program Files\dotnet\sdk\10.0.100\Sdks\Microsoft.NET.Sdk\targets\Microsoft.NET.Sdk.targets(799,5): message :     ;
       C:\Program Files\dotnet\sdk\10.0.100\Sdks\Microsoft.NET.Sdk\targets\Microsoft.NET.Sdk.targets(799,5): message :       _CreateAppHost;
       C:\Program Files\dotnet\sdk\10.0.100\Sdks\Microsoft.NET.Sdk\targets\Microsoft.NET.Sdk.targets(799,5): message :       _CreateComHost;
       C:\Program Files\dotnet\sdk\10.0.100\Sdks\Microsoft.NET.Sdk\targets\Microsoft.NET.Sdk.targets(799,5): message :       _GetIjwHostPaths;
       C:\Program Files\dotnet\sdk\10.0.100\Sdks\Microsoft.NET.Sdk\targets\Microsoft.NET.Sdk.targets(799,5): message :     " (önceki değer: "
       C:\Program Files\dotnet\sdk\10.0.100\Sdks\Microsoft.NET.Sdk\targets\Microsoft.NET.Sdk.targets(799,5): message :       ResolveReferences;
       C:\Program Files\dotnet\sdk\10.0.100\Sdks\Microsoft.NET.Sdk\targets\Microsoft.NET.Sdk.targets(799,5): message :       ResolveKeySource;
       C:\Program Files\dotnet\sdk\10.0.100\Sdks\Microsoft.NET.Sdk\targets\Microsoft.NET.Sdk.targets(799,5): message :       SetWin32ManifestProperties;
       C:\Program Files\dotnet\sdk\10.0.100\Sdks\Microsoft.NET.Sdk\targets\Microsoft.NET.Sdk.targets(799,5): message :       _SetPreferNativeArm64Win32ManifestProperties;
       C:\Program Files\dotnet\sdk\10.0.100\Sdks\Microsoft.NET.Sdk\targets\Microsoft.NET.Sdk.targets(799,5): message :       FindReferenceAssembliesForReferences;
       C:\Program Files\dotnet\sdk\10.0.100\Sdks\Microsoft.NET.Sdk\targets\Microsoft.NET.Sdk.targets(799,5): message :       _GenerateCompileInputs;
       C:\Program Files\dotnet\sdk\10.0.100\Sdks\Microsoft.NET.Sdk\targets\Microsoft.NET.Sdk.targets(799,5): message :       BeforeCompile;
       C:\Program Files\dotnet\sdk\10.0.100\Sdks\Microsoft.NET.Sdk\targets\Microsoft.NET.Sdk.targets(799,5): message :       _TimeStampBeforeCompile;
       C:\Program Files\dotnet\sdk\10.0.100\Sdks\Microsoft.NET.Sdk\targets\Microsoft.NET.Sdk.targets(799,5): message :       _GenerateCompileDependencyCache;
       C:\Program Files\dotnet\sdk\10.0.100\Sdks\Microsoft.NET.Sdk\targets\Microsoft.NET.Sdk.targets(799,5): message :       CoreCompile;
       C:\Program Files\dotnet\sdk\10.0.100\Sdks\Microsoft.NET.Sdk\targets\Microsoft.NET.Sdk.targets(799,5): message :       _TimeStampAfterCompile;
       C:\Program Files\dotnet\sdk\10.0.100\Sdks\Microsoft.NET.Sdk\targets\Microsoft.NET.Sdk.targets(799,5): message :       AfterCompile;
       C:\Program Files\dotnet\sdk\10.0.100\Sdks\Microsoft.NET.Sdk\targets\Microsoft.NET.Sdk.targets(799,5): message :     ") konum: C:\Program Files\dotnet\sdk\10.0.100\Sdks\Microsoft.NET.Sdk\targets\Microsoft.NET.Sdk.targets (799,5)
       C:\Program Files\dotnet\sdk\10.0.100\Sdks\Microsoft.NET.Sdk\targets\Microsoft.NET.Sdk.targets(1131,5): message : Özellik yeniden ataması: $(CreateSatelliteAssembliesDependsOn)="
       C:\Program Files\dotnet\sdk\10.0.100\Sdks\Microsoft.NET.Sdk\targets\Microsoft.NET.Sdk.targets(1131,5): message :       
       C:\Program Files\dotnet\sdk\10.0.100\Sdks\Microsoft.NET.Sdk\targets\Microsoft.NET.Sdk.targets(1131,5): message :       ;
       C:\Program Files\dotnet\sdk\10.0.100\Sdks\Microsoft.NET.Sdk\targets\Microsoft.NET.Sdk.targets(1131,5): message :       _GenerateSatelliteAssemblyInputs;
       C:\Program Files\dotnet\sdk\10.0.100\Sdks\Microsoft.NET.Sdk\targets\Microsoft.NET.Sdk.targets(1131,5): message :       ComputeIntermediateSatelliteAssemblies;
       C:\Program Files\dotnet\sdk\10.0.100\Sdks\Microsoft.NET.Sdk\targets\Microsoft.NET.Sdk.targets(1131,5): message :       GenerateSatelliteAssemblies
       C:\Program Files\dotnet\sdk\10.0.100\Sdks\Microsoft.NET.Sdk\targets\Microsoft.NET.Sdk.targets(1131,5): message :     ;
       C:\Program Files\dotnet\sdk\10.0.100\Sdks\Microsoft.NET.Sdk\targets\Microsoft.NET.Sdk.targets(1131,5): message :       CoreGenerateSatelliteAssemblies
       C:\Program Files\dotnet\sdk\10.0.100\Sdks\Microsoft.NET.Sdk\targets\Microsoft.NET.Sdk.targets(1131,5): message :     " (önceki değer: "
       C:\Program Files\dotnet\sdk\10.0.100\Sdks\Microsoft.NET.Sdk\targets\Microsoft.NET.Sdk.targets(1131,5): message :       ;
       C:\Program Files\dotnet\sdk\10.0.100\Sdks\Microsoft.NET.Sdk\targets\Microsoft.NET.Sdk.targets(1131,5): message :       _GenerateSatelliteAssemblyInputs;
       C:\Program Files\dotnet\sdk\10.0.100\Sdks\Microsoft.NET.Sdk\targets\Microsoft.NET.Sdk.targets(1131,5): message :       ComputeIntermediateSatelliteAssemblies;
       C:\Program Files\dotnet\sdk\10.0.100\Sdks\Microsoft.NET.Sdk\targets\Microsoft.NET.Sdk.targets(1131,5): message :       GenerateSatelliteAssemblies
       C:\Program Files\dotnet\sdk\10.0.100\Sdks\Microsoft.NET.Sdk\targets\Microsoft.NET.Sdk.targets(1131,5): message :     ") konum: C:\Program Files\dotnet\sdk\10.0.100\Sdks\Microsoft.NET.Sdk\targets\Microsoft.NET.Sdk.targets (1131,5)
       C:\Program Files\dotnet\sdk\10.0.100\Sdks\Microsoft.SourceLink.GitLab\build\Microsoft.SourceLink.GitLab.targets(12,5): message : Özellik yeniden ataması: $(SourceLinkUrlInitializerTargets)=";_InitializeGitHubSourceLinkUrl;_InitializeGitLabSourceLinkUrl" (önceki değer: ";_InitializeGitHubSourceLinkUrl") konum: C:\Program Files\dotnet\sdk\10.0.100\Sdks\Microsoft.SourceLink.GitLab\build\Microsoft.SourceLink.GitLab.targets (12,5)
       C:\Program Files\dotnet\sdk\10.0.100\Sdks\Microsoft.SourceLink.GitLab\build\Microsoft.SourceLink.GitLab.targets(13,5): message : Özellik yeniden ataması: $(SourceControlManagerUrlTranslationTargets)=";TranslateGitHubUrlsInSourceControlInformation;TranslateGitLabUrlsInSourceControlInformation" (önceki değer: ";TranslateGitHubUrlsInSourceControlInformation") konum: C:\Program Files\dotnet\sdk\10.0.100\Sdks\Microsoft.SourceLink.GitLab\build\Microsoft.SourceLink.GitLab.targets (13,5)
       C:\Program Files\dotnet\sdk\10.0.100\Sdks\Microsoft.SourceLink.AzureRepos.Git\build\Microsoft.SourceLink.AzureRepos.Git.targets(12,5): message : Özellik yeniden ataması: $(SourceLinkUrlInitializerTargets)=";_InitializeGitHubSourceLinkUrl;_InitializeGitLabSourceLinkUrl;_InitializeAzureReposGitSourceLinkUrl" (önceki değer: ";_InitializeGitHubSourceLinkUrl;_InitializeGitLabSourceLinkUrl") konum: C:\Program Files\dotnet\sdk\10.0.100\Sdks\Microsoft.SourceLink.AzureRepos.Git\build\Microsoft.SourceLink.AzureRepos.Git.targets (12,5)
       C:\Program Files\dotnet\sdk\10.0.100\Sdks\Microsoft.SourceLink.AzureRepos.Git\build\Microsoft.SourceLink.AzureRepos.Git.targets(13,5): message : Özellik yeniden ataması: $(SourceControlManagerUrlTranslationTargets)=";TranslateGitHubUrlsInSourceControlInformation;TranslateGitLabUrlsInSourceControlInformation;TranslateAzureReposGitUrlsInSourceControlInformation" (önceki değer: ";TranslateGitHubUrlsInSourceControlInformation;TranslateGitLabUrlsInSourceControlInformation") konum: C:\Program Files\dotnet\sdk\10.0.100\Sdks\Microsoft.SourceLink.AzureRepos.Git\build\Microsoft.SourceLink.AzureRepos.Git.targets (13,5)
       C:\Program Files\dotnet\sdk\10.0.100\Sdks\Microsoft.SourceLink.Bitbucket.Git\build\Microsoft.SourceLink.Bitbucket.Git.targets(12,5): message : Özellik yeniden ataması: $(SourceLinkUrlInitializerTargets)=";_InitializeGitHubSourceLinkUrl;_InitializeGitLabSourceLinkUrl;_InitializeAzureReposGitSourceLinkUrl;_InitializeBitbucketGitSourceLinkUrl" (önceki değer: ";_InitializeGitHubSourceLinkUrl;_InitializeGitLabSourceLinkUrl;_InitializeAzureReposGitSourceLinkUrl") konum: C:\Program Files\dotnet\sdk\10.0.100\Sdks\Microsoft.SourceLink.Bitbucket.Git\build\Microsoft.SourceLink.Bitbucket.Git.targets (12,5)
       C:\Program Files\dotnet\sdk\10.0.100\Sdks\Microsoft.SourceLink.Bitbucket.Git\build\Microsoft.SourceLink.Bitbucket.Git.targets(13,5): message : Özellik yeniden ataması: $(SourceControlManagerUrlTranslationTargets)=";TranslateGitHubUrlsInSourceControlInformation;TranslateGitLabUrlsInSourceControlInformation;TranslateAzureReposGitUrlsInSourceControlInformation;TranslateBitbucketGitUrlsInSourceControlInformation" (önceki değer: ";TranslateGitHubUrlsInSourceControlInformation;TranslateGitLabUrlsInSourceControlInformation;TranslateAzureReposGitUrlsInSourceControlInformation") konum: C:\Program Files\dotnet\sdk\10.0.100\Sdks\Microsoft.SourceLink.Bitbucket.Git\build\Microsoft.SourceLink.Bitbucket.Git.targets (13,5)
       C:\Program Files\dotnet\sdk\10.0.100\Sdks\Microsoft.NET.Sdk\targets\Microsoft.NET.DesignerSupport.targets(21,5): message : Özellik yeniden ataması: $(DesignerRuntimeImplementationProjectOutputGroupDependsOn)="
       C:\Program Files\dotnet\sdk\10.0.100\Sdks\Microsoft.NET.Sdk\targets\Microsoft.NET.DesignerSupport.targets(21,5): message :       
       C:\Program Files\dotnet\sdk\10.0.100\Sdks\Microsoft.NET.Sdk\targets\Microsoft.NET.DesignerSupport.targets(21,5): message :       ;
       C:\Program Files\dotnet\sdk\10.0.100\Sdks\Microsoft.NET.Sdk\targets\Microsoft.NET.DesignerSupport.targets(21,5): message :       
       C:\Program Files\dotnet\sdk\10.0.100\Sdks\Microsoft.NET.Sdk\targets\Microsoft.NET.DesignerSupport.targets(21,5): message :       ;
       C:\Program Files\dotnet\sdk\10.0.100\Sdks\Microsoft.NET.Sdk\targets\Microsoft.NET.DesignerSupport.targets(21,5): message :       BuildOnlySettings;
       C:\Program Files\dotnet\sdk\10.0.100\Sdks\Microsoft.NET.Sdk\targets\Microsoft.NET.DesignerSupport.targets(21,5): message :       PrepareForBuild;
       C:\Program Files\dotnet\sdk\10.0.100\Sdks\Microsoft.NET.Sdk\targets\Microsoft.NET.DesignerSupport.targets(21,5): message :       AssignTargetPaths;
       C:\Program Files\dotnet\sdk\10.0.100\Sdks\Microsoft.NET.Sdk\targets\Microsoft.NET.DesignerSupport.targets(21,5): message :       ResolveReferences
       C:\Program Files\dotnet\sdk\10.0.100\Sdks\Microsoft.NET.Sdk\targets\Microsoft.NET.DesignerSupport.targets(21,5): message :     
       C:\Program Files\dotnet\sdk\10.0.100\Sdks\Microsoft.NET.Sdk\targets\Microsoft.NET.DesignerSupport.targets(21,5): message :     ;
       C:\Program Files\dotnet\sdk\10.0.100\Sdks\Microsoft.NET.Sdk\targets\Microsoft.NET.DesignerSupport.targets(21,5): message :       _GenerateDesignerDepsFile;
       C:\Program Files\dotnet\sdk\10.0.100\Sdks\Microsoft.NET.Sdk\targets\Microsoft.NET.DesignerSupport.targets(21,5): message :       _GenerateDesignerRuntimeConfigFile;
       C:\Program Files\dotnet\sdk\10.0.100\Sdks\Microsoft.NET.Sdk\targets\Microsoft.NET.DesignerSupport.targets(21,5): message :       GetCopyToOutputDirectoryItems;
       C:\Program Files\dotnet\sdk\10.0.100\Sdks\Microsoft.NET.Sdk\targets\Microsoft.NET.DesignerSupport.targets(21,5): message :       _GatherDesignerShadowCopyFiles;
       C:\Program Files\dotnet\sdk\10.0.100\Sdks\Microsoft.NET.Sdk\targets\Microsoft.NET.DesignerSupport.targets(21,5): message :     " (önceki değer: "
       C:\Program Files\dotnet\sdk\10.0.100\Sdks\Microsoft.NET.Sdk\targets\Microsoft.NET.DesignerSupport.targets(21,5): message :       ;
       C:\Program Files\dotnet\sdk\10.0.100\Sdks\Microsoft.NET.Sdk\targets\Microsoft.NET.DesignerSupport.targets(21,5): message :       
       C:\Program Files\dotnet\sdk\10.0.100\Sdks\Microsoft.NET.Sdk\targets\Microsoft.NET.DesignerSupport.targets(21,5): message :       ;
       C:\Program Files\dotnet\sdk\10.0.100\Sdks\Microsoft.NET.Sdk\targets\Microsoft.NET.DesignerSupport.targets(21,5): message :       BuildOnlySettings;
       C:\Program Files\dotnet\sdk\10.0.100\Sdks\Microsoft.NET.Sdk\targets\Microsoft.NET.DesignerSupport.targets(21,5): message :       PrepareForBuild;
       C:\Program Files\dotnet\sdk\10.0.100\Sdks\Microsoft.NET.Sdk\targets\Microsoft.NET.DesignerSupport.targets(21,5): message :       AssignTargetPaths;
       C:\Program Files\dotnet\sdk\10.0.100\Sdks\Microsoft.NET.Sdk\targets\Microsoft.NET.DesignerSupport.targets(21,5): message :       ResolveReferences
       C:\Program Files\dotnet\sdk\10.0.100\Sdks\Microsoft.NET.Sdk\targets\Microsoft.NET.DesignerSupport.targets(21,5): message :     
       C:\Program Files\dotnet\sdk\10.0.100\Sdks\Microsoft.NET.Sdk\targets\Microsoft.NET.DesignerSupport.targets(21,5): message :     ") konum: C:\Program Files\dotnet\sdk\10.0.100\Sdks\Microsoft.NET.Sdk\targets\Microsoft.NET.DesignerSupport.targets (21,5)
       C:\Program Files\dotnet\sdk\10.0.100\Sdks\Microsoft.NET.Sdk\targets\Microsoft.NET.Sdk.CSharp.targets(31,5): message : Özellik yeniden ataması: $(DefineConstants)="TRACE;DEBUG" (önceki değer: "TRACE") konum: C:\Program Files\dotnet\sdk\10.0.100\Sdks\Microsoft.NET.Sdk\targets\Microsoft.NET.Sdk.CSharp.targets (31,5)
       C:\Program Files\dotnet\sdk\10.0.100\Sdks\Microsoft.NET.Sdk\targets\Microsoft.NET.Sdk.CSharp.targets(45,5): message : Özellik yeniden ataması: $(WarningsAsErrors)=";NU1605;SYSLIB0011" (önceki değer: ";NU1605") konum: C:\Program Files\dotnet\sdk\10.0.100\Sdks\Microsoft.NET.Sdk\targets\Microsoft.NET.Sdk.CSharp.targets (45,5)
       C:\Program Files\dotnet\sdk\10.0.100\NuGet.Build.Tasks.Pack.targets(34,5): message : Özellik yeniden ataması: $(PackageDescription)="Package Description" (önceki değer: "") konum: C:\Program Files\dotnet\sdk\10.0.100\NuGet.Build.Tasks.Pack.targets (34,5)
       C:\Program Files\dotnet\sdk\10.0.100\NuGet.Build.Tasks.Pack.targets(59,5): message : Özellik yeniden ataması: $(GenerateNuspecDependsOn)="Build;_LoadPackInputItems; _GetTargetFrameworksOutput; _WalkEachTargetPerFramework; _GetPackageFiles; " (önceki değer: "_LoadPackInputItems; _GetTargetFrameworksOutput; _WalkEachTargetPerFramework; _GetPackageFiles; ") konum: C:\Program Files\dotnet\sdk\10.0.100\NuGet.Build.Tasks.Pack.targets (59,5)
       C:\Program Files\dotnet\sdk\10.0.100\Sdks\Microsoft.NET.Sdk\Sdk\Sdk.targets(59,5): message : Özellik yeniden ataması: $(_IsNotSetContainersTargetsDir)="true" (önceki değer: "false") konum: C:\Program Files\dotnet\sdk\10.0.100\Sdks\Microsoft.NET.Sdk\Sdk\Sdk.targets (59,5)
       C:\Program Files\dotnet\sdk\10.0.100\Containers\build\Microsoft.NET.Build.Containers.targets(5,5): message : Özellik yeniden ataması: $(_IsSDKContainerAllowedVersion)="true" (önceki değer: "false") konum: C:\Program Files\dotnet\sdk\10.0.100\Containers\build\Microsoft.NET.Build.Containers.targets (5,5)
       C:\Program Files\dotnet\sdk\10.0.100\Containers\build\Microsoft.NET.Build.Containers.targets(15,5): message : Özellik yeniden ataması: $(_ContainerIsTargetingNet8TFM)="true" (önceki değer: "false") konum: C:\Program Files\dotnet\sdk\10.0.100\Containers\build\Microsoft.NET.Build.Containers.targets (15,5)
       "C:\Program Files\dotnet\sdk\10.0.100\Sdks\Microsoft.NET.Sdk\targets\Microsoft.NET.Sdk.FrameworkReferenceResolution.targets" projesindeki "ResolveFrameworkReferences" hedefi kullanılarak "C:\Program Files\dotnet\sdk\10.0.100\Microsoft.Common.CurrentVersion.targets" projesindeki "ResolveFrameworkReferences" hedefinin üzerine yazılıyor.
       "C:\Program Files\dotnet\sdk\10.0.100\Sdks\Microsoft.NET.Sdk\targets\Microsoft.NET.Sdk.targets" projesindeki "GenerateSupportedTargetFrameworkAlias" hedefi kullanılarak "C:\Program Files\dotnet\sdk\10.0.100\Microsoft.Common.CurrentVersion.targets" projesindeki "GenerateSupportedTargetFrameworkAlias" hedefinin üzerine yazılıyor.
       "C:\Program Files\dotnet\sdk\10.0.100\Sdks\Microsoft.NET.Sdk\targets\Microsoft.NET.DisableStandardFrameworkResolution.targets" projesindeki "GetReferenceAssemblyPaths" hedefi kullanılarak "C:\Program Files\dotnet\sdk\10.0.100\Microsoft.Common.CurrentVersion.targets" projesindeki "GetReferenceAssemblyPaths" hedefinin üzerine yazılıyor.
       "C:\Program Files\dotnet\sdk\10.0.100\Sdks\Microsoft.NET.Sdk\targets\Microsoft.NET.DisableStandardFrameworkResolution.targets" projesindeki "GetFrameworkPaths" hedefi kullanılarak "C:\Program Files\dotnet\sdk\10.0.100\Microsoft.Common.CurrentVersion.targets" projesindeki "GetFrameworkPaths" hedefinin üzerine yazılıyor.
       "C:\Program Files\dotnet\sdk\10.0.100\Sdks\Microsoft.NET.Sdk\targets\Microsoft.NET.DesignerSupport.targets" projesindeki "DesignerRuntimeImplementationProjectOutputGroup" hedefi kullanılarak "C:\Program Files\dotnet\sdk\10.0.100\Microsoft.Common.CurrentVersion.targets" projesindeki "DesignerRuntimeImplementationProjectOutputGroup" hedefinin üzerine yazılıyor.
       "C:\Program Files\dotnet\sdk\10.0.100\Sdks\Microsoft.NET.Sdk\targets\Microsoft.NET.Publish.targets" projesindeki "Publish" hedefi kullanılarak "C:\Program Files\dotnet\sdk\10.0.100\Microsoft.Common.CurrentVersion.targets" projesindeki "Publish" hedefinin üzerine yazılıyor.
       "C:\Program Files\dotnet\sdk\10.0.100\Sdks\Microsoft.NET.Sdk\targets\Microsoft.NET.Publish.targets" projesindeki "ResolveReadyToRunCompilers" hedefi kullanılarak "C:\Program Files\dotnet\sdk\10.0.100\Sdks\Microsoft.NET.Sdk\targets\Microsoft.NET.CrossGen.targets" projesindeki "ResolveReadyToRunCompilers" hedefinin üzerine yazılıyor.
       "C:\Program Files\dotnet\sdk\10.0.100\Sdks\Microsoft.NET.Sdk\targets\Microsoft.NET.Publish.targets" projesindeki "GetCopyToPublishDirectoryItems" hedefi kullanılarak "C:\Program Files\dotnet\sdk\10.0.100\Microsoft.Common.CurrentVersion.targets" projesindeki "GetCopyToPublishDirectoryItems" hedefinin üzerine yazılıyor.
       "C:\Program Files\dotnet\sdk\10.0.100\Sdks\Microsoft.NET.Sdk\targets\Microsoft.NET.Sdk.targets" projesindeki "Run" hedefi kullanılarak "C:\Program Files\dotnet\sdk\10.0.100\Microsoft.Common.CurrentVersion.targets" projesindeki "Run" hedefinin üzerine yazılıyor.
       "ResolveNuGetPackageAssets" konumundaki bir AfterTargets özniteliğinde listelenen "C:\Users\mrkfk\.nuget\packages\microsoft.extensions.options\9.0.0\buildTransitive\net8.0\Microsoft.Extensions.Options.targets (11,11)" hedefi projede yok ve göz ardı edilecek.
       "ResolveNuGetPackageAssets" konumundaki bir AfterTargets özniteliğinde listelenen "C:\Users\mrkfk\.nuget\packages\microsoft.extensions.options\9.0.0\buildTransitive\net8.0\Microsoft.Extensions.Options.targets (23,11)" hedefi projede yok ve göz ardı edilecek.
       "ResolveNuGetPackageAssets" konumundaki bir AfterTargets özniteliğinde listelenen "C:\Users\mrkfk\.nuget\packages\microsoft.extensions.logging.abstractions\9.0.0\buildTransitive\net8.0\Microsoft.Extensions.Logging.Abstractions.targets (11,11)" hedefi projede yok ve göz ardı edilecek.
       "ResolveNuGetPackageAssets" konumundaki bir AfterTargets özniteliğinde listelenen "C:\Users\mrkfk\.nuget\packages\microsoft.extensions.logging.abstractions\9.0.0\buildTransitive\net8.0\Microsoft.Extensions.Logging.Abstractions.targets (23,11)" hedefi projede yok ve göz ardı edilecek.
   1:7>"C:\Users\mrkfk\OneDrive\Desktop\Projelerim\ECommerce\src\Infrastructure\ECommerce.Infrastructure\ECommerce.Infrastructure.csproj" projesi (1:7) 1 düğümünde "C:\Users\mrkfk\OneDrive\Desktop\Projelerim\ECommerce\src\Core\ECommerce.Application\ECommerce.Application.csproj" (3:5) oluşturuyor (GetTargetFrameworks hedef).
   3:5>"C:\Users\mrkfk\OneDrive\Desktop\Projelerim\ECommerce\src\Core\ECommerce.Application\ECommerce.Application.csproj" projesinin "C:\Program Files\dotnet\sdk\10.0.100\Sdks\Microsoft.NET.Sdk\targets\Microsoft.NET.Sdk.targets" dosyasındaki "_CalculateIsVSTestTestProject" hedefi ("GetTargetFrameworksWithPlatformForSingleTargetFramework" hedefi buna bağımlı):
   3:5>"ECommerce.Application.csproj" projesinde "_CalculateIsVSTestTestProject" hedefini oluşturma tamamlandı.
   3:5>"C:\Users\mrkfk\OneDrive\Desktop\Projelerim\ECommerce\src\Core\ECommerce.Application\ECommerce.Application.csproj" projesinin "C:\Program Files\dotnet\sdk\10.0.100\Microsoft.Common.CurrentVersion.targets" dosyasındaki "GetTargetFrameworksWithPlatformForSingleTargetFramework" hedefi ("GetTargetFrameworks" hedefi buna bağımlı):
       "Microsoft.Build.Tasks.Core, Version=15.1.0.0, Culture=neutral, PublicKeyToken=b03f5f7f11d50a3a" derlemesindeki "CombineTargetFrameworkInfoProperties" görevi kullanılıyor.
       "CombineTargetFrameworkInfoProperties" görevi
       "CombineTargetFrameworkInfoProperties" görevini yürütme tamamlandı.
   3:5>"ECommerce.Application.csproj" projesinde "GetTargetFrameworksWithPlatformForSingleTargetFramework" hedefini oluşturma tamamlandı.
   3:5>"C:\Users\mrkfk\OneDrive\Desktop\Projelerim\ECommerce\src\Core\ECommerce.Application\ECommerce.Application.csproj" projesinin "C:\Program Files\dotnet\sdk\10.0.100\Microsoft.Common.CurrentVersion.targets" dosyasındaki "GetTargetFrameworks" hedefi (giriş noktası):
       "Microsoft.Build.Tasks.Core, Version=15.1.0.0, Culture=neutral, PublicKeyToken=b03f5f7f11d50a3a" derlemesindeki "CombineXmlElements" görevi kullanılıyor.
       "CombineXmlElements" görevi
       "CombineXmlElements" görevini yürütme tamamlandı.
   3:5>"ECommerce.Application.csproj" projesinde "GetTargetFrameworks" hedefini oluşturma tamamlandı.
   3:5>"C:\Users\mrkfk\OneDrive\Desktop\Projelerim\ECommerce\src\Core\ECommerce.Application\ECommerce.Application.csproj" Projesini Oluşturma İşlemi Tamamlandı (GetTargetFrameworks hedef).
   1:7>"MSBuild" görevini yürütme tamamlandı.
       "C:\Program Files\dotnet\sdk\10.0.100\NuGet.Build.Tasks.dll" derlemesindeki "GetReferenceNearestTargetFrameworkTask" görevi kullanılıyor.
       "GetReferenceNearestTargetFrameworkTask" görevi
       "GetReferenceNearestTargetFrameworkTask" görevini yürütme tamamlandı.
       "Microsoft.Build.Tasks.Core, Version=15.1.0.0, Culture=neutral, PublicKeyToken=b03f5f7f11d50a3a" derlemesindeki "SetRidAgnosticValueForProjects" görevi kullanılıyor.
       "SetRidAgnosticValueForProjects" görevi
       "SetRidAgnosticValueForProjects" görevini yürütme tamamlandı.
   1:7>"ECommerce.Infrastructure.csproj" projesinde "_GetProjectReferenceTargetFrameworkProperties" hedefini oluşturma tamamlandı.
   1:7>"C:\Users\mrkfk\OneDrive\Desktop\Projelerim\ECommerce\src\Infrastructure\ECommerce.Infrastructure\ECommerce.Infrastructure.csproj" projesinin "C:\Program Files\dotnet\sdk\10.0.100\Sdks\Microsoft.NET.Sdk\targets\Microsoft.NET.Sdk.targets" dosyasındaki "_CalculateIsVSTestTestProject" hedefi ("ValidateExecutableReferences" hedefi buna bağımlı):
   1:7>"ECommerce.Infrastructure.csproj" projesinde "_CalculateIsVSTestTestProject" hedefini oluşturma tamamlandı.
   1:7>"C:\Users\mrkfk\OneDrive\Desktop\Projelerim\ECommerce\src\Infrastructure\ECommerce.Infrastructure\ECommerce.Infrastructure.csproj" projesinin "C:\Program Files\dotnet\sdk\10.0.100\Sdks\Microsoft.NET.Sdk\targets\Microsoft.NET.Sdk.targets" dosyasındaki "ValidateExecutableReferences" hedefi ("PrepareProjectReferences" hedefi buna bağımlı):
       "C:\Program Files\dotnet\sdk\10.0.100\Sdks\Microsoft.NET.Sdk\targets\..\tools\net10.0\Microsoft.NET.Build.Tasks.dll" derlemesindeki "ValidateExecutableReferences" görevi kullanılıyor.
       "ValidateExecutableReferences" görevi
       "ValidateExecutableReferences" görevini yürütme tamamlandı.
   1:7>"ECommerce.Infrastructure.csproj" projesinde "ValidateExecutableReferences" hedefini oluşturma tamamlandı.
   1:7>"C:\Users\mrkfk\OneDrive\Desktop\Projelerim\ECommerce\src\Infrastructure\ECommerce.Infrastructure\ECommerce.Infrastructure.csproj" projesinin "C:\Program Files\dotnet\sdk\10.0.100\Microsoft.Common.CurrentVersion.targets" dosyasındaki "PrepareProjectReferences" hedefi ("ResolveProjectReferences" hedefi buna bağımlı):
   1:7>"ECommerce.Infrastructure.csproj" projesinde "PrepareProjectReferences" hedefini oluşturma tamamlandı.
   1:7>"C:\Users\mrkfk\OneDrive\Desktop\Projelerim\ECommerce\src\Infrastructure\ECommerce.Infrastructure\ECommerce.Infrastructure.csproj" projesinin "C:\Program Files\dotnet\sdk\10.0.100\Microsoft.Common.CurrentVersion.targets" dosyasındaki "ResolveProjectReferences" hedefi ("ResolveReferences" hedefi buna bağımlı):
       "MSBuild" görevi
         "..\..\Core\ECommerce.Domain\ECommerce.Domain.csproj" projesinin Özellikleri kaldırılıyor:
           TargetFramework
           RuntimeIdentifier
           SelfContained
         "..\..\Core\ECommerce.Application\ECommerce.Application.csproj" projesinin Özellikleri kaldırılıyor:
           TargetFramework
           RuntimeIdentifier
           SelfContained
   1:7>"C:\Users\mrkfk\OneDrive\Desktop\Projelerim\ECommerce\src\Infrastructure\ECommerce.Infrastructure\ECommerce.Infrastructure.csproj" projesi (1:7) 2 düğümünde "C:\Users\mrkfk\OneDrive\Desktop\Projelerim\ECommerce\src\Core\ECommerce.Domain\ECommerce.Domain.csproj" (2:7) oluşturuyor (varsayılan hedefler).
   2:7>"C:\Users\mrkfk\OneDrive\Desktop\Projelerim\ECommerce\src\Core\ECommerce.Domain\ECommerce.Domain.csproj" projesinin "C:\Program Files\dotnet\sdk\10.0.100\Sdks\Microsoft.NET.Sdk\targets\Microsoft.NET.TargetFrameworkInference.targets" dosyasındaki "_CollectTargetFrameworkForTelemetry" hedefi ("_CheckForInvalidConfigurationAndPlatform" hedefi buna bağımlı):
   2:7>"C:\Program Files\dotnet\sdk\10.0.100\Sdks\Microsoft.NET.Sdk\targets\..\tools\net10.0\Microsoft.NET.Build.Tasks.dll" derlemesindeki "AllowEmptyTelemetry" görevi kullanılıyor.
       "AllowEmptyTelemetry" görevi
       "AllowEmptyTelemetry" görevini yürütme tamamlandı.
   2:7>"ECommerce.Domain.csproj" projesinde "_CollectTargetFrameworkForTelemetry" hedefini oluşturma tamamlandı.
   2:7>"C:\Users\mrkfk\OneDrive\Desktop\Projelerim\ECommerce\src\Core\ECommerce.Domain\ECommerce.Domain.csproj" projesinin "C:\Program Files\dotnet\sdk\10.0.100\Sdks\Microsoft.NET.Sdk\targets\Microsoft.NET.TargetFrameworkInference.targets" dosyasındaki "_CheckForUnsupportedNETCoreVersion" hedefi ("_CheckForInvalidConfigurationAndPlatform" hedefi buna bağımlı):
   2:7>"ECommerce.Domain.csproj" projesinde "_CheckForUnsupportedNETCoreVersion" hedefini oluşturma tamamlandı.
   2:7>"C:\Users\mrkfk\OneDrive\Desktop\Projelerim\ECommerce\src\Core\ECommerce.Domain\ECommerce.Domain.csproj" projesinin "C:\Program Files\dotnet\sdk\10.0.100\Sdks\Microsoft.NET.Sdk\targets\Microsoft.NET.TargetFrameworkInference.targets" dosyasındaki "_CheckForUnsupportedCppNETCoreVersion" hedefi ("_CheckForInvalidConfigurationAndPlatform" hedefi buna bağımlı):
   2:7>"ECommerce.Domain.csproj" projesinde "_CheckForUnsupportedCppNETCoreVersion" hedefini oluşturma tamamlandı.
   2:7>"C:\Users\mrkfk\OneDrive\Desktop\Projelerim\ECommerce\src\Core\ECommerce.Domain\ECommerce.Domain.csproj" projesinin "C:\Program Files\dotnet\sdk\10.0.100\Sdks\Microsoft.NET.Sdk\targets\Microsoft.NET.DefaultOutputPaths.targets" dosyasındaki "_CheckForUnsupportedArtifactsPath" hedefi ("_CheckForInvalidConfigurationAndPlatform" hedefi buna bağımlı):
   2:7>"ECommerce.Domain.csproj" projesinde "_CheckForUnsupportedArtifactsPath" hedefini oluşturma tamamlandı.
   1:7>"C:\Users\mrkfk\OneDrive\Desktop\Projelerim\ECommerce\src\Infrastructure\ECommerce.Infrastructure\ECommerce.Infrastructure.csproj" projesi (1:7) 1 düğümünde "C:\Users\mrkfk\OneDrive\Desktop\Projelerim\ECommerce\src\Core\ECommerce.Application\ECommerce.Application.csproj" (3:6) oluşturuyor (varsayılan hedefler).
   3:6>"C:\Users\mrkfk\OneDrive\Desktop\Projelerim\ECommerce\src\Core\ECommerce.Application\ECommerce.Application.csproj" projesinin "C:\Program Files\dotnet\sdk\10.0.100\Sdks\Microsoft.NET.Sdk\targets\Microsoft.NET.TargetFrameworkInference.targets" dosyasındaki "_CollectTargetFrameworkForTelemetry" hedefi ("_CheckForInvalidConfigurationAndPlatform" hedefi buna bağımlı):
   3:6>"C:\Program Files\dotnet\sdk\10.0.100\Sdks\Microsoft.NET.Sdk\targets\..\tools\net10.0\Microsoft.NET.Build.Tasks.dll" derlemesindeki "AllowEmptyTelemetry" görevi kullanılıyor.
       "AllowEmptyTelemetry" görevi
   2:7>"C:\Users\mrkfk\OneDrive\Desktop\Projelerim\ECommerce\src\Core\ECommerce.Domain\ECommerce.Domain.csproj" projesinin "C:\Program Files\dotnet\sdk\10.0.100\Sdks\Microsoft.NET.Sdk\targets\Microsoft.NET.RuntimeIdentifierInference.targets" dosyasındaki "_CheckForUnsupportedHostingUsage" hedefi ("_CheckForInvalidConfigurationAndPlatform" hedefi buna bağımlı):
   2:7>"ECommerce.Domain.csproj" projesinde "_CheckForUnsupportedHostingUsage" hedefini oluşturma tamamlandı.
   2:7>"C:\Users\mrkfk\OneDrive\Desktop\Projelerim\ECommerce\src\Core\ECommerce.Domain\ECommerce.Domain.csproj" projesinin "C:\Program Files\dotnet\sdk\10.0.100\Sdks\Microsoft.NET.Sdk\targets\Microsoft.NET.RuntimeIdentifierInference.targets" dosyasındaki "_CheckAndUnsetUnsupportedPrefer32Bit" hedefi ("_CheckForInvalidConfigurationAndPlatform" hedefi buna bağımlı):
   2:7>"ECommerce.Domain.csproj" projesinde "_CheckAndUnsetUnsupportedPrefer32Bit" hedefini oluşturma tamamlandı.
   2:7>"C:\Users\mrkfk\OneDrive\Desktop\Projelerim\ECommerce\src\Core\ECommerce.Domain\ECommerce.Domain.csproj" projesinin "C:\Program Files\dotnet\sdk\10.0.100\Sdks\Microsoft.NET.Sdk\targets\Microsoft.NET.RuntimeIdentifierInference.targets" dosyasındaki "_CheckForLanguageAndFeatureCombinationSupport" hedefi ("_CheckForInvalidConfigurationAndPlatform" hedefi buna bağımlı):
   2:7>"ECommerce.Domain.csproj" projesinde "_CheckForLanguageAndFeatureCombinationSupport" hedefini oluşturma tamamlandı.
   2:7>"C:\Users\mrkfk\OneDrive\Desktop\Projelerim\ECommerce\src\Core\ECommerce.Domain\ECommerce.Domain.csproj" projesinin "C:\Program Files\dotnet\sdk\10.0.100\Sdks\Microsoft.NET.Sdk\targets\Microsoft.NET.Sdk.DefaultItems.Shared.targets" dosyasındaki "CheckForImplicitPackageReferenceOverrides" hedefi ("CollectPackageReferences" hedefi buna bağımlı):
       "C:\Program Files\dotnet\sdk\10.0.100\Sdks\Microsoft.NET.Sdk\targets\..\tools\net10.0\Microsoft.NET.Build.Tasks.dll" derlemesindeki "CheckForImplicitPackageReferenceOverrides" görevi kullanılıyor.
       "CheckForImplicitPackageReferenceOverrides" görevi
       "CheckForImplicitPackageReferenceOverrides" görevini yürütme tamamlandı.
   2:7>"ECommerce.Domain.csproj" projesinde "CheckForImplicitPackageReferenceOverrides" hedefini oluşturma tamamlandı.
   2:7>"C:\Users\mrkfk\OneDrive\Desktop\Projelerim\ECommerce\src\Core\ECommerce.Domain\ECommerce.Domain.csproj" projesinin "C:\Program Files\dotnet\sdk\10.0.100\Sdks\Microsoft.NET.Sdk\targets\Microsoft.NET.Publish.targets" dosyasındaki "_ComputeToolPackInputsToProcessFrameworkReferences" hedefi ("ProcessFrameworkReferences" hedefi buna bağımlı):
   2:7>"ECommerce.Domain.csproj" projesinde "_ComputeToolPackInputsToProcessFrameworkReferences" hedefini oluşturma tamamlandı.
   2:7>"C:\Users\mrkfk\OneDrive\Desktop\Projelerim\ECommerce\src\Core\ECommerce.Domain\ECommerce.Domain.csproj" projesinin "C:\Program Files\dotnet\sdk\10.0.100\Sdks\Microsoft.NET.Sdk\targets\Microsoft.NET.Sdk.FrameworkReferenceResolution.targets" dosyasındaki "ProcessFrameworkReferences" hedefi ("CollectPackageReferences" hedefi buna bağımlı):
       "C:\Program Files\dotnet\sdk\10.0.100\Sdks\Microsoft.NET.Sdk\targets\..\tools\net10.0\Microsoft.NET.Build.Tasks.dll" derlemesindeki "CheckForDuplicateFrameworkReferences" görevi kullanılıyor.
       "CheckForDuplicateFrameworkReferences" görevi
       "CheckForDuplicateFrameworkReferences" görevini yürütme tamamlandı.
       "C:\Program Files\dotnet\sdk\10.0.100\Sdks\Microsoft.NET.Sdk\targets\..\tools\net10.0\Microsoft.NET.Build.Tasks.dll" derlemesindeki "ProcessFrameworkReferences" görevi kullanılıyor.
       "ProcessFrameworkReferences" görevi
         Found 1 known framework references for target framework .NETCoreApp
         Found 5 known runtime packs for target framework .NETCoreApp
         Selected Microsoft.NETCore.App with RIDs 'linux-arm;linux-arm64;linux-musl-arm64;linux-musl-x64;linux-x64;osx-x64;tizen.4.0.0-armel;tizen.5.0.0-armel;win-arm64;win-x64;win-x86;linux-musl-arm;osx-arm64;linux-s390x;linux-loongarch64;linux-bionic-arm;linux-bionic-arm64;linux-bionic-x64;linux-bionic-x86;linux-ppc64le;freebsd-x64;freebsd-arm64;linux-riscv64;linux-musl-riscv64;linux-musl-loongarch64'
   3:6>"AllowEmptyTelemetry" görevini yürütme tamamlandı.
   2:7>ProcessFrameworkReferences:
         Selected targeting pack 'Microsoft.NETCore.App@9.0.11'
   3:6>"ECommerce.Application.csproj" projesinde "_CollectTargetFrameworkForTelemetry" hedefini oluşturma tamamlandı.
   2:7>ProcessFrameworkReferences:
         Added runtime framework 'Microsoft.NETCore.App@9.0.0'
         Selected Microsoft.WindowsDesktop.App with RIDs 'win-x64;win-x86;win-arm64'
         Selected targeting pack 'Microsoft.WindowsDesktop.App@9.0.11'
         Added runtime framework 'Microsoft.WindowsDesktop.App@9.0.0'
   3:6>"C:\Users\mrkfk\OneDrive\Desktop\Projelerim\ECommerce\src\Core\ECommerce.Application\ECommerce.Application.csproj" projesinin "C:\Program Files\dotnet\sdk\10.0.100\Sdks\Microsoft.NET.Sdk\targets\Microsoft.NET.TargetFrameworkInference.targets" dosyasındaki "_CheckForUnsupportedNETCoreVersion" hedefi ("_CheckForInvalidConfigurationAndPlatform" hedefi buna bağımlı):
   3:6>"ECommerce.Application.csproj" projesinde "_CheckForUnsupportedNETCoreVersion" hedefini oluşturma tamamlandı.
   2:7>ProcessFrameworkReferences:
         Selected Microsoft.WindowsDesktop.App with RIDs 'win-x64;win-x86;win-arm64'
         Selected targeting pack 'Microsoft.WindowsDesktop.App.WPF@9.0.11'
   3:6>"C:\Users\mrkfk\OneDrive\Desktop\Projelerim\ECommerce\src\Core\ECommerce.Application\ECommerce.Application.csproj" projesinin "C:\Program Files\dotnet\sdk\10.0.100\Sdks\Microsoft.NET.Sdk\targets\Microsoft.NET.TargetFrameworkInference.targets" dosyasındaki "_CheckForUnsupportedCppNETCoreVersion" hedefi ("_CheckForInvalidConfigurationAndPlatform" hedefi buna bağımlı):
   3:6>"ECommerce.Application.csproj" projesinde "_CheckForUnsupportedCppNETCoreVersion" hedefini oluşturma tamamlandı.
   2:7>ProcessFrameworkReferences:
         Added runtime framework 'Microsoft.WindowsDesktop.App@9.0.0'
         Selected Microsoft.WindowsDesktop.App with RIDs 'win-x64;win-x86;win-arm64'
   3:6>"C:\Users\mrkfk\OneDrive\Desktop\Projelerim\ECommerce\src\Core\ECommerce.Application\ECommerce.Application.csproj" projesinin "C:\Program Files\dotnet\sdk\10.0.100\Sdks\Microsoft.NET.Sdk\targets\Microsoft.NET.DefaultOutputPaths.targets" dosyasındaki "_CheckForUnsupportedArtifactsPath" hedefi ("_CheckForInvalidConfigurationAndPlatform" hedefi buna bağımlı):
   3:6>"ECommerce.Application.csproj" projesinde "_CheckForUnsupportedArtifactsPath" hedefini oluşturma tamamlandı.
   2:7>ProcessFrameworkReferences:
         Selected targeting pack 'Microsoft.WindowsDesktop.App.WindowsForms@9.0.11'
   3:6>"C:\Users\mrkfk\OneDrive\Desktop\Projelerim\ECommerce\src\Core\ECommerce.Application\ECommerce.Application.csproj" projesinin "C:\Program Files\dotnet\sdk\10.0.100\Sdks\Microsoft.NET.Sdk\targets\Microsoft.NET.RuntimeIdentifierInference.targets" dosyasındaki "_CheckForUnsupportedHostingUsage" hedefi ("_CheckForInvalidConfigurationAndPlatform" hedefi buna bağımlı):
   3:6>"ECommerce.Application.csproj" projesinde "_CheckForUnsupportedHostingUsage" hedefini oluşturma tamamlandı.
   2:7>ProcessFrameworkReferences:
         Added runtime framework 'Microsoft.WindowsDesktop.App@9.0.0'
   3:6>"C:\Users\mrkfk\OneDrive\Desktop\Projelerim\ECommerce\src\Core\ECommerce.Application\ECommerce.Application.csproj" projesinin "C:\Program Files\dotnet\sdk\10.0.100\Sdks\Microsoft.NET.Sdk\targets\Microsoft.NET.RuntimeIdentifierInference.targets" dosyasındaki "_CheckAndUnsetUnsupportedPrefer32Bit" hedefi ("_CheckForInvalidConfigurationAndPlatform" hedefi buna bağımlı):
   3:6>"ECommerce.Application.csproj" projesinde "_CheckAndUnsetUnsupportedPrefer32Bit" hedefini oluşturma tamamlandı.
   3:6>"C:\Users\mrkfk\OneDrive\Desktop\Projelerim\ECommerce\src\Core\ECommerce.Application\ECommerce.Application.csproj" projesinin "C:\Program Files\dotnet\sdk\10.0.100\Sdks\Microsoft.NET.Sdk\targets\Microsoft.NET.RuntimeIdentifierInference.targets" dosyasındaki "_CheckForLanguageAndFeatureCombinationSupport" hedefi ("_CheckForInvalidConfigurationAndPlatform" hedefi buna bağımlı):
   3:6>"ECommerce.Application.csproj" projesinde "_CheckForLanguageAndFeatureCombinationSupport" hedefini oluşturma tamamlandı.
   2:7>ProcessFrameworkReferences:
         Selected Microsoft.AspNetCore.App with RIDs 'win-x64;win-x86;osx-x64;linux-musl-x64;linux-musl-arm64;linux-x64;linux-arm;linux-arm64;linux-musl-arm;win-arm64;osx-arm64;linux-s390x;linux-loongarch64;linux-ppc64le;freebsd-x64;freebsd-arm64;linux-riscv64;linux-musl-riscv64;linux-loongarch64;linux-musl-loongarch64'
         Selected targeting pack 'Microsoft.AspNetCore.App@9.0.11'
         Added runtime framework 'Microsoft.AspNetCore.App@9.0.0'
       "ProcessFrameworkReferences" görevini yürütme tamamlandı.
   3:6>"C:\Users\mrkfk\OneDrive\Desktop\Projelerim\ECommerce\src\Core\ECommerce.Application\ECommerce.Application.csproj" projesinin "C:\Program Files\dotnet\sdk\10.0.100\Sdks\Microsoft.NET.Sdk\targets\Microsoft.NET.Sdk.DefaultItems.Shared.targets" dosyasındaki "UpdateAspNetToFrameworkReference" hedefi ("ApplyImplicitVersions" hedefi buna bağımlı):
   3:6>"C:\Program Files\dotnet\sdk\10.0.100\Sdks\Microsoft.NET.Sdk\targets\..\tools\net10.0\Microsoft.NET.Build.Tasks.dll" derlemesindeki "CheckIfPackageReferenceShouldBeFrameworkReference" görevi kullanılıyor.
   2:7>ProcessFrameworkReferences:
       "C:\Program Files\dotnet\sdk\10.0.100\Sdks\Microsoft.NET.Sdk\targets\..\tools\net10.0\Microsoft.NET.Build.Tasks.dll" derlemesindeki "ResolveAppHosts" görevi kullanılıyor.
   3:6>"CheckIfPackageReferenceShouldBeFrameworkReference" görevi
   2:7>"ResolveAppHosts" görevi
       "ResolveAppHosts" görevini yürütme tamamlandı.
   2:7>"ECommerce.Domain.csproj" projesinde "ProcessFrameworkReferences" hedefini oluşturma tamamlandı.
   2:7>"C:\Users\mrkfk\OneDrive\Desktop\Projelerim\ECommerce\src\Core\ECommerce.Domain\ECommerce.Domain.csproj" projesinin "C:\Program Files\dotnet\sdk\10.0.100\Sdks\Microsoft.NET.Sdk\targets\Microsoft.NET.ObsoleteReferences.targets" dosyasındaki "_CheckForObsoleteDotNetCliToolReferences" hedefi ("CollectPackageReferences" hedefi buna bağımlı):
   2:7>"ECommerce.Domain.csproj" projesinde "_CheckForObsoleteDotNetCliToolReferences" hedefini oluşturma tamamlandı.
   2:7>"C:\Users\mrkfk\OneDrive\Desktop\Projelerim\ECommerce\src\Core\ECommerce.Domain\ECommerce.Domain.csproj" projesinin "C:\Program Files\dotnet\sdk\10.0.100\NuGet.targets" dosyasındaki "CollectPackageReferences" hedefi ("_GetRestoreProjectStyle" hedefi buna bağımlı):
       "C:\Program Files\dotnet\sdk\10.0.100\NuGet.Build.Tasks.dll" derlemesindeki "CheckForDuplicateNuGetItemsTask" görevi kullanılıyor.
       "CheckForDuplicateNuGetItemsTask" görevi
       "CheckForDuplicateNuGetItemsTask" görevini yürütme tamamlandı.
   2:7>"ECommerce.Domain.csproj" projesinde "CollectPackageReferences" hedefini oluşturma tamamlandı.
   2:7>"C:\Users\mrkfk\OneDrive\Desktop\Projelerim\ECommerce\src\Core\ECommerce.Domain\ECommerce.Domain.csproj" projesinin "C:\Program Files\dotnet\sdk\10.0.100\NuGet.targets" dosyasındaki "_GetRestoreProjectStyle" hedefi ("EnableIntermediateOutputPathMismatchWarning" hedefi buna bağımlı):
       "C:\Program Files\dotnet\sdk\10.0.100\NuGet.Build.Tasks.dll" derlemesindeki "GetRestoreProjectStyleTask" görevi kullanılıyor.
       "GetRestoreProjectStyleTask" görevi
       "GetRestoreProjectStyleTask" görevini yürütme tamamlandı.
   2:7>"ECommerce.Domain.csproj" projesinde "_GetRestoreProjectStyle" hedefini oluşturma tamamlandı.
   2:7>"C:\Users\mrkfk\OneDrive\Desktop\Projelerim\ECommerce\src\Core\ECommerce.Domain\ECommerce.Domain.csproj" projesinin "C:\Program Files\dotnet\sdk\10.0.100\NuGet.targets" dosyasındaki "EnableIntermediateOutputPathMismatchWarning" hedefi ("_CheckForInvalidConfigurationAndPlatform" hedefi buna bağımlı):
   2:7>"ECommerce.Domain.csproj" projesinde "EnableIntermediateOutputPathMismatchWarning" hedefini oluşturma tamamlandı.
       "CheckForImplicitPackageReferenceOverrides" hedefi atlandı. Önceden başarılı bir şekilde derlenmişti.
   2:7>"C:\Users\mrkfk\OneDrive\Desktop\Projelerim\ECommerce\src\Core\ECommerce.Domain\ECommerce.Domain.csproj" projesinin "C:\Program Files\dotnet\sdk\10.0.100\Sdks\Microsoft.NET.Sdk\targets\Microsoft.NET.Sdk.DefaultItems.Shared.targets" dosyasındaki "CheckForDuplicateItems" hedefi ("_CheckForInvalidConfigurationAndPlatform" hedefi buna bağımlı):
       "C:\Program Files\dotnet\sdk\10.0.100\Sdks\Microsoft.NET.Sdk\targets\..\tools\net10.0\Microsoft.NET.Build.Tasks.dll" derlemesindeki "CheckForDuplicateItems" görevi kullanılıyor.
       "CheckForDuplicateItems" görevi
       "CheckForDuplicateItems" görevini yürütme tamamlandı.
       "CheckForDuplicateItems" görevi
   3:6>"CheckIfPackageReferenceShouldBeFrameworkReference" görevini yürütme tamamlandı.
   2:7>"CheckForDuplicateItems" görevini yürütme tamamlandı.
       "CheckForDuplicateItems" görevi
       "CheckForDuplicateItems" görevini yürütme tamamlandı.
   3:6>"CheckIfPackageReferenceShouldBeFrameworkReference" görevi
   2:7>"ECommerce.Domain.csproj" projesinde "CheckForDuplicateItems" hedefini oluşturma tamamlandı.
       "ProcessFrameworkReferences" hedefi atlandı. Önceden başarılı bir şekilde derlenmişti.
   2:7>"C:\Users\mrkfk\OneDrive\Desktop\Projelerim\ECommerce\src\Core\ECommerce.Domain\ECommerce.Domain.csproj" projesinin "C:\Program Files\dotnet\sdk\10.0.100\Microsoft.Common.CurrentVersion.targets" dosyasındaki "_CheckForInvalidConfigurationAndPlatform" hedefi ("BeforeBuild" hedefi buna bağımlı):
       "Message" görevi
         Configuration=Debug
       "Message" görevini yürütme tamamlandı.
       "Message" görevi
         Platform=AnyCPU
       "Message" görevini yürütme tamamlandı.
   2:7>"ECommerce.Domain.csproj" projesinde "_CheckForInvalidConfigurationAndPlatform" hedefini oluşturma tamamlandı.
   3:6>"CheckIfPackageReferenceShouldBeFrameworkReference" görevini yürütme tamamlandı.
   2:7>"C:\Users\mrkfk\OneDrive\Desktop\Projelerim\ECommerce\src\Core\ECommerce.Domain\ECommerce.Domain.csproj" projesinin "C:\Program Files\dotnet\sdk\10.0.100\Sdks\Microsoft.NET.Sdk\targets\Microsoft.NET.Sdk.targets" dosyasındaki "ValidateCommandLineProperties" hedefi ("BeforeBuild" hedefi buna bağımlı):
   2:7>"ECommerce.Domain.csproj" projesinde "ValidateCommandLineProperties" hedefini oluşturma tamamlandı.
   2:7>"C:\Users\mrkfk\OneDrive\Desktop\Projelerim\ECommerce\src\Core\ECommerce.Domain\ECommerce.Domain.csproj" projesinin "C:\Program Files\dotnet\sdk\10.0.100\Microsoft.Common.CurrentVersion.targets" dosyasındaki "BeforeBuild" hedefi ("Build" hedefi buna bağımlı):
   2:7>"ECommerce.Domain.csproj" projesinde "BeforeBuild" hedefini oluşturma tamamlandı.
   3:6>"ECommerce.Application.csproj" projesinde "UpdateAspNetToFrameworkReference" hedefini oluşturma tamamlandı.
   2:7>"C:\Users\mrkfk\OneDrive\Desktop\Projelerim\ECommerce\src\Core\ECommerce.Domain\ECommerce.Domain.csproj" projesinin "C:\Program Files\dotnet\sdk\10.0.100\Microsoft.Common.CurrentVersion.targets" dosyasındaki "BuildOnlySettings" hedefi ("CoreBuild" hedefi buna bağımlı):
   2:7>C:\Program Files\dotnet\sdk\10.0.100\Microsoft.Common.CurrentVersion.targets(1168,7): message : Özellik yeniden ataması: $(BuildingProject)="true" (önceki değer: "false") konum: C:\Program Files\dotnet\sdk\10.0.100\Microsoft.Common.CurrentVersion.targets (1168,7) [C:\Users\mrkfk\OneDrive\Desktop\Projelerim\ECommerce\src\Core\ECommerce.Domain\ECommerce.Domain.csproj]
   2:7>"ECommerce.Domain.csproj" projesinde "BuildOnlySettings" hedefini oluşturma tamamlandı.
   2:7>"C:\Users\mrkfk\OneDrive\Desktop\Projelerim\ECommerce\src\Core\ECommerce.Domain\ECommerce.Domain.csproj" projesinin "C:\Program Files\dotnet\sdk\10.0.100\Sdks\Microsoft.NET.Sdk\targets\Microsoft.NET.DisableStandardFrameworkResolution.targets" dosyasındaki "GetFrameworkPaths" hedefi ("PrepareForBuild" hedefi buna bağımlı):
   2:7>"ECommerce.Domain.csproj" projesinde "GetFrameworkPaths" hedefini oluşturma tamamlandı.
   3:6>"C:\Users\mrkfk\OneDrive\Desktop\Projelerim\ECommerce\src\Core\ECommerce.Application\ECommerce.Application.csproj" projesinin "C:\Program Files\dotnet\sdk\10.0.100\Sdks\Microsoft.NET.Sdk\targets\Microsoft.NET.Sdk.DefaultItems.Shared.targets" dosyasındaki "CheckForImplicitPackageReferenceOverrides" hedefi ("ApplyImplicitVersions" hedefi buna bağımlı):
   3:6>"C:\Program Files\dotnet\sdk\10.0.100\Sdks\Microsoft.NET.Sdk\targets\..\tools\net10.0\Microsoft.NET.Build.Tasks.dll" derlemesindeki "CheckForImplicitPackageReferenceOverrides" görevi kullanılıyor.
       "CheckForImplicitPackageReferenceOverrides" görevi
   2:7>"C:\Users\mrkfk\OneDrive\Desktop\Projelerim\ECommerce\src\Core\ECommerce.Domain\ECommerce.Domain.csproj" projesinin "C:\Program Files\dotnet\sdk\10.0.100\Sdks\Microsoft.NET.Sdk\targets\Microsoft.NET.DisableStandardFrameworkResolution.targets" dosyasındaki "GetReferenceAssemblyPaths" hedefi ("PrepareForBuild" hedefi buna bağımlı):
   2:7>"ECommerce.Domain.csproj" projesinde "GetReferenceAssemblyPaths" hedefini oluşturma tamamlandı.
   2:7>"C:\Users\mrkfk\OneDrive\Desktop\Projelerim\ECommerce\src\Core\ECommerce.Domain\ECommerce.Domain.csproj" projesinin "C:\Program Files\dotnet\sdk\10.0.100\Microsoft.Common.CurrentVersion.targets" dosyasındaki "PrepareForBuild" hedefi ("CoreBuild" hedefi buna bağımlı):
       "FindAppConfigFile" görevi
       "FindAppConfigFile" görevini yürütme tamamlandı.
       "MakeDir" görevi
       "MakeDir" görevini yürütme tamamlandı.
   2:7>"ECommerce.Domain.csproj" projesinde "PrepareForBuild" hedefini oluşturma tamamlandı.
   2:7>"C:\Users\mrkfk\OneDrive\Desktop\Projelerim\ECommerce\src\Core\ECommerce.Domain\ECommerce.Domain.csproj" projesinin "C:\Program Files\dotnet\sdk\10.0.100\Sdks\Microsoft.NET.Sdk\targets\Microsoft.NET.Sdk.BeforeCommon.targets" dosyasındaki "GenerateTargetFrameworkDefineConstants" hedefi ("AddImplicitDefineConstants" hedefi buna bağımlı):
   2:7>"ECommerce.Domain.csproj" projesinde "GenerateTargetFrameworkDefineConstants" hedefini oluşturma tamamlandı.
   3:6>"CheckForImplicitPackageReferenceOverrides" görevini yürütme tamamlandı.
   2:7>"C:\Users\mrkfk\OneDrive\Desktop\Projelerim\ECommerce\src\Core\ECommerce.Domain\ECommerce.Domain.csproj" projesinin "C:\Program Files\dotnet\sdk\10.0.100\Sdks\Microsoft.NET.Sdk\targets\Microsoft.NET.Sdk.BeforeCommon.targets" dosyasındaki "GenerateNETCompatibleDefineConstants" hedefi ("AddImplicitDefineConstants" hedefi buna bağımlı):
   2:7>"ECommerce.Domain.csproj" projesinde "GenerateNETCompatibleDefineConstants" hedefini oluşturma tamamlandı.
   2:7>"C:\Users\mrkfk\OneDrive\Desktop\Projelerim\ECommerce\src\Core\ECommerce.Domain\ECommerce.Domain.csproj" projesinin "C:\Program Files\dotnet\sdk\10.0.100\Sdks\Microsoft.NET.Sdk\targets\Microsoft.NET.Sdk.BeforeCommon.targets" dosyasındaki "AddImplicitDefineConstants" hedefi ("CoreBuild" hedefi buna bağımlı):
       C:\Program Files\dotnet\sdk\10.0.100\Sdks\Microsoft.NET.Sdk\targets\Microsoft.NET.Sdk.BeforeCommon.targets(295,7): message : Özellik yeniden ataması: $(DefineConstants)="TRACE;DEBUG;NET;NET9_0;NETCOREAPP;NET5_0_OR_GREATER;NET6_0_OR_GREATER;NET7_0_OR_GREATER;NET8_0_OR_GREATER;NET9_0_OR_GREATER;NETCOREAPP1_0_OR_GREATER;NETCOREAPP1_1_OR_GREATER;NETCOREAPP2_0_OR_GREATER;NETCOREAPP2_1_OR_GREATER;NETCOREAPP2_2_OR_GREATER;NETCOREAPP3_0_OR_GREATER;NETCOREAPP3_1_OR_GREATER" (önceki değer: "TRACE;DEBUG") konum: C:\Program Files\dotnet\sdk\10.0.100\Sdks\Microsoft.NET.Sdk\targets\Microsoft.NET.Sdk.BeforeCommon.targets (295,7) [C:\Users\mrkfk\OneDrive\Desktop\Projelerim\ECommerce\src\Core\ECommerce.Domain\ECommerce.Domain.csproj]
   3:6>"ECommerce.Application.csproj" projesinde "CheckForImplicitPackageReferenceOverrides" hedefini oluşturma tamamlandı.
   2:7>"ECommerce.Domain.csproj" projesinde "AddImplicitDefineConstants" hedefini oluşturma tamamlandı.
   3:6>"C:\Users\mrkfk\OneDrive\Desktop\Projelerim\ECommerce\src\Core\ECommerce.Application\ECommerce.Application.csproj" projesinin "C:\Program Files\dotnet\sdk\10.0.100\Sdks\Microsoft.NET.Sdk\targets\Microsoft.NET.Sdk.DefaultItems.Shared.targets" dosyasındaki "ApplyImplicitVersions" hedefi ("CollectPackageReferences" hedefi buna bağımlı):
   3:6>"C:\Program Files\dotnet\sdk\10.0.100\Sdks\Microsoft.NET.Sdk\targets\..\tools\net10.0\Microsoft.NET.Build.Tasks.dll" derlemesindeki "ApplyImplicitVersions" görevi kullanılıyor.
   2:7>"C:\Users\mrkfk\OneDrive\Desktop\Projelerim\ECommerce\src\Core\ECommerce.Domain\ECommerce.Domain.csproj" projesinin "C:\Program Files\dotnet\sdk\10.0.100\Sdks\Microsoft.NET.Sdk\targets\Microsoft.NET.GenerateGlobalUsings.targets" dosyasındaki "GenerateGlobalUsings" hedefi ("CoreBuild" hedefi buna bağımlı):
   2:7>"C:\Program Files\dotnet\sdk\10.0.100\Sdks\Microsoft.NET.Sdk\targets\..\tools\net10.0\Microsoft.NET.Build.Tasks.dll" derlemesindeki "GenerateGlobalUsings" görevi kullanılıyor.
   3:6>"ApplyImplicitVersions" görevi
   2:7>"GenerateGlobalUsings" görevi
       "GenerateGlobalUsings" görevini yürütme tamamlandı.
       "WriteLinesToFile" görevi
         İçerik değişmeyeceğinden "obj\Debug\net9.0\ECommerce.Domain.GlobalUsings.g.cs" dosyası üzerine yazma işlemi atlanacak.
       "WriteLinesToFile" görevini yürütme tamamlandı.
   2:7>"ECommerce.Domain.csproj" projesinde "GenerateGlobalUsings" hedefini oluşturma tamamlandı.
   2:7>"C:\Users\mrkfk\OneDrive\Desktop\Projelerim\ECommerce\src\Core\ECommerce.Domain\ECommerce.Domain.csproj" projesinin "C:\Program Files\dotnet\sdk\10.0.100\Microsoft.Common.CurrentVersion.targets" dosyasındaki "BeforeResolveReferences" hedefi ("ResolveReferences" hedefi buna bağımlı):
   2:7>"ECommerce.Domain.csproj" projesinde "BeforeResolveReferences" hedefini oluşturma tamamlandı.
   2:7>"C:\Users\mrkfk\OneDrive\Desktop\Projelerim\ECommerce\src\Core\ECommerce.Domain\ECommerce.Domain.csproj" projesinin "C:\Program Files\dotnet\sdk\10.0.100\Microsoft.Common.CurrentVersion.targets" dosyasındaki "IgnoreJavaScriptOutputAssembly" hedefi ("AssignProjectConfiguration" hedefi buna bağımlı):
   2:7>"ECommerce.Domain.csproj" projesinde "IgnoreJavaScriptOutputAssembly" hedefini oluşturma tamamlandı.
       "ProcessFrameworkReferences" hedefi atlandı. Önceden başarılı bir şekilde derlenmişti.
   2:7>"C:\Users\mrkfk\OneDrive\Desktop\Projelerim\ECommerce\src\Core\ECommerce.Domain\ECommerce.Domain.csproj" projesinin "C:\Program Files\dotnet\sdk\10.0.100\Sdks\Microsoft.NET.Sdk\targets\Microsoft.NET.Sdk.Shared.targets" dosyasındaki "_DefaultMicrosoftNETPlatformLibrary" hedefi ("ResolvePackageAssets" hedefi buna bağımlı):
   2:7>"ECommerce.Domain.csproj" projesinde "_DefaultMicrosoftNETPlatformLibrary" hedefini oluşturma tamamlandı.
   3:6>"ApplyImplicitVersions" görevini yürütme tamamlandı.
   2:7>"C:\Users\mrkfk\OneDrive\Desktop\Projelerim\ECommerce\src\Core\ECommerce.Domain\ECommerce.Domain.csproj" projesinin "C:\Program Files\dotnet\sdk\10.0.100\Sdks\Microsoft.NET.Sdk\targets\Microsoft.NET.Sdk.Shared.targets" dosyasındaki "_ComputePackageReferencePublish" hedefi ("ResolvePackageAssets" hedefi buna bağımlı):
   2:7>"ECommerce.Domain.csproj" projesinde "_ComputePackageReferencePublish" hedefini oluşturma tamamlandı.
   2:7>"C:\Users\mrkfk\OneDrive\Desktop\Projelerim\ECommerce\src\Core\ECommerce.Domain\ECommerce.Domain.csproj" projesinin "C:\Program Files\dotnet\sdk\10.0.100\Sdks\Microsoft.NET.Sdk\targets\Microsoft.PackageDependencyResolution.targets" dosyasındaki "ResolvePackageAssets" hedefi ("ResolveLockFileReferences" hedefi buna bağımlı):
       "C:\Program Files\dotnet\sdk\10.0.100\Sdks\Microsoft.NET.Sdk\targets\..\tools\net10.0\Microsoft.NET.Build.Tasks.dll" derlemesindeki "ResolvePackageAssets" görevi kullanılıyor.
       "ResolvePackageAssets" görevi
   3:6>"ECommerce.Application.csproj" projesinde "ApplyImplicitVersions" hedefini oluşturma tamamlandı.
       "CheckForImplicitPackageReferenceOverrides" hedefi atlandı. Önceden başarılı bir şekilde derlenmişti.
   3:6>"C:\Users\mrkfk\OneDrive\Desktop\Projelerim\ECommerce\src\Core\ECommerce.Application\ECommerce.Application.csproj" projesinin "C:\Program Files\dotnet\sdk\10.0.100\Sdks\Microsoft.NET.Sdk\targets\Microsoft.NET.Publish.targets" dosyasındaki "_ComputeToolPackInputsToProcessFrameworkReferences" hedefi ("ProcessFrameworkReferences" hedefi buna bağımlı):
   3:6>"ECommerce.Application.csproj" projesinde "_ComputeToolPackInputsToProcessFrameworkReferences" hedefini oluşturma tamamlandı.
   3:6>"C:\Users\mrkfk\OneDrive\Desktop\Projelerim\ECommerce\src\Core\ECommerce.Application\ECommerce.Application.csproj" projesinin "C:\Program Files\dotnet\sdk\10.0.100\Sdks\Microsoft.NET.Sdk\targets\Microsoft.NET.Sdk.FrameworkReferenceResolution.targets" dosyasındaki "ProcessFrameworkReferences" hedefi ("CollectPackageReferences" hedefi buna bağımlı):
       "C:\Program Files\dotnet\sdk\10.0.100\Sdks\Microsoft.NET.Sdk\targets\..\tools\net10.0\Microsoft.NET.Build.Tasks.dll" derlemesindeki "CheckForDuplicateFrameworkReferences" görevi kullanılıyor.
       "CheckForDuplicateFrameworkReferences" görevi
   2:7>"ResolvePackageAssets" görevini yürütme tamamlandı.
   2:7>"ECommerce.Domain.csproj" projesinde "ResolvePackageAssets" hedefini oluşturma tamamlandı.
   2:7>"C:\Users\mrkfk\OneDrive\Desktop\Projelerim\ECommerce\src\Core\ECommerce.Domain\ECommerce.Domain.csproj" projesinin "C:\Program Files\dotnet\sdk\10.0.100\Sdks\Microsoft.NET.Sdk\targets\Microsoft.PackageDependencyResolution.targets" dosyasındaki "ResolveLockFileReferences" hedefi ("ResolvePackageDependenciesForBuild" hedefi buna bağımlı):
       "C:\Program Files\dotnet\sdk\10.0.100\Sdks\Microsoft.NET.Sdk\targets\..\tools\net10.0\Microsoft.NET.Build.Tasks.dll" derlemesindeki "JoinItems" görevi kullanılıyor.
   3:6>"CheckForDuplicateFrameworkReferences" görevini yürütme tamamlandı.
   2:7>"JoinItems" görevi
       "JoinItems" görevini yürütme tamamlandı.
   2:7>"ECommerce.Domain.csproj" projesinde "ResolveLockFileReferences" hedefini oluşturma tamamlandı.
       "ResolvePackageAssets" hedefi atlandı. Önceden başarılı bir şekilde derlenmişti.
   2:7>"C:\Users\mrkfk\OneDrive\Desktop\Projelerim\ECommerce\src\Core\ECommerce.Domain\ECommerce.Domain.csproj" projesinin "C:\Program Files\dotnet\sdk\10.0.100\Sdks\Microsoft.NET.Sdk\targets\Microsoft.PackageDependencyResolution.targets" dosyasındaki "ResolveLockFileAnalyzers" hedefi ("ResolvePackageDependenciesForBuild" hedefi buna bağımlı):
   2:7>"ECommerce.Domain.csproj" projesinde "ResolveLockFileAnalyzers" hedefini oluşturma tamamlandı.
       "ResolvePackageAssets" hedefi atlandı. Önceden başarılı bir şekilde derlenmişti.
   3:6>ProcessFrameworkReferences:
       "C:\Program Files\dotnet\sdk\10.0.100\Sdks\Microsoft.NET.Sdk\targets\..\tools\net10.0\Microsoft.NET.Build.Tasks.dll" derlemesindeki "ProcessFrameworkReferences" görevi kullanılıyor.
       "ProcessFrameworkReferences" görevi
   2:7>"C:\Users\mrkfk\OneDrive\Desktop\Projelerim\ECommerce\src\Core\ECommerce.Domain\ECommerce.Domain.csproj" projesinin "C:\Program Files\dotnet\sdk\10.0.100\Sdks\Microsoft.NET.Sdk\targets\Microsoft.PackageDependencyResolution.targets" dosyasındaki "ResolveLockFileCopyLocalFiles" hedefi ("ResolvePackageDependenciesForBuild" hedefi buna bağımlı):
   2:7>"ECommerce.Domain.csproj" projesinde "ResolveLockFileCopyLocalFiles" hedefini oluşturma tamamlandı.
       "ResolvePackageAssets" hedefi atlandı. Önceden başarılı bir şekilde derlenmişti.
   2:7>"C:\Users\mrkfk\OneDrive\Desktop\Projelerim\ECommerce\src\Core\ECommerce.Domain\ECommerce.Domain.csproj" projesinin "C:\Program Files\dotnet\sdk\10.0.100\Sdks\Microsoft.NET.Sdk\targets\Microsoft.PackageDependencyResolution.targets" dosyasındaki "IncludeTransitiveProjectReferences" hedefi ("ResolvePackageDependenciesForBuild" hedefi buna bağımlı):
   2:7>"ECommerce.Domain.csproj" projesinde "IncludeTransitiveProjectReferences" hedefini oluşturma tamamlandı.
   2:7>"C:\Users\mrkfk\OneDrive\Desktop\Projelerim\ECommerce\src\Core\ECommerce.Domain\ECommerce.Domain.csproj" projesinin "C:\Program Files\dotnet\sdk\10.0.100\Sdks\Microsoft.NET.Sdk\targets\Microsoft.PackageDependencyResolution.targets" dosyasındaki "ResolvePackageDependenciesForBuild" hedefi ("AssignProjectConfiguration" hedefi buna bağımlı):
   2:7>"ECommerce.Domain.csproj" projesinde "ResolvePackageDependenciesForBuild" hedefini oluşturma tamamlandı.
   2:7>"C:\Users\mrkfk\OneDrive\Desktop\Projelerim\ECommerce\src\Core\ECommerce.Domain\ECommerce.Domain.csproj" projesinin "C:\Program Files\dotnet\sdk\10.0.100\Microsoft.Common.CurrentVersion.targets" dosyasındaki "_SplitProjectReferencesByFileExistence" hedefi ("PrepareProjectReferences" hedefi buna bağımlı):
   2:7>"ECommerce.Domain.csproj" projesinde "_SplitProjectReferencesByFileExistence" hedefini oluşturma tamamlandı.
   2:7>"C:\Users\mrkfk\OneDrive\Desktop\Projelerim\ECommerce\src\Core\ECommerce.Domain\ECommerce.Domain.csproj" projesinin "C:\Program Files\dotnet\sdk\10.0.100\Microsoft.Common.CurrentVersion.targets" dosyasındaki "_AddOutputPathToGlobalPropertiesToRemove" hedefi ("_GetProjectReferenceTargetFrameworkProperties" hedefi buna bağımlı):
   2:7>"ECommerce.Domain.csproj" projesinde "_AddOutputPathToGlobalPropertiesToRemove" hedefini oluşturma tamamlandı.
   2:7>"C:\Users\mrkfk\OneDrive\Desktop\Projelerim\ECommerce\src\Core\ECommerce.Domain\ECommerce.Domain.csproj" projesinin "C:\Program Files\dotnet\sdk\10.0.100\Microsoft.Common.CurrentVersion.targets" dosyasındaki "_GetProjectReferenceTargetFrameworkProperties" hedefi ("PrepareProjectReferences" hedefi buna bağımlı):
       "MSBuild" görevi
       "MSBuild" görevini yürütme tamamlandı.
       "SetRidAgnosticValueForProjects" görevi
       "SetRidAgnosticValueForProjects" görevini yürütme tamamlandı.
   2:7>"ECommerce.Domain.csproj" projesinde "_GetProjectReferenceTargetFrameworkProperties" hedefini oluşturma tamamlandı.
       "_CalculateIsVSTestTestProject" hedefi atlandı. Önceden başarılı bir şekilde derlenmişti.
   2:7>"C:\Users\mrkfk\OneDrive\Desktop\Projelerim\ECommerce\src\Core\ECommerce.Domain\ECommerce.Domain.csproj" projesinin "C:\Program Files\dotnet\sdk\10.0.100\Sdks\Microsoft.NET.Sdk\targets\Microsoft.NET.Sdk.targets" dosyasındaki "ValidateExecutableReferences" hedefi ("PrepareProjectReferences" hedefi buna bağımlı):
       "C:\Program Files\dotnet\sdk\10.0.100\Sdks\Microsoft.NET.Sdk\targets\..\tools\net10.0\Microsoft.NET.Build.Tasks.dll" derlemesindeki "ValidateExecutableReferences" görevi kullanılıyor.
       "ValidateExecutableReferences" görevi
       "ValidateExecutableReferences" görevini yürütme tamamlandı.
   2:7>"ECommerce.Domain.csproj" projesinde "ValidateExecutableReferences" hedefini oluşturma tamamlandı.
   2:7>"C:\Users\mrkfk\OneDrive\Desktop\Projelerim\ECommerce\src\Core\ECommerce.Domain\ECommerce.Domain.csproj" projesinin "C:\Program Files\dotnet\sdk\10.0.100\Microsoft.Common.CurrentVersion.targets" dosyasındaki "PrepareProjectReferences" hedefi ("ResolveProjectReferences" hedefi buna bağımlı):
   2:7>"ECommerce.Domain.csproj" projesinde "PrepareProjectReferences" hedefini oluşturma tamamlandı.
   2:7>"C:\Users\mrkfk\OneDrive\Desktop\Projelerim\ECommerce\src\Core\ECommerce.Domain\ECommerce.Domain.csproj" projesinin "C:\Program Files\dotnet\sdk\10.0.100\Microsoft.Common.CurrentVersion.targets" dosyasındaki "ResolveProjectReferences" hedefi ("ResolveReferences" hedefi buna bağımlı):
   2:7>"ECommerce.Domain.csproj" projesinde "ResolveProjectReferences" hedefini oluşturma tamamlandı.
       "ResolveProjectReferences" hedefi atlandı. Önceden başarılı bir şekilde derlenmişti.
       "GetFrameworkPaths" hedefi atlandı. Önceden başarılı bir şekilde derlenmişti.
       "GetReferenceAssemblyPaths" hedefi atlandı. Önceden başarılı bir şekilde derlenmişti.
       "PrepareForBuild" hedefi atlandı. Önceden başarılı bir şekilde derlenmişti.
   2:7>"C:\Users\mrkfk\OneDrive\Desktop\Projelerim\ECommerce\src\Core\ECommerce.Domain\ECommerce.Domain.csproj" projesinin "C:\Program Files\dotnet\sdk\10.0.100\Microsoft.Common.CurrentVersion.targets" dosyasındaki "ResolveSDKReferences" hedefi ("ResolveAssemblyReferences" hedefi buna bağımlı):
   2:7>"ECommerce.Domain.csproj" projesinde "ResolveSDKReferences" hedefini oluşturma tamamlandı.
       "ResolveSDKReferences" hedefi atlandı. Önceden başarılı bir şekilde derlenmişti.
   2:7>"C:\Users\mrkfk\OneDrive\Desktop\Projelerim\ECommerce\src\Core\ECommerce.Domain\ECommerce.Domain.csproj" projesinin "C:\Program Files\dotnet\sdk\10.0.100\Microsoft.Common.CurrentVersion.targets" dosyasındaki "ExpandSDKReferences" hedefi ("ResolveAssemblyReferences" hedefi buna bağımlı):
   2:7>"ECommerce.Domain.csproj" projesinde "ExpandSDKReferences" hedefini oluşturma tamamlandı.
       "ResolvePackageDependenciesForBuild" hedefi atlandı. Önceden başarılı bir şekilde derlenmişti.
       "GetFrameworkPaths" hedefi atlandı. Önceden başarılı bir şekilde derlenmişti.
       "GetReferenceAssemblyPaths" hedefi atlandı. Önceden başarılı bir şekilde derlenmişti.
       "ProcessFrameworkReferences" hedefi atlandı. Önceden başarılı bir şekilde derlenmişti.
       "ResolvePackageAssets" hedefi atlandı. Önceden başarılı bir şekilde derlenmişti.
   2:7>"C:\Users\mrkfk\OneDrive\Desktop\Projelerim\ECommerce\src\Core\ECommerce.Domain\ECommerce.Domain.csproj" projesinin "C:\Program Files\dotnet\sdk\10.0.100\Sdks\Microsoft.NET.Sdk\targets\Microsoft.NET.Sdk.FrameworkReferenceResolution.targets" dosyasındaki "ResolveFrameworkReferences" hedefi ("ResolveTargetingPackAssets" hedefi buna bağımlı):
       "C:\Program Files\dotnet\sdk\10.0.100\Sdks\Microsoft.NET.Sdk\targets\..\tools\net10.0\Microsoft.NET.Build.Tasks.dll" derlemesindeki "GetPackageDirectory" görevi kullanılıyor.
       "GetPackageDirectory" görevi
       "GetPackageDirectory" görevini yürütme tamamlandı.
       "GetPackageDirectory" görevi
       "GetPackageDirectory" görevini yürütme tamamlandı.
       "GetPackageDirectory" görevi
       "GetPackageDirectory" görevini yürütme tamamlandı.
       "GetPackageDirectory" görevi
       "GetPackageDirectory" görevini yürütme tamamlandı.
       "GetPackageDirectory" görevi
       "GetPackageDirectory" görevini yürütme tamamlandı.
       "GetPackageDirectory" görevi
       "GetPackageDirectory" görevini yürütme tamamlandı.
       "GetPackageDirectory" görevi
       "GetPackageDirectory" görevini yürütme tamamlandı.
       "GetPackageDirectory" görevi
       "GetPackageDirectory" görevini yürütme tamamlandı.
       "GetPackageDirectory" görevi
       "GetPackageDirectory" görevini yürütme tamamlandı.
       "GetPackageDirectory" görevi
       "GetPackageDirectory" görevini yürütme tamamlandı.
       "C:\Program Files\dotnet\sdk\10.0.100\Sdks\Microsoft.NET.Sdk\targets\..\tools\net10.0\Microsoft.NET.Build.Tasks.dll" derlemesindeki "ResolveFrameworkReferences" görevi kullanılıyor.
       "ResolveFrameworkReferences" görevi
       "ResolveFrameworkReferences" görevini yürütme tamamlandı.
   2:7>"ECommerce.Domain.csproj" projesinde "ResolveFrameworkReferences" hedefini oluşturma tamamlandı.
   2:7>"C:\Users\mrkfk\OneDrive\Desktop\Projelerim\ECommerce\src\Core\ECommerce.Domain\ECommerce.Domain.csproj" projesinin "C:\Program Files\dotnet\sdk\10.0.100\Sdks\Microsoft.NET.Sdk\targets\Microsoft.NET.Sdk.FrameworkReferenceResolution.targets" dosyasındaki "ResolveTargetingPackAssets" hedefi ("_HandlePackageFileConflicts" hedefi buna bağımlı):
       "C:\Program Files\dotnet\sdk\10.0.100\Sdks\Microsoft.NET.Sdk\targets\..\tools\net10.0\Microsoft.NET.Build.Tasks.dll" derlemesindeki "ResolveTargetingPackAssets" görevi kullanılıyor.
       "ResolveTargetingPackAssets" görevi
       "ResolveTargetingPackAssets" görevini yürütme tamamlandı.
   2:7>"ECommerce.Domain.csproj" projesinde "ResolveTargetingPackAssets" hedefini oluşturma tamamlandı.
   2:7>"C:\Users\mrkfk\OneDrive\Desktop\Projelerim\ECommerce\src\Core\ECommerce.Domain\ECommerce.Domain.csproj" projesinin "C:\Program Files\dotnet\sdk\10.0.100\Sdks\Microsoft.NET.Sdk\targets\Microsoft.NET.Sdk.FrameworkReferenceResolution.targets" dosyasındaki "ResolveOffByDefaultAnalyzers" hedefi ("_HandlePackageFileConflicts" hedefi buna bağımlı):
   2:7>"ECommerce.Domain.csproj" projesinde "ResolveOffByDefaultAnalyzers" hedefini oluşturma tamamlandı.
   2:7>"C:\Users\mrkfk\OneDrive\Desktop\Projelerim\ECommerce\src\Core\ECommerce.Domain\ECommerce.Domain.csproj" projesinin "C:\Program Files\dotnet\sdk\10.0.100\Sdks\Microsoft.NET.Sdk\targets\Microsoft.NET.ConflictResolution.targets" dosyasındaki "_HandlePackageFileConflicts" hedefi ("ResolveAssemblyReferences" hedefi buna bağımlı):
       "C:\Program Files\dotnet\sdk\10.0.100\Sdks\Microsoft.NET.Sdk\targets\..\tools\net10.0\Microsoft.NET.Build.Tasks.dll" derlemesindeki "ResolvePackageFileConflicts" görevi kullanılıyor.
   3:6>ProcessFrameworkReferences:
         Found 1 known framework references for target framework .NETCoreApp
         Found 5 known runtime packs for target framework .NETCoreApp
   2:7>"ResolvePackageFileConflicts" görevi
   3:6>ProcessFrameworkReferences:
         Selected Microsoft.NETCore.App with RIDs 'linux-arm;linux-arm64;linux-musl-arm64;linux-musl-x64;linux-x64;osx-x64;tizen.4.0.0-armel;tizen.5.0.0-armel;win-arm64;win-x64;win-x86;linux-musl-arm;osx-arm64;linux-s390x;linux-loongarch64;linux-bionic-arm;linux-bionic-arm64;linux-bionic-x64;linux-bionic-x86;linux-ppc64le;freebsd-x64;freebsd-arm64;linux-riscv64;linux-musl-riscv64;linux-musl-loongarch64'
         Selected targeting pack 'Microsoft.NETCore.App@9.0.11'
         Added runtime framework 'Microsoft.NETCore.App@9.0.0'
         Selected Microsoft.WindowsDesktop.App with RIDs 'win-x64;win-x86;win-arm64'
         Selected targeting pack 'Microsoft.WindowsDesktop.App@9.0.11'
         Added runtime framework 'Microsoft.WindowsDesktop.App@9.0.0'
         Selected Microsoft.WindowsDesktop.App with RIDs 'win-x64;win-x86;win-arm64'
         Selected targeting pack 'Microsoft.WindowsDesktop.App.WPF@9.0.11'
         Added runtime framework 'Microsoft.WindowsDesktop.App@9.0.0'
         Selected Microsoft.WindowsDesktop.App with RIDs 'win-x64;win-x86;win-arm64'
         Selected targeting pack 'Microsoft.WindowsDesktop.App.WindowsForms@9.0.11'
         Added runtime framework 'Microsoft.WindowsDesktop.App@9.0.0'
         Selected Microsoft.AspNetCore.App with RIDs 'win-x64;win-x86;osx-x64;linux-musl-x64;linux-musl-arm64;linux-x64;linux-arm;linux-arm64;linux-musl-arm;win-arm64;osx-arm64;linux-s390x;linux-loongarch64;linux-ppc64le;freebsd-x64;freebsd-arm64;linux-riscv64;linux-musl-riscv64;linux-loongarch64;linux-musl-loongarch64'
         Selected targeting pack 'Microsoft.AspNetCore.App@9.0.11'
         Added runtime framework 'Microsoft.AspNetCore.App@9.0.0'
       "ProcessFrameworkReferences" görevini yürütme tamamlandı.
       "C:\Program Files\dotnet\sdk\10.0.100\Sdks\Microsoft.NET.Sdk\targets\..\tools\net10.0\Microsoft.NET.Build.Tasks.dll" derlemesindeki "ResolveAppHosts" görevi kullanılıyor.
       "ResolveAppHosts" görevi
   2:7>_HandlePackageFileConflicts:
         'Platform:mscorlib.dll' ile 'Platform:mscorlib.dll' arasında çakışmayla karşılaşıldı. Eşit dosya ve bütünleştirilmiş kod sürümleri nedeniyle kazanan belirlenemedi.
         'Platform:Microsoft.VisualBasic.dll' ile 'Platform:Microsoft.VisualBasic.dll' arasında çakışmayla karşılaşıldı. Eşit dosya ve bütünleştirilmiş kod sürümleri nedeniyle kazanan belirlenemedi.
         'Platform:System.dll' ile 'Platform:System.dll' arasında çakışmayla karşılaşıldı. Eşit dosya ve bütünleştirilmiş kod sürümleri nedeniyle kazanan belirlenemedi.
         'Platform:System.ComponentModel.DataAnnotations.dll' ile 'Platform:System.ComponentModel.DataAnnotations.dll' arasında çakışmayla karşılaşıldı. Eşit dosya ve bütünleştirilmiş kod sürümleri nedeniyle kazanan belirlenemedi.
         'Platform:System.Configuration.dll' ile 'Platform:System.Configuration.dll' arasında çakışmayla karşılaşıldı. Eşit dosya ve bütünleştirilmiş kod sürümleri nedeniyle kazanan belirlenemedi.
         'Platform:System.Core.dll' ile 'Platform:System.Core.dll' arasında çakışmayla karşılaşıldı. Eşit dosya ve bütünleştirilmiş kod sürümleri nedeniyle kazanan belirlenemedi.
         'Platform:System.Data.dll' ile 'Platform:System.Data.dll' arasında çakışmayla karşılaşıldı. Eşit dosya ve bütünleştirilmiş kod sürümleri nedeniyle kazanan belirlenemedi.
         'Platform:System.Drawing.dll' ile 'Platform:System.Drawing.dll' arasında çakışmayla karşılaşıldı. Eşit dosya ve bütünleştirilmiş kod sürümleri nedeniyle kazanan belirlenemedi.
         'Platform:System.IO.Compression.FileSystem.dll' ile 'Platform:System.IO.Compression.FileSystem.dll' arasında çakışmayla karşılaşıldı. Eşit dosya ve bütünleştirilmiş kod sürümleri nedeniyle kazanan belirlenemedi.
         'Platform:System.Net.dll' ile 'Platform:System.Net.dll' arasında çakışmayla karşılaşıldı. Eşit dosya ve bütünleştirilmiş kod sürümleri nedeniyle kazanan belirlenemedi.
         'Platform:System.Numerics.dll' ile 'Platform:System.Numerics.dll' arasında çakışmayla karşılaşıldı. Eşit dosya ve bütünleştirilmiş kod sürümleri nedeniyle kazanan belirlenemedi.
         'Platform:System.Runtime.Serialization.dll' ile 'Platform:System.Runtime.Serialization.dll' arasında çakışmayla karşılaşıldı. Eşit dosya ve bütünleştirilmiş kod sürümleri nedeniyle kazanan belirlenemedi.
         'Platform:System.Security.dll' ile 'Platform:System.Security.dll' arasında çakışmayla karşılaşıldı. Eşit dosya ve bütünleştirilmiş kod sürümleri nedeniyle kazanan belirlenemedi.
         'Platform:System.ServiceProcess.dll' ile 'Platform:System.ServiceProcess.dll' arasında çakışmayla karşılaşıldı. Eşit dosya ve bütünleştirilmiş kod sürümleri nedeniyle kazanan belirlenemedi.
         'Platform:System.ServiceModel.Web.dll' ile 'Platform:System.ServiceModel.Web.dll' arasında çakışmayla karşılaşıldı. Eşit dosya ve bütünleştirilmiş kod sürümleri nedeniyle kazanan belirlenemedi.
         'Platform:System.Transactions.dll' ile 'Platform:System.Transactions.dll' arasında çakışmayla karşılaşıldı. Eşit dosya ve bütünleştirilmiş kod sürümleri nedeniyle kazanan belirlenemedi.
         'Platform:System.Web.dll' ile 'Platform:System.Web.dll' arasında çakışmayla karşılaşıldı. Eşit dosya ve bütünleştirilmiş kod sürümleri nedeniyle kazanan belirlenemedi.
         'Platform:System.Windows.dll' ile 'Platform:System.Windows.dll' arasında çakışmayla karşılaşıldı. Eşit dosya ve bütünleştirilmiş kod sürümleri nedeniyle kazanan belirlenemedi.
         'Platform:System.Xml.dll' ile 'Platform:System.Xml.dll' arasında çakışmayla karşılaşıldı. Eşit dosya ve bütünleştirilmiş kod sürümleri nedeniyle kazanan belirlenemedi.
         'Platform:System.Xml.Serialization.dll' ile 'Platform:System.Xml.Serialization.dll' arasında çakışmayla karşılaşıldı. Eşit dosya ve bütünleştirilmiş kod sürümleri nedeniyle kazanan belirlenemedi.
         'Platform:System.Xml.Linq.dll' ile 'Platform:System.Xml.Linq.dll' arasında çakışmayla karşılaşıldı. Eşit dosya ve bütünleştirilmiş kod sürümleri nedeniyle kazanan belirlenemedi.
         'Platform:WindowsBase.dll' ile 'Platform:WindowsBase.dll' arasında çakışmayla karşılaşıldı. Eşit dosya ve bütünleştirilmiş kod sürümleri nedeniyle kazanan belirlenemedi.
         'Platform:netstandard.dll' ile 'Platform:netstandard.dll' arasında çakışmayla karşılaşıldı. Eşit dosya ve bütünleştirilmiş kod sürümleri nedeniyle kazanan belirlenemedi.
         'Platform:System.Private.CoreLib.dll' ile 'Platform:System.Private.CoreLib.dll' arasında çakışmayla karşılaşıldı. Eşit dosya ve bütünleştirilmiş kod sürümleri nedeniyle kazanan belirlenemedi.
         'Platform:System.Private.DataContractSerialization.dll' ile 'Platform:System.Private.DataContractSerialization.dll' arasında çakışmayla karşılaşıldı. Eşit dosya ve bütünleştirilmiş kod sürümleri nedeniyle kazanan belirlenemedi.
         'Platform:System.Private.Uri.dll' ile 'Platform:System.Private.Uri.dll' arasında çakışmayla karşılaşıldı. Eşit dosya ve bütünleştirilmiş kod sürümleri nedeniyle kazanan belirlenemedi.
         'Platform:System.Private.Xml.dll' ile 'Platform:System.Private.Xml.dll' arasında çakışmayla karşılaşıldı. Eşit dosya ve bütünleştirilmiş kod sürümleri nedeniyle kazanan belirlenemedi.
   3:6>"ResolveAppHosts" görevini yürütme tamamlandı.
   2:7>_HandlePackageFileConflicts:
         'Platform:System.Private.Xml.Linq.dll' ile 'Platform:System.Private.Xml.Linq.dll' arasında çakışmayla karşılaşıldı. Eşit dosya ve bütünleştirilmiş kod sürümleri nedeniyle kazanan belirlenemedi.
         'Platform:mscordaccore_amd64_amd64_9.0.1125.51716.dll' ile 'Platform:mscordaccore_amd64_amd64_9.0.1125.51716.dll' arasında çakışmayla karşılaşıldı. Eşit dosya ve bütünleştirilmiş kod sürümleri nedeniyle kazanan belirlenemedi.
       "ResolvePackageFileConflicts" görevini yürütme tamamlandı.
   2:7>"ECommerce.Domain.csproj" projesinde "_HandlePackageFileConflicts" hedefini oluşturma tamamlandı.
       "ResolveTargetingPackAssets" hedefi atlandı. Önceden başarılı bir şekilde derlenmişti.
   3:6>"ECommerce.Application.csproj" projesinde "ProcessFrameworkReferences" hedefini oluşturma tamamlandı.
   2:7>"C:\Users\mrkfk\OneDrive\Desktop\Projelerim\ECommerce\src\Core\ECommerce.Domain\ECommerce.Domain.csproj" projesinin "C:\Program Files\dotnet\sdk\10.0.100\Microsoft.Common.CurrentVersion.targets" dosyasındaki "ResolveAssemblyReferences" hedefi ("ResolveReferences" hedefi buna bağımlı):
   2:7>"Microsoft.Build.Tasks.Core, Version=15.1.0.0, Culture=neutral, PublicKeyToken=b03f5f7f11d50a3a" derlemesindeki "ResolveAssemblyReference" görevi kullanılıyor.
   3:6>"C:\Users\mrkfk\OneDrive\Desktop\Projelerim\ECommerce\src\Core\ECommerce.Application\ECommerce.Application.csproj" projesinin "C:\Program Files\dotnet\sdk\10.0.100\Sdks\Microsoft.NET.Sdk\targets\Microsoft.NET.ObsoleteReferences.targets" dosyasındaki "_CheckForObsoleteDotNetCliToolReferences" hedefi ("CollectPackageReferences" hedefi buna bağımlı):
   3:6>"ECommerce.Application.csproj" projesinde "_CheckForObsoleteDotNetCliToolReferences" hedefini oluşturma tamamlandı.
   2:7>"ResolveAssemblyReference" görevi
   3:6>"C:\Users\mrkfk\OneDrive\Desktop\Projelerim\ECommerce\src\Core\ECommerce.Application\ECommerce.Application.csproj" projesinin "C:\Program Files\dotnet\sdk\10.0.100\NuGet.targets" dosyasındaki "CollectPackageReferences" hedefi ("_GetRestoreProjectStyle" hedefi buna bağımlı):
   3:6>"C:\Program Files\dotnet\sdk\10.0.100\NuGet.Build.Tasks.dll" derlemesindeki "CheckForDuplicateNuGetItemsTask" görevi kullanılıyor.
       "CheckForDuplicateNuGetItemsTask" görevi
       "CheckForDuplicateNuGetItemsTask" görevini yürütme tamamlandı.
   3:6>"ECommerce.Application.csproj" projesinde "CollectPackageReferences" hedefini oluşturma tamamlandı.
   3:6>"C:\Users\mrkfk\OneDrive\Desktop\Projelerim\ECommerce\src\Core\ECommerce.Application\ECommerce.Application.csproj" projesinin "C:\Program Files\dotnet\sdk\10.0.100\NuGet.targets" dosyasındaki "_GetRestoreProjectStyle" hedefi ("EnableIntermediateOutputPathMismatchWarning" hedefi buna bağımlı):
       "C:\Program Files\dotnet\sdk\10.0.100\NuGet.Build.Tasks.dll" derlemesindeki "GetRestoreProjectStyleTask" görevi kullanılıyor.
       "GetRestoreProjectStyleTask" görevi
       "GetRestoreProjectStyleTask" görevini yürütme tamamlandı.
   3:6>"ECommerce.Application.csproj" projesinde "_GetRestoreProjectStyle" hedefini oluşturma tamamlandı.
   3:6>"C:\Users\mrkfk\OneDrive\Desktop\Projelerim\ECommerce\src\Core\ECommerce.Application\ECommerce.Application.csproj" projesinin "C:\Program Files\dotnet\sdk\10.0.100\NuGet.targets" dosyasındaki "EnableIntermediateOutputPathMismatchWarning" hedefi ("_CheckForInvalidConfigurationAndPlatform" hedefi buna bağımlı):
   3:6>"ECommerce.Application.csproj" projesinde "EnableIntermediateOutputPathMismatchWarning" hedefini oluşturma tamamlandı.
       "ApplyImplicitVersions" hedefi atlandı. Önceden başarılı bir şekilde derlenmişti.
       "CheckForImplicitPackageReferenceOverrides" hedefi atlandı. Önceden başarılı bir şekilde derlenmişti.
   2:7>ResolveAssemblyReferences:
         TargetFrameworkMoniker:
             .NETCoreApp,Version=v9.0
         TargetFrameworkMonikerDisplayName:
             .NET 9.0
         TargetedRuntimeVersion:
   3:6>"C:\Users\mrkfk\OneDrive\Desktop\Projelerim\ECommerce\src\Core\ECommerce.Application\ECommerce.Application.csproj" projesinin "C:\Program Files\dotnet\sdk\10.0.100\Sdks\Microsoft.NET.Sdk\targets\Microsoft.NET.Sdk.DefaultItems.Shared.targets" dosyasındaki "CheckForDuplicateItems" hedefi ("_CheckForInvalidConfigurationAndPlatform" hedefi buna bağımlı):
   3:6>"C:\Program Files\dotnet\sdk\10.0.100\Sdks\Microsoft.NET.Sdk\targets\..\tools\net10.0\Microsoft.NET.Build.Tasks.dll" derlemesindeki "CheckForDuplicateItems" görevi kullanılıyor.
       "CheckForDuplicateItems" görevi
   2:7>ResolveAssemblyReferences:
             
         Assemblies:
             C:\Users\mrkfk\.nuget\packages\microsoft.netcore.app.ref\9.0.11\ref/net9.0/Microsoft.CSharp.dll
                 Private = 'false'
             C:\Users\mrkfk\.nuget\packages\microsoft.netcore.app.ref\9.0.11\ref/net9.0/Microsoft.VisualBasic.Core.dll
                 Private = 'false'
             C:\Users\mrkfk\.nuget\packages\microsoft.netcore.app.ref\9.0.11\ref/net9.0/Microsoft.VisualBasic.dll
                 Private = 'false'
             C:\Users\mrkfk\.nuget\packages\microsoft.netcore.app.ref\9.0.11\ref/net9.0/Microsoft.Win32.Primitives.dll
                 Private = 'false'
             C:\Users\mrkfk\.nuget\packages\microsoft.netcore.app.ref\9.0.11\ref/net9.0/Microsoft.Win32.Registry.dll
                 Private = 'false'
   3:6>"CheckForDuplicateItems" görevini yürütme tamamlandı.
   2:7>ResolveAssemblyReferences:
             C:\Users\mrkfk\.nuget\packages\microsoft.netcore.app.ref\9.0.11\ref/net9.0/System.AppContext.dll
                 Private = 'false'
   3:6>"CheckForDuplicateItems" görevi
   2:7>ResolveAssemblyReferences:
             C:\Users\mrkfk\.nuget\packages\microsoft.netcore.app.ref\9.0.11\ref/net9.0/System.Buffers.dll
                 Private = 'false'
             C:\Users\mrkfk\.nuget\packages\microsoft.netcore.app.ref\9.0.11\ref/net9.0/System.Collections.Concurrent.dll
                 Private = 'false'
             C:\Users\mrkfk\.nuget\packages\microsoft.netcore.app.ref\9.0.11\ref/net9.0/System.Collections.Immutable.dll
                 Private = 'false'
             C:\Users\mrkfk\.nuget\packages\microsoft.netcore.app.ref\9.0.11\ref/net9.0/System.Collections.NonGeneric.dll
                 Private = 'false'
             C:\Users\mrkfk\.nuget\packages\microsoft.netcore.app.ref\9.0.11\ref/net9.0/System.Collections.Specialized.dll
                 Private = 'false'
             C:\Users\mrkfk\.nuget\packages\microsoft.netcore.app.ref\9.0.11\ref/net9.0/System.Collections.dll
                 Private = 'false'
             C:\Users\mrkfk\.nuget\packages\microsoft.netcore.app.ref\9.0.11\ref/net9.0/System.ComponentModel.Annotations.dll
                 Private = 'false'
             C:\Users\mrkfk\.nuget\packages\microsoft.netcore.app.ref\9.0.11\ref/net9.0/System.ComponentModel.DataAnnotations.dll
                 Private = 'false'
             C:\Users\mrkfk\.nuget\packages\microsoft.netcore.app.ref\9.0.11\ref/net9.0/System.ComponentModel.EventBasedAsync.dll
                 Private = 'false'
             C:\Users\mrkfk\.nuget\packages\microsoft.netcore.app.ref\9.0.11\ref/net9.0/System.ComponentModel.Primitives.dll
                 Private = 'false'
             C:\Users\mrkfk\.nuget\packages\microsoft.netcore.app.ref\9.0.11\ref/net9.0/System.ComponentModel.TypeConverter.dll
                 Private = 'false'
   3:6>"CheckForDuplicateItems" görevini yürütme tamamlandı.
   2:7>ResolveAssemblyReferences:
             C:\Users\mrkfk\.nuget\packages\microsoft.netcore.app.ref\9.0.11\ref/net9.0/System.ComponentModel.dll
   3:6>"CheckForDuplicateItems" görevi
   2:7>ResolveAssemblyReferences:
                 Private = 'false'
             C:\Users\mrkfk\.nuget\packages\microsoft.netcore.app.ref\9.0.11\ref/net9.0/System.Configuration.dll
                 Private = 'false'
             C:\Users\mrkfk\.nuget\packages\microsoft.netcore.app.ref\9.0.11\ref/net9.0/System.Console.dll
                 Private = 'false'
             C:\Users\mrkfk\.nuget\packages\microsoft.netcore.app.ref\9.0.11\ref/net9.0/System.Core.dll
                 Private = 'false'
             C:\Users\mrkfk\.nuget\packages\microsoft.netcore.app.ref\9.0.11\ref/net9.0/System.Data.Common.dll
                 Private = 'false'
             C:\Users\mrkfk\.nuget\packages\microsoft.netcore.app.ref\9.0.11\ref/net9.0/System.Data.DataSetExtensions.dll
                 Private = 'false'
             C:\Users\mrkfk\.nuget\packages\microsoft.netcore.app.ref\9.0.11\ref/net9.0/System.Data.dll
                 Private = 'false'
             C:\Users\mrkfk\.nuget\packages\microsoft.netcore.app.ref\9.0.11\ref/net9.0/System.Diagnostics.Contracts.dll
                 Private = 'false'
             C:\Users\mrkfk\.nuget\packages\microsoft.netcore.app.ref\9.0.11\ref/net9.0/System.Diagnostics.Debug.dll
                 Private = 'false'
             C:\Users\mrkfk\.nuget\packages\microsoft.netcore.app.ref\9.0.11\ref/net9.0/System.Diagnostics.DiagnosticSource.dll
                 Private = 'false'
             C:\Users\mrkfk\.nuget\packages\microsoft.netcore.app.ref\9.0.11\ref/net9.0/System.Diagnostics.FileVersionInfo.dll
                 Private = 'false'
             C:\Users\mrkfk\.nuget\packages\microsoft.netcore.app.ref\9.0.11\ref/net9.0/System.Diagnostics.Process.dll
   3:6>"CheckForDuplicateItems" görevini yürütme tamamlandı.
   2:7>ResolveAssemblyReferences:
                 Private = 'false'
             C:\Users\mrkfk\.nuget\packages\microsoft.netcore.app.ref\9.0.11\ref/net9.0/System.Diagnostics.StackTrace.dll
   3:6>"ECommerce.Application.csproj" projesinde "CheckForDuplicateItems" hedefini oluşturma tamamlandı.
   2:7>ResolveAssemblyReferences:
                 Private = 'false'
             C:\Users\mrkfk\.nuget\packages\microsoft.netcore.app.ref\9.0.11\ref/net9.0/System.Diagnostics.TextWriterTraceListener.dll
                 Private = 'false'
   3:6>"ProcessFrameworkReferences" hedefi atlandı. Önceden başarılı bir şekilde derlenmişti.
   2:7>ResolveAssemblyReferences:
             C:\Users\mrkfk\.nuget\packages\microsoft.netcore.app.ref\9.0.11\ref/net9.0/System.Diagnostics.Tools.dll
                 Private = 'false'
             C:\Users\mrkfk\.nuget\packages\microsoft.netcore.app.ref\9.0.11\ref/net9.0/System.Diagnostics.TraceSource.dll
   3:6>"C:\Users\mrkfk\OneDrive\Desktop\Projelerim\ECommerce\src\Core\ECommerce.Application\ECommerce.Application.csproj" projesinin "C:\Program Files\dotnet\sdk\10.0.100\Microsoft.Common.CurrentVersion.targets" dosyasındaki "_CheckForInvalidConfigurationAndPlatform" hedefi ("BeforeBuild" hedefi buna bağımlı):
   3:6>"Message" görevi
   2:7>ResolveAssemblyReferences:
                 Private = 'false'
             C:\Users\mrkfk\.nuget\packages\microsoft.netcore.app.ref\9.0.11\ref/net9.0/System.Diagnostics.Tracing.dll
                 Private = 'false'
   3:6>_CheckForInvalidConfigurationAndPlatform:
         Configuration=Debug
       "Message" görevini yürütme tamamlandı.
       "Message" görevi
   2:7>ResolveAssemblyReferences:
             C:\Users\mrkfk\.nuget\packages\microsoft.netcore.app.ref\9.0.11\ref/net9.0/System.Drawing.Primitives.dll
                 Private = 'false'
   3:6>_CheckForInvalidConfigurationAndPlatform:
         Platform=AnyCPU
       "Message" görevini yürütme tamamlandı.
   2:7>ResolveAssemblyReferences:
             C:\Users\mrkfk\.nuget\packages\microsoft.netcore.app.ref\9.0.11\ref/net9.0/System.Drawing.dll
                 Private = 'false'
   3:6>"ECommerce.Application.csproj" projesinde "_CheckForInvalidConfigurationAndPlatform" hedefini oluşturma tamamlandı.
   2:7>ResolveAssemblyReferences:
             C:\Users\mrkfk\.nuget\packages\microsoft.netcore.app.ref\9.0.11\ref/net9.0/System.Dynamic.Runtime.dll
   3:6>"C:\Users\mrkfk\OneDrive\Desktop\Projelerim\ECommerce\src\Core\ECommerce.Application\ECommerce.Application.csproj" projesinin "C:\Program Files\dotnet\sdk\10.0.100\Sdks\Microsoft.NET.Sdk\targets\Microsoft.NET.Sdk.targets" dosyasındaki "ValidateCommandLineProperties" hedefi ("BeforeBuild" hedefi buna bağımlı):
   3:6>"ECommerce.Application.csproj" projesinde "ValidateCommandLineProperties" hedefini oluşturma tamamlandı.
   2:7>ResolveAssemblyReferences:
                 Private = 'false'
   3:6>"C:\Users\mrkfk\OneDrive\Desktop\Projelerim\ECommerce\src\Core\ECommerce.Application\ECommerce.Application.csproj" projesinin "C:\Program Files\dotnet\sdk\10.0.100\Microsoft.Common.CurrentVersion.targets" dosyasındaki "BeforeBuild" hedefi ("Build" hedefi buna bağımlı):
   3:6>"ECommerce.Application.csproj" projesinde "BeforeBuild" hedefini oluşturma tamamlandı.
   3:6>"C:\Users\mrkfk\OneDrive\Desktop\Projelerim\ECommerce\src\Core\ECommerce.Application\ECommerce.Application.csproj" projesinin "C:\Program Files\dotnet\sdk\10.0.100\Microsoft.Common.CurrentVersion.targets" dosyasındaki "BuildOnlySettings" hedefi ("CoreBuild" hedefi buna bağımlı):
       C:\Program Files\dotnet\sdk\10.0.100\Microsoft.Common.CurrentVersion.targets(1168,7): message : Özellik yeniden ataması: $(BuildingProject)="true" (önceki değer: "false") konum: C:\Program Files\dotnet\sdk\10.0.100\Microsoft.Common.CurrentVersion.targets (1168,7) [C:\Users\mrkfk\OneDrive\Desktop\Projelerim\ECommerce\src\Core\ECommerce.Application\ECommerce.Application.csproj]
   2:7>ResolveAssemblyReferences:
             C:\Users\mrkfk\.nuget\packages\microsoft.netcore.app.ref\9.0.11\ref/net9.0/System.Formats.Asn1.dll
   3:6>"ECommerce.Application.csproj" projesinde "BuildOnlySettings" hedefini oluşturma tamamlandı.
   3:6>"C:\Users\mrkfk\OneDrive\Desktop\Projelerim\ECommerce\src\Core\ECommerce.Application\ECommerce.Application.csproj" projesinin "C:\Program Files\dotnet\sdk\10.0.100\Sdks\Microsoft.NET.Sdk\targets\Microsoft.NET.DisableStandardFrameworkResolution.targets" dosyasındaki "GetFrameworkPaths" hedefi ("PrepareForBuild" hedefi buna bağımlı):
   3:6>"ECommerce.Application.csproj" projesinde "GetFrameworkPaths" hedefini oluşturma tamamlandı.
   3:6>"C:\Users\mrkfk\OneDrive\Desktop\Projelerim\ECommerce\src\Core\ECommerce.Application\ECommerce.Application.csproj" projesinin "C:\Program Files\dotnet\sdk\10.0.100\Sdks\Microsoft.NET.Sdk\targets\Microsoft.NET.DisableStandardFrameworkResolution.targets" dosyasındaki "GetReferenceAssemblyPaths" hedefi ("PrepareForBuild" hedefi buna bağımlı):
   3:6>"ECommerce.Application.csproj" projesinde "GetReferenceAssemblyPaths" hedefini oluşturma tamamlandı.
   2:7>ResolveAssemblyReferences:
                 Private = 'false'
             C:\Users\mrkfk\.nuget\packages\microsoft.netcore.app.ref\9.0.11\ref/net9.0/System.Formats.Tar.dll
                 Private = 'false'
             C:\Users\mrkfk\.nuget\packages\microsoft.netcore.app.ref\9.0.11\ref/net9.0/System.Globalization.Calendars.dll
                 Private = 'false'
             C:\Users\mrkfk\.nuget\packages\microsoft.netcore.app.ref\9.0.11\ref/net9.0/System.Globalization.Extensions.dll
                 Private = 'false'
             C:\Users\mrkfk\.nuget\packages\microsoft.netcore.app.ref\9.0.11\ref/net9.0/System.Globalization.dll
                 Private = 'false'
             C:\Users\mrkfk\.nuget\packages\microsoft.netcore.app.ref\9.0.11\ref/net9.0/System.IO.Compression.Brotli.dll
                 Private = 'false'
   3:6>"C:\Users\mrkfk\OneDrive\Desktop\Projelerim\ECommerce\src\Core\ECommerce.Application\ECommerce.Application.csproj" projesinin "C:\Program Files\dotnet\sdk\10.0.100\Microsoft.Common.CurrentVersion.targets" dosyasındaki "PrepareForBuild" hedefi ("CoreBuild" hedefi buna bağımlı):
   3:6>"Microsoft.Build.Tasks.Core, Version=15.1.0.0, Culture=neutral, PublicKeyToken=b03f5f7f11d50a3a" derlemesindeki "FindAppConfigFile" görevi kullanılıyor.
       "FindAppConfigFile" görevi
   2:7>ResolveAssemblyReferences:
             C:\Users\mrkfk\.nuget\packages\microsoft.netcore.app.ref\9.0.11\ref/net9.0/System.IO.Compression.FileSystem.dll
                 Private = 'false'
             C:\Users\mrkfk\.nuget\packages\microsoft.netcore.app.ref\9.0.11\ref/net9.0/System.IO.Compression.ZipFile.dll
                 Private = 'false'
             C:\Users\mrkfk\.nuget\packages\microsoft.netcore.app.ref\9.0.11\ref/net9.0/System.IO.Compression.dll
                 Private = 'false'
             C:\Users\mrkfk\.nuget\packages\microsoft.netcore.app.ref\9.0.11\ref/net9.0/System.IO.FileSystem.AccessControl.dll
                 Private = 'false'
             C:\Users\mrkfk\.nuget\packages\microsoft.netcore.app.ref\9.0.11\ref/net9.0/System.IO.FileSystem.DriveInfo.dll
                 Private = 'false'
   3:6>"FindAppConfigFile" görevini yürütme tamamlandı.
   2:7>ResolveAssemblyReferences:
             C:\Users\mrkfk\.nuget\packages\microsoft.netcore.app.ref\9.0.11\ref/net9.0/System.IO.FileSystem.Primitives.dll
                 Private = 'false'
             C:\Users\mrkfk\.nuget\packages\microsoft.netcore.app.ref\9.0.11\ref/net9.0/System.IO.FileSystem.Watcher.dll
                 Private = 'false'
             C:\Users\mrkfk\.nuget\packages\microsoft.netcore.app.ref\9.0.11\ref/net9.0/System.IO.FileSystem.dll
                 Private = 'false'
             C:\Users\mrkfk\.nuget\packages\microsoft.netcore.app.ref\9.0.11\ref/net9.0/System.IO.IsolatedStorage.dll
                 Private = 'false'
             C:\Users\mrkfk\.nuget\packages\microsoft.netcore.app.ref\9.0.11\ref/net9.0/System.IO.MemoryMappedFiles.dll
                 Private = 'false'
   3:6>PrepareForBuild:
       "Microsoft.Build.Tasks.Core, Version=15.1.0.0, Culture=neutral, PublicKeyToken=b03f5f7f11d50a3a" derlemesindeki "MakeDir" görevi kullanılıyor.
       "MakeDir" görevi
   2:7>ResolveAssemblyReferences:
             C:\Users\mrkfk\.nuget\packages\microsoft.netcore.app.ref\9.0.11\ref/net9.0/System.IO.Pipelines.dll
                 Private = 'false'
             C:\Users\mrkfk\.nuget\packages\microsoft.netcore.app.ref\9.0.11\ref/net9.0/System.IO.Pipes.AccessControl.dll
                 Private = 'false'
             C:\Users\mrkfk\.nuget\packages\microsoft.netcore.app.ref\9.0.11\ref/net9.0/System.IO.Pipes.dll
                 Private = 'false'
             C:\Users\mrkfk\.nuget\packages\microsoft.netcore.app.ref\9.0.11\ref/net9.0/System.IO.UnmanagedMemoryStream.dll
                 Private = 'false'
             C:\Users\mrkfk\.nuget\packages\microsoft.netcore.app.ref\9.0.11\ref/net9.0/System.IO.dll
                 Private = 'false'
             C:\Users\mrkfk\.nuget\packages\microsoft.netcore.app.ref\9.0.11\ref/net9.0/System.Linq.Expressions.dll
                 Private = 'false'
             C:\Users\mrkfk\.nuget\packages\microsoft.netcore.app.ref\9.0.11\ref/net9.0/System.Linq.Parallel.dll
                 Private = 'false'
             C:\Users\mrkfk\.nuget\packages\microsoft.netcore.app.ref\9.0.11\ref/net9.0/System.Linq.Queryable.dll
                 Private = 'false'
             C:\Users\mrkfk\.nuget\packages\microsoft.netcore.app.ref\9.0.11\ref/net9.0/System.Linq.dll
                 Private = 'false'
             C:\Users\mrkfk\.nuget\packages\microsoft.netcore.app.ref\9.0.11\ref/net9.0/System.Memory.dll
                 Private = 'false'
             C:\Users\mrkfk\.nuget\packages\microsoft.netcore.app.ref\9.0.11\ref/net9.0/System.Net.Http.Json.dll
                 Private = 'false'
             C:\Users\mrkfk\.nuget\packages\microsoft.netcore.app.ref\9.0.11\ref/net9.0/System.Net.Http.dll
                 Private = 'false'
             C:\Users\mrkfk\.nuget\packages\microsoft.netcore.app.ref\9.0.11\ref/net9.0/System.Net.HttpListener.dll
                 Private = 'false'
             C:\Users\mrkfk\.nuget\packages\microsoft.netcore.app.ref\9.0.11\ref/net9.0/System.Net.Mail.dll
                 Private = 'false'
             C:\Users\mrkfk\.nuget\packages\microsoft.netcore.app.ref\9.0.11\ref/net9.0/System.Net.NameResolution.dll
                 Private = 'false'
             C:\Users\mrkfk\.nuget\packages\microsoft.netcore.app.ref\9.0.11\ref/net9.0/System.Net.NetworkInformation.dll
                 Private = 'false'
             C:\Users\mrkfk\.nuget\packages\microsoft.netcore.app.ref\9.0.11\ref/net9.0/System.Net.Ping.dll
                 Private = 'false'
             C:\Users\mrkfk\.nuget\packages\microsoft.netcore.app.ref\9.0.11\ref/net9.0/System.Net.Primitives.dll
                 Private = 'false'
             C:\Users\mrkfk\.nuget\packages\microsoft.netcore.app.ref\9.0.11\ref/net9.0/System.Net.Quic.dll
                 Private = 'false'
             C:\Users\mrkfk\.nuget\packages\microsoft.netcore.app.ref\9.0.11\ref/net9.0/System.Net.Requests.dll
                 Private = 'false'
             C:\Users\mrkfk\.nuget\packages\microsoft.netcore.app.ref\9.0.11\ref/net9.0/System.Net.Security.dll
                 Private = 'false'
             C:\Users\mrkfk\.nuget\packages\microsoft.netcore.app.ref\9.0.11\ref/net9.0/System.Net.ServicePoint.dll
                 Private = 'false'
             C:\Users\mrkfk\.nuget\packages\microsoft.netcore.app.ref\9.0.11\ref/net9.0/System.Net.Sockets.dll
                 Private = 'false'
             C:\Users\mrkfk\.nuget\packages\microsoft.netcore.app.ref\9.0.11\ref/net9.0/System.Net.WebClient.dll
                 Private = 'false'
             C:\Users\mrkfk\.nuget\packages\microsoft.netcore.app.ref\9.0.11\ref/net9.0/System.Net.WebHeaderCollection.dll
                 Private = 'false'
             C:\Users\mrkfk\.nuget\packages\microsoft.netcore.app.ref\9.0.11\ref/net9.0/System.Net.WebProxy.dll
                 Private = 'false'
             C:\Users\mrkfk\.nuget\packages\microsoft.netcore.app.ref\9.0.11\ref/net9.0/System.Net.WebSockets.Client.dll
                 Private = 'false'
             C:\Users\mrkfk\.nuget\packages\microsoft.netcore.app.ref\9.0.11\ref/net9.0/System.Net.WebSockets.dll
                 Private = 'false'
             C:\Users\mrkfk\.nuget\packages\microsoft.netcore.app.ref\9.0.11\ref/net9.0/System.Net.dll
                 Private = 'false'
             C:\Users\mrkfk\.nuget\packages\microsoft.netcore.app.ref\9.0.11\ref/net9.0/System.Numerics.Vectors.dll
                 Private = 'false'
             C:\Users\mrkfk\.nuget\packages\microsoft.netcore.app.ref\9.0.11\ref/net9.0/System.Numerics.dll
   3:6>"MakeDir" görevini yürütme tamamlandı.
   3:6>"ECommerce.Application.csproj" projesinde "PrepareForBuild" hedefini oluşturma tamamlandı.
   2:7>ResolveAssemblyReferences:
                 Private = 'false'
             C:\Users\mrkfk\.nuget\packages\microsoft.netcore.app.ref\9.0.11\ref/net9.0/System.ObjectModel.dll
                 Private = 'false'
             C:\Users\mrkfk\.nuget\packages\microsoft.netcore.app.ref\9.0.11\ref/net9.0/System.Reflection.DispatchProxy.dll
                 Private = 'false'
             C:\Users\mrkfk\.nuget\packages\microsoft.netcore.app.ref\9.0.11\ref/net9.0/System.Reflection.Emit.ILGeneration.dll
                 Private = 'false'
             C:\Users\mrkfk\.nuget\packages\microsoft.netcore.app.ref\9.0.11\ref/net9.0/System.Reflection.Emit.Lightweight.dll
                 Private = 'false'
             C:\Users\mrkfk\.nuget\packages\microsoft.netcore.app.ref\9.0.11\ref/net9.0/System.Reflection.Emit.dll
                 Private = 'false'
             C:\Users\mrkfk\.nuget\packages\microsoft.netcore.app.ref\9.0.11\ref/net9.0/System.Reflection.Extensions.dll
                 Private = 'false'
             C:\Users\mrkfk\.nuget\packages\microsoft.netcore.app.ref\9.0.11\ref/net9.0/System.Reflection.Metadata.dll
   3:6>"C:\Users\mrkfk\OneDrive\Desktop\Projelerim\ECommerce\src\Core\ECommerce.Application\ECommerce.Application.csproj" projesinin "C:\Program Files\dotnet\sdk\10.0.100\Sdks\Microsoft.NET.Sdk\targets\Microsoft.NET.Sdk.BeforeCommon.targets" dosyasındaki "GenerateTargetFrameworkDefineConstants" hedefi ("AddImplicitDefineConstants" hedefi buna bağımlı):
   3:6>"ECommerce.Application.csproj" projesinde "GenerateTargetFrameworkDefineConstants" hedefini oluşturma tamamlandı.
   2:7>ResolveAssemblyReferences:
                 Private = 'false'
             C:\Users\mrkfk\.nuget\packages\microsoft.netcore.app.ref\9.0.11\ref/net9.0/System.Reflection.Primitives.dll
                 Private = 'false'
             C:\Users\mrkfk\.nuget\packages\microsoft.netcore.app.ref\9.0.11\ref/net9.0/System.Reflection.TypeExtensions.dll
                 Private = 'false'
             C:\Users\mrkfk\.nuget\packages\microsoft.netcore.app.ref\9.0.11\ref/net9.0/System.Reflection.dll
                 Private = 'false'
             C:\Users\mrkfk\.nuget\packages\microsoft.netcore.app.ref\9.0.11\ref/net9.0/System.Resources.Reader.dll
                 Private = 'false'
             C:\Users\mrkfk\.nuget\packages\microsoft.netcore.app.ref\9.0.11\ref/net9.0/System.Resources.ResourceManager.dll
                 Private = 'false'
             C:\Users\mrkfk\.nuget\packages\microsoft.netcore.app.ref\9.0.11\ref/net9.0/System.Resources.Writer.dll
                 Private = 'false'
             C:\Users\mrkfk\.nuget\packages\microsoft.netcore.app.ref\9.0.11\ref/net9.0/System.Runtime.CompilerServices.Unsafe.dll
                 Private = 'false'
             C:\Users\mrkfk\.nuget\packages\microsoft.netcore.app.ref\9.0.11\ref/net9.0/System.Runtime.CompilerServices.VisualC.dll
   3:6>"C:\Users\mrkfk\OneDrive\Desktop\Projelerim\ECommerce\src\Core\ECommerce.Application\ECommerce.Application.csproj" projesinin "C:\Program Files\dotnet\sdk\10.0.100\Sdks\Microsoft.NET.Sdk\targets\Microsoft.NET.Sdk.BeforeCommon.targets" dosyasındaki "GenerateNETCompatibleDefineConstants" hedefi ("AddImplicitDefineConstants" hedefi buna bağımlı):
   3:6>"ECommerce.Application.csproj" projesinde "GenerateNETCompatibleDefineConstants" hedefini oluşturma tamamlandı.
   3:6>"C:\Users\mrkfk\OneDrive\Desktop\Projelerim\ECommerce\src\Core\ECommerce.Application\ECommerce.Application.csproj" projesinin "C:\Program Files\dotnet\sdk\10.0.100\Sdks\Microsoft.NET.Sdk\targets\Microsoft.NET.Sdk.BeforeCommon.targets" dosyasındaki "AddImplicitDefineConstants" hedefi ("CoreBuild" hedefi buna bağımlı):
       C:\Program Files\dotnet\sdk\10.0.100\Sdks\Microsoft.NET.Sdk\targets\Microsoft.NET.Sdk.BeforeCommon.targets(295,7): message : Özellik yeniden ataması: $(DefineConstants)="TRACE;DEBUG;NET;NET9_0;NETCOREAPP;NET5_0_OR_GREATER;NET6_0_OR_GREATER;NET7_0_OR_GREATER;NET8_0_OR_GREATER;NET9_0_OR_GREATER;NETCOREAPP1_0_OR_GREATER;NETCOREAPP1_1_OR_GREATER;NETCOREAPP2_0_OR_GREATER;NETCOREAPP2_1_OR_GREATER;NETCOREAPP2_2_OR_GREATER;NETCOREAPP3_0_OR_GREATER;NETCOREAPP3_1_OR_GREATER" (önceki değer: "TRACE;DEBUG") konum: C:\Program Files\dotnet\sdk\10.0.100\Sdks\Microsoft.NET.Sdk\targets\Microsoft.NET.Sdk.BeforeCommon.targets (295,7) [C:\Users\mrkfk\OneDrive\Desktop\Projelerim\ECommerce\src\Core\ECommerce.Application\ECommerce.Application.csproj]
   3:6>"ECommerce.Application.csproj" projesinde "AddImplicitDefineConstants" hedefini oluşturma tamamlandı.
   3:6>"C:\Users\mrkfk\OneDrive\Desktop\Projelerim\ECommerce\src\Core\ECommerce.Application\ECommerce.Application.csproj" projesinin "C:\Program Files\dotnet\sdk\10.0.100\Sdks\Microsoft.NET.Sdk\targets\Microsoft.NET.GenerateGlobalUsings.targets" dosyasındaki "GenerateGlobalUsings" hedefi ("CoreBuild" hedefi buna bağımlı):
       "C:\Program Files\dotnet\sdk\10.0.100\Sdks\Microsoft.NET.Sdk\targets\..\tools\net10.0\Microsoft.NET.Build.Tasks.dll" derlemesindeki "GenerateGlobalUsings" görevi kullanılıyor.
       "GenerateGlobalUsings" görevi
   2:7>ResolveAssemblyReferences:
                 Private = 'false'
             C:\Users\mrkfk\.nuget\packages\microsoft.netcore.app.ref\9.0.11\ref/net9.0/System.Runtime.Extensions.dll
                 Private = 'false'
             C:\Users\mrkfk\.nuget\packages\microsoft.netcore.app.ref\9.0.11\ref/net9.0/System.Runtime.Handles.dll
                 Private = 'false'
             C:\Users\mrkfk\.nuget\packages\microsoft.netcore.app.ref\9.0.11\ref/net9.0/System.Runtime.InteropServices.JavaScript.dll
                 Private = 'false'
             C:\Users\mrkfk\.nuget\packages\microsoft.netcore.app.ref\9.0.11\ref/net9.0/System.Runtime.InteropServices.RuntimeInformation.dll
                 Private = 'false'
             C:\Users\mrkfk\.nuget\packages\microsoft.netcore.app.ref\9.0.11\ref/net9.0/System.Runtime.InteropServices.dll
                 Private = 'false'
             C:\Users\mrkfk\.nuget\packages\microsoft.netcore.app.ref\9.0.11\ref/net9.0/System.Runtime.Intrinsics.dll
                 Private = 'false'
             C:\Users\mrkfk\.nuget\packages\microsoft.netcore.app.ref\9.0.11\ref/net9.0/System.Runtime.Loader.dll
                 Private = 'false'
             C:\Users\mrkfk\.nuget\packages\microsoft.netcore.app.ref\9.0.11\ref/net9.0/System.Runtime.Numerics.dll
                 Private = 'false'
             C:\Users\mrkfk\.nuget\packages\microsoft.netcore.app.ref\9.0.11\ref/net9.0/System.Runtime.Serialization.Formatters.dll
                 Private = 'false'
             C:\Users\mrkfk\.nuget\packages\microsoft.netcore.app.ref\9.0.11\ref/net9.0/System.Runtime.Serialization.Json.dll
                 Private = 'false'
             C:\Users\mrkfk\.nuget\packages\microsoft.netcore.app.ref\9.0.11\ref/net9.0/System.Runtime.Serialization.Primitives.dll
                 Private = 'false'
             C:\Users\mrkfk\.nuget\packages\microsoft.netcore.app.ref\9.0.11\ref/net9.0/System.Runtime.Serialization.Xml.dll
                 Private = 'false'
             C:\Users\mrkfk\.nuget\packages\microsoft.netcore.app.ref\9.0.11\ref/net9.0/System.Runtime.Serialization.dll
                 Private = 'false'
             C:\Users\mrkfk\.nuget\packages\microsoft.netcore.app.ref\9.0.11\ref/net9.0/System.Runtime.dll
                 Private = 'false'
             C:\Users\mrkfk\.nuget\packages\microsoft.netcore.app.ref\9.0.11\ref/net9.0/System.Security.AccessControl.dll
                 Private = 'false'
             C:\Users\mrkfk\.nuget\packages\microsoft.netcore.app.ref\9.0.11\ref/net9.0/System.Security.Claims.dll
                 Private = 'false'
             C:\Users\mrkfk\.nuget\packages\microsoft.netcore.app.ref\9.0.11\ref/net9.0/System.Security.Cryptography.Algorithms.dll
                 Private = 'false'
             C:\Users\mrkfk\.nuget\packages\microsoft.netcore.app.ref\9.0.11\ref/net9.0/System.Security.Cryptography.Cng.dll
                 Private = 'false'
             C:\Users\mrkfk\.nuget\packages\microsoft.netcore.app.ref\9.0.11\ref/net9.0/System.Security.Cryptography.Csp.dll
                 Private = 'false'
             C:\Users\mrkfk\.nuget\packages\microsoft.netcore.app.ref\9.0.11\ref/net9.0/System.Security.Cryptography.Encoding.dll
                 Private = 'false'
             C:\Users\mrkfk\.nuget\packages\microsoft.netcore.app.ref\9.0.11\ref/net9.0/System.Security.Cryptography.OpenSsl.dll
                 Private = 'false'
             C:\Users\mrkfk\.nuget\packages\microsoft.netcore.app.ref\9.0.11\ref/net9.0/System.Security.Cryptography.Primitives.dll
                 Private = 'false'
             C:\Users\mrkfk\.nuget\packages\microsoft.netcore.app.ref\9.0.11\ref/net9.0/System.Security.Cryptography.X509Certificates.dll
                 Private = 'false'
             C:\Users\mrkfk\.nuget\packages\microsoft.netcore.app.ref\9.0.11\ref/net9.0/System.Security.Cryptography.dll
                 Private = 'false'
             C:\Users\mrkfk\.nuget\packages\microsoft.netcore.app.ref\9.0.11\ref/net9.0/System.Security.Principal.Windows.dll
                 Private = 'false'
             C:\Users\mrkfk\.nuget\packages\microsoft.netcore.app.ref\9.0.11\ref/net9.0/System.Security.Principal.dll
                 Private = 'false'
             C:\Users\mrkfk\.nuget\packages\microsoft.netcore.app.ref\9.0.11\ref/net9.0/System.Security.SecureString.dll
                 Private = 'false'
             C:\Users\mrkfk\.nuget\packages\microsoft.netcore.app.ref\9.0.11\ref/net9.0/System.Security.dll
                 Private = 'false'
             C:\Users\mrkfk\.nuget\packages\microsoft.netcore.app.ref\9.0.11\ref/net9.0/System.ServiceModel.Web.dll
                 Private = 'false'
             C:\Users\mrkfk\.nuget\packages\microsoft.netcore.app.ref\9.0.11\ref/net9.0/System.ServiceProcess.dll
                 Private = 'false'
             C:\Users\mrkfk\.nuget\packages\microsoft.netcore.app.ref\9.0.11\ref/net9.0/System.Text.Encoding.CodePages.dll
                 Private = 'false'
             C:\Users\mrkfk\.nuget\packages\microsoft.netcore.app.ref\9.0.11\ref/net9.0/System.Text.Encoding.Extensions.dll
                 Private = 'false'
             C:\Users\mrkfk\.nuget\packages\microsoft.netcore.app.ref\9.0.11\ref/net9.0/System.Text.Encoding.dll
                 Private = 'false'
             C:\Users\mrkfk\.nuget\packages\microsoft.netcore.app.ref\9.0.11\ref/net9.0/System.Text.Encodings.Web.dll
                 Private = 'false'
             C:\Users\mrkfk\.nuget\packages\microsoft.netcore.app.ref\9.0.11\ref/net9.0/System.Text.Json.dll
                 Private = 'false'
             C:\Users\mrkfk\.nuget\packages\microsoft.netcore.app.ref\9.0.11\ref/net9.0/System.Text.RegularExpressions.dll
                 Private = 'false'
             C:\Users\mrkfk\.nuget\packages\microsoft.netcore.app.ref\9.0.11\ref/net9.0/System.Threading.Channels.dll
                 Private = 'false'
             C:\Users\mrkfk\.nuget\packages\microsoft.netcore.app.ref\9.0.11\ref/net9.0/System.Threading.Overlapped.dll
                 Private = 'false'
             C:\Users\mrkfk\.nuget\packages\microsoft.netcore.app.ref\9.0.11\ref/net9.0/System.Threading.Tasks.Dataflow.dll
                 Private = 'false'
             C:\Users\mrkfk\.nuget\packages\microsoft.netcore.app.ref\9.0.11\ref/net9.0/System.Threading.Tasks.Extensions.dll
                 Private = 'false'
             C:\Users\mrkfk\.nuget\packages\microsoft.netcore.app.ref\9.0.11\ref/net9.0/System.Threading.Tasks.Parallel.dll
                 Private = 'false'
             C:\Users\mrkfk\.nuget\packages\microsoft.netcore.app.ref\9.0.11\ref/net9.0/System.Threading.Tasks.dll
                 Private = 'false'
             C:\Users\mrkfk\.nuget\packages\microsoft.netcore.app.ref\9.0.11\ref/net9.0/System.Threading.Thread.dll
                 Private = 'false'
             C:\Users\mrkfk\.nuget\packages\microsoft.netcore.app.ref\9.0.11\ref/net9.0/System.Threading.ThreadPool.dll
                 Private = 'false'
             C:\Users\mrkfk\.nuget\packages\microsoft.netcore.app.ref\9.0.11\ref/net9.0/System.Threading.Timer.dll
                 Private = 'false'
             C:\Users\mrkfk\.nuget\packages\microsoft.netcore.app.ref\9.0.11\ref/net9.0/System.Threading.dll
                 Private = 'false'
   3:6>"GenerateGlobalUsings" görevini yürütme tamamlandı.
   2:7>ResolveAssemblyReferences:
             C:\Users\mrkfk\.nuget\packages\microsoft.netcore.app.ref\9.0.11\ref/net9.0/System.Transactions.Local.dll
                 Private = 'false'
             C:\Users\mrkfk\.nuget\packages\microsoft.netcore.app.ref\9.0.11\ref/net9.0/System.Transactions.dll
                 Private = 'false'
             C:\Users\mrkfk\.nuget\packages\microsoft.netcore.app.ref\9.0.11\ref/net9.0/System.ValueTuple.dll
                 Private = 'false'
             C:\Users\mrkfk\.nuget\packages\microsoft.netcore.app.ref\9.0.11\ref/net9.0/System.Web.HttpUtility.dll
                 Private = 'false'
             C:\Users\mrkfk\.nuget\packages\microsoft.netcore.app.ref\9.0.11\ref/net9.0/System.Web.dll
                 Private = 'false'
             C:\Users\mrkfk\.nuget\packages\microsoft.netcore.app.ref\9.0.11\ref/net9.0/System.Windows.dll
                 Private = 'false'
             C:\Users\mrkfk\.nuget\packages\microsoft.netcore.app.ref\9.0.11\ref/net9.0/System.Xml.Linq.dll
                 Private = 'false'
             C:\Users\mrkfk\.nuget\packages\microsoft.netcore.app.ref\9.0.11\ref/net9.0/System.Xml.ReaderWriter.dll
   3:6>GenerateGlobalUsings:
       "Microsoft.Build.Tasks.Core, Version=15.1.0.0, Culture=neutral, PublicKeyToken=b03f5f7f11d50a3a" derlemesindeki "WriteLinesToFile" görevi kullanılıyor.
       "WriteLinesToFile" görevi
   2:7>ResolveAssemblyReferences:
                 Private = 'false'
             C:\Users\mrkfk\.nuget\packages\microsoft.netcore.app.ref\9.0.11\ref/net9.0/System.Xml.Serialization.dll
                 Private = 'false'
             C:\Users\mrkfk\.nuget\packages\microsoft.netcore.app.ref\9.0.11\ref/net9.0/System.Xml.XDocument.dll
                 Private = 'false'
             C:\Users\mrkfk\.nuget\packages\microsoft.netcore.app.ref\9.0.11\ref/net9.0/System.Xml.XPath.XDocument.dll
                 Private = 'false'
             C:\Users\mrkfk\.nuget\packages\microsoft.netcore.app.ref\9.0.11\ref/net9.0/System.Xml.XPath.dll
                 Private = 'false'
             C:\Users\mrkfk\.nuget\packages\microsoft.netcore.app.ref\9.0.11\ref/net9.0/System.Xml.XmlDocument.dll
                 Private = 'false'
             C:\Users\mrkfk\.nuget\packages\microsoft.netcore.app.ref\9.0.11\ref/net9.0/System.Xml.XmlSerializer.dll
                 Private = 'false'
             C:\Users\mrkfk\.nuget\packages\microsoft.netcore.app.ref\9.0.11\ref/net9.0/System.Xml.dll
                 Private = 'false'
             C:\Users\mrkfk\.nuget\packages\microsoft.netcore.app.ref\9.0.11\ref/net9.0/System.dll
                 Private = 'false'
             C:\Users\mrkfk\.nuget\packages\microsoft.netcore.app.ref\9.0.11\ref/net9.0/WindowsBase.dll
                 Private = 'false'
             C:\Users\mrkfk\.nuget\packages\microsoft.netcore.app.ref\9.0.11\ref/net9.0/mscorlib.dll
                 Private = 'false'
             C:\Users\mrkfk\.nuget\packages\microsoft.netcore.app.ref\9.0.11\ref/net9.0/netstandard.dll
                 Private = 'false'
         AssemblyFiles:
         CandidateAssemblyFiles:
         TargetFrameworkDirectories:
             
         NonCultureResourceDirectories:
             
         InstalledAssemblyTables:
         IgnoreInstalledAssemblyTable:
             False
         SearchPaths:
             {CandidateAssemblyFiles}
             {HintPathFromItem}
             {TargetFrameworkDirectory}
             {RawFileName}
         AllowedAssemblyExtensions:
             .winmd
             .dll
             .exe
         AllowedRelatedFileExtensions:
   3:6>GenerateGlobalUsings:
         İçerik değişmeyeceğinden "obj\Debug\net9.0\ECommerce.Application.GlobalUsings.g.cs" dosyası üzerine yazma işlemi atlanacak.
       "WriteLinesToFile" görevini yürütme tamamlandı.
   2:7>ResolveAssemblyReferences:
             .pdb
             .xml
   3:6>"ECommerce.Application.csproj" projesinde "GenerateGlobalUsings" hedefini oluşturma tamamlandı.
   2:7>ResolveAssemblyReferences:
             .pri
             .dll.config
             .exe.config
         AppConfigFile:
             
   3:6>"C:\Users\mrkfk\OneDrive\Desktop\Projelerim\ECommerce\src\Core\ECommerce.Application\ECommerce.Application.csproj" projesinin "C:\Program Files\dotnet\sdk\10.0.100\Microsoft.Common.CurrentVersion.targets" dosyasındaki "BeforeResolveReferences" hedefi ("ResolveReferences" hedefi buna bağımlı):
   3:6>"ECommerce.Application.csproj" projesinde "BeforeResolveReferences" hedefini oluşturma tamamlandı.
   2:7>ResolveAssemblyReferences:
         AutoUnify:
             True
         EnableCustomCulture:
   3:6>"C:\Users\mrkfk\OneDrive\Desktop\Projelerim\ECommerce\src\Core\ECommerce.Application\ECommerce.Application.csproj" projesinin "C:\Program Files\dotnet\sdk\10.0.100\Microsoft.Common.CurrentVersion.targets" dosyasındaki "IgnoreJavaScriptOutputAssembly" hedefi ("AssignProjectConfiguration" hedefi buna bağımlı):
   3:6>"ECommerce.Application.csproj" projesinde "IgnoreJavaScriptOutputAssembly" hedefini oluşturma tamamlandı.
   2:7>ResolveAssemblyReferences:
             False
   3:6>"ProcessFrameworkReferences" hedefi atlandı. Önceden başarılı bir şekilde derlenmişti.
   2:7>ResolveAssemblyReferences:
         EnableCustomCulture:
   3:6>"C:\Users\mrkfk\OneDrive\Desktop\Projelerim\ECommerce\src\Core\ECommerce.Application\ECommerce.Application.csproj" projesinin "C:\Program Files\dotnet\sdk\10.0.100\Sdks\Microsoft.NET.Sdk\targets\Microsoft.NET.Sdk.Shared.targets" dosyasındaki "_DefaultMicrosoftNETPlatformLibrary" hedefi ("ResolvePackageAssets" hedefi buna bağımlı):
   3:6>"ECommerce.Application.csproj" projesinde "_DefaultMicrosoftNETPlatformLibrary" hedefini oluşturma tamamlandı.
   2:7>ResolveAssemblyReferences:
             False
         CopyLocalDependenciesWhenParentReferenceInGac:
             True
   3:6>"C:\Users\mrkfk\OneDrive\Desktop\Projelerim\ECommerce\src\Core\ECommerce.Application\ECommerce.Application.csproj" projesinin "C:\Program Files\dotnet\sdk\10.0.100\Sdks\Microsoft.NET.Sdk\targets\Microsoft.NET.Sdk.Shared.targets" dosyasındaki "_ComputePackageReferencePublish" hedefi ("ResolvePackageAssets" hedefi buna bağımlı):
   3:6>"ECommerce.Application.csproj" projesinde "_ComputePackageReferencePublish" hedefini oluşturma tamamlandı.
   2:7>ResolveAssemblyReferences:
         FindDependencies:
             True
         TargetProcessorArchitecture:
             msil
         StateFile:
             obj\Debug\net9.0\ECommerce.Domain.csproj.AssemblyReference.cache
         InstalledAssemblySubsetTables:
         IgnoreInstalledAssemblySubsetTable:
             False
         TargetFrameworkSubsets:
         FullTargetFrameworkSubsetNames:
             Full
         ProfileName:
             
         FullFrameworkFolders:
         LatestTargetFrameworkDirectories:
         ProfileTablesLocation:
         Birincil başvuru: "Microsoft.CSharp, Version=9.0.0.0, Culture=neutral, PublicKeyToken=b03f5f7f11d50a3a".
             Çözümlenmiş dosya yolu: "C:\Users\mrkfk\.nuget\packages\microsoft.netcore.app.ref\9.0.11\ref\net9.0\Microsoft.CSharp.dll".
             Başvuru, "{RawFileName}" arama yolu konumunda bulundu.
   3:6>"C:\Users\mrkfk\OneDrive\Desktop\Projelerim\ECommerce\src\Core\ECommerce.Application\ECommerce.Application.csproj" projesinin "C:\Program Files\dotnet\sdk\10.0.100\Sdks\Microsoft.NET.Sdk\targets\Microsoft.PackageDependencyResolution.targets" dosyasındaki "ResolvePackageAssets" hedefi ("ResolveLockFileReferences" hedefi buna bağımlı):
   3:6>"C:\Program Files\dotnet\sdk\10.0.100\Sdks\Microsoft.NET.Sdk\targets\..\tools\net10.0\Microsoft.NET.Build.Tasks.dll" derlemesindeki "ResolvePackageAssets" görevi kullanılıyor.
       "ResolvePackageAssets" görevi
   2:7>ResolveAssemblyReferences:
             En az bir kaynak öğesi için "Private" "false" olarak ayarlanmış olduğundan ve "Private", herhangi bir kaynak öğesi için "true" olarak ayarlanmış olmadığından bu başvuru "CopyLocal" değildir.
         Birincil başvuru: "Microsoft.VisualBasic.Core, Version=14.0.0.0, Culture=neutral, PublicKeyToken=b03f5f7f11d50a3a".
             Çözümlenmiş dosya yolu: "C:\Users\mrkfk\.nuget\packages\microsoft.netcore.app.ref\9.0.11\ref\net9.0\Microsoft.VisualBasic.Core.dll".
             Başvuru, "{RawFileName}" arama yolu konumunda bulundu.
             En az bir kaynak öğesi için "Private" "false" olarak ayarlanmış olduğundan ve "Private", herhangi bir kaynak öğesi için "true" olarak ayarlanmış olmadığından bu başvuru "CopyLocal" değildir.
         Birincil başvuru: "Microsoft.VisualBasic, Version=10.0.0.0, Culture=neutral, PublicKeyToken=b03f5f7f11d50a3a".
             Çözümlenmiş dosya yolu: "C:\Users\mrkfk\.nuget\packages\microsoft.netcore.app.ref\9.0.11\ref\net9.0\Microsoft.VisualBasic.dll".
             Başvuru, "{RawFileName}" arama yolu konumunda bulundu.
             En az bir kaynak öğesi için "Private" "false" olarak ayarlanmış olduğundan ve "Private", herhangi bir kaynak öğesi için "true" olarak ayarlanmış olmadığından bu başvuru "CopyLocal" değildir.
         Birincil başvuru: "Microsoft.Win32.Primitives, Version=9.0.0.0, Culture=neutral, PublicKeyToken=b03f5f7f11d50a3a".
             Çözümlenmiş dosya yolu: "C:\Users\mrkfk\.nuget\packages\microsoft.netcore.app.ref\9.0.11\ref\net9.0\Microsoft.Win32.Primitives.dll".
             Başvuru, "{RawFileName}" arama yolu konumunda bulundu.
             En az bir kaynak öğesi için "Private" "false" olarak ayarlanmış olduğundan ve "Private", herhangi bir kaynak öğesi için "true" olarak ayarlanmış olmadığından bu başvuru "CopyLocal" değildir.
         Birincil başvuru: "Microsoft.Win32.Registry, Version=9.0.0.0, Culture=neutral, PublicKeyToken=b03f5f7f11d50a3a".
             Çözümlenmiş dosya yolu: "C:\Users\mrkfk\.nuget\packages\microsoft.netcore.app.ref\9.0.11\ref\net9.0\Microsoft.Win32.Registry.dll".
             Başvuru, "{RawFileName}" arama yolu konumunda bulundu.
             En az bir kaynak öğesi için "Private" "false" olarak ayarlanmış olduğundan ve "Private", herhangi bir kaynak öğesi için "true" olarak ayarlanmış olmadığından bu başvuru "CopyLocal" değildir.
         Birincil başvuru: "System.AppContext, Version=9.0.0.0, Culture=neutral, PublicKeyToken=b03f5f7f11d50a3a".
             Çözümlenmiş dosya yolu: "C:\Users\mrkfk\.nuget\packages\microsoft.netcore.app.ref\9.0.11\ref\net9.0\System.AppContext.dll".
             Başvuru, "{RawFileName}" arama yolu konumunda bulundu.
             En az bir kaynak öğesi için "Private" "false" olarak ayarlanmış olduğundan ve "Private", herhangi bir kaynak öğesi için "true" olarak ayarlanmış olmadığından bu başvuru "CopyLocal" değildir.
         Birincil başvuru: "System.Buffers, Version=9.0.0.0, Culture=neutral, PublicKeyToken=cc7b13ffcd2ddd51".
             Çözümlenmiş dosya yolu: "C:\Users\mrkfk\.nuget\packages\microsoft.netcore.app.ref\9.0.11\ref\net9.0\System.Buffers.dll".
             Başvuru, "{RawFileName}" arama yolu konumunda bulundu.
             En az bir kaynak öğesi için "Private" "false" olarak ayarlanmış olduğundan ve "Private", herhangi bir kaynak öğesi için "true" olarak ayarlanmış olmadığından bu başvuru "CopyLocal" değildir.
         Birincil başvuru: "System.Collections.Concurrent, Version=9.0.0.0, Culture=neutral, PublicKeyToken=b03f5f7f11d50a3a".
             Çözümlenmiş dosya yolu: "C:\Users\mrkfk\.nuget\packages\microsoft.netcore.app.ref\9.0.11\ref\net9.0\System.Collections.Concurrent.dll".
             Başvuru, "{RawFileName}" arama yolu konumunda bulundu.
             En az bir kaynak öğesi için "Private" "false" olarak ayarlanmış olduğundan ve "Private", herhangi bir kaynak öğesi için "true" olarak ayarlanmış olmadığından bu başvuru "CopyLocal" değildir.
         Birincil başvuru: "System.Collections.Immutable, Version=9.0.0.0, Culture=neutral, PublicKeyToken=b03f5f7f11d50a3a".
             Çözümlenmiş dosya yolu: "C:\Users\mrkfk\.nuget\packages\microsoft.netcore.app.ref\9.0.11\ref\net9.0\System.Collections.Immutable.dll".
             Başvuru, "{RawFileName}" arama yolu konumunda bulundu.
             En az bir kaynak öğesi için "Private" "false" olarak ayarlanmış olduğundan ve "Private", herhangi bir kaynak öğesi için "true" olarak ayarlanmış olmadığından bu başvuru "CopyLocal" değildir.
         Birincil başvuru: "System.Collections.NonGeneric, Version=9.0.0.0, Culture=neutral, PublicKeyToken=b03f5f7f11d50a3a".
             Çözümlenmiş dosya yolu: "C:\Users\mrkfk\.nuget\packages\microsoft.netcore.app.ref\9.0.11\ref\net9.0\System.Collections.NonGeneric.dll".
             Başvuru, "{RawFileName}" arama yolu konumunda bulundu.
             En az bir kaynak öğesi için "Private" "false" olarak ayarlanmış olduğundan ve "Private", herhangi bir kaynak öğesi için "true" olarak ayarlanmış olmadığından bu başvuru "CopyLocal" değildir.
         Birincil başvuru: "System.Collections.Specialized, Version=9.0.0.0, Culture=neutral, PublicKeyToken=b03f5f7f11d50a3a".
             Çözümlenmiş dosya yolu: "C:\Users\mrkfk\.nuget\packages\microsoft.netcore.app.ref\9.0.11\ref\net9.0\System.Collections.Specialized.dll".
             Başvuru, "{RawFileName}" arama yolu konumunda bulundu.
             En az bir kaynak öğesi için "Private" "false" olarak ayarlanmış olduğundan ve "Private", herhangi bir kaynak öğesi için "true" olarak ayarlanmış olmadığından bu başvuru "CopyLocal" değildir.
         Birincil başvuru: "System.Collections, Version=9.0.0.0, Culture=neutral, PublicKeyToken=b03f5f7f11d50a3a".
             Çözümlenmiş dosya yolu: "C:\Users\mrkfk\.nuget\packages\microsoft.netcore.app.ref\9.0.11\ref\net9.0\System.Collections.dll".
             Başvuru, "{RawFileName}" arama yolu konumunda bulundu.
             En az bir kaynak öğesi için "Private" "false" olarak ayarlanmış olduğundan ve "Private", herhangi bir kaynak öğesi için "true" olarak ayarlanmış olmadığından bu başvuru "CopyLocal" değildir.
         Birincil başvuru: "System.ComponentModel.Annotations, Version=9.0.0.0, Culture=neutral, PublicKeyToken=b03f5f7f11d50a3a".
             Çözümlenmiş dosya yolu: "C:\Users\mrkfk\.nuget\packages\microsoft.netcore.app.ref\9.0.11\ref\net9.0\System.ComponentModel.Annotations.dll".
             Başvuru, "{RawFileName}" arama yolu konumunda bulundu.
             En az bir kaynak öğesi için "Private" "false" olarak ayarlanmış olduğundan ve "Private", herhangi bir kaynak öğesi için "true" olarak ayarlanmış olmadığından bu başvuru "CopyLocal" değildir.
         Birincil başvuru: "System.ComponentModel.DataAnnotations, Version=4.0.0.0, Culture=neutral, PublicKeyToken=31bf3856ad364e35".
             Çözümlenmiş dosya yolu: "C:\Users\mrkfk\.nuget\packages\microsoft.netcore.app.ref\9.0.11\ref\net9.0\System.ComponentModel.DataAnnotations.dll".
             Başvuru, "{RawFileName}" arama yolu konumunda bulundu.
             En az bir kaynak öğesi için "Private" "false" olarak ayarlanmış olduğundan ve "Private", herhangi bir kaynak öğesi için "true" olarak ayarlanmış olmadığından bu başvuru "CopyLocal" değildir.
         Birincil başvuru: "System.ComponentModel.EventBasedAsync, Version=9.0.0.0, Culture=neutral, PublicKeyToken=b03f5f7f11d50a3a".
             Çözümlenmiş dosya yolu: "C:\Users\mrkfk\.nuget\packages\microsoft.netcore.app.ref\9.0.11\ref\net9.0\System.ComponentModel.EventBasedAsync.dll".
             Başvuru, "{RawFileName}" arama yolu konumunda bulundu.
             En az bir kaynak öğesi için "Private" "false" olarak ayarlanmış olduğundan ve "Private", herhangi bir kaynak öğesi için "true" olarak ayarlanmış olmadığından bu başvuru "CopyLocal" değildir.
         Birincil başvuru: "System.ComponentModel.Primitives, Version=9.0.0.0, Culture=neutral, PublicKeyToken=b03f5f7f11d50a3a".
             Çözümlenmiş dosya yolu: "C:\Users\mrkfk\.nuget\packages\microsoft.netcore.app.ref\9.0.11\ref\net9.0\System.ComponentModel.Primitives.dll".
   3:6>"ResolvePackageAssets" görevini yürütme tamamlandı.
   2:7>ResolveAssemblyReferences:
             Başvuru, "{RawFileName}" arama yolu konumunda bulundu.
             En az bir kaynak öğesi için "Private" "false" olarak ayarlanmış olduğundan ve "Private", herhangi bir kaynak öğesi için "true" olarak ayarlanmış olmadığından bu başvuru "CopyLocal" değildir.
         Birincil başvuru: "System.ComponentModel.TypeConverter, Version=9.0.0.0, Culture=neutral, PublicKeyToken=b03f5f7f11d50a3a".
             Çözümlenmiş dosya yolu: "C:\Users\mrkfk\.nuget\packages\microsoft.netcore.app.ref\9.0.11\ref\net9.0\System.ComponentModel.TypeConverter.dll".
             Başvuru, "{RawFileName}" arama yolu konumunda bulundu.
   3:6>"ECommerce.Application.csproj" projesinde "ResolvePackageAssets" hedefini oluşturma tamamlandı.
   2:7>ResolveAssemblyReferences:
             En az bir kaynak öğesi için "Private" "false" olarak ayarlanmış olduğundan ve "Private", herhangi bir kaynak öğesi için "true" olarak ayarlanmış olmadığından bu başvuru "CopyLocal" değildir.
         Birincil başvuru: "System.ComponentModel, Version=9.0.0.0, Culture=neutral, PublicKeyToken=b03f5f7f11d50a3a".
             Çözümlenmiş dosya yolu: "C:\Users\mrkfk\.nuget\packages\microsoft.netcore.app.ref\9.0.11\ref\net9.0\System.ComponentModel.dll".
             Başvuru, "{RawFileName}" arama yolu konumunda bulundu.
             En az bir kaynak öğesi için "Private" "false" olarak ayarlanmış olduğundan ve "Private", herhangi bir kaynak öğesi için "true" olarak ayarlanmış olmadığından bu başvuru "CopyLocal" değildir.
         Birincil başvuru: "System.Configuration, Version=4.0.0.0, Culture=neutral, PublicKeyToken=b03f5f7f11d50a3a".
             Çözümlenmiş dosya yolu: "C:\Users\mrkfk\.nuget\packages\microsoft.netcore.app.ref\9.0.11\ref\net9.0\System.Configuration.dll".
             Başvuru, "{RawFileName}" arama yolu konumunda bulundu.
             En az bir kaynak öğesi için "Private" "false" olarak ayarlanmış olduğundan ve "Private", herhangi bir kaynak öğesi için "true" olarak ayarlanmış olmadığından bu başvuru "CopyLocal" değildir.
         Birincil başvuru: "System.Console, Version=9.0.0.0, Culture=neutral, PublicKeyToken=b03f5f7f11d50a3a".
   3:6>"C:\Users\mrkfk\OneDrive\Desktop\Projelerim\ECommerce\src\Core\ECommerce.Application\ECommerce.Application.csproj" projesinin "C:\Program Files\dotnet\sdk\10.0.100\Sdks\Microsoft.NET.Sdk\targets\Microsoft.PackageDependencyResolution.targets" dosyasındaki "ResolveLockFileReferences" hedefi ("ResolvePackageDependenciesForBuild" hedefi buna bağımlı):
   3:6>"C:\Program Files\dotnet\sdk\10.0.100\Sdks\Microsoft.NET.Sdk\targets\..\tools\net10.0\Microsoft.NET.Build.Tasks.dll" derlemesindeki "JoinItems" görevi kullanılıyor.
       "JoinItems" görevi
   2:7>ResolveAssemblyReferences:
             Çözümlenmiş dosya yolu: "C:\Users\mrkfk\.nuget\packages\microsoft.netcore.app.ref\9.0.11\ref\net9.0\System.Console.dll".
             Başvuru, "{RawFileName}" arama yolu konumunda bulundu.
             En az bir kaynak öğesi için "Private" "false" olarak ayarlanmış olduğundan ve "Private", herhangi bir kaynak öğesi için "true" olarak ayarlanmış olmadığından bu başvuru "CopyLocal" değildir.
         Birincil başvuru: "System.Core, Version=4.0.0.0, Culture=neutral, PublicKeyToken=b77a5c561934e089".
             Çözümlenmiş dosya yolu: "C:\Users\mrkfk\.nuget\packages\microsoft.netcore.app.ref\9.0.11\ref\net9.0\System.Core.dll".
             Başvuru, "{RawFileName}" arama yolu konumunda bulundu.
             En az bir kaynak öğesi için "Private" "false" olarak ayarlanmış olduğundan ve "Private", herhangi bir kaynak öğesi için "true" olarak ayarlanmış olmadığından bu başvuru "CopyLocal" değildir.
         Birincil başvuru: "System.Data.Common, Version=9.0.0.0, Culture=neutral, PublicKeyToken=b03f5f7f11d50a3a".
             Çözümlenmiş dosya yolu: "C:\Users\mrkfk\.nuget\packages\microsoft.netcore.app.ref\9.0.11\ref\net9.0\System.Data.Common.dll".
             Başvuru, "{RawFileName}" arama yolu konumunda bulundu.
             En az bir kaynak öğesi için "Private" "false" olarak ayarlanmış olduğundan ve "Private", herhangi bir kaynak öğesi için "true" olarak ayarlanmış olmadığından bu başvuru "CopyLocal" değildir.
         Birincil başvuru: "System.Data.DataSetExtensions, Version=9.0.0.0, Culture=neutral, PublicKeyToken=b77a5c561934e089".
             Çözümlenmiş dosya yolu: "C:\Users\mrkfk\.nuget\packages\microsoft.netcore.app.ref\9.0.11\ref\net9.0\System.Data.DataSetExtensions.dll".
             Başvuru, "{RawFileName}" arama yolu konumunda bulundu.
             En az bir kaynak öğesi için "Private" "false" olarak ayarlanmış olduğundan ve "Private", herhangi bir kaynak öğesi için "true" olarak ayarlanmış olmadığından bu başvuru "CopyLocal" değildir.
         Birincil başvuru: "System.Data, Version=4.0.0.0, Culture=neutral, PublicKeyToken=b77a5c561934e089".
             Çözümlenmiş dosya yolu: "C:\Users\mrkfk\.nuget\packages\microsoft.netcore.app.ref\9.0.11\ref\net9.0\System.Data.dll".
             Başvuru, "{RawFileName}" arama yolu konumunda bulundu.
             En az bir kaynak öğesi için "Private" "false" olarak ayarlanmış olduğundan ve "Private", herhangi bir kaynak öğesi için "true" olarak ayarlanmış olmadığından bu başvuru "CopyLocal" değildir.
         Birincil başvuru: "System.Diagnostics.Contracts, Version=9.0.0.0, Culture=neutral, PublicKeyToken=b03f5f7f11d50a3a".
             Çözümlenmiş dosya yolu: "C:\Users\mrkfk\.nuget\packages\microsoft.netcore.app.ref\9.0.11\ref\net9.0\System.Diagnostics.Contracts.dll".
             Başvuru, "{RawFileName}" arama yolu konumunda bulundu.
             En az bir kaynak öğesi için "Private" "false" olarak ayarlanmış olduğundan ve "Private", herhangi bir kaynak öğesi için "true" olarak ayarlanmış olmadığından bu başvuru "CopyLocal" değildir.
         Birincil başvuru: "System.Diagnostics.Debug, Version=9.0.0.0, Culture=neutral, PublicKeyToken=b03f5f7f11d50a3a".
   3:6>"JoinItems" görevini yürütme tamamlandı.
   2:7>ResolveAssemblyReferences:
             Çözümlenmiş dosya yolu: "C:\Users\mrkfk\.nuget\packages\microsoft.netcore.app.ref\9.0.11\ref\net9.0\System.Diagnostics.Debug.dll".
             Başvuru, "{RawFileName}" arama yolu konumunda bulundu.
             En az bir kaynak öğesi için "Private" "false" olarak ayarlanmış olduğundan ve "Private", herhangi bir kaynak öğesi için "true" olarak ayarlanmış olmadığından bu başvuru "CopyLocal" değildir.
         Birincil başvuru: "System.Diagnostics.DiagnosticSource, Version=9.0.0.0, Culture=neutral, PublicKeyToken=cc7b13ffcd2ddd51".
             Çözümlenmiş dosya yolu: "C:\Users\mrkfk\.nuget\packages\microsoft.netcore.app.ref\9.0.11\ref\net9.0\System.Diagnostics.DiagnosticSource.dll".
   3:6>"ECommerce.Application.csproj" projesinde "ResolveLockFileReferences" hedefini oluşturma tamamlandı.
   2:7>ResolveAssemblyReferences:
             Başvuru, "{RawFileName}" arama yolu konumunda bulundu.
   3:6>"ResolvePackageAssets" hedefi atlandı. Önceden başarılı bir şekilde derlenmişti.
   3:6>"C:\Users\mrkfk\OneDrive\Desktop\Projelerim\ECommerce\src\Core\ECommerce.Application\ECommerce.Application.csproj" projesinin "C:\Program Files\dotnet\sdk\10.0.100\Sdks\Microsoft.NET.Sdk\targets\Microsoft.PackageDependencyResolution.targets" dosyasındaki "ResolveLockFileAnalyzers" hedefi ("ResolvePackageDependenciesForBuild" hedefi buna bağımlı):
   3:6>"ECommerce.Application.csproj" projesinde "ResolveLockFileAnalyzers" hedefini oluşturma tamamlandı.
   2:7>ResolveAssemblyReferences:
             En az bir kaynak öğesi için "Private" "false" olarak ayarlanmış olduğundan ve "Private", herhangi bir kaynak öğesi için "true" olarak ayarlanmış olmadığından bu başvuru "CopyLocal" değildir.
   3:6>"ResolvePackageAssets" hedefi atlandı. Önceden başarılı bir şekilde derlenmişti.
   3:6>"C:\Users\mrkfk\OneDrive\Desktop\Projelerim\ECommerce\src\Core\ECommerce.Application\ECommerce.Application.csproj" projesinin "C:\Program Files\dotnet\sdk\10.0.100\Sdks\Microsoft.NET.Sdk\targets\Microsoft.PackageDependencyResolution.targets" dosyasındaki "ResolveLockFileCopyLocalFiles" hedefi ("ResolvePackageDependenciesForBuild" hedefi buna bağımlı):
   3:6>"ECommerce.Application.csproj" projesinde "ResolveLockFileCopyLocalFiles" hedefini oluşturma tamamlandı.
       "ResolvePackageAssets" hedefi atlandı. Önceden başarılı bir şekilde derlenmişti.
   3:6>"C:\Users\mrkfk\OneDrive\Desktop\Projelerim\ECommerce\src\Core\ECommerce.Application\ECommerce.Application.csproj" projesinin "C:\Program Files\dotnet\sdk\10.0.100\Sdks\Microsoft.NET.Sdk\targets\Microsoft.PackageDependencyResolution.targets" dosyasındaki "IncludeTransitiveProjectReferences" hedefi ("ResolvePackageDependenciesForBuild" hedefi buna bağımlı):
   3:6>"ECommerce.Application.csproj" projesinde "IncludeTransitiveProjectReferences" hedefini oluşturma tamamlandı.
   3:6>"C:\Users\mrkfk\OneDrive\Desktop\Projelerim\ECommerce\src\Core\ECommerce.Application\ECommerce.Application.csproj" projesinin "C:\Program Files\dotnet\sdk\10.0.100\Sdks\Microsoft.NET.Sdk\targets\Microsoft.PackageDependencyResolution.targets" dosyasındaki "ResolvePackageDependenciesForBuild" hedefi ("AssignProjectConfiguration" hedefi buna bağımlı):
   3:6>"ECommerce.Application.csproj" projesinde "ResolvePackageDependenciesForBuild" hedefini oluşturma tamamlandı.
   2:7>ResolveAssemblyReferences:
         Birincil başvuru: "System.Diagnostics.FileVersionInfo, Version=9.0.0.0, Culture=neutral, PublicKeyToken=b03f5f7f11d50a3a".
             Çözümlenmiş dosya yolu: "C:\Users\mrkfk\.nuget\packages\microsoft.netcore.app.ref\9.0.11\ref\net9.0\System.Diagnostics.FileVersionInfo.dll".
             Başvuru, "{RawFileName}" arama yolu konumunda bulundu.
             En az bir kaynak öğesi için "Private" "false" olarak ayarlanmış olduğundan ve "Private", herhangi bir kaynak öğesi için "true" olarak ayarlanmış olmadığından bu başvuru "CopyLocal" değildir.
         Birincil başvuru: "System.Diagnostics.Process, Version=9.0.0.0, Culture=neutral, PublicKeyToken=b03f5f7f11d50a3a".
             Çözümlenmiş dosya yolu: "C:\Users\mrkfk\.nuget\packages\microsoft.netcore.app.ref\9.0.11\ref\net9.0\System.Diagnostics.Process.dll".
             Başvuru, "{RawFileName}" arama yolu konumunda bulundu.
             En az bir kaynak öğesi için "Private" "false" olarak ayarlanmış olduğundan ve "Private", herhangi bir kaynak öğesi için "true" olarak ayarlanmış olmadığından bu başvuru "CopyLocal" değildir.
         Birincil başvuru: "System.Diagnostics.StackTrace, Version=9.0.0.0, Culture=neutral, PublicKeyToken=b03f5f7f11d50a3a".
             Çözümlenmiş dosya yolu: "C:\Users\mrkfk\.nuget\packages\microsoft.netcore.app.ref\9.0.11\ref\net9.0\System.Diagnostics.StackTrace.dll".
             Başvuru, "{RawFileName}" arama yolu konumunda bulundu.
             En az bir kaynak öğesi için "Private" "false" olarak ayarlanmış olduğundan ve "Private", herhangi bir kaynak öğesi için "true" olarak ayarlanmış olmadığından bu başvuru "CopyLocal" değildir.
         Birincil başvuru: "System.Diagnostics.TextWriterTraceListener, Version=9.0.0.0, Culture=neutral, PublicKeyToken=b03f5f7f11d50a3a".
             Çözümlenmiş dosya yolu: "C:\Users\mrkfk\.nuget\packages\microsoft.netcore.app.ref\9.0.11\ref\net9.0\System.Diagnostics.TextWriterTraceListener.dll".
             Başvuru, "{RawFileName}" arama yolu konumunda bulundu.
   3:6>"C:\Users\mrkfk\OneDrive\Desktop\Projelerim\ECommerce\src\Core\ECommerce.Application\ECommerce.Application.csproj" projesinin "C:\Program Files\dotnet\sdk\10.0.100\Microsoft.Common.CurrentVersion.targets" dosyasındaki "AssignProjectConfiguration" hedefi ("ResolveReferences" hedefi buna bağımlı):
   3:6>"Microsoft.Build.Tasks.Core, Version=15.1.0.0, Culture=neutral, PublicKeyToken=b03f5f7f11d50a3a" derlemesindeki "AssignProjectConfiguration" görevi kullanılıyor.
       "AssignProjectConfiguration" görevi
   2:7>ResolveAssemblyReferences:
             En az bir kaynak öğesi için "Private" "false" olarak ayarlanmış olduğundan ve "Private", herhangi bir kaynak öğesi için "true" olarak ayarlanmış olmadığından bu başvuru "CopyLocal" değildir.
         Birincil başvuru: "System.Diagnostics.Tools, Version=9.0.0.0, Culture=neutral, PublicKeyToken=b03f5f7f11d50a3a".
             Çözümlenmiş dosya yolu: "C:\Users\mrkfk\.nuget\packages\microsoft.netcore.app.ref\9.0.11\ref\net9.0\System.Diagnostics.Tools.dll".
             Başvuru, "{RawFileName}" arama yolu konumunda bulundu.
             En az bir kaynak öğesi için "Private" "false" olarak ayarlanmış olduğundan ve "Private", herhangi bir kaynak öğesi için "true" olarak ayarlanmış olmadığından bu başvuru "CopyLocal" değildir.
         Birincil başvuru: "System.Diagnostics.TraceSource, Version=9.0.0.0, Culture=neutral, PublicKeyToken=b03f5f7f11d50a3a".
             Çözümlenmiş dosya yolu: "C:\Users\mrkfk\.nuget\packages\microsoft.netcore.app.ref\9.0.11\ref\net9.0\System.Diagnostics.TraceSource.dll".
             Başvuru, "{RawFileName}" arama yolu konumunda bulundu.
             En az bir kaynak öğesi için "Private" "false" olarak ayarlanmış olduğundan ve "Private", herhangi bir kaynak öğesi için "true" olarak ayarlanmış olmadığından bu başvuru "CopyLocal" değildir.
         Birincil başvuru: "System.Diagnostics.Tracing, Version=9.0.0.0, Culture=neutral, PublicKeyToken=b03f5f7f11d50a3a".
             Çözümlenmiş dosya yolu: "C:\Users\mrkfk\.nuget\packages\microsoft.netcore.app.ref\9.0.11\ref\net9.0\System.Diagnostics.Tracing.dll".
             Başvuru, "{RawFileName}" arama yolu konumunda bulundu.
             En az bir kaynak öğesi için "Private" "false" olarak ayarlanmış olduğundan ve "Private", herhangi bir kaynak öğesi için "true" olarak ayarlanmış olmadığından bu başvuru "CopyLocal" değildir.
         Birincil başvuru: "System.Drawing.Primitives, Version=9.0.0.0, Culture=neutral, PublicKeyToken=b03f5f7f11d50a3a".
             Çözümlenmiş dosya yolu: "C:\Users\mrkfk\.nuget\packages\microsoft.netcore.app.ref\9.0.11\ref\net9.0\System.Drawing.Primitives.dll".
             Başvuru, "{RawFileName}" arama yolu konumunda bulundu.
             En az bir kaynak öğesi için "Private" "false" olarak ayarlanmış olduğundan ve "Private", herhangi bir kaynak öğesi için "true" olarak ayarlanmış olmadığından bu başvuru "CopyLocal" değildir.
         Birincil başvuru: "System.Drawing, Version=4.0.0.0, Culture=neutral, PublicKeyToken=b03f5f7f11d50a3a".
   3:6>AssignProjectConfiguration:
         "..\ECommerce.Domain\ECommerce.Domain.csproj" proje başvurusu çözümlenmedi.
   2:7>ResolveAssemblyReferences:
             Çözümlenmiş dosya yolu: "C:\Users\mrkfk\.nuget\packages\microsoft.netcore.app.ref\9.0.11\ref\net9.0\System.Drawing.dll".
             Başvuru, "{RawFileName}" arama yolu konumunda bulundu.
             En az bir kaynak öğesi için "Private" "false" olarak ayarlanmış olduğundan ve "Private", herhangi bir kaynak öğesi için "true" olarak ayarlanmış olmadığından bu başvuru "CopyLocal" değildir.
         Birincil başvuru: "System.Dynamic.Runtime, Version=9.0.0.0, Culture=neutral, PublicKeyToken=b03f5f7f11d50a3a".
             Çözümlenmiş dosya yolu: "C:\Users\mrkfk\.nuget\packages\microsoft.netcore.app.ref\9.0.11\ref\net9.0\System.Dynamic.Runtime.dll".
             Başvuru, "{RawFileName}" arama yolu konumunda bulundu.
             En az bir kaynak öğesi için "Private" "false" olarak ayarlanmış olduğundan ve "Private", herhangi bir kaynak öğesi için "true" olarak ayarlanmış olmadığından bu başvuru "CopyLocal" değildir.
         Birincil başvuru: "System.Formats.Asn1, Version=9.0.0.0, Culture=neutral, PublicKeyToken=cc7b13ffcd2ddd51".
             Çözümlenmiş dosya yolu: "C:\Users\mrkfk\.nuget\packages\microsoft.netcore.app.ref\9.0.11\ref\net9.0\System.Formats.Asn1.dll".
             Başvuru, "{RawFileName}" arama yolu konumunda bulundu.
             En az bir kaynak öğesi için "Private" "false" olarak ayarlanmış olduğundan ve "Private", herhangi bir kaynak öğesi için "true" olarak ayarlanmış olmadığından bu başvuru "CopyLocal" değildir.
         Birincil başvuru: "System.Formats.Tar, Version=9.0.0.0, Culture=neutral, PublicKeyToken=cc7b13ffcd2ddd51".
             Çözümlenmiş dosya yolu: "C:\Users\mrkfk\.nuget\packages\microsoft.netcore.app.ref\9.0.11\ref\net9.0\System.Formats.Tar.dll".
             Başvuru, "{RawFileName}" arama yolu konumunda bulundu.
             En az bir kaynak öğesi için "Private" "false" olarak ayarlanmış olduğundan ve "Private", herhangi bir kaynak öğesi için "true" olarak ayarlanmış olmadığından bu başvuru "CopyLocal" değildir.
   3:6>"AssignProjectConfiguration" görevini yürütme tamamlandı.
   2:7>ResolveAssemblyReferences:
         Birincil başvuru: "System.Globalization.Calendars, Version=9.0.0.0, Culture=neutral, PublicKeyToken=b03f5f7f11d50a3a".
             Çözümlenmiş dosya yolu: "C:\Users\mrkfk\.nuget\packages\microsoft.netcore.app.ref\9.0.11\ref\net9.0\System.Globalization.Calendars.dll".
             Başvuru, "{RawFileName}" arama yolu konumunda bulundu.
             En az bir kaynak öğesi için "Private" "false" olarak ayarlanmış olduğundan ve "Private", herhangi bir kaynak öğesi için "true" olarak ayarlanmış olmadığından bu başvuru "CopyLocal" değildir.
         Birincil başvuru: "System.Globalization.Extensions, Version=9.0.0.0, Culture=neutral, PublicKeyToken=b03f5f7f11d50a3a".
             Çözümlenmiş dosya yolu: "C:\Users\mrkfk\.nuget\packages\microsoft.netcore.app.ref\9.0.11\ref\net9.0\System.Globalization.Extensions.dll".
             Başvuru, "{RawFileName}" arama yolu konumunda bulundu.
             En az bir kaynak öğesi için "Private" "false" olarak ayarlanmış olduğundan ve "Private", herhangi bir kaynak öğesi için "true" olarak ayarlanmış olmadığından bu başvuru "CopyLocal" değildir.
         Birincil başvuru: "System.Globalization, Version=9.0.0.0, Culture=neutral, PublicKeyToken=b03f5f7f11d50a3a".
             Çözümlenmiş dosya yolu: "C:\Users\mrkfk\.nuget\packages\microsoft.netcore.app.ref\9.0.11\ref\net9.0\System.Globalization.dll".
             Başvuru, "{RawFileName}" arama yolu konumunda bulundu.
             En az bir kaynak öğesi için "Private" "false" olarak ayarlanmış olduğundan ve "Private", herhangi bir kaynak öğesi için "true" olarak ayarlanmış olmadığından bu başvuru "CopyLocal" değildir.
         Birincil başvuru: "System.IO.Compression.Brotli, Version=9.0.0.0, Culture=neutral, PublicKeyToken=b77a5c561934e089".
             Çözümlenmiş dosya yolu: "C:\Users\mrkfk\.nuget\packages\microsoft.netcore.app.ref\9.0.11\ref\net9.0\System.IO.Compression.Brotli.dll".
             Başvuru, "{RawFileName}" arama yolu konumunda bulundu.
             En az bir kaynak öğesi için "Private" "false" olarak ayarlanmış olduğundan ve "Private", herhangi bir kaynak öğesi için "true" olarak ayarlanmış olmadığından bu başvuru "CopyLocal" değildir.
         Birincil başvuru: "System.IO.Compression.FileSystem, Version=4.0.0.0, Culture=neutral, PublicKeyToken=b77a5c561934e089".
             Çözümlenmiş dosya yolu: "C:\Users\mrkfk\.nuget\packages\microsoft.netcore.app.ref\9.0.11\ref\net9.0\System.IO.Compression.FileSystem.dll".
             Başvuru, "{RawFileName}" arama yolu konumunda bulundu.
             En az bir kaynak öğesi için "Private" "false" olarak ayarlanmış olduğundan ve "Private", herhangi bir kaynak öğesi için "true" olarak ayarlanmış olmadığından bu başvuru "CopyLocal" değildir.
         Birincil başvuru: "System.IO.Compression.ZipFile, Version=9.0.0.0, Culture=neutral, PublicKeyToken=b77a5c561934e089".
             Çözümlenmiş dosya yolu: "C:\Users\mrkfk\.nuget\packages\microsoft.netcore.app.ref\9.0.11\ref\net9.0\System.IO.Compression.ZipFile.dll".
             Başvuru, "{RawFileName}" arama yolu konumunda bulundu.
   3:6>"ECommerce.Application.csproj" projesinde "AssignProjectConfiguration" hedefini oluşturma tamamlandı.
   2:7>ResolveAssemblyReferences:
             En az bir kaynak öğesi için "Private" "false" olarak ayarlanmış olduğundan ve "Private", herhangi bir kaynak öğesi için "true" olarak ayarlanmış olmadığından bu başvuru "CopyLocal" değildir.
   3:6>"AssignProjectConfiguration" hedefi atlandı. Önceden başarılı bir şekilde derlenmişti.
   2:7>ResolveAssemblyReferences:
         Birincil başvuru: "System.IO.Compression, Version=9.0.0.0, Culture=neutral, PublicKeyToken=b77a5c561934e089".
             Çözümlenmiş dosya yolu: "C:\Users\mrkfk\.nuget\packages\microsoft.netcore.app.ref\9.0.11\ref\net9.0\System.IO.Compression.dll".
             Başvuru, "{RawFileName}" arama yolu konumunda bulundu.
             En az bir kaynak öğesi için "Private" "false" olarak ayarlanmış olduğundan ve "Private", herhangi bir kaynak öğesi için "true" olarak ayarlanmış olmadığından bu başvuru "CopyLocal" değildir.
         Birincil başvuru: "System.IO.FileSystem.AccessControl, Version=9.0.0.0, Culture=neutral, PublicKeyToken=b03f5f7f11d50a3a".
             Çözümlenmiş dosya yolu: "C:\Users\mrkfk\.nuget\packages\microsoft.netcore.app.ref\9.0.11\ref\net9.0\System.IO.FileSystem.AccessControl.dll".
             Başvuru, "{RawFileName}" arama yolu konumunda bulundu.
             En az bir kaynak öğesi için "Private" "false" olarak ayarlanmış olduğundan ve "Private", herhangi bir kaynak öğesi için "true" olarak ayarlanmış olmadığından bu başvuru "CopyLocal" değildir.
         Birincil başvuru: "System.IO.FileSystem.DriveInfo, Version=9.0.0.0, Culture=neutral, PublicKeyToken=b03f5f7f11d50a3a".
   3:6>"C:\Users\mrkfk\OneDrive\Desktop\Projelerim\ECommerce\src\Core\ECommerce.Application\ECommerce.Application.csproj" projesinin "C:\Program Files\dotnet\sdk\10.0.100\Microsoft.Common.CurrentVersion.targets" dosyasındaki "_SplitProjectReferencesByFileExistence" hedefi ("PrepareProjectReferences" hedefi buna bağımlı):
   3:6>"ECommerce.Application.csproj" projesinde "_SplitProjectReferencesByFileExistence" hedefini oluşturma tamamlandı.
   2:7>ResolveAssemblyReferences:
             Çözümlenmiş dosya yolu: "C:\Users\mrkfk\.nuget\packages\microsoft.netcore.app.ref\9.0.11\ref\net9.0\System.IO.FileSystem.DriveInfo.dll".
   3:6>"C:\Users\mrkfk\OneDrive\Desktop\Projelerim\ECommerce\src\Core\ECommerce.Application\ECommerce.Application.csproj" projesinin "C:\Program Files\dotnet\sdk\10.0.100\Microsoft.Common.CurrentVersion.targets" dosyasındaki "_AddOutputPathToGlobalPropertiesToRemove" hedefi ("_GetProjectReferenceTargetFrameworkProperties" hedefi buna bağımlı):
   3:6>"ECommerce.Application.csproj" projesinde "_AddOutputPathToGlobalPropertiesToRemove" hedefini oluşturma tamamlandı.
   2:7>ResolveAssemblyReferences:
             Başvuru, "{RawFileName}" arama yolu konumunda bulundu.
             En az bir kaynak öğesi için "Private" "false" olarak ayarlanmış olduğundan ve "Private", herhangi bir kaynak öğesi için "true" olarak ayarlanmış olmadığından bu başvuru "CopyLocal" değildir.
         Birincil başvuru: "System.IO.FileSystem.Primitives, Version=9.0.0.0, Culture=neutral, PublicKeyToken=b03f5f7f11d50a3a".
             Çözümlenmiş dosya yolu: "C:\Users\mrkfk\.nuget\packages\microsoft.netcore.app.ref\9.0.11\ref\net9.0\System.IO.FileSystem.Primitives.dll".
             Başvuru, "{RawFileName}" arama yolu konumunda bulundu.
             En az bir kaynak öğesi için "Private" "false" olarak ayarlanmış olduğundan ve "Private", herhangi bir kaynak öğesi için "true" olarak ayarlanmış olmadığından bu başvuru "CopyLocal" değildir.
         Birincil başvuru: "System.IO.FileSystem.Watcher, Version=9.0.0.0, Culture=neutral, PublicKeyToken=b03f5f7f11d50a3a".
   3:6>"C:\Users\mrkfk\OneDrive\Desktop\Projelerim\ECommerce\src\Core\ECommerce.Application\ECommerce.Application.csproj" projesinin "C:\Program Files\dotnet\sdk\10.0.100\Microsoft.Common.CurrentVersion.targets" dosyasındaki "_GetProjectReferenceTargetFrameworkProperties" hedefi ("PrepareProjectReferences" hedefi buna bağımlı):
   3:6>"MSBuild" görevi
   2:7>ResolveAssemblyReferences:
             Çözümlenmiş dosya yolu: "C:\Users\mrkfk\.nuget\packages\microsoft.netcore.app.ref\9.0.11\ref\net9.0\System.IO.FileSystem.Watcher.dll".
             Başvuru, "{RawFileName}" arama yolu konumunda bulundu.
             En az bir kaynak öğesi için "Private" "false" olarak ayarlanmış olduğundan ve "Private", herhangi bir kaynak öğesi için "true" olarak ayarlanmış olmadığından bu başvuru "CopyLocal" değildir.
         Birincil başvuru: "System.IO.FileSystem, Version=9.0.0.0, Culture=neutral, PublicKeyToken=b03f5f7f11d50a3a".
             Çözümlenmiş dosya yolu: "C:\Users\mrkfk\.nuget\packages\microsoft.netcore.app.ref\9.0.11\ref\net9.0\System.IO.FileSystem.dll".
             Başvuru, "{RawFileName}" arama yolu konumunda bulundu.
             En az bir kaynak öğesi için "Private" "false" olarak ayarlanmış olduğundan ve "Private", herhangi bir kaynak öğesi için "true" olarak ayarlanmış olmadığından bu başvuru "CopyLocal" değildir.
         Birincil başvuru: "System.IO.IsolatedStorage, Version=9.0.0.0, Culture=neutral, PublicKeyToken=b03f5f7f11d50a3a".
             Çözümlenmiş dosya yolu: "C:\Users\mrkfk\.nuget\packages\microsoft.netcore.app.ref\9.0.11\ref\net9.0\System.IO.IsolatedStorage.dll".
   3:6>_GetProjectReferenceTargetFrameworkProperties:
         Özellikler kaldırılıyor:
   2:7>ResolveAssemblyReferences:
             Başvuru, "{RawFileName}" arama yolu konumunda bulundu.
   3:6>_GetProjectReferenceTargetFrameworkProperties:
           TargetFramework
   2:7>ResolveAssemblyReferences:
             En az bir kaynak öğesi için "Private" "false" olarak ayarlanmış olduğundan ve "Private", herhangi bir kaynak öğesi için "true" olarak ayarlanmış olmadığından bu başvuru "CopyLocal" değildir.
         Birincil başvuru: "System.IO.MemoryMappedFiles, Version=9.0.0.0, Culture=neutral, PublicKeyToken=b03f5f7f11d50a3a".
             Çözümlenmiş dosya yolu: "C:\Users\mrkfk\.nuget\packages\microsoft.netcore.app.ref\9.0.11\ref\net9.0\System.IO.MemoryMappedFiles.dll".
             Başvuru, "{RawFileName}" arama yolu konumunda bulundu.
             En az bir kaynak öğesi için "Private" "false" olarak ayarlanmış olduğundan ve "Private", herhangi bir kaynak öğesi için "true" olarak ayarlanmış olmadığından bu başvuru "CopyLocal" değildir.
         Birincil başvuru: "System.IO.Pipelines, Version=9.0.0.0, Culture=neutral, PublicKeyToken=cc7b13ffcd2ddd51".
             Çözümlenmiş dosya yolu: "C:\Users\mrkfk\.nuget\packages\microsoft.netcore.app.ref\9.0.11\ref\net9.0\System.IO.Pipelines.dll".
             Başvuru, "{RawFileName}" arama yolu konumunda bulundu.
             En az bir kaynak öğesi için "Private" "false" olarak ayarlanmış olduğundan ve "Private", herhangi bir kaynak öğesi için "true" olarak ayarlanmış olmadığından bu başvuru "CopyLocal" değildir.
         Birincil başvuru: "System.IO.Pipes.AccessControl, Version=9.0.0.0, Culture=neutral, PublicKeyToken=b03f5f7f11d50a3a".
             Çözümlenmiş dosya yolu: "C:\Users\mrkfk\.nuget\packages\microsoft.netcore.app.ref\9.0.11\ref\net9.0\System.IO.Pipes.AccessControl.dll".
             Başvuru, "{RawFileName}" arama yolu konumunda bulundu.
             En az bir kaynak öğesi için "Private" "false" olarak ayarlanmış olduğundan ve "Private", herhangi bir kaynak öğesi için "true" olarak ayarlanmış olmadığından bu başvuru "CopyLocal" değildir.
         Birincil başvuru: "System.IO.Pipes, Version=9.0.0.0, Culture=neutral, PublicKeyToken=b03f5f7f11d50a3a".
             Çözümlenmiş dosya yolu: "C:\Users\mrkfk\.nuget\packages\microsoft.netcore.app.ref\9.0.11\ref\net9.0\System.IO.Pipes.dll".
             Başvuru, "{RawFileName}" arama yolu konumunda bulundu.
             En az bir kaynak öğesi için "Private" "false" olarak ayarlanmış olduğundan ve "Private", herhangi bir kaynak öğesi için "true" olarak ayarlanmış olmadığından bu başvuru "CopyLocal" değildir.
         Birincil başvuru: "System.IO.UnmanagedMemoryStream, Version=9.0.0.0, Culture=neutral, PublicKeyToken=b03f5f7f11d50a3a".
             Çözümlenmiş dosya yolu: "C:\Users\mrkfk\.nuget\packages\microsoft.netcore.app.ref\9.0.11\ref\net9.0\System.IO.UnmanagedMemoryStream.dll".
             Başvuru, "{RawFileName}" arama yolu konumunda bulundu.
             En az bir kaynak öğesi için "Private" "false" olarak ayarlanmış olduğundan ve "Private", herhangi bir kaynak öğesi için "true" olarak ayarlanmış olmadığından bu başvuru "CopyLocal" değildir.
         Birincil başvuru: "System.IO, Version=9.0.0.0, Culture=neutral, PublicKeyToken=b03f5f7f11d50a3a".
             Çözümlenmiş dosya yolu: "C:\Users\mrkfk\.nuget\packages\microsoft.netcore.app.ref\9.0.11\ref\net9.0\System.IO.dll".
             Başvuru, "{RawFileName}" arama yolu konumunda bulundu.
   3:6>_GetProjectReferenceTargetFrameworkProperties:
           RuntimeIdentifier
           SelfContained
   2:7>ResolveAssemblyReferences:
             En az bir kaynak öğesi için "Private" "false" olarak ayarlanmış olduğundan ve "Private", herhangi bir kaynak öğesi için "true" olarak ayarlanmış olmadığından bu başvuru "CopyLocal" değildir.
         Birincil başvuru: "System.Linq.Expressions, Version=9.0.0.0, Culture=neutral, PublicKeyToken=b03f5f7f11d50a3a".
             Çözümlenmiş dosya yolu: "C:\Users\mrkfk\.nuget\packages\microsoft.netcore.app.ref\9.0.11\ref\net9.0\System.Linq.Expressions.dll".
             Başvuru, "{RawFileName}" arama yolu konumunda bulundu.
             En az bir kaynak öğesi için "Private" "false" olarak ayarlanmış olduğundan ve "Private", herhangi bir kaynak öğesi için "true" olarak ayarlanmış olmadığından bu başvuru "CopyLocal" değildir.
         Birincil başvuru: "System.Linq.Parallel, Version=9.0.0.0, Culture=neutral, PublicKeyToken=b03f5f7f11d50a3a".
             Çözümlenmiş dosya yolu: "C:\Users\mrkfk\.nuget\packages\microsoft.netcore.app.ref\9.0.11\ref\net9.0\System.Linq.Parallel.dll".
             Başvuru, "{RawFileName}" arama yolu konumunda bulundu.
   3:6>"C:\Users\mrkfk\OneDrive\Desktop\Projelerim\ECommerce\src\Core\ECommerce.Application\ECommerce.Application.csproj" projesi (3:6) 1 düğümünde "C:\Users\mrkfk\OneDrive\Desktop\Projelerim\ECommerce\src\Core\ECommerce.Domain\ECommerce.Domain.csproj" (2:8) oluşturuyor (GetTargetFrameworks hedef).
   2:8>"GetTargetFrameworks" hedefi atlandı. Önceden başarılı bir şekilde derlenmişti.
   2:8>"C:\Users\mrkfk\OneDrive\Desktop\Projelerim\ECommerce\src\Core\ECommerce.Domain\ECommerce.Domain.csproj" Projesini Oluşturma İşlemi Tamamlandı (GetTargetFrameworks hedef).
   2:7>ResolveAssemblyReferences:
             En az bir kaynak öğesi için "Private" "false" olarak ayarlanmış olduğundan ve "Private", herhangi bir kaynak öğesi için "true" olarak ayarlanmış olmadığından bu başvuru "CopyLocal" değildir.
         Birincil başvuru: "System.Linq.Queryable, Version=9.0.0.0, Culture=neutral, PublicKeyToken=b03f5f7f11d50a3a".
             Çözümlenmiş dosya yolu: "C:\Users\mrkfk\.nuget\packages\microsoft.netcore.app.ref\9.0.11\ref\net9.0\System.Linq.Queryable.dll".
             Başvuru, "{RawFileName}" arama yolu konumunda bulundu.
             En az bir kaynak öğesi için "Private" "false" olarak ayarlanmış olduğundan ve "Private", herhangi bir kaynak öğesi için "true" olarak ayarlanmış olmadığından bu başvuru "CopyLocal" değildir.
         Birincil başvuru: "System.Linq, Version=9.0.0.0, Culture=neutral, PublicKeyToken=b03f5f7f11d50a3a".
   3:6>"MSBuild" görevini yürütme tamamlandı.
   2:7>ResolveAssemblyReferences:
             Çözümlenmiş dosya yolu: "C:\Users\mrkfk\.nuget\packages\microsoft.netcore.app.ref\9.0.11\ref\net9.0\System.Linq.dll".
             Başvuru, "{RawFileName}" arama yolu konumunda bulundu.
             En az bir kaynak öğesi için "Private" "false" olarak ayarlanmış olduğundan ve "Private", herhangi bir kaynak öğesi için "true" olarak ayarlanmış olmadığından bu başvuru "CopyLocal" değildir.
         Birincil başvuru: "System.Memory, Version=9.0.0.0, Culture=neutral, PublicKeyToken=cc7b13ffcd2ddd51".
             Çözümlenmiş dosya yolu: "C:\Users\mrkfk\.nuget\packages\microsoft.netcore.app.ref\9.0.11\ref\net9.0\System.Memory.dll".
             Başvuru, "{RawFileName}" arama yolu konumunda bulundu.
             En az bir kaynak öğesi için "Private" "false" olarak ayarlanmış olduğundan ve "Private", herhangi bir kaynak öğesi için "true" olarak ayarlanmış olmadığından bu başvuru "CopyLocal" değildir.
         Birincil başvuru: "System.Net.Http.Json, Version=9.0.0.0, Culture=neutral, PublicKeyToken=cc7b13ffcd2ddd51".
             Çözümlenmiş dosya yolu: "C:\Users\mrkfk\.nuget\packages\microsoft.netcore.app.ref\9.0.11\ref\net9.0\System.Net.Http.Json.dll".
             Başvuru, "{RawFileName}" arama yolu konumunda bulundu.
             En az bir kaynak öğesi için "Private" "false" olarak ayarlanmış olduğundan ve "Private", herhangi bir kaynak öğesi için "true" olarak ayarlanmış olmadığından bu başvuru "CopyLocal" değildir.
         Birincil başvuru: "System.Net.Http, Version=9.0.0.0, Culture=neutral, PublicKeyToken=b03f5f7f11d50a3a".
             Çözümlenmiş dosya yolu: "C:\Users\mrkfk\.nuget\packages\microsoft.netcore.app.ref\9.0.11\ref\net9.0\System.Net.Http.dll".
             Başvuru, "{RawFileName}" arama yolu konumunda bulundu.
             En az bir kaynak öğesi için "Private" "false" olarak ayarlanmış olduğundan ve "Private", herhangi bir kaynak öğesi için "true" olarak ayarlanmış olmadığından bu başvuru "CopyLocal" değildir.
         Birincil başvuru: "System.Net.HttpListener, Version=9.0.0.0, Culture=neutral, PublicKeyToken=cc7b13ffcd2ddd51".
             Çözümlenmiş dosya yolu: "C:\Users\mrkfk\.nuget\packages\microsoft.netcore.app.ref\9.0.11\ref\net9.0\System.Net.HttpListener.dll".
   3:6>_GetProjectReferenceTargetFrameworkProperties:
       "C:\Program Files\dotnet\sdk\10.0.100\NuGet.Build.Tasks.dll" derlemesindeki "GetReferenceNearestTargetFrameworkTask" görevi kullanılıyor.
   2:7>ResolveAssemblyReferences:
             Başvuru, "{RawFileName}" arama yolu konumunda bulundu.
   3:6>"GetReferenceNearestTargetFrameworkTask" görevi
   2:7>ResolveAssemblyReferences:
             En az bir kaynak öğesi için "Private" "false" olarak ayarlanmış olduğundan ve "Private", herhangi bir kaynak öğesi için "true" olarak ayarlanmış olmadığından bu başvuru "CopyLocal" değildir.
         Birincil başvuru: "System.Net.Mail, Version=9.0.0.0, Culture=neutral, PublicKeyToken=cc7b13ffcd2ddd51".
             Çözümlenmiş dosya yolu: "C:\Users\mrkfk\.nuget\packages\microsoft.netcore.app.ref\9.0.11\ref\net9.0\System.Net.Mail.dll".
             Başvuru, "{RawFileName}" arama yolu konumunda bulundu.
             En az bir kaynak öğesi için "Private" "false" olarak ayarlanmış olduğundan ve "Private", herhangi bir kaynak öğesi için "true" olarak ayarlanmış olmadığından bu başvuru "CopyLocal" değildir.
         Birincil başvuru: "System.Net.NameResolution, Version=9.0.0.0, Culture=neutral, PublicKeyToken=b03f5f7f11d50a3a".
             Çözümlenmiş dosya yolu: "C:\Users\mrkfk\.nuget\packages\microsoft.netcore.app.ref\9.0.11\ref\net9.0\System.Net.NameResolution.dll".
             Başvuru, "{RawFileName}" arama yolu konumunda bulundu.
             En az bir kaynak öğesi için "Private" "false" olarak ayarlanmış olduğundan ve "Private", herhangi bir kaynak öğesi için "true" olarak ayarlanmış olmadığından bu başvuru "CopyLocal" değildir.
         Birincil başvuru: "System.Net.NetworkInformation, Version=9.0.0.0, Culture=neutral, PublicKeyToken=b03f5f7f11d50a3a".
             Çözümlenmiş dosya yolu: "C:\Users\mrkfk\.nuget\packages\microsoft.netcore.app.ref\9.0.11\ref\net9.0\System.Net.NetworkInformation.dll".
             Başvuru, "{RawFileName}" arama yolu konumunda bulundu.
             En az bir kaynak öğesi için "Private" "false" olarak ayarlanmış olduğundan ve "Private", herhangi bir kaynak öğesi için "true" olarak ayarlanmış olmadığından bu başvuru "CopyLocal" değildir.
         Birincil başvuru: "System.Net.Ping, Version=9.0.0.0, Culture=neutral, PublicKeyToken=b03f5f7f11d50a3a".
             Çözümlenmiş dosya yolu: "C:\Users\mrkfk\.nuget\packages\microsoft.netcore.app.ref\9.0.11\ref\net9.0\System.Net.Ping.dll".
             Başvuru, "{RawFileName}" arama yolu konumunda bulundu.
             En az bir kaynak öğesi için "Private" "false" olarak ayarlanmış olduğundan ve "Private", herhangi bir kaynak öğesi için "true" olarak ayarlanmış olmadığından bu başvuru "CopyLocal" değildir.
         Birincil başvuru: "System.Net.Primitives, Version=9.0.0.0, Culture=neutral, PublicKeyToken=b03f5f7f11d50a3a".
             Çözümlenmiş dosya yolu: "C:\Users\mrkfk\.nuget\packages\microsoft.netcore.app.ref\9.0.11\ref\net9.0\System.Net.Primitives.dll".
             Başvuru, "{RawFileName}" arama yolu konumunda bulundu.
             En az bir kaynak öğesi için "Private" "false" olarak ayarlanmış olduğundan ve "Private", herhangi bir kaynak öğesi için "true" olarak ayarlanmış olmadığından bu başvuru "CopyLocal" değildir.
         Birincil başvuru: "System.Net.Quic, Version=9.0.0.0, Culture=neutral, PublicKeyToken=b03f5f7f11d50a3a".
             Çözümlenmiş dosya yolu: "C:\Users\mrkfk\.nuget\packages\microsoft.netcore.app.ref\9.0.11\ref\net9.0\System.Net.Quic.dll".
             Başvuru, "{RawFileName}" arama yolu konumunda bulundu.
             En az bir kaynak öğesi için "Private" "false" olarak ayarlanmış olduğundan ve "Private", herhangi bir kaynak öğesi için "true" olarak ayarlanmış olmadığından bu başvuru "CopyLocal" değildir.
         Birincil başvuru: "System.Net.Requests, Version=9.0.0.0, Culture=neutral, PublicKeyToken=b03f5f7f11d50a3a".
             Çözümlenmiş dosya yolu: "C:\Users\mrkfk\.nuget\packages\microsoft.netcore.app.ref\9.0.11\ref\net9.0\System.Net.Requests.dll".
             Başvuru, "{RawFileName}" arama yolu konumunda bulundu.
             En az bir kaynak öğesi için "Private" "false" olarak ayarlanmış olduğundan ve "Private", herhangi bir kaynak öğesi için "true" olarak ayarlanmış olmadığından bu başvuru "CopyLocal" değildir.
         Birincil başvuru: "System.Net.Security, Version=9.0.0.0, Culture=neutral, PublicKeyToken=b03f5f7f11d50a3a".
             Çözümlenmiş dosya yolu: "C:\Users\mrkfk\.nuget\packages\microsoft.netcore.app.ref\9.0.11\ref\net9.0\System.Net.Security.dll".
             Başvuru, "{RawFileName}" arama yolu konumunda bulundu.
             En az bir kaynak öğesi için "Private" "false" olarak ayarlanmış olduğundan ve "Private", herhangi bir kaynak öğesi için "true" olarak ayarlanmış olmadığından bu başvuru "CopyLocal" değildir.
         Birincil başvuru: "System.Net.ServicePoint, Version=9.0.0.0, Culture=neutral, PublicKeyToken=cc7b13ffcd2ddd51".
             Çözümlenmiş dosya yolu: "C:\Users\mrkfk\.nuget\packages\microsoft.netcore.app.ref\9.0.11\ref\net9.0\System.Net.ServicePoint.dll".
             Başvuru, "{RawFileName}" arama yolu konumunda bulundu.
             En az bir kaynak öğesi için "Private" "false" olarak ayarlanmış olduğundan ve "Private", herhangi bir kaynak öğesi için "true" olarak ayarlanmış olmadığından bu başvuru "CopyLocal" değildir.
         Birincil başvuru: "System.Net.Sockets, Version=9.0.0.0, Culture=neutral, PublicKeyToken=b03f5f7f11d50a3a".
             Çözümlenmiş dosya yolu: "C:\Users\mrkfk\.nuget\packages\microsoft.netcore.app.ref\9.0.11\ref\net9.0\System.Net.Sockets.dll".
             Başvuru, "{RawFileName}" arama yolu konumunda bulundu.
             En az bir kaynak öğesi için "Private" "false" olarak ayarlanmış olduğundan ve "Private", herhangi bir kaynak öğesi için "true" olarak ayarlanmış olmadığından bu başvuru "CopyLocal" değildir.
         Birincil başvuru: "System.Net.WebClient, Version=9.0.0.0, Culture=neutral, PublicKeyToken=cc7b13ffcd2ddd51".
             Çözümlenmiş dosya yolu: "C:\Users\mrkfk\.nuget\packages\microsoft.netcore.app.ref\9.0.11\ref\net9.0\System.Net.WebClient.dll".
             Başvuru, "{RawFileName}" arama yolu konumunda bulundu.
             En az bir kaynak öğesi için "Private" "false" olarak ayarlanmış olduğundan ve "Private", herhangi bir kaynak öğesi için "true" olarak ayarlanmış olmadığından bu başvuru "CopyLocal" değildir.
         Birincil başvuru: "System.Net.WebHeaderCollection, Version=9.0.0.0, Culture=neutral, PublicKeyToken=b03f5f7f11d50a3a".
             Çözümlenmiş dosya yolu: "C:\Users\mrkfk\.nuget\packages\microsoft.netcore.app.ref\9.0.11\ref\net9.0\System.Net.WebHeaderCollection.dll".
             Başvuru, "{RawFileName}" arama yolu konumunda bulundu.
             En az bir kaynak öğesi için "Private" "false" olarak ayarlanmış olduğundan ve "Private", herhangi bir kaynak öğesi için "true" olarak ayarlanmış olmadığından bu başvuru "CopyLocal" değildir.
         Birincil başvuru: "System.Net.WebProxy, Version=9.0.0.0, Culture=neutral, PublicKeyToken=cc7b13ffcd2ddd51".
             Çözümlenmiş dosya yolu: "C:\Users\mrkfk\.nuget\packages\microsoft.netcore.app.ref\9.0.11\ref\net9.0\System.Net.WebProxy.dll".
             Başvuru, "{RawFileName}" arama yolu konumunda bulundu.
             En az bir kaynak öğesi için "Private" "false" olarak ayarlanmış olduğundan ve "Private", herhangi bir kaynak öğesi için "true" olarak ayarlanmış olmadığından bu başvuru "CopyLocal" değildir.
         Birincil başvuru: "System.Net.WebSockets.Client, Version=9.0.0.0, Culture=neutral, PublicKeyToken=b03f5f7f11d50a3a".
             Çözümlenmiş dosya yolu: "C:\Users\mrkfk\.nuget\packages\microsoft.netcore.app.ref\9.0.11\ref\net9.0\System.Net.WebSockets.Client.dll".
             Başvuru, "{RawFileName}" arama yolu konumunda bulundu.
             En az bir kaynak öğesi için "Private" "false" olarak ayarlanmış olduğundan ve "Private", herhangi bir kaynak öğesi için "true" olarak ayarlanmış olmadığından bu başvuru "CopyLocal" değildir.
         Birincil başvuru: "System.Net.WebSockets, Version=9.0.0.0, Culture=neutral, PublicKeyToken=b03f5f7f11d50a3a".
             Çözümlenmiş dosya yolu: "C:\Users\mrkfk\.nuget\packages\microsoft.netcore.app.ref\9.0.11\ref\net9.0\System.Net.WebSockets.dll".
             Başvuru, "{RawFileName}" arama yolu konumunda bulundu.
             En az bir kaynak öğesi için "Private" "false" olarak ayarlanmış olduğundan ve "Private", herhangi bir kaynak öğesi için "true" olarak ayarlanmış olmadığından bu başvuru "CopyLocal" değildir.
         Birincil başvuru: "System.Net, Version=4.0.0.0, Culture=neutral, PublicKeyToken=b03f5f7f11d50a3a".
             Çözümlenmiş dosya yolu: "C:\Users\mrkfk\.nuget\packages\microsoft.netcore.app.ref\9.0.11\ref\net9.0\System.Net.dll".
             Başvuru, "{RawFileName}" arama yolu konumunda bulundu.
             En az bir kaynak öğesi için "Private" "false" olarak ayarlanmış olduğundan ve "Private", herhangi bir kaynak öğesi için "true" olarak ayarlanmış olmadığından bu başvuru "CopyLocal" değildir.
         Birincil başvuru: "System.Numerics.Vectors, Version=9.0.0.0, Culture=neutral, PublicKeyToken=b03f5f7f11d50a3a".
             Çözümlenmiş dosya yolu: "C:\Users\mrkfk\.nuget\packages\microsoft.netcore.app.ref\9.0.11\ref\net9.0\System.Numerics.Vectors.dll".
             Başvuru, "{RawFileName}" arama yolu konumunda bulundu.
             En az bir kaynak öğesi için "Private" "false" olarak ayarlanmış olduğundan ve "Private", herhangi bir kaynak öğesi için "true" olarak ayarlanmış olmadığından bu başvuru "CopyLocal" değildir.
         Birincil başvuru: "System.Numerics, Version=4.0.0.0, Culture=neutral, PublicKeyToken=b77a5c561934e089".
             Çözümlenmiş dosya yolu: "C:\Users\mrkfk\.nuget\packages\microsoft.netcore.app.ref\9.0.11\ref\net9.0\System.Numerics.dll".
             Başvuru, "{RawFileName}" arama yolu konumunda bulundu.
             En az bir kaynak öğesi için "Private" "false" olarak ayarlanmış olduğundan ve "Private", herhangi bir kaynak öğesi için "true" olarak ayarlanmış olmadığından bu başvuru "CopyLocal" değildir.
         Birincil başvuru: "System.ObjectModel, Version=9.0.0.0, Culture=neutral, PublicKeyToken=b03f5f7f11d50a3a".
             Çözümlenmiş dosya yolu: "C:\Users\mrkfk\.nuget\packages\microsoft.netcore.app.ref\9.0.11\ref\net9.0\System.ObjectModel.dll".
             Başvuru, "{RawFileName}" arama yolu konumunda bulundu.
             En az bir kaynak öğesi için "Private" "false" olarak ayarlanmış olduğundan ve "Private", herhangi bir kaynak öğesi için "true" olarak ayarlanmış olmadığından bu başvuru "CopyLocal" değildir.
         Birincil başvuru: "System.Reflection.DispatchProxy, Version=9.0.0.0, Culture=neutral, PublicKeyToken=b03f5f7f11d50a3a".
             Çözümlenmiş dosya yolu: "C:\Users\mrkfk\.nuget\packages\microsoft.netcore.app.ref\9.0.11\ref\net9.0\System.Reflection.DispatchProxy.dll".
             Başvuru, "{RawFileName}" arama yolu konumunda bulundu.
             En az bir kaynak öğesi için "Private" "false" olarak ayarlanmış olduğundan ve "Private", herhangi bir kaynak öğesi için "true" olarak ayarlanmış olmadığından bu başvuru "CopyLocal" değildir.
         Birincil başvuru: "System.Reflection.Emit.ILGeneration, Version=9.0.0.0, Culture=neutral, PublicKeyToken=b03f5f7f11d50a3a".
             Çözümlenmiş dosya yolu: "C:\Users\mrkfk\.nuget\packages\microsoft.netcore.app.ref\9.0.11\ref\net9.0\System.Reflection.Emit.ILGeneration.dll".
             Başvuru, "{RawFileName}" arama yolu konumunda bulundu.
             En az bir kaynak öğesi için "Private" "false" olarak ayarlanmış olduğundan ve "Private", herhangi bir kaynak öğesi için "true" olarak ayarlanmış olmadığından bu başvuru "CopyLocal" değildir.
         Birincil başvuru: "System.Reflection.Emit.Lightweight, Version=9.0.0.0, Culture=neutral, PublicKeyToken=b03f5f7f11d50a3a".
             Çözümlenmiş dosya yolu: "C:\Users\mrkfk\.nuget\packages\microsoft.netcore.app.ref\9.0.11\ref\net9.0\System.Reflection.Emit.Lightweight.dll".
             Başvuru, "{RawFileName}" arama yolu konumunda bulundu.
             En az bir kaynak öğesi için "Private" "false" olarak ayarlanmış olduğundan ve "Private", herhangi bir kaynak öğesi için "true" olarak ayarlanmış olmadığından bu başvuru "CopyLocal" değildir.
         Birincil başvuru: "System.Reflection.Emit, Version=9.0.0.0, Culture=neutral, PublicKeyToken=b03f5f7f11d50a3a".
             Çözümlenmiş dosya yolu: "C:\Users\mrkfk\.nuget\packages\microsoft.netcore.app.ref\9.0.11\ref\net9.0\System.Reflection.Emit.dll".
             Başvuru, "{RawFileName}" arama yolu konumunda bulundu.
             En az bir kaynak öğesi için "Private" "false" olarak ayarlanmış olduğundan ve "Private", herhangi bir kaynak öğesi için "true" olarak ayarlanmış olmadığından bu başvuru "CopyLocal" değildir.
         Birincil başvuru: "System.Reflection.Extensions, Version=9.0.0.0, Culture=neutral, PublicKeyToken=b03f5f7f11d50a3a".
             Çözümlenmiş dosya yolu: "C:\Users\mrkfk\.nuget\packages\microsoft.netcore.app.ref\9.0.11\ref\net9.0\System.Reflection.Extensions.dll".
             Başvuru, "{RawFileName}" arama yolu konumunda bulundu.
             En az bir kaynak öğesi için "Private" "false" olarak ayarlanmış olduğundan ve "Private", herhangi bir kaynak öğesi için "true" olarak ayarlanmış olmadığından bu başvuru "CopyLocal" değildir.
         Birincil başvuru: "System.Reflection.Metadata, Version=9.0.0.0, Culture=neutral, PublicKeyToken=b03f5f7f11d50a3a".
             Çözümlenmiş dosya yolu: "C:\Users\mrkfk\.nuget\packages\microsoft.netcore.app.ref\9.0.11\ref\net9.0\System.Reflection.Metadata.dll".
             Başvuru, "{RawFileName}" arama yolu konumunda bulundu.
             En az bir kaynak öğesi için "Private" "false" olarak ayarlanmış olduğundan ve "Private", herhangi bir kaynak öğesi için "true" olarak ayarlanmış olmadığından bu başvuru "CopyLocal" değildir.
         Birincil başvuru: "System.Reflection.Primitives, Version=9.0.0.0, Culture=neutral, PublicKeyToken=b03f5f7f11d50a3a".
             Çözümlenmiş dosya yolu: "C:\Users\mrkfk\.nuget\packages\microsoft.netcore.app.ref\9.0.11\ref\net9.0\System.Reflection.Primitives.dll".
             Başvuru, "{RawFileName}" arama yolu konumunda bulundu.
             En az bir kaynak öğesi için "Private" "false" olarak ayarlanmış olduğundan ve "Private", herhangi bir kaynak öğesi için "true" olarak ayarlanmış olmadığından bu başvuru "CopyLocal" değildir.
         Birincil başvuru: "System.Reflection.TypeExtensions, Version=9.0.0.0, Culture=neutral, PublicKeyToken=b03f5f7f11d50a3a".
             Çözümlenmiş dosya yolu: "C:\Users\mrkfk\.nuget\packages\microsoft.netcore.app.ref\9.0.11\ref\net9.0\System.Reflection.TypeExtensions.dll".
             Başvuru, "{RawFileName}" arama yolu konumunda bulundu.
             En az bir kaynak öğesi için "Private" "false" olarak ayarlanmış olduğundan ve "Private", herhangi bir kaynak öğesi için "true" olarak ayarlanmış olmadığından bu başvuru "CopyLocal" değildir.
         Birincil başvuru: "System.Reflection, Version=9.0.0.0, Culture=neutral, PublicKeyToken=b03f5f7f11d50a3a".
             Çözümlenmiş dosya yolu: "C:\Users\mrkfk\.nuget\packages\microsoft.netcore.app.ref\9.0.11\ref\net9.0\System.Reflection.dll".
             Başvuru, "{RawFileName}" arama yolu konumunda bulundu.
             En az bir kaynak öğesi için "Private" "false" olarak ayarlanmış olduğundan ve "Private", herhangi bir kaynak öğesi için "true" olarak ayarlanmış olmadığından bu başvuru "CopyLocal" değildir.
         Birincil başvuru: "System.Resources.Reader, Version=9.0.0.0, Culture=neutral, PublicKeyToken=b03f5f7f11d50a3a".
             Çözümlenmiş dosya yolu: "C:\Users\mrkfk\.nuget\packages\microsoft.netcore.app.ref\9.0.11\ref\net9.0\System.Resources.Reader.dll".
             Başvuru, "{RawFileName}" arama yolu konumunda bulundu.
             En az bir kaynak öğesi için "Private" "false" olarak ayarlanmış olduğundan ve "Private", herhangi bir kaynak öğesi için "true" olarak ayarlanmış olmadığından bu başvuru "CopyLocal" değildir.
         Birincil başvuru: "System.Resources.ResourceManager, Version=9.0.0.0, Culture=neutral, PublicKeyToken=b03f5f7f11d50a3a".
             Çözümlenmiş dosya yolu: "C:\Users\mrkfk\.nuget\packages\microsoft.netcore.app.ref\9.0.11\ref\net9.0\System.Resources.ResourceManager.dll".
             Başvuru, "{RawFileName}" arama yolu konumunda bulundu.
             En az bir kaynak öğesi için "Private" "false" olarak ayarlanmış olduğundan ve "Private", herhangi bir kaynak öğesi için "true" olarak ayarlanmış olmadığından bu başvuru "CopyLocal" değildir.
         Birincil başvuru: "System.Resources.Writer, Version=9.0.0.0, Culture=neutral, PublicKeyToken=b03f5f7f11d50a3a".
   3:6>"GetReferenceNearestTargetFrameworkTask" görevini yürütme tamamlandı.
   2:7>ResolveAssemblyReferences:
             Çözümlenmiş dosya yolu: "C:\Users\mrkfk\.nuget\packages\microsoft.netcore.app.ref\9.0.11\ref\net9.0\System.Resources.Writer.dll".
             Başvuru, "{RawFileName}" arama yolu konumunda bulundu.
             En az bir kaynak öğesi için "Private" "false" olarak ayarlanmış olduğundan ve "Private", herhangi bir kaynak öğesi için "true" olarak ayarlanmış olmadığından bu başvuru "CopyLocal" değildir.
         Birincil başvuru: "System.Runtime.CompilerServices.Unsafe, Version=9.0.0.0, Culture=neutral, PublicKeyToken=b03f5f7f11d50a3a".
             Çözümlenmiş dosya yolu: "C:\Users\mrkfk\.nuget\packages\microsoft.netcore.app.ref\9.0.11\ref\net9.0\System.Runtime.CompilerServices.Unsafe.dll".
             Başvuru, "{RawFileName}" arama yolu konumunda bulundu.
             En az bir kaynak öğesi için "Private" "false" olarak ayarlanmış olduğundan ve "Private", herhangi bir kaynak öğesi için "true" olarak ayarlanmış olmadığından bu başvuru "CopyLocal" değildir.
         Birincil başvuru: "System.Runtime.CompilerServices.VisualC, Version=9.0.0.0, Culture=neutral, PublicKeyToken=b03f5f7f11d50a3a".
             Çözümlenmiş dosya yolu: "C:\Users\mrkfk\.nuget\packages\microsoft.netcore.app.ref\9.0.11\ref\net9.0\System.Runtime.CompilerServices.VisualC.dll".
             Başvuru, "{RawFileName}" arama yolu konumunda bulundu.
             En az bir kaynak öğesi için "Private" "false" olarak ayarlanmış olduğundan ve "Private", herhangi bir kaynak öğesi için "true" olarak ayarlanmış olmadığından bu başvuru "CopyLocal" değildir.
         Birincil başvuru: "System.Runtime.Extensions, Version=9.0.0.0, Culture=neutral, PublicKeyToken=b03f5f7f11d50a3a".
             Çözümlenmiş dosya yolu: "C:\Users\mrkfk\.nuget\packages\microsoft.netcore.app.ref\9.0.11\ref\net9.0\System.Runtime.Extensions.dll".
             Başvuru, "{RawFileName}" arama yolu konumunda bulundu.
             En az bir kaynak öğesi için "Private" "false" olarak ayarlanmış olduğundan ve "Private", herhangi bir kaynak öğesi için "true" olarak ayarlanmış olmadığından bu başvuru "CopyLocal" değildir.
         Birincil başvuru: "System.Runtime.Handles, Version=9.0.0.0, Culture=neutral, PublicKeyToken=b03f5f7f11d50a3a".
             Çözümlenmiş dosya yolu: "C:\Users\mrkfk\.nuget\packages\microsoft.netcore.app.ref\9.0.11\ref\net9.0\System.Runtime.Handles.dll".
             Başvuru, "{RawFileName}" arama yolu konumunda bulundu.
             En az bir kaynak öğesi için "Private" "false" olarak ayarlanmış olduğundan ve "Private", herhangi bir kaynak öğesi için "true" olarak ayarlanmış olmadığından bu başvuru "CopyLocal" değildir.
         Birincil başvuru: "System.Runtime.InteropServices.JavaScript, Version=9.0.0.0, Culture=neutral, PublicKeyToken=b03f5f7f11d50a3a".
   3:6>_GetProjectReferenceTargetFrameworkProperties:
       "Microsoft.Build.Tasks.Core, Version=15.1.0.0, Culture=neutral, PublicKeyToken=b03f5f7f11d50a3a" derlemesindeki "SetRidAgnosticValueForProjects" görevi kullanılıyor.
   2:7>ResolveAssemblyReferences:
             Çözümlenmiş dosya yolu: "C:\Users\mrkfk\.nuget\packages\microsoft.netcore.app.ref\9.0.11\ref\net9.0\System.Runtime.InteropServices.JavaScript.dll".
   3:6>"SetRidAgnosticValueForProjects" görevi
   2:7>ResolveAssemblyReferences:
             Başvuru, "{RawFileName}" arama yolu konumunda bulundu.
             En az bir kaynak öğesi için "Private" "false" olarak ayarlanmış olduğundan ve "Private", herhangi bir kaynak öğesi için "true" olarak ayarlanmış olmadığından bu başvuru "CopyLocal" değildir.
         Birincil başvuru: "System.Runtime.InteropServices.RuntimeInformation, Version=9.0.0.0, Culture=neutral, PublicKeyToken=b03f5f7f11d50a3a".
             Çözümlenmiş dosya yolu: "C:\Users\mrkfk\.nuget\packages\microsoft.netcore.app.ref\9.0.11\ref\net9.0\System.Runtime.InteropServices.RuntimeInformation.dll".
             Başvuru, "{RawFileName}" arama yolu konumunda bulundu.
             En az bir kaynak öğesi için "Private" "false" olarak ayarlanmış olduğundan ve "Private", herhangi bir kaynak öğesi için "true" olarak ayarlanmış olmadığından bu başvuru "CopyLocal" değildir.
         Birincil başvuru: "System.Runtime.InteropServices, Version=9.0.0.0, Culture=neutral, PublicKeyToken=b03f5f7f11d50a3a".
             Çözümlenmiş dosya yolu: "C:\Users\mrkfk\.nuget\packages\microsoft.netcore.app.ref\9.0.11\ref\net9.0\System.Runtime.InteropServices.dll".
             Başvuru, "{RawFileName}" arama yolu konumunda bulundu.
   3:6>"SetRidAgnosticValueForProjects" görevini yürütme tamamlandı.
   2:7>ResolveAssemblyReferences:
             En az bir kaynak öğesi için "Private" "false" olarak ayarlanmış olduğundan ve "Private", herhangi bir kaynak öğesi için "true" olarak ayarlanmış olmadığından bu başvuru "CopyLocal" değildir.
         Birincil başvuru: "System.Runtime.Intrinsics, Version=9.0.0.0, Culture=neutral, PublicKeyToken=cc7b13ffcd2ddd51".
             Çözümlenmiş dosya yolu: "C:\Users\mrkfk\.nuget\packages\microsoft.netcore.app.ref\9.0.11\ref\net9.0\System.Runtime.Intrinsics.dll".
             Başvuru, "{RawFileName}" arama yolu konumunda bulundu.
             En az bir kaynak öğesi için "Private" "false" olarak ayarlanmış olduğundan ve "Private", herhangi bir kaynak öğesi için "true" olarak ayarlanmış olmadığından bu başvuru "CopyLocal" değildir.
         Birincil başvuru: "System.Runtime.Loader, Version=9.0.0.0, Culture=neutral, PublicKeyToken=b03f5f7f11d50a3a".
             Çözümlenmiş dosya yolu: "C:\Users\mrkfk\.nuget\packages\microsoft.netcore.app.ref\9.0.11\ref\net9.0\System.Runtime.Loader.dll".
             Başvuru, "{RawFileName}" arama yolu konumunda bulundu.
             En az bir kaynak öğesi için "Private" "false" olarak ayarlanmış olduğundan ve "Private", herhangi bir kaynak öğesi için "true" olarak ayarlanmış olmadığından bu başvuru "CopyLocal" değildir.
         Birincil başvuru: "System.Runtime.Numerics, Version=9.0.0.0, Culture=neutral, PublicKeyToken=b03f5f7f11d50a3a".
             Çözümlenmiş dosya yolu: "C:\Users\mrkfk\.nuget\packages\microsoft.netcore.app.ref\9.0.11\ref\net9.0\System.Runtime.Numerics.dll".
             Başvuru, "{RawFileName}" arama yolu konumunda bulundu.
             En az bir kaynak öğesi için "Private" "false" olarak ayarlanmış olduğundan ve "Private", herhangi bir kaynak öğesi için "true" olarak ayarlanmış olmadığından bu başvuru "CopyLocal" değildir.
         Birincil başvuru: "System.Runtime.Serialization.Formatters, Version=8.1.0.0, Culture=neutral, PublicKeyToken=b03f5f7f11d50a3a".
             Çözümlenmiş dosya yolu: "C:\Users\mrkfk\.nuget\packages\microsoft.netcore.app.ref\9.0.11\ref\net9.0\System.Runtime.Serialization.Formatters.dll".
             Başvuru, "{RawFileName}" arama yolu konumunda bulundu.
             En az bir kaynak öğesi için "Private" "false" olarak ayarlanmış olduğundan ve "Private", herhangi bir kaynak öğesi için "true" olarak ayarlanmış olmadığından bu başvuru "CopyLocal" değildir.
         Birincil başvuru: "System.Runtime.Serialization.Json, Version=9.0.0.0, Culture=neutral, PublicKeyToken=b03f5f7f11d50a3a".
             Çözümlenmiş dosya yolu: "C:\Users\mrkfk\.nuget\packages\microsoft.netcore.app.ref\9.0.11\ref\net9.0\System.Runtime.Serialization.Json.dll".
             Başvuru, "{RawFileName}" arama yolu konumunda bulundu.
             En az bir kaynak öğesi için "Private" "false" olarak ayarlanmış olduğundan ve "Private", herhangi bir kaynak öğesi için "true" olarak ayarlanmış olmadığından bu başvuru "CopyLocal" değildir.
   3:6>"ECommerce.Application.csproj" projesinde "_GetProjectReferenceTargetFrameworkProperties" hedefini oluşturma tamamlandı.
   2:7>ResolveAssemblyReferences:
         Birincil başvuru: "System.Runtime.Serialization.Primitives, Version=9.0.0.0, Culture=neutral, PublicKeyToken=b03f5f7f11d50a3a".
   3:6>"_CalculateIsVSTestTestProject" hedefi atlandı. Önceden başarılı bir şekilde derlenmişti.
   2:7>ResolveAssemblyReferences:
             Çözümlenmiş dosya yolu: "C:\Users\mrkfk\.nuget\packages\microsoft.netcore.app.ref\9.0.11\ref\net9.0\System.Runtime.Serialization.Primitives.dll".
             Başvuru, "{RawFileName}" arama yolu konumunda bulundu.
             En az bir kaynak öğesi için "Private" "false" olarak ayarlanmış olduğundan ve "Private", herhangi bir kaynak öğesi için "true" olarak ayarlanmış olmadığından bu başvuru "CopyLocal" değildir.
         Birincil başvuru: "System.Runtime.Serialization.Xml, Version=9.0.0.0, Culture=neutral, PublicKeyToken=b03f5f7f11d50a3a".
             Çözümlenmiş dosya yolu: "C:\Users\mrkfk\.nuget\packages\microsoft.netcore.app.ref\9.0.11\ref\net9.0\System.Runtime.Serialization.Xml.dll".
   3:6>"C:\Users\mrkfk\OneDrive\Desktop\Projelerim\ECommerce\src\Core\ECommerce.Application\ECommerce.Application.csproj" projesinin "C:\Program Files\dotnet\sdk\10.0.100\Sdks\Microsoft.NET.Sdk\targets\Microsoft.NET.Sdk.targets" dosyasındaki "ValidateExecutableReferences" hedefi ("PrepareProjectReferences" hedefi buna bağımlı):
   3:6>"C:\Program Files\dotnet\sdk\10.0.100\Sdks\Microsoft.NET.Sdk\targets\..\tools\net10.0\Microsoft.NET.Build.Tasks.dll" derlemesindeki "ValidateExecutableReferences" görevi kullanılıyor.
   2:7>ResolveAssemblyReferences:
             Başvuru, "{RawFileName}" arama yolu konumunda bulundu.
   3:6>"ValidateExecutableReferences" görevi
   2:7>ResolveAssemblyReferences:
             En az bir kaynak öğesi için "Private" "false" olarak ayarlanmış olduğundan ve "Private", herhangi bir kaynak öğesi için "true" olarak ayarlanmış olmadığından bu başvuru "CopyLocal" değildir.
         Birincil başvuru: "System.Runtime.Serialization, Version=4.0.0.0, Culture=neutral, PublicKeyToken=b77a5c561934e089".
             Çözümlenmiş dosya yolu: "C:\Users\mrkfk\.nuget\packages\microsoft.netcore.app.ref\9.0.11\ref\net9.0\System.Runtime.Serialization.dll".
             Başvuru, "{RawFileName}" arama yolu konumunda bulundu.
             En az bir kaynak öğesi için "Private" "false" olarak ayarlanmış olduğundan ve "Private", herhangi bir kaynak öğesi için "true" olarak ayarlanmış olmadığından bu başvuru "CopyLocal" değildir.
         Birincil başvuru: "System.Runtime, Version=9.0.0.0, Culture=neutral, PublicKeyToken=b03f5f7f11d50a3a".
             Çözümlenmiş dosya yolu: "C:\Users\mrkfk\.nuget\packages\microsoft.netcore.app.ref\9.0.11\ref\net9.0\System.Runtime.dll".
             Başvuru, "{RawFileName}" arama yolu konumunda bulundu.
             En az bir kaynak öğesi için "Private" "false" olarak ayarlanmış olduğundan ve "Private", herhangi bir kaynak öğesi için "true" olarak ayarlanmış olmadığından bu başvuru "CopyLocal" değildir.
         Birincil başvuru: "System.Security.AccessControl, Version=9.0.0.0, Culture=neutral, PublicKeyToken=b03f5f7f11d50a3a".
             Çözümlenmiş dosya yolu: "C:\Users\mrkfk\.nuget\packages\microsoft.netcore.app.ref\9.0.11\ref\net9.0\System.Security.AccessControl.dll".
             Başvuru, "{RawFileName}" arama yolu konumunda bulundu.
             En az bir kaynak öğesi için "Private" "false" olarak ayarlanmış olduğundan ve "Private", herhangi bir kaynak öğesi için "true" olarak ayarlanmış olmadığından bu başvuru "CopyLocal" değildir.
         Birincil başvuru: "System.Security.Claims, Version=9.0.0.0, Culture=neutral, PublicKeyToken=b03f5f7f11d50a3a".
   3:6>"ValidateExecutableReferences" görevini yürütme tamamlandı.
   3:6>"ECommerce.Application.csproj" projesinde "ValidateExecutableReferences" hedefini oluşturma tamamlandı.
   2:7>ResolveAssemblyReferences:
             Çözümlenmiş dosya yolu: "C:\Users\mrkfk\.nuget\packages\microsoft.netcore.app.ref\9.0.11\ref\net9.0\System.Security.Claims.dll".
   3:6>"C:\Users\mrkfk\OneDrive\Desktop\Projelerim\ECommerce\src\Core\ECommerce.Application\ECommerce.Application.csproj" projesinin "C:\Program Files\dotnet\sdk\10.0.100\Microsoft.Common.CurrentVersion.targets" dosyasındaki "PrepareProjectReferences" hedefi ("ResolveProjectReferences" hedefi buna bağımlı):
   3:6>"ECommerce.Application.csproj" projesinde "PrepareProjectReferences" hedefini oluşturma tamamlandı.
   2:7>ResolveAssemblyReferences:
             Başvuru, "{RawFileName}" arama yolu konumunda bulundu.
             En az bir kaynak öğesi için "Private" "false" olarak ayarlanmış olduğundan ve "Private", herhangi bir kaynak öğesi için "true" olarak ayarlanmış olmadığından bu başvuru "CopyLocal" değildir.
         Birincil başvuru: "System.Security.Cryptography.Algorithms, Version=9.0.0.0, Culture=neutral, PublicKeyToken=b03f5f7f11d50a3a".
             Çözümlenmiş dosya yolu: "C:\Users\mrkfk\.nuget\packages\microsoft.netcore.app.ref\9.0.11\ref\net9.0\System.Security.Cryptography.Algorithms.dll".
             Başvuru, "{RawFileName}" arama yolu konumunda bulundu.
   3:6>"C:\Users\mrkfk\OneDrive\Desktop\Projelerim\ECommerce\src\Core\ECommerce.Application\ECommerce.Application.csproj" projesinin "C:\Program Files\dotnet\sdk\10.0.100\Microsoft.Common.CurrentVersion.targets" dosyasındaki "ResolveProjectReferences" hedefi ("ResolveReferences" hedefi buna bağımlı):
   3:6>"MSBuild" görevi
   2:7>ResolveAssemblyReferences:
             En az bir kaynak öğesi için "Private" "false" olarak ayarlanmış olduğundan ve "Private", herhangi bir kaynak öğesi için "true" olarak ayarlanmış olmadığından bu başvuru "CopyLocal" değildir.
         Birincil başvuru: "System.Security.Cryptography.Cng, Version=9.0.0.0, Culture=neutral, PublicKeyToken=b03f5f7f11d50a3a".
             Çözümlenmiş dosya yolu: "C:\Users\mrkfk\.nuget\packages\microsoft.netcore.app.ref\9.0.11\ref\net9.0\System.Security.Cryptography.Cng.dll".
             Başvuru, "{RawFileName}" arama yolu konumunda bulundu.
             En az bir kaynak öğesi için "Private" "false" olarak ayarlanmış olduğundan ve "Private", herhangi bir kaynak öğesi için "true" olarak ayarlanmış olmadığından bu başvuru "CopyLocal" değildir.
   3:6>ResolveProjectReferences:
         "..\ECommerce.Domain\ECommerce.Domain.csproj" projesinin Özellikleri kaldırılıyor:
           TargetFramework
   2:7>ResolveAssemblyReferences:
         Birincil başvuru: "System.Security.Cryptography.Csp, Version=9.0.0.0, Culture=neutral, PublicKeyToken=b03f5f7f11d50a3a".
   3:6>ResolveProjectReferences:
           RuntimeIdentifier
           SelfContained
   2:7>ResolveAssemblyReferences:
             Çözümlenmiş dosya yolu: "C:\Users\mrkfk\.nuget\packages\microsoft.netcore.app.ref\9.0.11\ref\net9.0\System.Security.Cryptography.Csp.dll".
             Başvuru, "{RawFileName}" arama yolu konumunda bulundu.
             En az bir kaynak öğesi için "Private" "false" olarak ayarlanmış olduğundan ve "Private", herhangi bir kaynak öğesi için "true" olarak ayarlanmış olmadığından bu başvuru "CopyLocal" değildir.
         Birincil başvuru: "System.Security.Cryptography.Encoding, Version=9.0.0.0, Culture=neutral, PublicKeyToken=b03f5f7f11d50a3a".
             Çözümlenmiş dosya yolu: "C:\Users\mrkfk\.nuget\packages\microsoft.netcore.app.ref\9.0.11\ref\net9.0\System.Security.Cryptography.Encoding.dll".
             Başvuru, "{RawFileName}" arama yolu konumunda bulundu.
             En az bir kaynak öğesi için "Private" "false" olarak ayarlanmış olduğundan ve "Private", herhangi bir kaynak öğesi için "true" olarak ayarlanmış olmadığından bu başvuru "CopyLocal" değildir.
         Birincil başvuru: "System.Security.Cryptography.OpenSsl, Version=9.0.0.0, Culture=neutral, PublicKeyToken=b03f5f7f11d50a3a".
             Çözümlenmiş dosya yolu: "C:\Users\mrkfk\.nuget\packages\microsoft.netcore.app.ref\9.0.11\ref\net9.0\System.Security.Cryptography.OpenSsl.dll".
             Başvuru, "{RawFileName}" arama yolu konumunda bulundu.
             En az bir kaynak öğesi için "Private" "false" olarak ayarlanmış olduğundan ve "Private", herhangi bir kaynak öğesi için "true" olarak ayarlanmış olmadığından bu başvuru "CopyLocal" değildir.
         Birincil başvuru: "System.Security.Cryptography.Primitives, Version=9.0.0.0, Culture=neutral, PublicKeyToken=b03f5f7f11d50a3a".
             Çözümlenmiş dosya yolu: "C:\Users\mrkfk\.nuget\packages\microsoft.netcore.app.ref\9.0.11\ref\net9.0\System.Security.Cryptography.Primitives.dll".
             Başvuru, "{RawFileName}" arama yolu konumunda bulundu.
             En az bir kaynak öğesi için "Private" "false" olarak ayarlanmış olduğundan ve "Private", herhangi bir kaynak öğesi için "true" olarak ayarlanmış olmadığından bu başvuru "CopyLocal" değildir.
         Birincil başvuru: "System.Security.Cryptography.X509Certificates, Version=9.0.0.0, Culture=neutral, PublicKeyToken=b03f5f7f11d50a3a".
             Çözümlenmiş dosya yolu: "C:\Users\mrkfk\.nuget\packages\microsoft.netcore.app.ref\9.0.11\ref\net9.0\System.Security.Cryptography.X509Certificates.dll".
             Başvuru, "{RawFileName}" arama yolu konumunda bulundu.
             En az bir kaynak öğesi için "Private" "false" olarak ayarlanmış olduğundan ve "Private", herhangi bir kaynak öğesi için "true" olarak ayarlanmış olmadığından bu başvuru "CopyLocal" değildir.
         Birincil başvuru: "System.Security.Cryptography, Version=9.0.0.0, Culture=neutral, PublicKeyToken=b03f5f7f11d50a3a".
             Çözümlenmiş dosya yolu: "C:\Users\mrkfk\.nuget\packages\microsoft.netcore.app.ref\9.0.11\ref\net9.0\System.Security.Cryptography.dll".
             Başvuru, "{RawFileName}" arama yolu konumunda bulundu.
             En az bir kaynak öğesi için "Private" "false" olarak ayarlanmış olduğundan ve "Private", herhangi bir kaynak öğesi için "true" olarak ayarlanmış olmadığından bu başvuru "CopyLocal" değildir.
         Birincil başvuru: "System.Security.Principal.Windows, Version=9.0.0.0, Culture=neutral, PublicKeyToken=b03f5f7f11d50a3a".
             Çözümlenmiş dosya yolu: "C:\Users\mrkfk\.nuget\packages\microsoft.netcore.app.ref\9.0.11\ref\net9.0\System.Security.Principal.Windows.dll".
             Başvuru, "{RawFileName}" arama yolu konumunda bulundu.
             En az bir kaynak öğesi için "Private" "false" olarak ayarlanmış olduğundan ve "Private", herhangi bir kaynak öğesi için "true" olarak ayarlanmış olmadığından bu başvuru "CopyLocal" değildir.
         Birincil başvuru: "System.Security.Principal, Version=9.0.0.0, Culture=neutral, PublicKeyToken=b03f5f7f11d50a3a".
             Çözümlenmiş dosya yolu: "C:\Users\mrkfk\.nuget\packages\microsoft.netcore.app.ref\9.0.11\ref\net9.0\System.Security.Principal.dll".
             Başvuru, "{RawFileName}" arama yolu konumunda bulundu.
             En az bir kaynak öğesi için "Private" "false" olarak ayarlanmış olduğundan ve "Private", herhangi bir kaynak öğesi için "true" olarak ayarlanmış olmadığından bu başvuru "CopyLocal" değildir.
         Birincil başvuru: "System.Security.SecureString, Version=9.0.0.0, Culture=neutral, PublicKeyToken=b03f5f7f11d50a3a".
             Çözümlenmiş dosya yolu: "C:\Users\mrkfk\.nuget\packages\microsoft.netcore.app.ref\9.0.11\ref\net9.0\System.Security.SecureString.dll".
             Başvuru, "{RawFileName}" arama yolu konumunda bulundu.
             En az bir kaynak öğesi için "Private" "false" olarak ayarlanmış olduğundan ve "Private", herhangi bir kaynak öğesi için "true" olarak ayarlanmış olmadığından bu başvuru "CopyLocal" değildir.
         Birincil başvuru: "System.Security, Version=4.0.0.0, Culture=neutral, PublicKeyToken=b03f5f7f11d50a3a".
             Çözümlenmiş dosya yolu: "C:\Users\mrkfk\.nuget\packages\microsoft.netcore.app.ref\9.0.11\ref\net9.0\System.Security.dll".
             Başvuru, "{RawFileName}" arama yolu konumunda bulundu.
             En az bir kaynak öğesi için "Private" "false" olarak ayarlanmış olduğundan ve "Private", herhangi bir kaynak öğesi için "true" olarak ayarlanmış olmadığından bu başvuru "CopyLocal" değildir.
         Birincil başvuru: "System.ServiceModel.Web, Version=4.0.0.0, Culture=neutral, PublicKeyToken=31bf3856ad364e35".
             Çözümlenmiş dosya yolu: "C:\Users\mrkfk\.nuget\packages\microsoft.netcore.app.ref\9.0.11\ref\net9.0\System.ServiceModel.Web.dll".
             Başvuru, "{RawFileName}" arama yolu konumunda bulundu.
             En az bir kaynak öğesi için "Private" "false" olarak ayarlanmış olduğundan ve "Private", herhangi bir kaynak öğesi için "true" olarak ayarlanmış olmadığından bu başvuru "CopyLocal" değildir.
         Birincil başvuru: "System.ServiceProcess, Version=4.0.0.0, Culture=neutral, PublicKeyToken=b03f5f7f11d50a3a".
             Çözümlenmiş dosya yolu: "C:\Users\mrkfk\.nuget\packages\microsoft.netcore.app.ref\9.0.11\ref\net9.0\System.ServiceProcess.dll".
             Başvuru, "{RawFileName}" arama yolu konumunda bulundu.
             En az bir kaynak öğesi için "Private" "false" olarak ayarlanmış olduğundan ve "Private", herhangi bir kaynak öğesi için "true" olarak ayarlanmış olmadığından bu başvuru "CopyLocal" değildir.
         Birincil başvuru: "System.Text.Encoding.CodePages, Version=9.0.0.0, Culture=neutral, PublicKeyToken=b03f5f7f11d50a3a".
             Çözümlenmiş dosya yolu: "C:\Users\mrkfk\.nuget\packages\microsoft.netcore.app.ref\9.0.11\ref\net9.0\System.Text.Encoding.CodePages.dll".
             Başvuru, "{RawFileName}" arama yolu konumunda bulundu.
             En az bir kaynak öğesi için "Private" "false" olarak ayarlanmış olduğundan ve "Private", herhangi bir kaynak öğesi için "true" olarak ayarlanmış olmadığından bu başvuru "CopyLocal" değildir.
         Birincil başvuru: "System.Text.Encoding.Extensions, Version=9.0.0.0, Culture=neutral, PublicKeyToken=b03f5f7f11d50a3a".
             Çözümlenmiş dosya yolu: "C:\Users\mrkfk\.nuget\packages\microsoft.netcore.app.ref\9.0.11\ref\net9.0\System.Text.Encoding.Extensions.dll".
             Başvuru, "{RawFileName}" arama yolu konumunda bulundu.
             En az bir kaynak öğesi için "Private" "false" olarak ayarlanmış olduğundan ve "Private", herhangi bir kaynak öğesi için "true" olarak ayarlanmış olmadığından bu başvuru "CopyLocal" değildir.
         Birincil başvuru: "System.Text.Encoding, Version=9.0.0.0, Culture=neutral, PublicKeyToken=b03f5f7f11d50a3a".
             Çözümlenmiş dosya yolu: "C:\Users\mrkfk\.nuget\packages\microsoft.netcore.app.ref\9.0.11\ref\net9.0\System.Text.Encoding.dll".
             Başvuru, "{RawFileName}" arama yolu konumunda bulundu.
             En az bir kaynak öğesi için "Private" "false" olarak ayarlanmış olduğundan ve "Private", herhangi bir kaynak öğesi için "true" olarak ayarlanmış olmadığından bu başvuru "CopyLocal" değildir.
         Birincil başvuru: "System.Text.Encodings.Web, Version=9.0.0.0, Culture=neutral, PublicKeyToken=cc7b13ffcd2ddd51".
             Çözümlenmiş dosya yolu: "C:\Users\mrkfk\.nuget\packages\microsoft.netcore.app.ref\9.0.11\ref\net9.0\System.Text.Encodings.Web.dll".
             Başvuru, "{RawFileName}" arama yolu konumunda bulundu.
             En az bir kaynak öğesi için "Private" "false" olarak ayarlanmış olduğundan ve "Private", herhangi bir kaynak öğesi için "true" olarak ayarlanmış olmadığından bu başvuru "CopyLocal" değildir.
         Birincil başvuru: "System.Text.Json, Version=9.0.0.0, Culture=neutral, PublicKeyToken=cc7b13ffcd2ddd51".
             Çözümlenmiş dosya yolu: "C:\Users\mrkfk\.nuget\packages\microsoft.netcore.app.ref\9.0.11\ref\net9.0\System.Text.Json.dll".
             Başvuru, "{RawFileName}" arama yolu konumunda bulundu.
             En az bir kaynak öğesi için "Private" "false" olarak ayarlanmış olduğundan ve "Private", herhangi bir kaynak öğesi için "true" olarak ayarlanmış olmadığından bu başvuru "CopyLocal" değildir.
         Birincil başvuru: "System.Text.RegularExpressions, Version=9.0.0.0, Culture=neutral, PublicKeyToken=b03f5f7f11d50a3a".
             Çözümlenmiş dosya yolu: "C:\Users\mrkfk\.nuget\packages\microsoft.netcore.app.ref\9.0.11\ref\net9.0\System.Text.RegularExpressions.dll".
             Başvuru, "{RawFileName}" arama yolu konumunda bulundu.
             En az bir kaynak öğesi için "Private" "false" olarak ayarlanmış olduğundan ve "Private", herhangi bir kaynak öğesi için "true" olarak ayarlanmış olmadığından bu başvuru "CopyLocal" değildir.
         Birincil başvuru: "System.Threading.Channels, Version=9.0.0.0, Culture=neutral, PublicKeyToken=cc7b13ffcd2ddd51".
             Çözümlenmiş dosya yolu: "C:\Users\mrkfk\.nuget\packages\microsoft.netcore.app.ref\9.0.11\ref\net9.0\System.Threading.Channels.dll".
             Başvuru, "{RawFileName}" arama yolu konumunda bulundu.
             En az bir kaynak öğesi için "Private" "false" olarak ayarlanmış olduğundan ve "Private", herhangi bir kaynak öğesi için "true" olarak ayarlanmış olmadığından bu başvuru "CopyLocal" değildir.
         Birincil başvuru: "System.Threading.Overlapped, Version=9.0.0.0, Culture=neutral, PublicKeyToken=b03f5f7f11d50a3a".
             Çözümlenmiş dosya yolu: "C:\Users\mrkfk\.nuget\packages\microsoft.netcore.app.ref\9.0.11\ref\net9.0\System.Threading.Overlapped.dll".
             Başvuru, "{RawFileName}" arama yolu konumunda bulundu.
             En az bir kaynak öğesi için "Private" "false" olarak ayarlanmış olduğundan ve "Private", herhangi bir kaynak öğesi için "true" olarak ayarlanmış olmadığından bu başvuru "CopyLocal" değildir.
         Birincil başvuru: "System.Threading.Tasks.Dataflow, Version=9.0.0.0, Culture=neutral, PublicKeyToken=b03f5f7f11d50a3a".
             Çözümlenmiş dosya yolu: "C:\Users\mrkfk\.nuget\packages\microsoft.netcore.app.ref\9.0.11\ref\net9.0\System.Threading.Tasks.Dataflow.dll".
             Başvuru, "{RawFileName}" arama yolu konumunda bulundu.
             En az bir kaynak öğesi için "Private" "false" olarak ayarlanmış olduğundan ve "Private", herhangi bir kaynak öğesi için "true" olarak ayarlanmış olmadığından bu başvuru "CopyLocal" değildir.
         Birincil başvuru: "System.Threading.Tasks.Extensions, Version=9.0.0.0, Culture=neutral, PublicKeyToken=cc7b13ffcd2ddd51".
             Çözümlenmiş dosya yolu: "C:\Users\mrkfk\.nuget\packages\microsoft.netcore.app.ref\9.0.11\ref\net9.0\System.Threading.Tasks.Extensions.dll".
             Başvuru, "{RawFileName}" arama yolu konumunda bulundu.
             En az bir kaynak öğesi için "Private" "false" olarak ayarlanmış olduğundan ve "Private", herhangi bir kaynak öğesi için "true" olarak ayarlanmış olmadığından bu başvuru "CopyLocal" değildir.
         Birincil başvuru: "System.Threading.Tasks.Parallel, Version=9.0.0.0, Culture=neutral, PublicKeyToken=b03f5f7f11d50a3a".
             Çözümlenmiş dosya yolu: "C:\Users\mrkfk\.nuget\packages\microsoft.netcore.app.ref\9.0.11\ref\net9.0\System.Threading.Tasks.Parallel.dll".
             Başvuru, "{RawFileName}" arama yolu konumunda bulundu.
             En az bir kaynak öğesi için "Private" "false" olarak ayarlanmış olduğundan ve "Private", herhangi bir kaynak öğesi için "true" olarak ayarlanmış olmadığından bu başvuru "CopyLocal" değildir.
         Birincil başvuru: "System.Threading.Tasks, Version=9.0.0.0, Culture=neutral, PublicKeyToken=b03f5f7f11d50a3a".
             Çözümlenmiş dosya yolu: "C:\Users\mrkfk\.nuget\packages\microsoft.netcore.app.ref\9.0.11\ref\net9.0\System.Threading.Tasks.dll".
             Başvuru, "{RawFileName}" arama yolu konumunda bulundu.
             En az bir kaynak öğesi için "Private" "false" olarak ayarlanmış olduğundan ve "Private", herhangi bir kaynak öğesi için "true" olarak ayarlanmış olmadığından bu başvuru "CopyLocal" değildir.
         Birincil başvuru: "System.Threading.Thread, Version=9.0.0.0, Culture=neutral, PublicKeyToken=b03f5f7f11d50a3a".
             Çözümlenmiş dosya yolu: "C:\Users\mrkfk\.nuget\packages\microsoft.netcore.app.ref\9.0.11\ref\net9.0\System.Threading.Thread.dll".
             Başvuru, "{RawFileName}" arama yolu konumunda bulundu.
             En az bir kaynak öğesi için "Private" "false" olarak ayarlanmış olduğundan ve "Private", herhangi bir kaynak öğesi için "true" olarak ayarlanmış olmadığından bu başvuru "CopyLocal" değildir.
         Birincil başvuru: "System.Threading.ThreadPool, Version=9.0.0.0, Culture=neutral, PublicKeyToken=b03f5f7f11d50a3a".
             Çözümlenmiş dosya yolu: "C:\Users\mrkfk\.nuget\packages\microsoft.netcore.app.ref\9.0.11\ref\net9.0\System.Threading.ThreadPool.dll".
             Başvuru, "{RawFileName}" arama yolu konumunda bulundu.
             En az bir kaynak öğesi için "Private" "false" olarak ayarlanmış olduğundan ve "Private", herhangi bir kaynak öğesi için "true" olarak ayarlanmış olmadığından bu başvuru "CopyLocal" değildir.
         Birincil başvuru: "System.Threading.Timer, Version=9.0.0.0, Culture=neutral, PublicKeyToken=b03f5f7f11d50a3a".
             Çözümlenmiş dosya yolu: "C:\Users\mrkfk\.nuget\packages\microsoft.netcore.app.ref\9.0.11\ref\net9.0\System.Threading.Timer.dll".
             Başvuru, "{RawFileName}" arama yolu konumunda bulundu.
             En az bir kaynak öğesi için "Private" "false" olarak ayarlanmış olduğundan ve "Private", herhangi bir kaynak öğesi için "true" olarak ayarlanmış olmadığından bu başvuru "CopyLocal" değildir.
         Birincil başvuru: "System.Threading, Version=9.0.0.0, Culture=neutral, PublicKeyToken=b03f5f7f11d50a3a".
             Çözümlenmiş dosya yolu: "C:\Users\mrkfk\.nuget\packages\microsoft.netcore.app.ref\9.0.11\ref\net9.0\System.Threading.dll".
             Başvuru, "{RawFileName}" arama yolu konumunda bulundu.
             En az bir kaynak öğesi için "Private" "false" olarak ayarlanmış olduğundan ve "Private", herhangi bir kaynak öğesi için "true" olarak ayarlanmış olmadığından bu başvuru "CopyLocal" değildir.
         Birincil başvuru: "System.Transactions.Local, Version=9.0.0.0, Culture=neutral, PublicKeyToken=cc7b13ffcd2ddd51".
             Çözümlenmiş dosya yolu: "C:\Users\mrkfk\.nuget\packages\microsoft.netcore.app.ref\9.0.11\ref\net9.0\System.Transactions.Local.dll".
             Başvuru, "{RawFileName}" arama yolu konumunda bulundu.
             En az bir kaynak öğesi için "Private" "false" olarak ayarlanmış olduğundan ve "Private", herhangi bir kaynak öğesi için "true" olarak ayarlanmış olmadığından bu başvuru "CopyLocal" değildir.
         Birincil başvuru: "System.Transactions, Version=4.0.0.0, Culture=neutral, PublicKeyToken=b77a5c561934e089".
             Çözümlenmiş dosya yolu: "C:\Users\mrkfk\.nuget\packages\microsoft.netcore.app.ref\9.0.11\ref\net9.0\System.Transactions.dll".
             Başvuru, "{RawFileName}" arama yolu konumunda bulundu.
             En az bir kaynak öğesi için "Private" "false" olarak ayarlanmış olduğundan ve "Private", herhangi bir kaynak öğesi için "true" olarak ayarlanmış olmadığından bu başvuru "CopyLocal" değildir.
         Birincil başvuru: "System.ValueTuple, Version=9.0.0.0, Culture=neutral, PublicKeyToken=cc7b13ffcd2ddd51".
             Çözümlenmiş dosya yolu: "C:\Users\mrkfk\.nuget\packages\microsoft.netcore.app.ref\9.0.11\ref\net9.0\System.ValueTuple.dll".
             Başvuru, "{RawFileName}" arama yolu konumunda bulundu.
             En az bir kaynak öğesi için "Private" "false" olarak ayarlanmış olduğundan ve "Private", herhangi bir kaynak öğesi için "true" olarak ayarlanmış olmadığından bu başvuru "CopyLocal" değildir.
         Birincil başvuru: "System.Web.HttpUtility, Version=9.0.0.0, Culture=neutral, PublicKeyToken=cc7b13ffcd2ddd51".
             Çözümlenmiş dosya yolu: "C:\Users\mrkfk\.nuget\packages\microsoft.netcore.app.ref\9.0.11\ref\net9.0\System.Web.HttpUtility.dll".
             Başvuru, "{RawFileName}" arama yolu konumunda bulundu.
             En az bir kaynak öğesi için "Private" "false" olarak ayarlanmış olduğundan ve "Private", herhangi bir kaynak öğesi için "true" olarak ayarlanmış olmadığından bu başvuru "CopyLocal" değildir.
         Birincil başvuru: "System.Web, Version=4.0.0.0, Culture=neutral, PublicKeyToken=b03f5f7f11d50a3a".
             Çözümlenmiş dosya yolu: "C:\Users\mrkfk\.nuget\packages\microsoft.netcore.app.ref\9.0.11\ref\net9.0\System.Web.dll".
             Başvuru, "{RawFileName}" arama yolu konumunda bulundu.
             En az bir kaynak öğesi için "Private" "false" olarak ayarlanmış olduğundan ve "Private", herhangi bir kaynak öğesi için "true" olarak ayarlanmış olmadığından bu başvuru "CopyLocal" değildir.
         Birincil başvuru: "System.Windows, Version=4.0.0.0, Culture=neutral, PublicKeyToken=b03f5f7f11d50a3a".
             Çözümlenmiş dosya yolu: "C:\Users\mrkfk\.nuget\packages\microsoft.netcore.app.ref\9.0.11\ref\net9.0\System.Windows.dll".
             Başvuru, "{RawFileName}" arama yolu konumunda bulundu.
             En az bir kaynak öğesi için "Private" "false" olarak ayarlanmış olduğundan ve "Private", herhangi bir kaynak öğesi için "true" olarak ayarlanmış olmadığından bu başvuru "CopyLocal" değildir.
         Birincil başvuru: "System.Xml.Linq, Version=4.0.0.0, Culture=neutral, PublicKeyToken=b77a5c561934e089".
             Çözümlenmiş dosya yolu: "C:\Users\mrkfk\.nuget\packages\microsoft.netcore.app.ref\9.0.11\ref\net9.0\System.Xml.Linq.dll".
             Başvuru, "{RawFileName}" arama yolu konumunda bulundu.
             En az bir kaynak öğesi için "Private" "false" olarak ayarlanmış olduğundan ve "Private", herhangi bir kaynak öğesi için "true" olarak ayarlanmış olmadığından bu başvuru "CopyLocal" değildir.
         Birincil başvuru: "System.Xml.ReaderWriter, Version=9.0.0.0, Culture=neutral, PublicKeyToken=b03f5f7f11d50a3a".
             Çözümlenmiş dosya yolu: "C:\Users\mrkfk\.nuget\packages\microsoft.netcore.app.ref\9.0.11\ref\net9.0\System.Xml.ReaderWriter.dll".
             Başvuru, "{RawFileName}" arama yolu konumunda bulundu.
             En az bir kaynak öğesi için "Private" "false" olarak ayarlanmış olduğundan ve "Private", herhangi bir kaynak öğesi için "true" olarak ayarlanmış olmadığından bu başvuru "CopyLocal" değildir.
         Birincil başvuru: "System.Xml.Serialization, Version=4.0.0.0, Culture=neutral, PublicKeyToken=b77a5c561934e089".
             Çözümlenmiş dosya yolu: "C:\Users\mrkfk\.nuget\packages\microsoft.netcore.app.ref\9.0.11\ref\net9.0\System.Xml.Serialization.dll".
             Başvuru, "{RawFileName}" arama yolu konumunda bulundu.
             En az bir kaynak öğesi için "Private" "false" olarak ayarlanmış olduğundan ve "Private", herhangi bir kaynak öğesi için "true" olarak ayarlanmış olmadığından bu başvuru "CopyLocal" değildir.
         Birincil başvuru: "System.Xml.XDocument, Version=9.0.0.0, Culture=neutral, PublicKeyToken=b03f5f7f11d50a3a".
             Çözümlenmiş dosya yolu: "C:\Users\mrkfk\.nuget\packages\microsoft.netcore.app.ref\9.0.11\ref\net9.0\System.Xml.XDocument.dll".
             Başvuru, "{RawFileName}" arama yolu konumunda bulundu.
             En az bir kaynak öğesi için "Private" "false" olarak ayarlanmış olduğundan ve "Private", herhangi bir kaynak öğesi için "true" olarak ayarlanmış olmadığından bu başvuru "CopyLocal" değildir.
         Birincil başvuru: "System.Xml.XPath.XDocument, Version=9.0.0.0, Culture=neutral, PublicKeyToken=b03f5f7f11d50a3a".
             Çözümlenmiş dosya yolu: "C:\Users\mrkfk\.nuget\packages\microsoft.netcore.app.ref\9.0.11\ref\net9.0\System.Xml.XPath.XDocument.dll".
             Başvuru, "{RawFileName}" arama yolu konumunda bulundu.
             En az bir kaynak öğesi için "Private" "false" olarak ayarlanmış olduğundan ve "Private", herhangi bir kaynak öğesi için "true" olarak ayarlanmış olmadığından bu başvuru "CopyLocal" değildir.
         Birincil başvuru: "System.Xml.XPath, Version=9.0.0.0, Culture=neutral, PublicKeyToken=b03f5f7f11d50a3a".
             Çözümlenmiş dosya yolu: "C:\Users\mrkfk\.nuget\packages\microsoft.netcore.app.ref\9.0.11\ref\net9.0\System.Xml.XPath.dll".
             Başvuru, "{RawFileName}" arama yolu konumunda bulundu.
             En az bir kaynak öğesi için "Private" "false" olarak ayarlanmış olduğundan ve "Private", herhangi bir kaynak öğesi için "true" olarak ayarlanmış olmadığından bu başvuru "CopyLocal" değildir.
         Birincil başvuru: "System.Xml.XmlDocument, Version=9.0.0.0, Culture=neutral, PublicKeyToken=b03f5f7f11d50a3a".
             Çözümlenmiş dosya yolu: "C:\Users\mrkfk\.nuget\packages\microsoft.netcore.app.ref\9.0.11\ref\net9.0\System.Xml.XmlDocument.dll".
             Başvuru, "{RawFileName}" arama yolu konumunda bulundu.
             En az bir kaynak öğesi için "Private" "false" olarak ayarlanmış olduğundan ve "Private", herhangi bir kaynak öğesi için "true" olarak ayarlanmış olmadığından bu başvuru "CopyLocal" değildir.
         Birincil başvuru: "System.Xml.XmlSerializer, Version=9.0.0.0, Culture=neutral, PublicKeyToken=b03f5f7f11d50a3a".
             Çözümlenmiş dosya yolu: "C:\Users\mrkfk\.nuget\packages\microsoft.netcore.app.ref\9.0.11\ref\net9.0\System.Xml.XmlSerializer.dll".
             Başvuru, "{RawFileName}" arama yolu konumunda bulundu.
             En az bir kaynak öğesi için "Private" "false" olarak ayarlanmış olduğundan ve "Private", herhangi bir kaynak öğesi için "true" olarak ayarlanmış olmadığından bu başvuru "CopyLocal" değildir.
         Birincil başvuru: "System.Xml, Version=4.0.0.0, Culture=neutral, PublicKeyToken=b77a5c561934e089".
             Çözümlenmiş dosya yolu: "C:\Users\mrkfk\.nuget\packages\microsoft.netcore.app.ref\9.0.11\ref\net9.0\System.Xml.dll".
             Başvuru, "{RawFileName}" arama yolu konumunda bulundu.
             En az bir kaynak öğesi için "Private" "false" olarak ayarlanmış olduğundan ve "Private", herhangi bir kaynak öğesi için "true" olarak ayarlanmış olmadığından bu başvuru "CopyLocal" değildir.
         Birincil başvuru: "System, Version=4.0.0.0, Culture=neutral, PublicKeyToken=b77a5c561934e089".
             Çözümlenmiş dosya yolu: "C:\Users\mrkfk\.nuget\packages\microsoft.netcore.app.ref\9.0.11\ref\net9.0\System.dll".
             Başvuru, "{RawFileName}" arama yolu konumunda bulundu.
             En az bir kaynak öğesi için "Private" "false" olarak ayarlanmış olduğundan ve "Private", herhangi bir kaynak öğesi için "true" olarak ayarlanmış olmadığından bu başvuru "CopyLocal" değildir.
         Birincil başvuru: "WindowsBase, Version=4.0.0.0, Culture=neutral, PublicKeyToken=31bf3856ad364e35".
             Çözümlenmiş dosya yolu: "C:\Users\mrkfk\.nuget\packages\microsoft.netcore.app.ref\9.0.11\ref\net9.0\WindowsBase.dll".
             Başvuru, "{RawFileName}" arama yolu konumunda bulundu.
             En az bir kaynak öğesi için "Private" "false" olarak ayarlanmış olduğundan ve "Private", herhangi bir kaynak öğesi için "true" olarak ayarlanmış olmadığından bu başvuru "CopyLocal" değildir.
         Birincil başvuru: "mscorlib, Version=4.0.0.0, Culture=neutral, PublicKeyToken=b77a5c561934e089".
             Çözümlenmiş dosya yolu: "C:\Users\mrkfk\.nuget\packages\microsoft.netcore.app.ref\9.0.11\ref\net9.0\mscorlib.dll".
             Başvuru, "{RawFileName}" arama yolu konumunda bulundu.
             En az bir kaynak öğesi için "Private" "false" olarak ayarlanmış olduğundan ve "Private", herhangi bir kaynak öğesi için "true" olarak ayarlanmış olmadığından bu başvuru "CopyLocal" değildir.
         Birincil başvuru: "netstandard, Version=2.1.0.0, Culture=neutral, PublicKeyToken=cc7b13ffcd2ddd51".
             Çözümlenmiş dosya yolu: "C:\Users\mrkfk\.nuget\packages\microsoft.netcore.app.ref\9.0.11\ref\net9.0\netstandard.dll".
             Başvuru, "{RawFileName}" arama yolu konumunda bulundu.
             En az bir kaynak öğesi için "Private" "false" olarak ayarlanmış olduğundan ve "Private", herhangi bir kaynak öğesi için "true" olarak ayarlanmış olmadığından bu başvuru "CopyLocal" değildir.
       "ResolveAssemblyReference" görevini yürütme tamamlandı.
   2:7>"ECommerce.Domain.csproj" projesinde "ResolveAssemblyReferences" hedefini oluşturma tamamlandı.
   2:7>"C:\Users\mrkfk\OneDrive\Desktop\Projelerim\ECommerce\src\Core\ECommerce.Domain\ECommerce.Domain.csproj" projesinin "C:\Program Files\dotnet\sdk\10.0.100\Microsoft.Common.CurrentVersion.targets" dosyasındaki "AfterResolveReferences" hedefi ("ResolveReferences" hedefi buna bağımlı):
   2:7>"ECommerce.Domain.csproj" projesinde "AfterResolveReferences" hedefini oluşturma tamamlandı.
   2:7>"C:\Users\mrkfk\OneDrive\Desktop\Projelerim\ECommerce\src\Core\ECommerce.Domain\ECommerce.Domain.csproj" projesinin "C:\Program Files\dotnet\sdk\10.0.100\Microsoft.Common.CurrentVersion.targets" dosyasındaki "ResolveReferences" hedefi ("_BlockWinMDsOnUnsupportedTFMs" hedefi buna bağımlı):
   2:7>"ECommerce.Domain.csproj" projesinde "ResolveReferences" hedefini oluşturma tamamlandı.
   2:7>"C:\Users\mrkfk\OneDrive\Desktop\Projelerim\ECommerce\src\Core\ECommerce.Domain\ECommerce.Domain.csproj" projesinin "C:\Program Files\dotnet\sdk\10.0.100\Sdks\Microsoft.NET.Sdk\targets\Microsoft.NET.Sdk.targets" dosyasındaki "_BlockWinMDsOnUnsupportedTFMs" hedefi ("CoreBuild" hedefi buna bağımlı):
       "C:\Program Files\dotnet\sdk\10.0.100\Sdks\Microsoft.NET.Sdk\targets\..\tools\net10.0\Microsoft.NET.Build.Tasks.dll" derlemesindeki "CheckForUnsupportedWinMDReferences" görevi kullanılıyor.
       "CheckForUnsupportedWinMDReferences" görevi
       "CheckForUnsupportedWinMDReferences" görevini yürütme tamamlandı.
   2:7>"ECommerce.Domain.csproj" projesinde "_BlockWinMDsOnUnsupportedTFMs" hedefini oluşturma tamamlandı.
       "ResolveReferences" hedefi atlandı. Önceden başarılı bir şekilde derlenmişti.
       "ResolvePackageDependenciesForBuild" hedefi atlandı. Önceden başarılı bir şekilde derlenmişti.
       "_HandlePackageFileConflicts" hedefi atlandı. Önceden başarılı bir şekilde derlenmişti.
   2:7>"C:\Users\mrkfk\OneDrive\Desktop\Projelerim\ECommerce\src\Core\ECommerce.Domain\ECommerce.Domain.csproj" projesinin "C:\Program Files\dotnet\sdk\10.0.100\Roslyn\Microsoft.Managed.Core.targets" dosyasındaki "CopyAdditionalFiles" hedefi ("AssignTargetPaths" hedefi buna bağımlı):
   2:7>"ECommerce.Domain.csproj" projesinde "CopyAdditionalFiles" hedefini oluşturma tamamlandı.
   2:7>"C:\Users\mrkfk\OneDrive\Desktop\Projelerim\ECommerce\src\Core\ECommerce.Domain\ECommerce.Domain.csproj" projesinin "C:\Program Files\dotnet\sdk\10.0.100\Sdks\Microsoft.NET.Sdk\targets\Microsoft.NET.Sdk.targets" dosyasındaki "_ComputeNETCoreBuildOutputFiles" hedefi ("AssignTargetPaths" hedefi buna bağımlı):
   2:7>"ECommerce.Domain.csproj" projesinde "_ComputeNETCoreBuildOutputFiles" hedefini oluşturma tamamlandı.
   2:7>"C:\Users\mrkfk\OneDrive\Desktop\Projelerim\ECommerce\src\Core\ECommerce.Domain\ECommerce.Domain.csproj" projesinin "C:\Program Files\dotnet\sdk\10.0.100\Microsoft.Common.CurrentVersion.targets" dosyasındaki "AssignTargetPaths" hedefi ("PrepareResourceNames" hedefi buna bağımlı):
       "Microsoft.Build.Tasks.Core, Version=15.1.0.0, Culture=neutral, PublicKeyToken=b03f5f7f11d50a3a" derlemesindeki "AssignTargetPath" görevi kullanılıyor.
       "AssignTargetPath" görevi
       "AssignTargetPath" görevini yürütme tamamlandı.
       "AssignTargetPath" görevi
       "AssignTargetPath" görevini yürütme tamamlandı.
       "AssignTargetPath" görevi
       "AssignTargetPath" görevini yürütme tamamlandı.
       "AssignTargetPath" görevi
       "AssignTargetPath" görevini yürütme tamamlandı.
   2:7>"ECommerce.Domain.csproj" projesinde "AssignTargetPaths" hedefini oluşturma tamamlandı.
       "AssignTargetPaths" hedefi atlandı. Önceden başarılı bir şekilde derlenmişti.
   2:7>"C:\Users\mrkfk\OneDrive\Desktop\Projelerim\ECommerce\src\Core\ECommerce.Domain\ECommerce.Domain.csproj" projesinin "C:\Program Files\dotnet\sdk\10.0.100\Microsoft.Common.CurrentVersion.targets" dosyasındaki "SplitResourcesByCulture" hedefi ("PrepareResourceNames" hedefi buna bağımlı):
       "Microsoft.Build.Tasks.Core, Version=15.1.0.0, Culture=neutral, PublicKeyToken=b03f5f7f11d50a3a" derlemesindeki "AssignCulture" görevi kullanılıyor.
       "AssignCulture" görevi
       "AssignCulture" görevini yürütme tamamlandı.
   2:7>"ECommerce.Domain.csproj" projesinde "SplitResourcesByCulture" hedefini oluşturma tamamlandı.
   2:7>"C:\Users\mrkfk\OneDrive\Desktop\Projelerim\ECommerce\src\Core\ECommerce.Domain\ECommerce.Domain.csproj" projesinin "C:\Program Files\dotnet\sdk\10.0.100\Microsoft.Common.CurrentVersion.targets" dosyasındaki "CreateCustomManifestResourceNames" hedefi ("PrepareResourceNames" hedefi buna bağımlı):
   2:7>"ECommerce.Domain.csproj" projesinde "CreateCustomManifestResourceNames" hedefini oluşturma tamamlandı.
   2:7>"C:\Users\mrkfk\OneDrive\Desktop\Projelerim\ECommerce\src\Core\ECommerce.Domain\ECommerce.Domain.csproj" projesinin "C:\Program Files\dotnet\sdk\10.0.100\Microsoft.Common.CurrentVersion.targets" dosyasındaki "PrepareResourceNames" hedefi ("PrepareResources" hedefi buna bağımlı):
   2:7>"ECommerce.Domain.csproj" projesinde "PrepareResourceNames" hedefini oluşturma tamamlandı.
       "ResolveAssemblyReferences" hedefi atlandı. Önceden başarılı bir şekilde derlenmişti.
       "SplitResourcesByCulture" hedefi atlandı. Önceden başarılı bir şekilde derlenmişti.
   2:7>"C:\Users\mrkfk\OneDrive\Desktop\Projelerim\ECommerce\src\Core\ECommerce.Domain\ECommerce.Domain.csproj" projesinin "C:\Program Files\dotnet\sdk\10.0.100\Microsoft.Common.CurrentVersion.targets" dosyasındaki "BeforeResGen" hedefi ("ResGen" hedefi buna bağımlı):
   2:7>"ECommerce.Domain.csproj" projesinde "BeforeResGen" hedefini oluşturma tamamlandı.
       "ResolveReferences" hedefi atlandı. Önceden başarılı bir şekilde derlenmişti.
   2:7>"C:\Users\mrkfk\OneDrive\Desktop\Projelerim\ECommerce\src\Core\ECommerce.Domain\ECommerce.Domain.csproj" projesinin "C:\Program Files\dotnet\sdk\10.0.100\Microsoft.Common.CurrentVersion.targets" dosyasındaki "FindReferenceAssembliesForReferences" hedefi ("CoreResGen" hedefi buna bağımlı):
   2:7>"ECommerce.Domain.csproj" projesinde "FindReferenceAssembliesForReferences" hedefini oluşturma tamamlandı.
   2:7>"C:\Users\mrkfk\OneDrive\Desktop\Projelerim\ECommerce\src\Core\ECommerce.Domain\ECommerce.Domain.csproj" projesinin "C:\Program Files\dotnet\sdk\10.0.100\Microsoft.Common.CurrentVersion.targets" dosyasındaki "CoreResGen" hedefi ("ResGen" hedefi buna bağımlı):
   2:7>"ECommerce.Domain.csproj" projesinde "CoreResGen" hedefini oluşturma tamamlandı.
   2:7>"C:\Users\mrkfk\OneDrive\Desktop\Projelerim\ECommerce\src\Core\ECommerce.Domain\ECommerce.Domain.csproj" projesinin "C:\Program Files\dotnet\sdk\10.0.100\Microsoft.Common.CurrentVersion.targets" dosyasındaki "AfterResGen" hedefi ("ResGen" hedefi buna bağımlı):
   2:7>"ECommerce.Domain.csproj" projesinde "AfterResGen" hedefini oluşturma tamamlandı.
   2:7>"C:\Users\mrkfk\OneDrive\Desktop\Projelerim\ECommerce\src\Core\ECommerce.Domain\ECommerce.Domain.csproj" projesinin "C:\Program Files\dotnet\sdk\10.0.100\Microsoft.Common.CurrentVersion.targets" dosyasındaki "ResGen" hedefi ("PrepareResources" hedefi buna bağımlı):
   2:7>"ECommerce.Domain.csproj" projesinde "ResGen" hedefini oluşturma tamamlandı.
   2:7>"C:\Users\mrkfk\OneDrive\Desktop\Projelerim\ECommerce\src\Core\ECommerce.Domain\ECommerce.Domain.csproj" projesinin "C:\Program Files\dotnet\sdk\10.0.100\Microsoft.Common.CurrentVersion.targets" dosyasındaki "PrepareResources" hedefi ("CoreBuild" hedefi buna bağımlı):
   2:7>"ECommerce.Domain.csproj" projesinde "PrepareResources" hedefini oluşturma tamamlandı.
       "ResolveReferences" hedefi atlandı. Önceden başarılı bir şekilde derlenmişti.
   2:7>"C:\Users\mrkfk\OneDrive\Desktop\Projelerim\ECommerce\src\Core\ECommerce.Domain\ECommerce.Domain.csproj" projesinin "C:\Program Files\dotnet\sdk\10.0.100\Microsoft.Common.CurrentVersion.targets" dosyasındaki "_SetEmbeddedWin32ManifestProperties" hedefi ("SetWin32ManifestProperties" hedefi buna bağımlı):
       "Microsoft.Build.Tasks.Core, Version=15.1.0.0, Culture=neutral, PublicKeyToken=b03f5f7f11d50a3a" derlemesindeki "GetFrameworkPath" görevi kullanılıyor.
       "GetFrameworkPath" görevi
       "GetFrameworkPath" görevini yürütme tamamlandı.
   2:7>"ECommerce.Domain.csproj" projesinde "_SetEmbeddedWin32ManifestProperties" hedefini oluşturma tamamlandı.
   2:7>"C:\Users\mrkfk\OneDrive\Desktop\Projelerim\ECommerce\src\Core\ECommerce.Domain\ECommerce.Domain.csproj" projesinin "C:\Program Files\dotnet\sdk\10.0.100\Microsoft.Common.CurrentVersion.targets" dosyasındaki "SetWin32ManifestProperties" hedefi ("Compile" hedefi buna bağımlı):
   2:7>"ECommerce.Domain.csproj" projesinde "SetWin32ManifestProperties" hedefini oluşturma tamamlandı.
       "FindReferenceAssembliesForReferences" hedefi atlandı. Önceden başarılı bir şekilde derlenmişti.
   2:7>"C:\Users\mrkfk\OneDrive\Desktop\Projelerim\ECommerce\src\Core\ECommerce.Domain\ECommerce.Domain.csproj" projesinin "C:\Program Files\dotnet\sdk\10.0.100\Microsoft.Common.CurrentVersion.targets" dosyasındaki "_GenerateCompileInputs" hedefi ("Compile" hedefi buna bağımlı):
   2:7>"ECommerce.Domain.csproj" projesinde "_GenerateCompileInputs" hedefini oluşturma tamamlandı.
       "PrepareForBuild" hedefi atlandı. Önceden başarılı bir şekilde derlenmişti.
   2:7>"C:\Users\mrkfk\OneDrive\Desktop\Projelerim\ECommerce\src\Core\ECommerce.Domain\ECommerce.Domain.csproj" projesinin "C:\Program Files\dotnet\sdk\10.0.100\Roslyn\Microsoft.Managed.Core.targets" dosyasındaki "GenerateMSBuildEditorConfigFileShouldRun" hedefi ("GenerateMSBuildEditorConfigFile" hedefi buna bağımlı):
   2:7>"ECommerce.Domain.csproj" projesinde "GenerateMSBuildEditorConfigFileShouldRun" hedefini oluşturma tamamlandı.
   2:7>"C:\Users\mrkfk\OneDrive\Desktop\Projelerim\ECommerce\src\Core\ECommerce.Domain\ECommerce.Domain.csproj" projesinin "C:\Program Files\dotnet\sdk\10.0.100\Sdks\Microsoft.NET.Sdk\codestyle\cs\build\Microsoft.CodeAnalysis.CSharp.CodeStyle.targets" dosyasındaki "AddGlobalAnalyzerConfigForPackage_MicrosoftCodeAnalysisCSharpCodeStyle" hedefi ("GenerateMSBuildEditorConfigFileCore" hedefi buna bağımlı):
   2:7>"ECommerce.Domain.csproj" projesinde "AddGlobalAnalyzerConfigForPackage_MicrosoftCodeAnalysisCSharpCodeStyle" hedefini oluşturma tamamlandı.
   2:7>"C:\Users\mrkfk\OneDrive\Desktop\Projelerim\ECommerce\src\Core\ECommerce.Domain\ECommerce.Domain.csproj" projesinin "C:\Program Files\dotnet\sdk\10.0.100\Roslyn\Microsoft.Managed.Core.targets" dosyasındaki "GenerateMSBuildEditorConfigFileCore" hedefi ("GenerateMSBuildEditorConfigFile" hedefi buna bağımlı):
       "GenerateMSBuildEditorConfigFileCore" hedefi tam olarak oluşturuluyor.
       Giriş dosyası belirtilmedi.
       "C:\Program Files\dotnet\sdk\10.0.100\Sdks\Microsoft.NET.Sdk\targets\..\..\..\Roslyn\Microsoft.Build.Tasks.CodeAnalysis.dll" derlemesindeki "GenerateMSBuildEditorConfig" görevi kullanılıyor.
       "GenerateMSBuildEditorConfig" görevi
       "GenerateMSBuildEditorConfig" görevini yürütme tamamlandı.
   2:7>"ECommerce.Domain.csproj" projesinde "GenerateMSBuildEditorConfigFileCore" hedefini oluşturma tamamlandı.
   2:7>"C:\Users\mrkfk\OneDrive\Desktop\Projelerim\ECommerce\src\Core\ECommerce.Domain\ECommerce.Domain.csproj" projesinin "C:\Program Files\dotnet\sdk\10.0.100\Roslyn\Microsoft.Managed.Core.targets" dosyasındaki "GenerateMSBuildEditorConfigFile" hedefi ("BeforeCompile" hedefi buna bağımlı):
   2:7>"ECommerce.Domain.csproj" projesinde "GenerateMSBuildEditorConfigFile" hedefini oluşturma tamamlandı.
       "PrepareForBuild" hedefi atlandı. Önceden başarılı bir şekilde derlenmişti.
       "GetReferenceAssemblyPaths" hedefi atlandı. Önceden başarılı bir şekilde derlenmişti.
   2:7>"C:\Users\mrkfk\OneDrive\Desktop\Projelerim\ECommerce\src\Core\ECommerce.Domain\ECommerce.Domain.csproj" projesinin "C:\Program Files\dotnet\sdk\10.0.100\Microsoft.CSharp.CurrentVersion.targets" dosyasındaki "_SetTargetFrameworkMonikerAttribute" hedefi ("GenerateTargetFrameworkMonikerAttribute" hedefi buna bağımlı):
   2:7>"ECommerce.Domain.csproj" projesinde "_SetTargetFrameworkMonikerAttribute" hedefini oluşturma tamamlandı.
   2:7>"C:\Users\mrkfk\OneDrive\Desktop\Projelerim\ECommerce\src\Core\ECommerce.Domain\ECommerce.Domain.csproj" projesinin "C:\Program Files\dotnet\sdk\10.0.100\Microsoft.Common.CurrentVersion.targets" dosyasındaki "GenerateTargetFrameworkMonikerAttribute" hedefi ("BeforeCompile" hedefi buna bağımlı):
       Tüm çıkış dosyaları, giriş dosyalarına göre güncel durumda olduğundan "GenerateTargetFrameworkMonikerAttribute" hedefi atlanıyor.
       Giriş dosyaları: C:\Program Files\dotnet\sdk\10.0.100\Microsoft.Common.targets
       Çıkış dosyaları: obj\Debug\net9.0\.NETCoreApp,Version=v9.0.AssemblyAttributes.cs
   2:7>"ECommerce.Domain.csproj" projesinde "GenerateTargetFrameworkMonikerAttribute" hedefini oluşturma tamamlandı.
       "PrepareForBuild" hedefi atlandı. Önceden başarılı bir şekilde derlenmişti.
   2:7>"C:\Users\mrkfk\OneDrive\Desktop\Projelerim\ECommerce\src\Core\ECommerce.Domain\ECommerce.Domain.csproj" projesinin "C:\Program Files\dotnet\sdk\10.0.100\Sdks\Microsoft.NET.Sdk\targets\Microsoft.NET.GenerateAssemblyInfo.targets" dosyasındaki "GetAssemblyVersion" hedefi ("GetAssemblyAttributes" hedefi buna bağımlı):
       "C:\Program Files\dotnet\sdk\10.0.100\Sdks\Microsoft.NET.Sdk\targets\..\tools\net10.0\Microsoft.NET.Build.Tasks.dll" derlemesindeki "GetAssemblyVersion" görevi kullanılıyor.
       "GetAssemblyVersion" görevi
       "GetAssemblyVersion" görevini yürütme tamamlandı.
   2:7>"ECommerce.Domain.csproj" projesinde "GetAssemblyVersion" hedefini oluşturma tamamlandı.
   2:7>"C:\Users\mrkfk\OneDrive\Desktop\Projelerim\ECommerce\src\Core\ECommerce.Domain\ECommerce.Domain.csproj" projesinin "C:\Program Files\dotnet\sdk\10.0.100\Sdks\Microsoft.Build.Tasks.Git\build\Microsoft.Build.Tasks.Git.targets" dosyasındaki "InitializeSourceControlInformationFromSourceControlManager" hedefi ("_InitializeSourceControlInformationFromSourceControlManager" hedefi buna bağımlı):
       "C:\Program Files\dotnet\sdk\10.0.100\Sdks\Microsoft.Build.Tasks.Git\build\..\tools\net\Microsoft.Build.Tasks.Git.dll" derlemesindeki "Microsoft.Build.Tasks.Git.LocateRepository" görevi kullanılıyor.
       "Microsoft.Build.Tasks.Git.LocateRepository" görevi
         SourceLink: Repository instance not found in cache: '*:C:\Users\mrkfk\OneDrive\Desktop\Projelerim\ECommerce\.git'
       "Microsoft.Build.Tasks.Git.LocateRepository" görevini yürütme tamamlandı.
   2:7>"ECommerce.Domain.csproj" projesinde "InitializeSourceControlInformationFromSourceControlManager" hedefini oluşturma tamamlandı.
   2:7>"C:\Users\mrkfk\OneDrive\Desktop\Projelerim\ECommerce\src\Core\ECommerce.Domain\ECommerce.Domain.csproj" projesinin "C:\Program Files\dotnet\sdk\10.0.100\Sdks\Microsoft.SourceLink.Common\build\InitializeSourceControlInformation.targets" dosyasındaki "_SourceLinkHasSingleProvider" hedefi ("_InitializeSourceControlInformationFromSourceControlManager" hedefi buna bağımlı):
       "C:\Program Files\dotnet\sdk\10.0.100\Sdks\Microsoft.SourceLink.Common\build\..\tools\net\Microsoft.SourceLink.Common.dll" derlemesindeki "Microsoft.SourceLink.Common.SourceLinkHasSingleProvider" görevi kullanılıyor.
       "Microsoft.SourceLink.Common.SourceLinkHasSingleProvider" görevi
       "Microsoft.SourceLink.Common.SourceLinkHasSingleProvider" görevini yürütme tamamlandı.
   2:7>"ECommerce.Domain.csproj" projesinde "_SourceLinkHasSingleProvider" hedefini oluşturma tamamlandı.
   2:7>"C:\Users\mrkfk\OneDrive\Desktop\Projelerim\ECommerce\src\Core\ECommerce.Domain\ECommerce.Domain.csproj" projesinin "C:\Program Files\dotnet\sdk\10.0.100\Sdks\Microsoft.SourceLink.GitHub\build\Microsoft.SourceLink.GitHub.targets" dosyasındaki "TranslateGitHubUrlsInSourceControlInformation" hedefi ("_InitializeSourceControlInformationFromSourceControlManager" hedefi buna bağımlı):
       "C:\Program Files\dotnet\sdk\10.0.100\Sdks\Microsoft.SourceLink.GitHub\build\..\tools\net\Microsoft.SourceLink.GitHub.dll" derlemesindeki "Microsoft.SourceLink.GitHub.TranslateRepositoryUrls" görevi kullanılıyor.
       "Microsoft.SourceLink.GitHub.TranslateRepositoryUrls" görevi
       "Microsoft.SourceLink.GitHub.TranslateRepositoryUrls" görevini yürütme tamamlandı.
   2:7>"ECommerce.Domain.csproj" projesinde "TranslateGitHubUrlsInSourceControlInformation" hedefini oluşturma tamamlandı.
   2:7>"C:\Users\mrkfk\OneDrive\Desktop\Projelerim\ECommerce\src\Core\ECommerce.Domain\ECommerce.Domain.csproj" projesinin "C:\Program Files\dotnet\sdk\10.0.100\Sdks\Microsoft.SourceLink.GitLab\build\Microsoft.SourceLink.GitLab.targets" dosyasındaki "TranslateGitLabUrlsInSourceControlInformation" hedefi ("_InitializeSourceControlInformationFromSourceControlManager" hedefi buna bağımlı):
       "C:\Program Files\dotnet\sdk\10.0.100\Sdks\Microsoft.SourceLink.GitLab\build\..\tools\net\Microsoft.SourceLink.GitLab.dll" derlemesindeki "Microsoft.SourceLink.GitLab.TranslateRepositoryUrls" görevi kullanılıyor.
       "Microsoft.SourceLink.GitLab.TranslateRepositoryUrls" görevi
       "Microsoft.SourceLink.GitLab.TranslateRepositoryUrls" görevini yürütme tamamlandı.
   2:7>"ECommerce.Domain.csproj" projesinde "TranslateGitLabUrlsInSourceControlInformation" hedefini oluşturma tamamlandı.
   2:7>"C:\Users\mrkfk\OneDrive\Desktop\Projelerim\ECommerce\src\Core\ECommerce.Domain\ECommerce.Domain.csproj" projesinin "C:\Program Files\dotnet\sdk\10.0.100\Sdks\Microsoft.SourceLink.AzureRepos.Git\build\Microsoft.SourceLink.AzureRepos.Git.targets" dosyasındaki "TranslateAzureReposGitUrlsInSourceControlInformation" hedefi ("_InitializeSourceControlInformationFromSourceControlManager" hedefi buna bağımlı):
       "C:\Program Files\dotnet\sdk\10.0.100\Sdks\Microsoft.SourceLink.AzureRepos.Git\build\..\tools\net\Microsoft.SourceLink.AzureRepos.Git.dll" derlemesindeki "Microsoft.SourceLink.AzureRepos.Git.TranslateRepositoryUrls" görevi kullanılıyor.
       "Microsoft.SourceLink.AzureRepos.Git.TranslateRepositoryUrls" görevi
       "Microsoft.SourceLink.AzureRepos.Git.TranslateRepositoryUrls" görevini yürütme tamamlandı.
   2:7>"ECommerce.Domain.csproj" projesinde "TranslateAzureReposGitUrlsInSourceControlInformation" hedefini oluşturma tamamlandı.
   2:7>"C:\Users\mrkfk\OneDrive\Desktop\Projelerim\ECommerce\src\Core\ECommerce.Domain\ECommerce.Domain.csproj" projesinin "C:\Program Files\dotnet\sdk\10.0.100\Sdks\Microsoft.SourceLink.Bitbucket.Git\build\Microsoft.SourceLink.Bitbucket.Git.targets" dosyasındaki "TranslateBitbucketGitUrlsInSourceControlInformation" hedefi ("_InitializeSourceControlInformationFromSourceControlManager" hedefi buna bağımlı):
       "C:\Program Files\dotnet\sdk\10.0.100\Sdks\Microsoft.SourceLink.Bitbucket.Git\build\..\tools\net\Microsoft.SourceLink.Bitbucket.Git.dll" derlemesindeki "Microsoft.SourceLink.Bitbucket.Git.TranslateRepositoryUrls" görevi kullanılıyor.
       "Microsoft.SourceLink.Bitbucket.Git.TranslateRepositoryUrls" görevi
       "Microsoft.SourceLink.Bitbucket.Git.TranslateRepositoryUrls" görevini yürütme tamamlandı.
   2:7>"ECommerce.Domain.csproj" projesinde "TranslateBitbucketGitUrlsInSourceControlInformation" hedefini oluşturma tamamlandı.
   2:7>"C:\Users\mrkfk\OneDrive\Desktop\Projelerim\ECommerce\src\Core\ECommerce.Domain\ECommerce.Domain.csproj" projesinin "C:\Program Files\dotnet\sdk\10.0.100\Sdks\Microsoft.SourceLink.Common\build\InitializeSourceControlInformation.targets" dosyasındaki "SourceControlManagerPublishTranslatedUrls" hedefi ("_InitializeSourceControlInformationFromSourceControlManager" hedefi buna bağımlı):
   2:7>"ECommerce.Domain.csproj" projesinde "SourceControlManagerPublishTranslatedUrls" hedefini oluşturma tamamlandı.
   2:7>"C:\Users\mrkfk\OneDrive\Desktop\Projelerim\ECommerce\src\Core\ECommerce.Domain\ECommerce.Domain.csproj" projesinin "C:\Program Files\dotnet\sdk\10.0.100\Sdks\Microsoft.SourceLink.Common\build\InitializeSourceControlInformation.targets" dosyasındaki "_InitializeSourceControlInformationFromSourceControlManager" hedefi ("InitializeSourceControlInformation" hedefi buna bağımlı):
   2:7>"ECommerce.Domain.csproj" projesinde "_InitializeSourceControlInformationFromSourceControlManager" hedefini oluşturma tamamlandı.
   2:7>"C:\Users\mrkfk\OneDrive\Desktop\Projelerim\ECommerce\src\Core\ECommerce.Domain\ECommerce.Domain.csproj" projesinin "C:\Program Files\dotnet\sdk\10.0.100\Microsoft.Common.CurrentVersion.targets" dosyasındaki "InitializeSourceControlInformation" hedefi ("GetAssemblyAttributes" hedefi buna bağımlı):
   2:7>"ECommerce.Domain.csproj" projesinde "InitializeSourceControlInformation" hedefini oluşturma tamamlandı.
       "GetAssemblyVersion" hedefi atlandı. Önceden başarılı bir şekilde derlenmişti.
       "InitializeSourceControlInformation" hedefi atlandı. Önceden başarılı bir şekilde derlenmişti.
   2:7>"C:\Users\mrkfk\OneDrive\Desktop\Projelerim\ECommerce\src\Core\ECommerce.Domain\ECommerce.Domain.csproj" projesinin "C:\Program Files\dotnet\sdk\10.0.100\Sdks\Microsoft.NET.Sdk\targets\Microsoft.NET.GenerateAssemblyInfo.targets" dosyasındaki "AddSourceRevisionToInformationalVersion" hedefi ("GetAssemblyAttributes" hedefi buna bağımlı):
       C:\Program Files\dotnet\sdk\10.0.100\Sdks\Microsoft.NET.Sdk\targets\Microsoft.NET.GenerateAssemblyInfo.targets(70,7): message : Özellik yeniden ataması: $(InformationalVersion)="1.0.0+b31692038cd7204c9ac3d7885e7c29e0a8a8615d" (önceki değer: "1.0.0") konum: C:\Program Files\dotnet\sdk\10.0.100\Sdks\Microsoft.NET.Sdk\targets\Microsoft.NET.GenerateAssemblyInfo.targets (70,7) [C:\Users\mrkfk\OneDrive\Desktop\Projelerim\ECommerce\src\Core\ECommerce.Domain\ECommerce.Domain.csproj]
   2:7>"ECommerce.Domain.csproj" projesinde "AddSourceRevisionToInformationalVersion" hedefini oluşturma tamamlandı.
   2:7>"C:\Users\mrkfk\OneDrive\Desktop\Projelerim\ECommerce\src\Core\ECommerce.Domain\ECommerce.Domain.csproj" projesinin "C:\Program Files\dotnet\sdk\10.0.100\Sdks\Microsoft.NET.Sdk\targets\Microsoft.NET.GenerateAssemblyInfo.targets" dosyasındaki "GetAssemblyAttributes" hedefi ("CreateGeneratedAssemblyInfoInputsCacheFile" hedefi buna bağımlı):
   2:7>"ECommerce.Domain.csproj" projesinde "GetAssemblyAttributes" hedefini oluşturma tamamlandı.
   2:7>"C:\Users\mrkfk\OneDrive\Desktop\Projelerim\ECommerce\src\Core\ECommerce.Domain\ECommerce.Domain.csproj" projesinin "C:\Program Files\dotnet\sdk\10.0.100\Sdks\Microsoft.NET.Sdk\targets\Microsoft.NET.GenerateAssemblyInfo.targets" dosyasındaki "CreateGeneratedAssemblyInfoInputsCacheFile" hedefi ("CoreGenerateAssemblyInfo" hedefi buna bağımlı):
       "Microsoft.Build.Tasks.Core, Version=15.1.0.0, Culture=neutral, PublicKeyToken=b03f5f7f11d50a3a" derlemesindeki "Hash" görevi kullanılıyor.
       "Hash" görevi
       "Hash" görevini yürütme tamamlandı.
       "WriteLinesToFile" görevi
         İçerik değişmeyeceğinden "obj\Debug\net9.0\ECommerce.Domain.AssemblyInfoInputs.cache" dosyası üzerine yazma işlemi atlanacak.
       "WriteLinesToFile" görevini yürütme tamamlandı.
   2:7>"ECommerce.Domain.csproj" projesinde "CreateGeneratedAssemblyInfoInputsCacheFile" hedefini oluşturma tamamlandı.
   2:7>"C:\Users\mrkfk\OneDrive\Desktop\Projelerim\ECommerce\src\Core\ECommerce.Domain\ECommerce.Domain.csproj" projesinin "C:\Program Files\dotnet\sdk\10.0.100\Sdks\Microsoft.NET.Sdk\targets\Microsoft.NET.GenerateAssemblyInfo.targets" dosyasındaki "CoreGenerateAssemblyInfo" hedefi ("GenerateAssemblyInfo" hedefi buna bağımlı):
       Tüm çıkış dosyaları, giriş dosyalarına göre güncel durumda olduğundan "CoreGenerateAssemblyInfo" hedefi atlanıyor.
       Giriş dosyaları: obj\Debug\net9.0\ECommerce.Domain.AssemblyInfoInputs.cache
       Çıkış dosyaları: obj\Debug\net9.0\ECommerce.Domain.AssemblyInfo.cs
   2:7>"ECommerce.Domain.csproj" projesinde "CoreGenerateAssemblyInfo" hedefini oluşturma tamamlandı.
   2:7>"C:\Users\mrkfk\OneDrive\Desktop\Projelerim\ECommerce\src\Core\ECommerce.Domain\ECommerce.Domain.csproj" projesinin "C:\Program Files\dotnet\sdk\10.0.100\Sdks\Microsoft.NET.Sdk\targets\Microsoft.NET.GenerateAssemblyInfo.targets" dosyasındaki "GenerateAssemblyInfo" hedefi ("BeforeCompile" hedefi buna bağımlı):
   2:7>"ECommerce.Domain.csproj" projesinde "GenerateAssemblyInfo" hedefini oluşturma tamamlandı.
   2:7>"C:\Users\mrkfk\OneDrive\Desktop\Projelerim\ECommerce\src\Core\ECommerce.Domain\ECommerce.Domain.csproj" projesinin "C:\Program Files\dotnet\sdk\10.0.100\Microsoft.Common.CurrentVersion.targets" dosyasındaki "BeforeCompile" hedefi ("Compile" hedefi buna bağımlı):
   2:7>"ECommerce.Domain.csproj" projesinde "BeforeCompile" hedefini oluşturma tamamlandı.
       "ResolveAssemblyReferences" hedefi atlandı. Önceden başarılı bir şekilde derlenmişti.
       "_GenerateCompileInputs" hedefi atlandı. Önceden başarılı bir şekilde derlenmişti.
   2:7>"C:\Users\mrkfk\OneDrive\Desktop\Projelerim\ECommerce\src\Core\ECommerce.Domain\ECommerce.Domain.csproj" projesinin "C:\Program Files\dotnet\sdk\10.0.100\Microsoft.Common.CurrentVersion.targets" dosyasındaki "_GenerateCompileDependencyCache" hedefi ("Compile" hedefi buna bağımlı):
       "Hash" görevi
       "Hash" görevini yürütme tamamlandı.
       "WriteLinesToFile" görevi
         İçerik değişmeyeceğinden "obj\Debug\net9.0\ECommerce.Domain.csproj.CoreCompileInputs.cache" dosyası üzerine yazma işlemi atlanacak.
       "WriteLinesToFile" görevini yürütme tamamlandı.
   2:7>"ECommerce.Domain.csproj" projesinde "_GenerateCompileDependencyCache" hedefini oluşturma tamamlandı.
   2:7>"C:\Users\mrkfk\OneDrive\Desktop\Projelerim\ECommerce\src\Core\ECommerce.Domain\ECommerce.Domain.csproj" projesinin "C:\Program Files\dotnet\sdk\10.0.100\Roslyn\Microsoft.Managed.Core.targets" dosyasındaki "_BeforeVBCSCoreCompile" hedefi ("CoreCompile" hedefi buna bağımlı):
   2:7>"ECommerce.Domain.csproj" projesinde "_BeforeVBCSCoreCompile" hedefini oluşturma tamamlandı.
   2:7>"C:\Users\mrkfk\OneDrive\Desktop\Projelerim\ECommerce\src\Core\ECommerce.Domain\ECommerce.Domain.csproj" projesinin "C:\Program Files\dotnet\sdk\10.0.100\Roslyn\Microsoft.Managed.Core.targets" dosyasındaki "_ComputeSkipAnalyzers" hedefi ("CoreCompile" hedefi buna bağımlı):
   2:7>"ECommerce.Domain.csproj" projesinde "_ComputeSkipAnalyzers" hedefini oluşturma tamamlandı.
       "BeforeCompile" hedefi atlandı. Önceden başarılı bir şekilde derlenmişti.
       "InitializeSourceControlInformationFromSourceControlManager" hedefi atlandı. Önceden başarılı bir şekilde derlenmişti.
   2:7>"C:\Users\mrkfk\OneDrive\Desktop\Projelerim\ECommerce\src\Core\ECommerce.Domain\ECommerce.Domain.csproj" projesinin "C:\Program Files\dotnet\sdk\10.0.100\Sdks\Microsoft.Build.Tasks.Git\build\Microsoft.Build.Tasks.Git.targets" dosyasındaki "SetEmbeddedFilesFromSourceControlManagerUntrackedFiles" hedefi ("_SetEmbeddedFilesFromSourceControlManagerUntrackedFiles" hedefi buna bağımlı):
       "C:\Program Files\dotnet\sdk\10.0.100\Sdks\Microsoft.Build.Tasks.Git\build\..\tools\net\Microsoft.Build.Tasks.Git.dll" derlemesindeki "Microsoft.Build.Tasks.Git.GetUntrackedFiles" görevi kullanılıyor.
       "Microsoft.Build.Tasks.Git.GetUntrackedFiles" görevi
         SourceLink: Reusing cached git repository information.
       "Microsoft.Build.Tasks.Git.GetUntrackedFiles" görevini yürütme tamamlandı.
   2:7>"ECommerce.Domain.csproj" projesinde "SetEmbeddedFilesFromSourceControlManagerUntrackedFiles" hedefini oluşturma tamamlandı.
   2:7>"C:\Users\mrkfk\OneDrive\Desktop\Projelerim\ECommerce\src\Core\ECommerce.Domain\ECommerce.Domain.csproj" projesinin "C:\Program Files\dotnet\sdk\10.0.100\Sdks\Microsoft.SourceLink.Common\build\Microsoft.SourceLink.Common.targets" dosyasındaki "_SetEmbeddedFilesFromSourceControlManagerUntrackedFiles" hedefi ("CoreCompile" hedefi buna bağımlı):
   2:7>"ECommerce.Domain.csproj" projesinde "_SetEmbeddedFilesFromSourceControlManagerUntrackedFiles" hedefini oluşturma tamamlandı.
       "InitializeSourceControlInformation" hedefi atlandı. Önceden başarılı bir şekilde derlenmişti.
   2:7>"C:\Users\mrkfk\OneDrive\Desktop\Projelerim\ECommerce\src\Core\ECommerce.Domain\ECommerce.Domain.csproj" projesinin "C:\Program Files\dotnet\sdk\10.0.100\Sdks\Microsoft.SourceLink.Common\build\Microsoft.SourceLink.Common.targets" dosyasındaki "_SetSourceLinkFilePath" hedefi ("_GenerateSourceLinkFile" hedefi buna bağımlı):
   2:7>"ECommerce.Domain.csproj" projesinde "_SetSourceLinkFilePath" hedefini oluşturma tamamlandı.
       "InitializeSourceControlInformation" hedefi atlandı. Önceden başarılı bir şekilde derlenmişti.
   2:7>"C:\Users\mrkfk\OneDrive\Desktop\Projelerim\ECommerce\src\Core\ECommerce.Domain\ECommerce.Domain.csproj" projesinin "C:\Program Files\dotnet\sdk\10.0.100\Roslyn\Microsoft.Managed.Core.targets" dosyasındaki "_InitializeSourceRootMappedPathsFromSourceControl" hedefi ("InitializeSourceRootMappedPaths" hedefi buna bağımlı):
   2:7>"ECommerce.Domain.csproj" projesinde "_InitializeSourceRootMappedPathsFromSourceControl" hedefini oluşturma tamamlandı.
   2:7>"C:\Users\mrkfk\OneDrive\Desktop\Projelerim\ECommerce\src\Core\ECommerce.Domain\ECommerce.Domain.csproj" projesinin "C:\Program Files\dotnet\sdk\10.0.100\Roslyn\Microsoft.Managed.Core.targets" dosyasındaki "InitializeSourceRootMappedPaths" hedefi ("_InitializeSourceRootMappedPathsOpt" hedefi buna bağımlı):
       "C:\Program Files\dotnet\sdk\10.0.100\Sdks\Microsoft.NET.Sdk\targets\..\..\..\Roslyn\Microsoft.Build.Tasks.CodeAnalysis.dll" derlemesindeki "Microsoft.CodeAnalysis.BuildTasks.MapSourceRoots" görevi kullanılıyor.
       "Microsoft.CodeAnalysis.BuildTasks.MapSourceRoots" görevi
       "Microsoft.CodeAnalysis.BuildTasks.MapSourceRoots" görevini yürütme tamamlandı.
   2:7>"ECommerce.Domain.csproj" projesinde "InitializeSourceRootMappedPaths" hedefini oluşturma tamamlandı.
   2:7>"C:\Users\mrkfk\OneDrive\Desktop\Projelerim\ECommerce\src\Core\ECommerce.Domain\ECommerce.Domain.csproj" projesinin "C:\Program Files\dotnet\sdk\10.0.100\Sdks\Microsoft.SourceLink.Common\build\Microsoft.SourceLink.Common.targets" dosyasındaki "_InitializeSourceRootMappedPathsOpt" hedefi ("_GenerateSourceLinkFile" hedefi buna bağımlı):
   2:7>"ECommerce.Domain.csproj" projesinde "_InitializeSourceRootMappedPathsOpt" hedefini oluşturma tamamlandı.
   2:7>"C:\Users\mrkfk\OneDrive\Desktop\Projelerim\ECommerce\src\Core\ECommerce.Domain\ECommerce.Domain.csproj" projesinin "C:\Program Files\dotnet\sdk\10.0.100\Sdks\Microsoft.SourceLink.GitHub\build\Microsoft.SourceLink.GitHub.targets" dosyasındaki "_InitializeGitHubSourceLinkUrl" hedefi ("_GenerateSourceLinkFile" hedefi buna bağımlı):
       "_InitializeGitHubSourceLinkUrl" hedefi tam olarak oluşturuluyor.
       Giriş dosyası belirtilmedi.
       "C:\Program Files\dotnet\sdk\10.0.100\Sdks\Microsoft.SourceLink.GitHub\build\..\tools\net\Microsoft.SourceLink.GitHub.dll" derlemesindeki "Microsoft.SourceLink.GitHub.GetSourceLinkUrl" görevi kullanılıyor.
       "Microsoft.SourceLink.GitHub.GetSourceLinkUrl" görevi
       "Microsoft.SourceLink.GitHub.GetSourceLinkUrl" görevini yürütme tamamlandı.
   2:7>"ECommerce.Domain.csproj" projesinde "_InitializeGitHubSourceLinkUrl" hedefini oluşturma tamamlandı.
   2:7>"C:\Users\mrkfk\OneDrive\Desktop\Projelerim\ECommerce\src\Core\ECommerce.Domain\ECommerce.Domain.csproj" projesinin "C:\Program Files\dotnet\sdk\10.0.100\Sdks\Microsoft.SourceLink.GitHub\build\Microsoft.SourceLink.GitHub.targets" dosyasındaki "_InitializeGitHubSourceLinkUrl" hedefi ("_GenerateSourceLinkFile" hedefi buna bağımlı):
       "_InitializeGitHubSourceLinkUrl" hedefi tam olarak oluşturuluyor.
       Giriş dosyası belirtilmedi.
       "Microsoft.SourceLink.GitHub.GetSourceLinkUrl" görevi
       "Microsoft.SourceLink.GitHub.GetSourceLinkUrl" görevini yürütme tamamlandı.
   2:7>"ECommerce.Domain.csproj" projesinde "_InitializeGitHubSourceLinkUrl" hedefini oluşturma tamamlandı.
   2:7>"C:\Users\mrkfk\OneDrive\Desktop\Projelerim\ECommerce\src\Core\ECommerce.Domain\ECommerce.Domain.csproj" projesinin "C:\Program Files\dotnet\sdk\10.0.100\Sdks\Microsoft.SourceLink.GitHub\build\Microsoft.SourceLink.GitHub.targets" dosyasındaki "_InitializeGitHubSourceLinkUrl" hedefi ("_GenerateSourceLinkFile" hedefi buna bağımlı):
       "_InitializeGitHubSourceLinkUrl" hedefi tam olarak oluşturuluyor.
       Giriş dosyası belirtilmedi.
       "Microsoft.SourceLink.GitHub.GetSourceLinkUrl" görevi
       "Microsoft.SourceLink.GitHub.GetSourceLinkUrl" görevini yürütme tamamlandı.
   2:7>"ECommerce.Domain.csproj" projesinde "_InitializeGitHubSourceLinkUrl" hedefini oluşturma tamamlandı.
   2:7>"C:\Users\mrkfk\OneDrive\Desktop\Projelerim\ECommerce\src\Core\ECommerce.Domain\ECommerce.Domain.csproj" projesinin "C:\Program Files\dotnet\sdk\10.0.100\Sdks\Microsoft.SourceLink.GitLab\build\Microsoft.SourceLink.GitLab.targets" dosyasındaki "_InitializeGitLabSourceLinkUrl" hedefi ("_GenerateSourceLinkFile" hedefi buna bağımlı):
       "_InitializeGitLabSourceLinkUrl" hedefi tam olarak oluşturuluyor.
       Giriş dosyası belirtilmedi.
       "C:\Program Files\dotnet\sdk\10.0.100\Sdks\Microsoft.SourceLink.GitLab\build\..\tools\net\Microsoft.SourceLink.GitLab.dll" derlemesindeki "Microsoft.SourceLink.GitLab.GetSourceLinkUrl" görevi kullanılıyor.
       "Microsoft.SourceLink.GitLab.GetSourceLinkUrl" görevi
       C:\Program Files\dotnet\sdk\10.0.100\Sdks\Microsoft.SourceLink.GitLab\build\Microsoft.SourceLink.GitLab.targets(37,7): message : Özellik yeniden ataması: $(_SourceLinkUrlToUpdate)="N/A" (önceki değer: "https://raw.githubusercontent.com/mrkfks/ECommerce/b31692038cd7204c9ac3d7885e7c29e0a8a8615d/*") konum: C:\Program Files\dotnet\sdk\10.0.100\Sdks\Microsoft.SourceLink.GitLab\build\Microsoft.SourceLink.GitLab.targets (37,7) [C:\Users\mrkfk\OneDrive\Desktop\Projelerim\ECommerce\src\Core\ECommerce.Domain\ECommerce.Domain.csproj]
       "Microsoft.SourceLink.GitLab.GetSourceLinkUrl" görevini yürütme tamamlandı.
   2:7>"ECommerce.Domain.csproj" projesinde "_InitializeGitLabSourceLinkUrl" hedefini oluşturma tamamlandı.
   2:7>"C:\Users\mrkfk\OneDrive\Desktop\Projelerim\ECommerce\src\Core\ECommerce.Domain\ECommerce.Domain.csproj" projesinin "C:\Program Files\dotnet\sdk\10.0.100\Sdks\Microsoft.SourceLink.GitLab\build\Microsoft.SourceLink.GitLab.targets" dosyasındaki "_InitializeGitLabSourceLinkUrl" hedefi ("_GenerateSourceLinkFile" hedefi buna bağımlı):
       "_InitializeGitLabSourceLinkUrl" hedefi tam olarak oluşturuluyor.
       Giriş dosyası belirtilmedi.
       "Microsoft.SourceLink.GitLab.GetSourceLinkUrl" görevi
       C:\Program Files\dotnet\sdk\10.0.100\Sdks\Microsoft.SourceLink.GitLab\build\Microsoft.SourceLink.GitLab.targets(37,7): message : Özellik yeniden ataması: $(_SourceLinkUrlToUpdate)="N/A" (önceki değer: "https://raw.githubusercontent.com/mrkfks/ECommerce/b31692038cd7204c9ac3d7885e7c29e0a8a8615d/*") konum: C:\Program Files\dotnet\sdk\10.0.100\Sdks\Microsoft.SourceLink.GitLab\build\Microsoft.SourceLink.GitLab.targets (37,7) [C:\Users\mrkfk\OneDrive\Desktop\Projelerim\ECommerce\src\Core\ECommerce.Domain\ECommerce.Domain.csproj]
       "Microsoft.SourceLink.GitLab.GetSourceLinkUrl" görevini yürütme tamamlandı.
   2:7>"ECommerce.Domain.csproj" projesinde "_InitializeGitLabSourceLinkUrl" hedefini oluşturma tamamlandı.
   2:7>"C:\Users\mrkfk\OneDrive\Desktop\Projelerim\ECommerce\src\Core\ECommerce.Domain\ECommerce.Domain.csproj" projesinin "C:\Program Files\dotnet\sdk\10.0.100\Sdks\Microsoft.SourceLink.GitLab\build\Microsoft.SourceLink.GitLab.targets" dosyasındaki "_InitializeGitLabSourceLinkUrl" hedefi ("_GenerateSourceLinkFile" hedefi buna bağımlı):
       "_InitializeGitLabSourceLinkUrl" hedefi tam olarak oluşturuluyor.
       Giriş dosyası belirtilmedi.
       "Microsoft.SourceLink.GitLab.GetSourceLinkUrl" görevi
       C:\Program Files\dotnet\sdk\10.0.100\Sdks\Microsoft.SourceLink.GitLab\build\Microsoft.SourceLink.GitLab.targets(37,7): message : Özellik yeniden ataması: $(_SourceLinkUrlToUpdate)="N/A" (önceki değer: "https://raw.githubusercontent.com/mrkfks/ECommerce/b31692038cd7204c9ac3d7885e7c29e0a8a8615d/*") konum: C:\Program Files\dotnet\sdk\10.0.100\Sdks\Microsoft.SourceLink.GitLab\build\Microsoft.SourceLink.GitLab.targets (37,7) [C:\Users\mrkfk\OneDrive\Desktop\Projelerim\ECommerce\src\Core\ECommerce.Domain\ECommerce.Domain.csproj]
       "Microsoft.SourceLink.GitLab.GetSourceLinkUrl" görevini yürütme tamamlandı.
   2:7>"ECommerce.Domain.csproj" projesinde "_InitializeGitLabSourceLinkUrl" hedefini oluşturma tamamlandı.
   2:7>"C:\Users\mrkfk\OneDrive\Desktop\Projelerim\ECommerce\src\Core\ECommerce.Domain\ECommerce.Domain.csproj" projesinin "C:\Program Files\dotnet\sdk\10.0.100\Sdks\Microsoft.SourceLink.AzureRepos.Git\build\Microsoft.SourceLink.AzureRepos.Git.targets" dosyasındaki "_InitializeAzureReposGitSourceLinkUrl" hedefi ("_GenerateSourceLinkFile" hedefi buna bağımlı):
       "_InitializeAzureReposGitSourceLinkUrl" hedefi tam olarak oluşturuluyor.
       Giriş dosyası belirtilmedi.
       "C:\Program Files\dotnet\sdk\10.0.100\Sdks\Microsoft.SourceLink.AzureRepos.Git\build\..\tools\net\Microsoft.SourceLink.AzureRepos.Git.dll" derlemesindeki "Microsoft.SourceLink.AzureRepos.Git.GetSourceLinkUrl" görevi kullanılıyor.
       "Microsoft.SourceLink.AzureRepos.Git.GetSourceLinkUrl" görevi
       "Microsoft.SourceLink.AzureRepos.Git.GetSourceLinkUrl" görevini yürütme tamamlandı.
   2:7>"ECommerce.Domain.csproj" projesinde "_InitializeAzureReposGitSourceLinkUrl" hedefini oluşturma tamamlandı.
   2:7>"C:\Users\mrkfk\OneDrive\Desktop\Projelerim\ECommerce\src\Core\ECommerce.Domain\ECommerce.Domain.csproj" projesinin "C:\Program Files\dotnet\sdk\10.0.100\Sdks\Microsoft.SourceLink.AzureRepos.Git\build\Microsoft.SourceLink.AzureRepos.Git.targets" dosyasındaki "_InitializeAzureReposGitSourceLinkUrl" hedefi ("_GenerateSourceLinkFile" hedefi buna bağımlı):
       "_InitializeAzureReposGitSourceLinkUrl" hedefi tam olarak oluşturuluyor.
       Giriş dosyası belirtilmedi.
       "Microsoft.SourceLink.AzureRepos.Git.GetSourceLinkUrl" görevi
       "Microsoft.SourceLink.AzureRepos.Git.GetSourceLinkUrl" görevini yürütme tamamlandı.
   2:7>"ECommerce.Domain.csproj" projesinde "_InitializeAzureReposGitSourceLinkUrl" hedefini oluşturma tamamlandı.
   2:7>"C:\Users\mrkfk\OneDrive\Desktop\Projelerim\ECommerce\src\Core\ECommerce.Domain\ECommerce.Domain.csproj" projesinin "C:\Program Files\dotnet\sdk\10.0.100\Sdks\Microsoft.SourceLink.AzureRepos.Git\build\Microsoft.SourceLink.AzureRepos.Git.targets" dosyasındaki "_InitializeAzureReposGitSourceLinkUrl" hedefi ("_GenerateSourceLinkFile" hedefi buna bağımlı):
       "_InitializeAzureReposGitSourceLinkUrl" hedefi tam olarak oluşturuluyor.
       Giriş dosyası belirtilmedi.
       "Microsoft.SourceLink.AzureRepos.Git.GetSourceLinkUrl" görevi
       "Microsoft.SourceLink.AzureRepos.Git.GetSourceLinkUrl" görevini yürütme tamamlandı.
   2:7>"ECommerce.Domain.csproj" projesinde "_InitializeAzureReposGitSourceLinkUrl" hedefini oluşturma tamamlandı.
   2:7>"C:\Users\mrkfk\OneDrive\Desktop\Projelerim\ECommerce\src\Core\ECommerce.Domain\ECommerce.Domain.csproj" projesinin "C:\Program Files\dotnet\sdk\10.0.100\Sdks\Microsoft.SourceLink.Bitbucket.Git\build\Microsoft.SourceLink.Bitbucket.Git.targets" dosyasındaki "_InitializeBitbucketGitSourceLinkUrl" hedefi ("_GenerateSourceLinkFile" hedefi buna bağımlı):
       "_InitializeBitbucketGitSourceLinkUrl" hedefi tam olarak oluşturuluyor.
       Giriş dosyası belirtilmedi.
       "C:\Program Files\dotnet\sdk\10.0.100\Sdks\Microsoft.SourceLink.Bitbucket.Git\build\..\tools\net\Microsoft.SourceLink.Bitbucket.Git.dll" derlemesindeki "Microsoft.SourceLink.Bitbucket.Git.GetSourceLinkUrl" görevi kullanılıyor.
       "Microsoft.SourceLink.Bitbucket.Git.GetSourceLinkUrl" görevi
       "Microsoft.SourceLink.Bitbucket.Git.GetSourceLinkUrl" görevini yürütme tamamlandı.
   2:7>"ECommerce.Domain.csproj" projesinde "_InitializeBitbucketGitSourceLinkUrl" hedefini oluşturma tamamlandı.
   2:7>"C:\Users\mrkfk\OneDrive\Desktop\Projelerim\ECommerce\src\Core\ECommerce.Domain\ECommerce.Domain.csproj" projesinin "C:\Program Files\dotnet\sdk\10.0.100\Sdks\Microsoft.SourceLink.Bitbucket.Git\build\Microsoft.SourceLink.Bitbucket.Git.targets" dosyasındaki "_InitializeBitbucketGitSourceLinkUrl" hedefi ("_GenerateSourceLinkFile" hedefi buna bağımlı):
       "_InitializeBitbucketGitSourceLinkUrl" hedefi tam olarak oluşturuluyor.
       Giriş dosyası belirtilmedi.
       "Microsoft.SourceLink.Bitbucket.Git.GetSourceLinkUrl" görevi
       "Microsoft.SourceLink.Bitbucket.Git.GetSourceLinkUrl" görevini yürütme tamamlandı.
   2:7>"ECommerce.Domain.csproj" projesinde "_InitializeBitbucketGitSourceLinkUrl" hedefini oluşturma tamamlandı.
   2:7>"C:\Users\mrkfk\OneDrive\Desktop\Projelerim\ECommerce\src\Core\ECommerce.Domain\ECommerce.Domain.csproj" projesinin "C:\Program Files\dotnet\sdk\10.0.100\Sdks\Microsoft.SourceLink.Bitbucket.Git\build\Microsoft.SourceLink.Bitbucket.Git.targets" dosyasındaki "_InitializeBitbucketGitSourceLinkUrl" hedefi ("_GenerateSourceLinkFile" hedefi buna bağımlı):
       "_InitializeBitbucketGitSourceLinkUrl" hedefi tam olarak oluşturuluyor.
       Giriş dosyası belirtilmedi.
       "Microsoft.SourceLink.Bitbucket.Git.GetSourceLinkUrl" görevi
       "Microsoft.SourceLink.Bitbucket.Git.GetSourceLinkUrl" görevini yürütme tamamlandı.
   2:7>"ECommerce.Domain.csproj" projesinde "_InitializeBitbucketGitSourceLinkUrl" hedefini oluşturma tamamlandı.
   2:7>"C:\Users\mrkfk\OneDrive\Desktop\Projelerim\ECommerce\src\Core\ECommerce.Domain\ECommerce.Domain.csproj" projesinin "C:\Program Files\dotnet\sdk\10.0.100\Sdks\Microsoft.SourceLink.Common\build\Microsoft.SourceLink.Common.targets" dosyasındaki "_GenerateSourceLinkFile" hedefi ("GenerateSourceLinkFile" hedefi buna bağımlı):
       "_GenerateSourceLinkFile" hedefi tam olarak oluşturuluyor.
       Giriş dosyası belirtilmedi.
       "C:\Program Files\dotnet\sdk\10.0.100\Sdks\Microsoft.SourceLink.Common\build\..\tools\net\Microsoft.SourceLink.Common.dll" derlemesindeki "Microsoft.SourceLink.Common.GenerateSourceLinkFile" görevi kullanılıyor.
       "Microsoft.SourceLink.Common.GenerateSourceLinkFile" görevi
         'obj\Debug\net9.0\ECommerce.Domain.sourcelink.json' Source Link dosyası güncel.
       "Microsoft.SourceLink.Common.GenerateSourceLinkFile" görevini yürütme tamamlandı.
   2:7>"ECommerce.Domain.csproj" projesinde "_GenerateSourceLinkFile" hedefini oluşturma tamamlandı.
   2:7>"C:\Users\mrkfk\OneDrive\Desktop\Projelerim\ECommerce\src\Core\ECommerce.Domain\ECommerce.Domain.csproj" projesinin "C:\Program Files\dotnet\sdk\10.0.100\Sdks\Microsoft.SourceLink.Common\build\Microsoft.SourceLink.Common.targets" dosyasındaki "GenerateSourceLinkFile" hedefi ("CoreCompile" hedefi buna bağımlı):
   2:7>"ECommerce.Domain.csproj" projesinde "GenerateSourceLinkFile" hedefini oluşturma tamamlandı.
   2:7>"C:\Users\mrkfk\OneDrive\Desktop\Projelerim\ECommerce\src\Core\ECommerce.Domain\ECommerce.Domain.csproj" projesinin "C:\Program Files\dotnet\sdk\10.0.100\Sdks\Microsoft.NET.Sdk\analyzers\build\Microsoft.CodeAnalysis.NetAnalyzers.targets" dosyasındaki "AddGlobalAnalyzerConfigForPackage_MicrosoftCodeAnalysisNetAnalyzers" hedefi ("CoreCompile" hedefi buna bağımlı):
   2:7>"ECommerce.Domain.csproj" projesinde "AddGlobalAnalyzerConfigForPackage_MicrosoftCodeAnalysisNetAnalyzers" hedefini oluşturma tamamlandı.
   2:7>"C:\Users\mrkfk\OneDrive\Desktop\Projelerim\ECommerce\src\Core\ECommerce.Domain\ECommerce.Domain.csproj" projesinin "C:\Program Files\dotnet\sdk\10.0.100\Roslyn\Microsoft.CSharp.Core.targets" dosyasındaki "CoreCompile" hedefi ("Compile" hedefi buna bağımlı):
       Tüm çıkış dosyaları, giriş dosyalarına göre güncel durumda olduğundan "CoreCompile" hedefi atlanıyor.
       Giriş dosyaları: 
           Entities\Address.cs
           Entities\Attribute.cs
           Entities\AttributeValue.cs
           Entities\Banner.cs
           Entities\BaseEntity.cs
           Entities\Brand.cs
           Entities\Campaign.cs
           Entities\Cart.cs
           Entities\CartItem.cs
           Entities\Category.cs
           Entities\CategoryAttribute.cs
           Entities\CategoryAttributeValue.cs
           Entities\Company.cs
           Entities\Customer.cs
           Entities\CustomerMessage.cs
           Entities\GlobalAttribute.cs
           Entities\IAuditable.cs
           Entities\ISoftDeletable.cs
           Entities\ITenantEntity.cs
           Entities\LoginHistory.cs
           Entities\Model.cs
           Entities\Notification.cs
           Entities\Order.cs
           Entities\OrderItem.cs
           Entities\Product.cs
           Entities\ProductImage.cs
           Entities\ProductSpecification.cs
           Entities\ProductVariant.cs
           Entities\ProductVariantAttribute.cs
           Entities\Request.cs
           Entities\Review.cs
           Entities\Role.cs
           Entities\User.cs
           Entities\UserRole.cs
           Enums\NotificationType.cs
           Enums\OrderStatus.cs
           Interfaces\IAddressRepository.cs
           Interfaces\ICompanyRepository.cs
           Interfaces\ICustomerRepository.cs
           Interfaces\IGenericRepository.cs
           Interfaces\IOrderDomainService.cs
           Interfaces\IOrderRepository.cs
           Interfaces\IPaymentService.cs
           Interfaces\IProductRepository.cs
           obj\Debug\net9.0\ECommerce.Domain.GlobalUsings.g.cs
           obj\Debug\net9.0\.NETCoreApp,Version=v9.0.AssemblyAttributes.cs
           obj\Debug\net9.0\ECommerce.Domain.AssemblyInfo.cs
           C:\Users\mrkfk\.nuget\packages\microsoft.netcore.app.ref\9.0.11\ref\net9.0\Microsoft.CSharp.dll
           C:\Users\mrkfk\.nuget\packages\microsoft.netcore.app.ref\9.0.11\ref\net9.0\Microsoft.VisualBasic.Core.dll
           C:\Users\mrkfk\.nuget\packages\microsoft.netcore.app.ref\9.0.11\ref\net9.0\Microsoft.VisualBasic.dll
           C:\Users\mrkfk\.nuget\packages\microsoft.netcore.app.ref\9.0.11\ref\net9.0\Microsoft.Win32.Primitives.dll
           C:\Users\mrkfk\.nuget\packages\microsoft.netcore.app.ref\9.0.11\ref\net9.0\Microsoft.Win32.Registry.dll
           C:\Users\mrkfk\.nuget\packages\microsoft.netcore.app.ref\9.0.11\ref\net9.0\mscorlib.dll
           C:\Users\mrkfk\.nuget\packages\microsoft.netcore.app.ref\9.0.11\ref\net9.0\netstandard.dll
           C:\Users\mrkfk\.nuget\packages\microsoft.netcore.app.ref\9.0.11\ref\net9.0\System.AppContext.dll
           C:\Users\mrkfk\.nuget\packages\microsoft.netcore.app.ref\9.0.11\ref\net9.0\System.Buffers.dll
           C:\Users\mrkfk\.nuget\packages\microsoft.netcore.app.ref\9.0.11\ref\net9.0\System.Collections.Concurrent.dll
           C:\Users\mrkfk\.nuget\packages\microsoft.netcore.app.ref\9.0.11\ref\net9.0\System.Collections.dll
           C:\Users\mrkfk\.nuget\packages\microsoft.netcore.app.ref\9.0.11\ref\net9.0\System.Collections.Immutable.dll
           C:\Users\mrkfk\.nuget\packages\microsoft.netcore.app.ref\9.0.11\ref\net9.0\System.Collections.NonGeneric.dll
           C:\Users\mrkfk\.nuget\packages\microsoft.netcore.app.ref\9.0.11\ref\net9.0\System.Collections.Specialized.dll
           C:\Users\mrkfk\.nuget\packages\microsoft.netcore.app.ref\9.0.11\ref\net9.0\System.ComponentModel.Annotations.dll
           C:\Users\mrkfk\.nuget\packages\microsoft.netcore.app.ref\9.0.11\ref\net9.0\System.ComponentModel.DataAnnotations.dll
           C:\Users\mrkfk\.nuget\packages\microsoft.netcore.app.ref\9.0.11\ref\net9.0\System.ComponentModel.dll
           C:\Users\mrkfk\.nuget\packages\microsoft.netcore.app.ref\9.0.11\ref\net9.0\System.ComponentModel.EventBasedAsync.dll
           C:\Users\mrkfk\.nuget\packages\microsoft.netcore.app.ref\9.0.11\ref\net9.0\System.ComponentModel.Primitives.dll
           C:\Users\mrkfk\.nuget\packages\microsoft.netcore.app.ref\9.0.11\ref\net9.0\System.ComponentModel.TypeConverter.dll
           C:\Users\mrkfk\.nuget\packages\microsoft.netcore.app.ref\9.0.11\ref\net9.0\System.Configuration.dll
           C:\Users\mrkfk\.nuget\packages\microsoft.netcore.app.ref\9.0.11\ref\net9.0\System.Console.dll
           C:\Users\mrkfk\.nuget\packages\microsoft.netcore.app.ref\9.0.11\ref\net9.0\System.Core.dll
           C:\Users\mrkfk\.nuget\packages\microsoft.netcore.app.ref\9.0.11\ref\net9.0\System.Data.Common.dll
           C:\Users\mrkfk\.nuget\packages\microsoft.netcore.app.ref\9.0.11\ref\net9.0\System.Data.DataSetExtensions.dll
           C:\Users\mrkfk\.nuget\packages\microsoft.netcore.app.ref\9.0.11\ref\net9.0\System.Data.dll
           C:\Users\mrkfk\.nuget\packages\microsoft.netcore.app.ref\9.0.11\ref\net9.0\System.Diagnostics.Contracts.dll
           C:\Users\mrkfk\.nuget\packages\microsoft.netcore.app.ref\9.0.11\ref\net9.0\System.Diagnostics.Debug.dll
           C:\Users\mrkfk\.nuget\packages\microsoft.netcore.app.ref\9.0.11\ref\net9.0\System.Diagnostics.DiagnosticSource.dll
           C:\Users\mrkfk\.nuget\packages\microsoft.netcore.app.ref\9.0.11\ref\net9.0\System.Diagnostics.FileVersionInfo.dll
           C:\Users\mrkfk\.nuget\packages\microsoft.netcore.app.ref\9.0.11\ref\net9.0\System.Diagnostics.Process.dll
           C:\Users\mrkfk\.nuget\packages\microsoft.netcore.app.ref\9.0.11\ref\net9.0\System.Diagnostics.StackTrace.dll
           C:\Users\mrkfk\.nuget\packages\microsoft.netcore.app.ref\9.0.11\ref\net9.0\System.Diagnostics.TextWriterTraceListener.dll
           C:\Users\mrkfk\.nuget\packages\microsoft.netcore.app.ref\9.0.11\ref\net9.0\System.Diagnostics.Tools.dll
           C:\Users\mrkfk\.nuget\packages\microsoft.netcore.app.ref\9.0.11\ref\net9.0\System.Diagnostics.TraceSource.dll
           C:\Users\mrkfk\.nuget\packages\microsoft.netcore.app.ref\9.0.11\ref\net9.0\System.Diagnostics.Tracing.dll
           C:\Users\mrkfk\.nuget\packages\microsoft.netcore.app.ref\9.0.11\ref\net9.0\System.dll
           C:\Users\mrkfk\.nuget\packages\microsoft.netcore.app.ref\9.0.11\ref\net9.0\System.Drawing.dll
           C:\Users\mrkfk\.nuget\packages\microsoft.netcore.app.ref\9.0.11\ref\net9.0\System.Drawing.Primitives.dll
           C:\Users\mrkfk\.nuget\packages\microsoft.netcore.app.ref\9.0.11\ref\net9.0\System.Dynamic.Runtime.dll
           C:\Users\mrkfk\.nuget\packages\microsoft.netcore.app.ref\9.0.11\ref\net9.0\System.Formats.Asn1.dll
           C:\Users\mrkfk\.nuget\packages\microsoft.netcore.app.ref\9.0.11\ref\net9.0\System.Formats.Tar.dll
           C:\Users\mrkfk\.nuget\packages\microsoft.netcore.app.ref\9.0.11\ref\net9.0\System.Globalization.Calendars.dll
           C:\Users\mrkfk\.nuget\packages\microsoft.netcore.app.ref\9.0.11\ref\net9.0\System.Globalization.dll
           C:\Users\mrkfk\.nuget\packages\microsoft.netcore.app.ref\9.0.11\ref\net9.0\System.Globalization.Extensions.dll
           C:\Users\mrkfk\.nuget\packages\microsoft.netcore.app.ref\9.0.11\ref\net9.0\System.IO.Compression.Brotli.dll
           C:\Users\mrkfk\.nuget\packages\microsoft.netcore.app.ref\9.0.11\ref\net9.0\System.IO.Compression.dll
           C:\Users\mrkfk\.nuget\packages\microsoft.netcore.app.ref\9.0.11\ref\net9.0\System.IO.Compression.FileSystem.dll
           C:\Users\mrkfk\.nuget\packages\microsoft.netcore.app.ref\9.0.11\ref\net9.0\System.IO.Compression.ZipFile.dll
           C:\Users\mrkfk\.nuget\packages\microsoft.netcore.app.ref\9.0.11\ref\net9.0\System.IO.dll
           C:\Users\mrkfk\.nuget\packages\microsoft.netcore.app.ref\9.0.11\ref\net9.0\System.IO.FileSystem.AccessControl.dll
           C:\Users\mrkfk\.nuget\packages\microsoft.netcore.app.ref\9.0.11\ref\net9.0\System.IO.FileSystem.dll
           C:\Users\mrkfk\.nuget\packages\microsoft.netcore.app.ref\9.0.11\ref\net9.0\System.IO.FileSystem.DriveInfo.dll
           C:\Users\mrkfk\.nuget\packages\microsoft.netcore.app.ref\9.0.11\ref\net9.0\System.IO.FileSystem.Primitives.dll
           C:\Users\mrkfk\.nuget\packages\microsoft.netcore.app.ref\9.0.11\ref\net9.0\System.IO.FileSystem.Watcher.dll
           C:\Users\mrkfk\.nuget\packages\microsoft.netcore.app.ref\9.0.11\ref\net9.0\System.IO.IsolatedStorage.dll
           C:\Users\mrkfk\.nuget\packages\microsoft.netcore.app.ref\9.0.11\ref\net9.0\System.IO.MemoryMappedFiles.dll
           C:\Users\mrkfk\.nuget\packages\microsoft.netcore.app.ref\9.0.11\ref\net9.0\System.IO.Pipelines.dll
           C:\Users\mrkfk\.nuget\packages\microsoft.netcore.app.ref\9.0.11\ref\net9.0\System.IO.Pipes.AccessControl.dll
           C:\Users\mrkfk\.nuget\packages\microsoft.netcore.app.ref\9.0.11\ref\net9.0\System.IO.Pipes.dll
           C:\Users\mrkfk\.nuget\packages\microsoft.netcore.app.ref\9.0.11\ref\net9.0\System.IO.UnmanagedMemoryStream.dll
           C:\Users\mrkfk\.nuget\packages\microsoft.netcore.app.ref\9.0.11\ref\net9.0\System.Linq.dll
           C:\Users\mrkfk\.nuget\packages\microsoft.netcore.app.ref\9.0.11\ref\net9.0\System.Linq.Expressions.dll
           C:\Users\mrkfk\.nuget\packages\microsoft.netcore.app.ref\9.0.11\ref\net9.0\System.Linq.Parallel.dll
           C:\Users\mrkfk\.nuget\packages\microsoft.netcore.app.ref\9.0.11\ref\net9.0\System.Linq.Queryable.dll
           C:\Users\mrkfk\.nuget\packages\microsoft.netcore.app.ref\9.0.11\ref\net9.0\System.Memory.dll
           C:\Users\mrkfk\.nuget\packages\microsoft.netcore.app.ref\9.0.11\ref\net9.0\System.Net.dll
           C:\Users\mrkfk\.nuget\packages\microsoft.netcore.app.ref\9.0.11\ref\net9.0\System.Net.Http.dll
           C:\Users\mrkfk\.nuget\packages\microsoft.netcore.app.ref\9.0.11\ref\net9.0\System.Net.Http.Json.dll
           C:\Users\mrkfk\.nuget\packages\microsoft.netcore.app.ref\9.0.11\ref\net9.0\System.Net.HttpListener.dll
           C:\Users\mrkfk\.nuget\packages\microsoft.netcore.app.ref\9.0.11\ref\net9.0\System.Net.Mail.dll
           C:\Users\mrkfk\.nuget\packages\microsoft.netcore.app.ref\9.0.11\ref\net9.0\System.Net.NameResolution.dll
           C:\Users\mrkfk\.nuget\packages\microsoft.netcore.app.ref\9.0.11\ref\net9.0\System.Net.NetworkInformation.dll
           C:\Users\mrkfk\.nuget\packages\microsoft.netcore.app.ref\9.0.11\ref\net9.0\System.Net.Ping.dll
           C:\Users\mrkfk\.nuget\packages\microsoft.netcore.app.ref\9.0.11\ref\net9.0\System.Net.Primitives.dll
           C:\Users\mrkfk\.nuget\packages\microsoft.netcore.app.ref\9.0.11\ref\net9.0\System.Net.Quic.dll
           C:\Users\mrkfk\.nuget\packages\microsoft.netcore.app.ref\9.0.11\ref\net9.0\System.Net.Requests.dll
           C:\Users\mrkfk\.nuget\packages\microsoft.netcore.app.ref\9.0.11\ref\net9.0\System.Net.Security.dll
           C:\Users\mrkfk\.nuget\packages\microsoft.netcore.app.ref\9.0.11\ref\net9.0\System.Net.ServicePoint.dll
           C:\Users\mrkfk\.nuget\packages\microsoft.netcore.app.ref\9.0.11\ref\net9.0\System.Net.Sockets.dll
           C:\Users\mrkfk\.nuget\packages\microsoft.netcore.app.ref\9.0.11\ref\net9.0\System.Net.WebClient.dll
           C:\Users\mrkfk\.nuget\packages\microsoft.netcore.app.ref\9.0.11\ref\net9.0\System.Net.WebHeaderCollection.dll
           C:\Users\mrkfk\.nuget\packages\microsoft.netcore.app.ref\9.0.11\ref\net9.0\System.Net.WebProxy.dll
           C:\Users\mrkfk\.nuget\packages\microsoft.netcore.app.ref\9.0.11\ref\net9.0\System.Net.WebSockets.Client.dll
           C:\Users\mrkfk\.nuget\packages\microsoft.netcore.app.ref\9.0.11\ref\net9.0\System.Net.WebSockets.dll
           C:\Users\mrkfk\.nuget\packages\microsoft.netcore.app.ref\9.0.11\ref\net9.0\System.Numerics.dll
           C:\Users\mrkfk\.nuget\packages\microsoft.netcore.app.ref\9.0.11\ref\net9.0\System.Numerics.Vectors.dll
           C:\Users\mrkfk\.nuget\packages\microsoft.netcore.app.ref\9.0.11\ref\net9.0\System.ObjectModel.dll
           C:\Users\mrkfk\.nuget\packages\microsoft.netcore.app.ref\9.0.11\ref\net9.0\System.Reflection.DispatchProxy.dll
           C:\Users\mrkfk\.nuget\packages\microsoft.netcore.app.ref\9.0.11\ref\net9.0\System.Reflection.dll
           C:\Users\mrkfk\.nuget\packages\microsoft.netcore.app.ref\9.0.11\ref\net9.0\System.Reflection.Emit.dll
           C:\Users\mrkfk\.nuget\packages\microsoft.netcore.app.ref\9.0.11\ref\net9.0\System.Reflection.Emit.ILGeneration.dll
           C:\Users\mrkfk\.nuget\packages\microsoft.netcore.app.ref\9.0.11\ref\net9.0\System.Reflection.Emit.Lightweight.dll
           C:\Users\mrkfk\.nuget\packages\microsoft.netcore.app.ref\9.0.11\ref\net9.0\System.Reflection.Extensions.dll
           C:\Users\mrkfk\.nuget\packages\microsoft.netcore.app.ref\9.0.11\ref\net9.0\System.Reflection.Metadata.dll
           C:\Users\mrkfk\.nuget\packages\microsoft.netcore.app.ref\9.0.11\ref\net9.0\System.Reflection.Primitives.dll
           C:\Users\mrkfk\.nuget\packages\microsoft.netcore.app.ref\9.0.11\ref\net9.0\System.Reflection.TypeExtensions.dll
           C:\Users\mrkfk\.nuget\packages\microsoft.netcore.app.ref\9.0.11\ref\net9.0\System.Resources.Reader.dll
           C:\Users\mrkfk\.nuget\packages\microsoft.netcore.app.ref\9.0.11\ref\net9.0\System.Resources.ResourceManager.dll
           C:\Users\mrkfk\.nuget\packages\microsoft.netcore.app.ref\9.0.11\ref\net9.0\System.Resources.Writer.dll
           C:\Users\mrkfk\.nuget\packages\microsoft.netcore.app.ref\9.0.11\ref\net9.0\System.Runtime.CompilerServices.Unsafe.dll
           C:\Users\mrkfk\.nuget\packages\microsoft.netcore.app.ref\9.0.11\ref\net9.0\System.Runtime.CompilerServices.VisualC.dll
           C:\Users\mrkfk\.nuget\packages\microsoft.netcore.app.ref\9.0.11\ref\net9.0\System.Runtime.dll
           C:\Users\mrkfk\.nuget\packages\microsoft.netcore.app.ref\9.0.11\ref\net9.0\System.Runtime.Extensions.dll
           C:\Users\mrkfk\.nuget\packages\microsoft.netcore.app.ref\9.0.11\ref\net9.0\System.Runtime.Handles.dll
           C:\Users\mrkfk\.nuget\packages\microsoft.netcore.app.ref\9.0.11\ref\net9.0\System.Runtime.InteropServices.dll
           C:\Users\mrkfk\.nuget\packages\microsoft.netcore.app.ref\9.0.11\ref\net9.0\System.Runtime.InteropServices.JavaScript.dll
           C:\Users\mrkfk\.nuget\packages\microsoft.netcore.app.ref\9.0.11\ref\net9.0\System.Runtime.InteropServices.RuntimeInformation.dll
           C:\Users\mrkfk\.nuget\packages\microsoft.netcore.app.ref\9.0.11\ref\net9.0\System.Runtime.Intrinsics.dll
           C:\Users\mrkfk\.nuget\packages\microsoft.netcore.app.ref\9.0.11\ref\net9.0\System.Runtime.Loader.dll
           C:\Users\mrkfk\.nuget\packages\microsoft.netcore.app.ref\9.0.11\ref\net9.0\System.Runtime.Numerics.dll
           C:\Users\mrkfk\.nuget\packages\microsoft.netcore.app.ref\9.0.11\ref\net9.0\System.Runtime.Serialization.dll
           C:\Users\mrkfk\.nuget\packages\microsoft.netcore.app.ref\9.0.11\ref\net9.0\System.Runtime.Serialization.Formatters.dll
           C:\Users\mrkfk\.nuget\packages\microsoft.netcore.app.ref\9.0.11\ref\net9.0\System.Runtime.Serialization.Json.dll
           C:\Users\mrkfk\.nuget\packages\microsoft.netcore.app.ref\9.0.11\ref\net9.0\System.Runtime.Serialization.Primitives.dll
           C:\Users\mrkfk\.nuget\packages\microsoft.netcore.app.ref\9.0.11\ref\net9.0\System.Runtime.Serialization.Xml.dll
           C:\Users\mrkfk\.nuget\packages\microsoft.netcore.app.ref\9.0.11\ref\net9.0\System.Security.AccessControl.dll
           C:\Users\mrkfk\.nuget\packages\microsoft.netcore.app.ref\9.0.11\ref\net9.0\System.Security.Claims.dll
           C:\Users\mrkfk\.nuget\packages\microsoft.netcore.app.ref\9.0.11\ref\net9.0\System.Security.Cryptography.Algorithms.dll
           C:\Users\mrkfk\.nuget\packages\microsoft.netcore.app.ref\9.0.11\ref\net9.0\System.Security.Cryptography.Cng.dll
           C:\Users\mrkfk\.nuget\packages\microsoft.netcore.app.ref\9.0.11\ref\net9.0\System.Security.Cryptography.Csp.dll
           C:\Users\mrkfk\.nuget\packages\microsoft.netcore.app.ref\9.0.11\ref\net9.0\System.Security.Cryptography.dll
           C:\Users\mrkfk\.nuget\packages\microsoft.netcore.app.ref\9.0.11\ref\net9.0\System.Security.Cryptography.Encoding.dll
           C:\Users\mrkfk\.nuget\packages\microsoft.netcore.app.ref\9.0.11\ref\net9.0\System.Security.Cryptography.OpenSsl.dll
           C:\Users\mrkfk\.nuget\packages\microsoft.netcore.app.ref\9.0.11\ref\net9.0\System.Security.Cryptography.Primitives.dll
           C:\Users\mrkfk\.nuget\packages\microsoft.netcore.app.ref\9.0.11\ref\net9.0\System.Security.Cryptography.X509Certificates.dll
           C:\Users\mrkfk\.nuget\packages\microsoft.netcore.app.ref\9.0.11\ref\net9.0\System.Security.dll
           C:\Users\mrkfk\.nuget\packages\microsoft.netcore.app.ref\9.0.11\ref\net9.0\System.Security.Principal.dll
           C:\Users\mrkfk\.nuget\packages\microsoft.netcore.app.ref\9.0.11\ref\net9.0\System.Security.Principal.Windows.dll
           C:\Users\mrkfk\.nuget\packages\microsoft.netcore.app.ref\9.0.11\ref\net9.0\System.Security.SecureString.dll
           C:\Users\mrkfk\.nuget\packages\microsoft.netcore.app.ref\9.0.11\ref\net9.0\System.ServiceModel.Web.dll
           C:\Users\mrkfk\.nuget\packages\microsoft.netcore.app.ref\9.0.11\ref\net9.0\System.ServiceProcess.dll
           C:\Users\mrkfk\.nuget\packages\microsoft.netcore.app.ref\9.0.11\ref\net9.0\System.Text.Encoding.CodePages.dll
           C:\Users\mrkfk\.nuget\packages\microsoft.netcore.app.ref\9.0.11\ref\net9.0\System.Text.Encoding.dll
           C:\Users\mrkfk\.nuget\packages\microsoft.netcore.app.ref\9.0.11\ref\net9.0\System.Text.Encoding.Extensions.dll
           C:\Users\mrkfk\.nuget\packages\microsoft.netcore.app.ref\9.0.11\ref\net9.0\System.Text.Encodings.Web.dll
           C:\Users\mrkfk\.nuget\packages\microsoft.netcore.app.ref\9.0.11\ref\net9.0\System.Text.Json.dll
           C:\Users\mrkfk\.nuget\packages\microsoft.netcore.app.ref\9.0.11\ref\net9.0\System.Text.RegularExpressions.dll
           C:\Users\mrkfk\.nuget\packages\microsoft.netcore.app.ref\9.0.11\ref\net9.0\System.Threading.Channels.dll
           C:\Users\mrkfk\.nuget\packages\microsoft.netcore.app.ref\9.0.11\ref\net9.0\System.Threading.dll
           C:\Users\mrkfk\.nuget\packages\microsoft.netcore.app.ref\9.0.11\ref\net9.0\System.Threading.Overlapped.dll
           C:\Users\mrkfk\.nuget\packages\microsoft.netcore.app.ref\9.0.11\ref\net9.0\System.Threading.Tasks.Dataflow.dll
           C:\Users\mrkfk\.nuget\packages\microsoft.netcore.app.ref\9.0.11\ref\net9.0\System.Threading.Tasks.dll
           C:\Users\mrkfk\.nuget\packages\microsoft.netcore.app.ref\9.0.11\ref\net9.0\System.Threading.Tasks.Extensions.dll
           C:\Users\mrkfk\.nuget\packages\microsoft.netcore.app.ref\9.0.11\ref\net9.0\System.Threading.Tasks.Parallel.dll
           C:\Users\mrkfk\.nuget\packages\microsoft.netcore.app.ref\9.0.11\ref\net9.0\System.Threading.Thread.dll
           C:\Users\mrkfk\.nuget\packages\microsoft.netcore.app.ref\9.0.11\ref\net9.0\System.Threading.ThreadPool.dll
           C:\Users\mrkfk\.nuget\packages\microsoft.netcore.app.ref\9.0.11\ref\net9.0\System.Threading.Timer.dll
           C:\Users\mrkfk\.nuget\packages\microsoft.netcore.app.ref\9.0.11\ref\net9.0\System.Transactions.dll
           C:\Users\mrkfk\.nuget\packages\microsoft.netcore.app.ref\9.0.11\ref\net9.0\System.Transactions.Local.dll
           C:\Users\mrkfk\.nuget\packages\microsoft.netcore.app.ref\9.0.11\ref\net9.0\System.ValueTuple.dll
           C:\Users\mrkfk\.nuget\packages\microsoft.netcore.app.ref\9.0.11\ref\net9.0\System.Web.dll
           C:\Users\mrkfk\.nuget\packages\microsoft.netcore.app.ref\9.0.11\ref\net9.0\System.Web.HttpUtility.dll
           C:\Users\mrkfk\.nuget\packages\microsoft.netcore.app.ref\9.0.11\ref\net9.0\System.Windows.dll
           C:\Users\mrkfk\.nuget\packages\microsoft.netcore.app.ref\9.0.11\ref\net9.0\System.Xml.dll
           C:\Users\mrkfk\.nuget\packages\microsoft.netcore.app.ref\9.0.11\ref\net9.0\System.Xml.Linq.dll
           C:\Users\mrkfk\.nuget\packages\microsoft.netcore.app.ref\9.0.11\ref\net9.0\System.Xml.ReaderWriter.dll
           C:\Users\mrkfk\.nuget\packages\microsoft.netcore.app.ref\9.0.11\ref\net9.0\System.Xml.Serialization.dll
           C:\Users\mrkfk\.nuget\packages\microsoft.netcore.app.ref\9.0.11\ref\net9.0\System.Xml.XDocument.dll
           C:\Users\mrkfk\.nuget\packages\microsoft.netcore.app.ref\9.0.11\ref\net9.0\System.Xml.XmlDocument.dll
           C:\Users\mrkfk\.nuget\packages\microsoft.netcore.app.ref\9.0.11\ref\net9.0\System.Xml.XmlSerializer.dll
           C:\Users\mrkfk\.nuget\packages\microsoft.netcore.app.ref\9.0.11\ref\net9.0\System.Xml.XPath.dll
           C:\Users\mrkfk\.nuget\packages\microsoft.netcore.app.ref\9.0.11\ref\net9.0\System.Xml.XPath.XDocument.dll
           C:\Users\mrkfk\.nuget\packages\microsoft.netcore.app.ref\9.0.11\ref\net9.0\WindowsBase.dll
           obj\Debug\net9.0\ECommerce.Domain.csproj.CoreCompileInputs.cache
           C:\Program Files\dotnet\sdk\10.0.100\Sdks\Microsoft.NET.Sdk\targets\..\analyzers\Microsoft.CodeAnalysis.CSharp.NetAnalyzers.dll
           C:\Program Files\dotnet\sdk\10.0.100\Sdks\Microsoft.NET.Sdk\targets\..\analyzers\Microsoft.CodeAnalysis.NetAnalyzers.dll
           C:\Users\mrkfk\.nuget\packages\microsoft.netcore.app.ref\9.0.11\analyzers/dotnet/cs/Microsoft.Interop.ComInterfaceGenerator.dll
           C:\Users\mrkfk\.nuget\packages\microsoft.netcore.app.ref\9.0.11\analyzers/dotnet/cs/Microsoft.Interop.JavaScript.JSImportGenerator.dll
           C:\Users\mrkfk\.nuget\packages\microsoft.netcore.app.ref\9.0.11\analyzers/dotnet/cs/Microsoft.Interop.LibraryImportGenerator.dll
           C:\Users\mrkfk\.nuget\packages\microsoft.netcore.app.ref\9.0.11\analyzers/dotnet/cs/Microsoft.Interop.SourceGeneration.dll
           C:\Users\mrkfk\.nuget\packages\microsoft.netcore.app.ref\9.0.11\analyzers/dotnet/cs/System.Text.Json.SourceGeneration.dll
           C:\Users\mrkfk\.nuget\packages\microsoft.netcore.app.ref\9.0.11\analyzers/dotnet/cs/System.Text.RegularExpressions.Generator.dll
           obj\Debug\net9.0\ECommerce.Domain.GeneratedMSBuildEditorConfig.editorconfig
           C:\Program Files\dotnet\sdk\10.0.100\Sdks\Microsoft.NET.Sdk\analyzers\build\config\analysislevel_9_default.globalconfig
           C:\Users\mrkfk\OneDrive\Desktop\Projelerim\ECommerce\src\Core\ECommerce.Domain\obj\ECommerce.Domain.csproj.nuget.g.props
           C:\Program Files\dotnet\sdk\10.0.100\Current\Microsoft.Common.targets\ImportAfter\Microsoft.TestPlatform.ImportAfter.targets
           obj\Debug\net9.0\ECommerce.Domain.sourcelink.json
       Çıkış dosyaları: 
           obj\Debug\net9.0\ECommerce.Domain.dll
           obj\Debug\net9.0\refint\ECommerce.Domain.dll
           obj\Debug\net9.0\ECommerce.Domain.pdb
       C:\Program Files\dotnet\sdk\10.0.100\Roslyn\Microsoft.CSharp.Core.targets(66,7): message : Özellik yeniden ataması: $(NoWarn)="1701;1702;1701;1702" (önceki değer: "1701;1702") konum: C:\Program Files\dotnet\sdk\10.0.100\Roslyn\Microsoft.CSharp.Core.targets (66,7) [C:\Users\mrkfk\OneDrive\Desktop\Projelerim\ECommerce\src\Core\ECommerce.Domain\ECommerce.Domain.csproj]
   2:7>"ECommerce.Domain.csproj" projesinde "CoreCompile" hedefini oluşturma tamamlandı.
   2:7>"C:\Users\mrkfk\OneDrive\Desktop\Projelerim\ECommerce\src\Core\ECommerce.Domain\ECommerce.Domain.csproj" projesinin "C:\Program Files\dotnet\sdk\10.0.100\Microsoft.Common.CurrentVersion.targets" dosyasındaki "AfterCompile" hedefi ("Compile" hedefi buna bağımlı):
   2:7>"ECommerce.Domain.csproj" projesinde "AfterCompile" hedefini oluşturma tamamlandı.
   2:7>"C:\Users\mrkfk\OneDrive\Desktop\Projelerim\ECommerce\src\Core\ECommerce.Domain\ECommerce.Domain.csproj" projesinin "C:\Program Files\dotnet\sdk\10.0.100\Microsoft.Common.CurrentVersion.targets" dosyasındaki "Compile" hedefi ("CoreBuild" hedefi buna bağımlı):
   2:7>"ECommerce.Domain.csproj" projesinde "Compile" hedefini oluşturma tamamlandı.
   2:7>"C:\Users\mrkfk\OneDrive\Desktop\Projelerim\ECommerce\src\Core\ECommerce.Domain\ECommerce.Domain.csproj" projesinin "C:\Program Files\dotnet\sdk\10.0.100\Microsoft.Common.CurrentVersion.targets" dosyasındaki "_GenerateSatelliteAssemblyInputs" hedefi ("CreateSatelliteAssemblies" hedefi buna bağımlı):
   2:7>"ECommerce.Domain.csproj" projesinde "_GenerateSatelliteAssemblyInputs" hedefini oluşturma tamamlandı.
   2:7>"C:\Users\mrkfk\OneDrive\Desktop\Projelerim\ECommerce\src\Core\ECommerce.Domain\ECommerce.Domain.csproj" projesinin "C:\Program Files\dotnet\sdk\10.0.100\Microsoft.Common.CurrentVersion.targets" dosyasındaki "CreateSatelliteAssemblies" hedefi ("CoreBuild" hedefi buna bağımlı):
   2:7>"ECommerce.Domain.csproj" projesinde "CreateSatelliteAssemblies" hedefini oluşturma tamamlandı.
   2:7>"C:\Users\mrkfk\OneDrive\Desktop\Projelerim\ECommerce\src\Core\ECommerce.Domain\ECommerce.Domain.csproj" projesinin "C:\Program Files\dotnet\sdk\10.0.100\Microsoft.Common.CurrentVersion.targets" dosyasındaki "GetTargetPathWithTargetPlatformMoniker" hedefi ("GetTargetPath" hedefi buna bağımlı):
   2:7>"ECommerce.Domain.csproj" projesinde "GetTargetPathWithTargetPlatformMoniker" hedefini oluşturma tamamlandı.
   2:7>"C:\Users\mrkfk\OneDrive\Desktop\Projelerim\ECommerce\src\Core\ECommerce.Domain\ECommerce.Domain.csproj" projesinin "C:\Program Files\dotnet\sdk\10.0.100\Microsoft.Common.CurrentVersion.targets" dosyasındaki "GetTargetPath" hedefi ("CoreBuild" hedefi buna bağımlı):
   2:7>"ECommerce.Domain.csproj" projesinde "GetTargetPath" hedefini oluşturma tamamlandı.
       "AssignTargetPaths" hedefi atlandı. Önceden başarılı bir şekilde derlenmişti.
       "_SplitProjectReferencesByFileExistence" hedefi atlandı. Önceden başarılı bir şekilde derlenmişti.
       "_GetProjectReferenceTargetFrameworkProperties" hedefi atlandı. Önceden başarılı bir şekilde derlenmişti.
   2:7>"C:\Users\mrkfk\OneDrive\Desktop\Projelerim\ECommerce\src\Core\ECommerce.Domain\ECommerce.Domain.csproj" projesinin "C:\Program Files\dotnet\sdk\10.0.100\Microsoft.Common.CurrentVersion.targets" dosyasındaki "_PopulateCommonStateForGetCopyToOutputDirectoryItems" hedefi ("GetCopyToOutputDirectoryItems" hedefi buna bağımlı):
   2:7>"ECommerce.Domain.csproj" projesinde "_PopulateCommonStateForGetCopyToOutputDirectoryItems" hedefini oluşturma tamamlandı.
   2:7>"C:\Users\mrkfk\OneDrive\Desktop\Projelerim\ECommerce\src\Core\ECommerce.Domain\ECommerce.Domain.csproj" projesinin "C:\Program Files\dotnet\sdk\10.0.100\Microsoft.Common.CurrentVersion.targets" dosyasındaki "GetCopyToOutputDirectoryItems" hedefi ("_CopySourceItemsToOutputDirectory" hedefi buna bağımlı):
       "Microsoft.Build.Tasks.Core, Version=15.1.0.0, Culture=neutral, PublicKeyToken=b03f5f7f11d50a3a" derlemesindeki "CallTarget" görevi kullanılıyor.
       "CallTarget" görevi
       "_PopulateCommonStateForGetCopyToOutputDirectoryItems" hedefi atlandı. Önceden başarılı bir şekilde derlenmişti.
       "_AddOutputPathToGlobalPropertiesToRemove" hedefi atlandı. Önceden başarılı bir şekilde derlenmişti.
   2:7>"C:\Users\mrkfk\OneDrive\Desktop\Projelerim\ECommerce\src\Core\ECommerce.Domain\ECommerce.Domain.csproj" projesinin "C:\Program Files\dotnet\sdk\10.0.100\Microsoft.Common.CurrentVersion.targets" dosyasındaki "_GetCopyToOutputDirectoryItemsFromTransitiveProjectReferences" hedefi ("GetCopyToOutputDirectoryItems" hedefi buna bağımlı):
       "AssignTargetPath" görevi
       "AssignTargetPath" görevini yürütme tamamlandı.
   2:7>"ECommerce.Domain.csproj" projesinde "_GetCopyToOutputDirectoryItemsFromTransitiveProjectReferences" hedefini oluşturma tamamlandı.
       "CallTarget" görevini yürütme tamamlandı.
       "CallTarget" görevi
       "AssignTargetPaths" hedefi atlandı. Önceden başarılı bir şekilde derlenmişti.
       "_PopulateCommonStateForGetCopyToOutputDirectoryItems" hedefi atlandı. Önceden başarılı bir şekilde derlenmişti.
   2:7>"C:\Users\mrkfk\OneDrive\Desktop\Projelerim\ECommerce\src\Core\ECommerce.Domain\ECommerce.Domain.csproj" projesinin "C:\Program Files\dotnet\sdk\10.0.100\Microsoft.Common.CurrentVersion.targets" dosyasındaki "_GetCopyToOutputDirectoryItemsFromThisProject" hedefi ("GetCopyToOutputDirectoryItems" hedefi buna bağımlı):
       "AssignTargetPath" görevi
       "AssignTargetPath" görevini yürütme tamamlandı.
   2:7>"ECommerce.Domain.csproj" projesinde "_GetCopyToOutputDirectoryItemsFromThisProject" hedefini oluşturma tamamlandı.
       "CallTarget" görevini yürütme tamamlandı.
   2:7>"ECommerce.Domain.csproj" projesinde "GetCopyToOutputDirectoryItems" hedefini oluşturma tamamlandı.
   2:7>"C:\Users\mrkfk\OneDrive\Desktop\Projelerim\ECommerce\src\Core\ECommerce.Domain\ECommerce.Domain.csproj" projesinin "C:\Program Files\dotnet\sdk\10.0.100\Microsoft.Common.CurrentVersion.targets" dosyasındaki "_CopySourceItemsToOutputDirectory" hedefi ("CopyFilesToOutputDirectory" hedefi buna bağımlı):
   2:7>"ECommerce.Domain.csproj" projesinde "_CopySourceItemsToOutputDirectory" hedefini oluşturma tamamlandı.
   2:7>"C:\Users\mrkfk\OneDrive\Desktop\Projelerim\ECommerce\src\Core\ECommerce.Domain\ECommerce.Domain.csproj" projesinin "C:\Program Files\dotnet\sdk\10.0.100\Microsoft.Common.CurrentVersion.targets" dosyasındaki "_CheckForCompileOutputs" hedefi ("CopyFilesToOutputDirectory" hedefi buna bağımlı):
   2:7>"ECommerce.Domain.csproj" projesinde "_CheckForCompileOutputs" hedefini oluşturma tamamlandı.
       "_DefaultMicrosoftNETPlatformLibrary" hedefi atlandı. Önceden başarılı bir şekilde derlenmişti.
       "_HandlePackageFileConflicts" hedefi atlandı. Önceden başarılı bir şekilde derlenmişti.
       "ResolveAssemblyReferences" hedefi atlandı. Önceden başarılı bir şekilde derlenmişti.
   2:7>"C:\Users\mrkfk\OneDrive\Desktop\Projelerim\ECommerce\src\Core\ECommerce.Domain\ECommerce.Domain.csproj" projesinin "C:\Program Files\dotnet\sdk\10.0.100\Sdks\Microsoft.NET.Sdk\targets\Microsoft.NET.Sdk.targets" dosyasındaki "_ComputeReferenceAssemblies" hedefi ("GenerateBuildDependencyFile" hedefi buna bağımlı):
   2:7>"ECommerce.Domain.csproj" projesinde "_ComputeReferenceAssemblies" hedefini oluşturma tamamlandı.
   2:7>"C:\Users\mrkfk\OneDrive\Desktop\Projelerim\ECommerce\src\Core\ECommerce.Domain\ECommerce.Domain.csproj" projesinin "C:\Program Files\dotnet\sdk\10.0.100\Sdks\Microsoft.NET.Sdk\targets\Microsoft.NET.Sdk.targets" dosyasındaki "_ComputeUserRuntimeAssemblies" hedefi ("GenerateBuildDependencyFile" hedefi buna bağımlı):
   2:7>"ECommerce.Domain.csproj" projesinde "_ComputeUserRuntimeAssemblies" hedefini oluşturma tamamlandı.
       "_ComputePackageReferencePublish" hedefi atlandı. Önceden başarılı bir şekilde derlenmişti.
   2:7>"C:\Users\mrkfk\OneDrive\Desktop\Projelerim\ECommerce\src\Core\ECommerce.Domain\ECommerce.Domain.csproj" projesinin "C:\Program Files\dotnet\sdk\10.0.100\Sdks\Microsoft.NET.Sdk\targets\Microsoft.NET.Sdk.targets" dosyasındaki "GenerateBuildDependencyFile" hedefi ("CopyFilesToOutputDirectory" hedefi buna bağımlı):
       Tüm çıkış dosyaları, giriş dosyalarına göre güncel durumda olduğundan "GenerateBuildDependencyFile" hedefi atlanıyor.
       Giriş dosyaları: 
           C:\Users\mrkfk\OneDrive\Desktop\Projelerim\ECommerce\src\Core\ECommerce.Domain\obj\project.assets.json
           C:\Users\mrkfk\OneDrive\Desktop\Projelerim\ECommerce\src\Core\ECommerce.Domain\obj\Debug\net9.0\ECommerce.Domain.assets.cache
           C:\Users\mrkfk\OneDrive\Desktop\Projelerim\ECommerce\src\Core\ECommerce.Domain\obj\ECommerce.Domain.csproj.nuget.g.props
           C:\Program Files\dotnet\sdk\10.0.100\Current\Microsoft.Common.targets\ImportAfter\Microsoft.TestPlatform.ImportAfter.targets
       Çıkış dosyaları: C:\Users\mrkfk\OneDrive\Desktop\Projelerim\ECommerce\src\Core\ECommerce.Domain\bin\Debug\net9.0\ECommerce.Domain.deps.json
   2:7>"ECommerce.Domain.csproj" projesinde "GenerateBuildDependencyFile" hedefini oluşturma tamamlandı.
   2:7>"C:\Users\mrkfk\OneDrive\Desktop\Projelerim\ECommerce\src\Core\ECommerce.Domain\ECommerce.Domain.csproj" projesinin "C:\Program Files\dotnet\sdk\10.0.100\Microsoft.Common.CurrentVersion.targets" dosyasındaki "CopyFilesToOutputDirectory" hedefi ("PrepareForRun" hedefi buna bağımlı):
       "Microsoft.Build.Tasks.Core, Version=15.1.0.0, Culture=neutral, PublicKeyToken=b03f5f7f11d50a3a" derlemesindeki "Copy" görevi kullanılıyor.
       "Copy" görevi
         Projede "SkipUnchangedFiles" parametresi "true" olarak ayarlandığından ve dosya boyutlarıyla zaman damgaları eşleştiğinden "obj\Debug\net9.0\ECommerce.Domain.dll" dosyasından "bin\Debug\net9.0\ECommerce.Domain.dll" dosyasına kopyalama işlemi gerçekleştirilmedi.
       "Copy" görevini yürütme tamamlandı.
       "C:\Program Files\dotnet\sdk\10.0.100\Sdks\Microsoft.NET.Sdk\targets\..\..\..\Roslyn\Microsoft.Build.Tasks.CodeAnalysis.dll" derlemesindeki "CopyRefAssembly" görevi kullanılıyor.
       "CopyRefAssembly" görevi
         "C:\Users\mrkfk\OneDrive\Desktop\Projelerim\ECommerce\src\Core\ECommerce.Domain\obj\Debug\net9.0\ref\ECommerce.Domain.dll" başvuru bütünleştirilmiş kodu zaten son bilgileri içeriyor. Olduğu gibi bırakılıyor.
       "CopyRefAssembly" görevini yürütme tamamlandı.
       "Message" görevi
         ECommerce.Domain -> C:\Users\mrkfk\OneDrive\Desktop\Projelerim\ECommerce\src\Core\ECommerce.Domain\bin\Debug\net9.0\ECommerce.Domain.dll
       "Message" görevini yürütme tamamlandı.
       "Copy" görevi
         Projede "SkipUnchangedFiles" parametresi "true" olarak ayarlandığından ve dosya boyutlarıyla zaman damgaları eşleştiğinden "obj\Debug\net9.0\ECommerce.Domain.pdb" dosyasından "bin\Debug\net9.0\ECommerce.Domain.pdb" dosyasına kopyalama işlemi gerçekleştirilmedi.
       "Copy" görevini yürütme tamamlandı.
   2:7>"ECommerce.Domain.csproj" projesinde "CopyFilesToOutputDirectory" hedefini oluşturma tamamlandı.
   2:7>"C:\Users\mrkfk\OneDrive\Desktop\Projelerim\ECommerce\src\Core\ECommerce.Domain\ECommerce.Domain.csproj" projesinin "C:\Program Files\dotnet\sdk\10.0.100\Microsoft.Common.CurrentVersion.targets" dosyasındaki "PrepareForRun" hedefi ("CoreBuild" hedefi buna bağımlı):
   2:7>"ECommerce.Domain.csproj" projesinde "PrepareForRun" hedefini oluşturma tamamlandı.
       "_CheckForCompileOutputs" hedefi atlandı. Önceden başarılı bir şekilde derlenmişti.
   2:7>"C:\Users\mrkfk\OneDrive\Desktop\Projelerim\ECommerce\src\Core\ECommerce.Domain\ECommerce.Domain.csproj" projesinin "C:\Program Files\dotnet\sdk\10.0.100\Microsoft.Common.CurrentVersion.targets" dosyasındaki "_CleanGetCurrentAndPriorFileWrites" hedefi ("IncrementalClean" hedefi buna bağımlı):
       "Microsoft.Build.Tasks.Core, Version=15.1.0.0, Culture=neutral, PublicKeyToken=b03f5f7f11d50a3a" derlemesindeki "ReadLinesFromFile" görevi kullanılıyor.
       "ReadLinesFromFile" görevi
       "ReadLinesFromFile" görevini yürütme tamamlandı.
       "ConvertToAbsolutePath" görevi
       "ConvertToAbsolutePath" görevini yürütme tamamlandı.
       "Microsoft.Build.Tasks.Core, Version=15.1.0.0, Culture=neutral, PublicKeyToken=b03f5f7f11d50a3a" derlemesindeki "FindUnderPath" görevi kullanılıyor.
       "FindUnderPath" görevi
         Karşılaştırma yolu: "C:\Users\mrkfk\OneDrive\Desktop\Projelerim\ECommerce\src\Core\ECommerce.Domain".
       "FindUnderPath" görevini yürütme tamamlandı.
       "FindUnderPath" görevi
         Karşılaştırma yolu: "bin\Debug\net9.0\".
       "FindUnderPath" görevini yürütme tamamlandı.
       "FindUnderPath" görevi
         Karşılaştırma yolu: "obj\Debug\net9.0\".
       "FindUnderPath" görevini yürütme tamamlandı.
       "RemoveDuplicates" görevi
       "RemoveDuplicates" görevini yürütme tamamlandı.
   2:7>"ECommerce.Domain.csproj" projesinde "_CleanGetCurrentAndPriorFileWrites" hedefini oluşturma tamamlandı.
   2:7>"C:\Users\mrkfk\OneDrive\Desktop\Projelerim\ECommerce\src\Core\ECommerce.Domain\ECommerce.Domain.csproj" projesinin "C:\Program Files\dotnet\sdk\10.0.100\Microsoft.Common.CurrentVersion.targets" dosyasındaki "IncrementalClean" hedefi ("CoreBuild" hedefi buna bağımlı):
       "FindUnderPath" görevi
         Karşılaştırma yolu: "bin\Debug\net9.0\".
       "FindUnderPath" görevini yürütme tamamlandı.
       "FindUnderPath" görevi
         Karşılaştırma yolu: "obj\Debug\net9.0\".
       "FindUnderPath" görevini yürütme tamamlandı.
       "Microsoft.Build.Tasks.Core, Version=15.1.0.0, Culture=neutral, PublicKeyToken=b03f5f7f11d50a3a" derlemesindeki "Delete" görevi kullanılıyor.
       "Delete" görevi
       "Delete" görevini yürütme tamamlandı.
       "RemoveDuplicates" görevi
       "RemoveDuplicates" görevini yürütme tamamlandı.
   2:7>"ECommerce.Domain.csproj" projesinde "IncrementalClean" hedefini oluşturma tamamlandı.
       "GenerateBuildDependencyFile" hedefi atlandı. Önceden başarılı bir şekilde derlenmişti.
   2:7>"C:\Users\mrkfk\OneDrive\Desktop\Projelerim\ECommerce\src\Core\ECommerce.Domain\ECommerce.Domain.csproj" projesinin "C:\Program Files\dotnet\sdk\10.0.100\Microsoft.Common.CurrentVersion.targets" dosyasındaki "CoreBuild" hedefi ("Build" hedefi buna bağımlı):
   2:7>"ECommerce.Domain.csproj" projesinde "CoreBuild" hedefini oluşturma tamamlandı.
   2:7>"C:\Users\mrkfk\OneDrive\Desktop\Projelerim\ECommerce\src\Core\ECommerce.Domain\ECommerce.Domain.csproj" projesinin "C:\Program Files\dotnet\sdk\10.0.100\Microsoft.Common.CurrentVersion.targets" dosyasındaki "AfterBuild" hedefi ("Build" hedefi buna bağımlı):
   2:7>"ECommerce.Domain.csproj" projesinde "AfterBuild" hedefini oluşturma tamamlandı.
       "_CheckForInvalidConfigurationAndPlatform" hedefi atlandı. Önceden başarılı bir şekilde derlenmişti.
       "_CheckForInvalidConfigurationAndPlatform" hedefi atlandı. Önceden başarılı bir şekilde derlenmişti.
   2:7>"C:\Users\mrkfk\OneDrive\Desktop\Projelerim\ECommerce\src\Core\ECommerce.Domain\ECommerce.Domain.csproj" projesinin "C:\Program Files\dotnet\sdk\10.0.100\Microsoft.Common.CurrentVersion.targets" dosyasındaki "Build" hedefi (giriş noktası):
   2:7>"ECommerce.Domain.csproj" projesinde "Build" hedefini oluşturma tamamlandı.
   2:7>"C:\Users\mrkfk\OneDrive\Desktop\Projelerim\ECommerce\src\Core\ECommerce.Domain\ECommerce.Domain.csproj" projesinin "C:\Program Files\dotnet\sdk\10.0.100\Containers\build\Microsoft.NET.Build.Containers.targets" dosyasındaki "_CheckContainersPackage" hedefi (giriş noktası):
   2:7>"ECommerce.Domain.csproj" projesinde "_CheckContainersPackage" hedefini oluşturma tamamlandı.
   2:7>"C:\Users\mrkfk\OneDrive\Desktop\Projelerim\ECommerce\src\Core\ECommerce.Domain\ECommerce.Domain.csproj" Projesini Oluşturma İşlemi Tamamlandı (varsayılan hedefler).
   3:6>"C:\Users\mrkfk\OneDrive\Desktop\Projelerim\ECommerce\src\Core\ECommerce.Application\ECommerce.Application.csproj" projesi (3:6) 2 düğümünde "C:\Users\mrkfk\OneDrive\Desktop\Projelerim\ECommerce\src\Core\ECommerce.Domain\ECommerce.Domain.csproj" (2:9) oluşturuyor (varsayılan hedefler).
   2:9>"Build" hedefi atlandı. Önceden başarılı bir şekilde derlenmişti.
   2:9>"C:\Users\mrkfk\OneDrive\Desktop\Projelerim\ECommerce\src\Core\ECommerce.Domain\ECommerce.Domain.csproj" Projesini Oluşturma İşlemi Tamamlandı (varsayılan hedefler).
   3:6>"MSBuild" görevini yürütme tamamlandı.
       "MSBuild" görevi
         "..\ECommerce.Domain\ECommerce.Domain.csproj" projesinin Özellikleri kaldırılıyor:
           TargetFramework
           RuntimeIdentifier
           SelfContained
   3:6>"C:\Users\mrkfk\OneDrive\Desktop\Projelerim\ECommerce\src\Core\ECommerce.Application\ECommerce.Application.csproj" projesi (3:6) 2 düğümünde "C:\Users\mrkfk\OneDrive\Desktop\Projelerim\ECommerce\src\Core\ECommerce.Domain\ECommerce.Domain.csproj" (2:10) oluşturuyor (GetNativeManifest hedef).
  2:10>"C:\Users\mrkfk\OneDrive\Desktop\Projelerim\ECommerce\src\Core\ECommerce.Domain\ECommerce.Domain.csproj" projesinin "C:\Program Files\dotnet\sdk\10.0.100\Microsoft.Common.CurrentVersion.targets" dosyasındaki "GetNativeManifest" hedefi (giriş noktası):
  2:10>"ECommerce.Domain.csproj" projesinde "GetNativeManifest" hedefini oluşturma tamamlandı.
  2:10>"C:\Users\mrkfk\OneDrive\Desktop\Projelerim\ECommerce\src\Core\ECommerce.Domain\ECommerce.Domain.csproj" Projesini Oluşturma İşlemi Tamamlandı (GetNativeManifest hedef).
   3:6>"MSBuild" görevini yürütme tamamlandı.
   3:6>"ECommerce.Application.csproj" projesinde "ResolveProjectReferences" hedefini oluşturma tamamlandı.
       "ResolveProjectReferences" hedefi atlandı. Önceden başarılı bir şekilde derlenmişti.
       "GetFrameworkPaths" hedefi atlandı. Önceden başarılı bir şekilde derlenmişti.
       "GetReferenceAssemblyPaths" hedefi atlandı. Önceden başarılı bir şekilde derlenmişti.
       "PrepareForBuild" hedefi atlandı. Önceden başarılı bir şekilde derlenmişti.
   3:6>"C:\Users\mrkfk\OneDrive\Desktop\Projelerim\ECommerce\src\Core\ECommerce.Application\ECommerce.Application.csproj" projesinin "C:\Program Files\dotnet\sdk\10.0.100\Microsoft.Common.CurrentVersion.targets" dosyasındaki "ResolveSDKReferences" hedefi ("ResolveAssemblyReferences" hedefi buna bağımlı):
   3:6>"ECommerce.Application.csproj" projesinde "ResolveSDKReferences" hedefini oluşturma tamamlandı.
       "ResolveSDKReferences" hedefi atlandı. Önceden başarılı bir şekilde derlenmişti.
   3:6>"C:\Users\mrkfk\OneDrive\Desktop\Projelerim\ECommerce\src\Core\ECommerce.Application\ECommerce.Application.csproj" projesinin "C:\Program Files\dotnet\sdk\10.0.100\Microsoft.Common.CurrentVersion.targets" dosyasındaki "ExpandSDKReferences" hedefi ("ResolveAssemblyReferences" hedefi buna bağımlı):
   3:6>"ECommerce.Application.csproj" projesinde "ExpandSDKReferences" hedefini oluşturma tamamlandı.
       "ResolvePackageDependenciesForBuild" hedefi atlandı. Önceden başarılı bir şekilde derlenmişti.
       "GetFrameworkPaths" hedefi atlandı. Önceden başarılı bir şekilde derlenmişti.
       "GetReferenceAssemblyPaths" hedefi atlandı. Önceden başarılı bir şekilde derlenmişti.
       "ProcessFrameworkReferences" hedefi atlandı. Önceden başarılı bir şekilde derlenmişti.
       "ResolvePackageAssets" hedefi atlandı. Önceden başarılı bir şekilde derlenmişti.
   3:6>"C:\Users\mrkfk\OneDrive\Desktop\Projelerim\ECommerce\src\Core\ECommerce.Application\ECommerce.Application.csproj" projesinin "C:\Program Files\dotnet\sdk\10.0.100\Sdks\Microsoft.NET.Sdk\targets\Microsoft.NET.Sdk.FrameworkReferenceResolution.targets" dosyasındaki "ResolveFrameworkReferences" hedefi ("ResolveTargetingPackAssets" hedefi buna bağımlı):
       "C:\Program Files\dotnet\sdk\10.0.100\Sdks\Microsoft.NET.Sdk\targets\..\tools\net10.0\Microsoft.NET.Build.Tasks.dll" derlemesindeki "GetPackageDirectory" görevi kullanılıyor.
       "GetPackageDirectory" görevi
       "GetPackageDirectory" görevini yürütme tamamlandı.
       "GetPackageDirectory" görevi
       "GetPackageDirectory" görevini yürütme tamamlandı.
       "GetPackageDirectory" görevi
       "GetPackageDirectory" görevini yürütme tamamlandı.
       "GetPackageDirectory" görevi
       "GetPackageDirectory" görevini yürütme tamamlandı.
       "GetPackageDirectory" görevi
       "GetPackageDirectory" görevini yürütme tamamlandı.
       "GetPackageDirectory" görevi
       "GetPackageDirectory" görevini yürütme tamamlandı.
       "GetPackageDirectory" görevi
       "GetPackageDirectory" görevini yürütme tamamlandı.
       "GetPackageDirectory" görevi
       "GetPackageDirectory" görevini yürütme tamamlandı.
       "GetPackageDirectory" görevi
       "GetPackageDirectory" görevini yürütme tamamlandı.
       "GetPackageDirectory" görevi
       "GetPackageDirectory" görevini yürütme tamamlandı.
       "C:\Program Files\dotnet\sdk\10.0.100\Sdks\Microsoft.NET.Sdk\targets\..\tools\net10.0\Microsoft.NET.Build.Tasks.dll" derlemesindeki "ResolveFrameworkReferences" görevi kullanılıyor.
       "ResolveFrameworkReferences" görevi
       "ResolveFrameworkReferences" görevini yürütme tamamlandı.
   3:6>"ECommerce.Application.csproj" projesinde "ResolveFrameworkReferences" hedefini oluşturma tamamlandı.
   3:6>"C:\Users\mrkfk\OneDrive\Desktop\Projelerim\ECommerce\src\Core\ECommerce.Application\ECommerce.Application.csproj" projesinin "C:\Program Files\dotnet\sdk\10.0.100\Sdks\Microsoft.NET.Sdk\targets\Microsoft.NET.Sdk.FrameworkReferenceResolution.targets" dosyasındaki "ResolveTargetingPackAssets" hedefi ("_HandlePackageFileConflicts" hedefi buna bağımlı):
       "C:\Program Files\dotnet\sdk\10.0.100\Sdks\Microsoft.NET.Sdk\targets\..\tools\net10.0\Microsoft.NET.Build.Tasks.dll" derlemesindeki "ResolveTargetingPackAssets" görevi kullanılıyor.
       "ResolveTargetingPackAssets" görevi
       "ResolveTargetingPackAssets" görevini yürütme tamamlandı.
   3:6>"ECommerce.Application.csproj" projesinde "ResolveTargetingPackAssets" hedefini oluşturma tamamlandı.
   3:6>"C:\Users\mrkfk\OneDrive\Desktop\Projelerim\ECommerce\src\Core\ECommerce.Application\ECommerce.Application.csproj" projesinin "C:\Program Files\dotnet\sdk\10.0.100\Sdks\Microsoft.NET.Sdk\targets\Microsoft.NET.Sdk.FrameworkReferenceResolution.targets" dosyasındaki "ResolveOffByDefaultAnalyzers" hedefi ("_HandlePackageFileConflicts" hedefi buna bağımlı):
   3:6>"ECommerce.Application.csproj" projesinde "ResolveOffByDefaultAnalyzers" hedefini oluşturma tamamlandı.
   3:6>"C:\Users\mrkfk\OneDrive\Desktop\Projelerim\ECommerce\src\Core\ECommerce.Application\ECommerce.Application.csproj" projesinin "C:\Program Files\dotnet\sdk\10.0.100\Sdks\Microsoft.NET.Sdk\targets\Microsoft.NET.ConflictResolution.targets" dosyasındaki "_HandlePackageFileConflicts" hedefi ("ResolveAssemblyReferences" hedefi buna bağımlı):
       "C:\Program Files\dotnet\sdk\10.0.100\Sdks\Microsoft.NET.Sdk\targets\..\tools\net10.0\Microsoft.NET.Build.Tasks.dll" derlemesindeki "ResolvePackageFileConflicts" görevi kullanılıyor.
       "ResolvePackageFileConflicts" görevi
         'Platform:mscorlib.dll' ile 'Platform:mscorlib.dll' arasında çakışmayla karşılaşıldı. Eşit dosya ve bütünleştirilmiş kod sürümleri nedeniyle kazanan belirlenemedi.
         'Platform:Microsoft.VisualBasic.dll' ile 'Platform:Microsoft.VisualBasic.dll' arasında çakışmayla karşılaşıldı. Eşit dosya ve bütünleştirilmiş kod sürümleri nedeniyle kazanan belirlenemedi.
         'Platform:System.dll' ile 'Platform:System.dll' arasında çakışmayla karşılaşıldı. Eşit dosya ve bütünleştirilmiş kod sürümleri nedeniyle kazanan belirlenemedi.
         'Platform:System.ComponentModel.DataAnnotations.dll' ile 'Platform:System.ComponentModel.DataAnnotations.dll' arasında çakışmayla karşılaşıldı. Eşit dosya ve bütünleştirilmiş kod sürümleri nedeniyle kazanan belirlenemedi.
         'Platform:System.Configuration.dll' ile 'Platform:System.Configuration.dll' arasında çakışmayla karşılaşıldı. Eşit dosya ve bütünleştirilmiş kod sürümleri nedeniyle kazanan belirlenemedi.
         'Platform:System.Core.dll' ile 'Platform:System.Core.dll' arasında çakışmayla karşılaşıldı. Eşit dosya ve bütünleştirilmiş kod sürümleri nedeniyle kazanan belirlenemedi.
         'Platform:System.Data.dll' ile 'Platform:System.Data.dll' arasında çakışmayla karşılaşıldı. Eşit dosya ve bütünleştirilmiş kod sürümleri nedeniyle kazanan belirlenemedi.
         'Platform:System.Drawing.dll' ile 'Platform:System.Drawing.dll' arasında çakışmayla karşılaşıldı. Eşit dosya ve bütünleştirilmiş kod sürümleri nedeniyle kazanan belirlenemedi.
         'Platform:System.IO.Compression.FileSystem.dll' ile 'Platform:System.IO.Compression.FileSystem.dll' arasında çakışmayla karşılaşıldı. Eşit dosya ve bütünleştirilmiş kod sürümleri nedeniyle kazanan belirlenemedi.
         'Platform:System.Net.dll' ile 'Platform:System.Net.dll' arasında çakışmayla karşılaşıldı. Eşit dosya ve bütünleştirilmiş kod sürümleri nedeniyle kazanan belirlenemedi.
         'Platform:System.Numerics.dll' ile 'Platform:System.Numerics.dll' arasında çakışmayla karşılaşıldı. Eşit dosya ve bütünleştirilmiş kod sürümleri nedeniyle kazanan belirlenemedi.
         'Platform:System.Runtime.Serialization.dll' ile 'Platform:System.Runtime.Serialization.dll' arasında çakışmayla karşılaşıldı. Eşit dosya ve bütünleştirilmiş kod sürümleri nedeniyle kazanan belirlenemedi.
         'Platform:System.Security.dll' ile 'Platform:System.Security.dll' arasında çakışmayla karşılaşıldı. Eşit dosya ve bütünleştirilmiş kod sürümleri nedeniyle kazanan belirlenemedi.
         'Platform:System.ServiceProcess.dll' ile 'Platform:System.ServiceProcess.dll' arasında çakışmayla karşılaşıldı. Eşit dosya ve bütünleştirilmiş kod sürümleri nedeniyle kazanan belirlenemedi.
         'Platform:System.ServiceModel.Web.dll' ile 'Platform:System.ServiceModel.Web.dll' arasında çakışmayla karşılaşıldı. Eşit dosya ve bütünleştirilmiş kod sürümleri nedeniyle kazanan belirlenemedi.
         'Platform:System.Transactions.dll' ile 'Platform:System.Transactions.dll' arasında çakışmayla karşılaşıldı. Eşit dosya ve bütünleştirilmiş kod sürümleri nedeniyle kazanan belirlenemedi.
         'Platform:System.Web.dll' ile 'Platform:System.Web.dll' arasında çakışmayla karşılaşıldı. Eşit dosya ve bütünleştirilmiş kod sürümleri nedeniyle kazanan belirlenemedi.
         'Platform:System.Windows.dll' ile 'Platform:System.Windows.dll' arasında çakışmayla karşılaşıldı. Eşit dosya ve bütünleştirilmiş kod sürümleri nedeniyle kazanan belirlenemedi.
         'Platform:System.Xml.dll' ile 'Platform:System.Xml.dll' arasında çakışmayla karşılaşıldı. Eşit dosya ve bütünleştirilmiş kod sürümleri nedeniyle kazanan belirlenemedi.
         'Platform:System.Xml.Serialization.dll' ile 'Platform:System.Xml.Serialization.dll' arasında çakışmayla karşılaşıldı. Eşit dosya ve bütünleştirilmiş kod sürümleri nedeniyle kazanan belirlenemedi.
         'Platform:System.Xml.Linq.dll' ile 'Platform:System.Xml.Linq.dll' arasında çakışmayla karşılaşıldı. Eşit dosya ve bütünleştirilmiş kod sürümleri nedeniyle kazanan belirlenemedi.
         'Platform:WindowsBase.dll' ile 'Platform:WindowsBase.dll' arasında çakışmayla karşılaşıldı. Eşit dosya ve bütünleştirilmiş kod sürümleri nedeniyle kazanan belirlenemedi.
         'Platform:netstandard.dll' ile 'Platform:netstandard.dll' arasında çakışmayla karşılaşıldı. Eşit dosya ve bütünleştirilmiş kod sürümleri nedeniyle kazanan belirlenemedi.
         'Platform:System.Private.CoreLib.dll' ile 'Platform:System.Private.CoreLib.dll' arasında çakışmayla karşılaşıldı. Eşit dosya ve bütünleştirilmiş kod sürümleri nedeniyle kazanan belirlenemedi.
         'Platform:System.Private.DataContractSerialization.dll' ile 'Platform:System.Private.DataContractSerialization.dll' arasında çakışmayla karşılaşıldı. Eşit dosya ve bütünleştirilmiş kod sürümleri nedeniyle kazanan belirlenemedi.
         'Platform:System.Private.Uri.dll' ile 'Platform:System.Private.Uri.dll' arasında çakışmayla karşılaşıldı. Eşit dosya ve bütünleştirilmiş kod sürümleri nedeniyle kazanan belirlenemedi.
         'Platform:System.Private.Xml.dll' ile 'Platform:System.Private.Xml.dll' arasında çakışmayla karşılaşıldı. Eşit dosya ve bütünleştirilmiş kod sürümleri nedeniyle kazanan belirlenemedi.
         'Platform:System.Private.Xml.Linq.dll' ile 'Platform:System.Private.Xml.Linq.dll' arasında çakışmayla karşılaşıldı. Eşit dosya ve bütünleştirilmiş kod sürümleri nedeniyle kazanan belirlenemedi.
         'Platform:mscordaccore_amd64_amd64_9.0.1125.51716.dll' ile 'Platform:mscordaccore_amd64_amd64_9.0.1125.51716.dll' arasında çakışmayla karşılaşıldı. Eşit dosya ve bütünleştirilmiş kod sürümleri nedeniyle kazanan belirlenemedi.
       "ResolvePackageFileConflicts" görevini yürütme tamamlandı.
   3:6>"ECommerce.Application.csproj" projesinde "_HandlePackageFileConflicts" hedefini oluşturma tamamlandı.
       "ResolveTargetingPackAssets" hedefi atlandı. Önceden başarılı bir şekilde derlenmişti.
   3:6>"C:\Users\mrkfk\OneDrive\Desktop\Projelerim\ECommerce\src\Core\ECommerce.Application\ECommerce.Application.csproj" projesinin "C:\Program Files\dotnet\sdk\10.0.100\Microsoft.Common.CurrentVersion.targets" dosyasındaki "ResolveAssemblyReferences" hedefi ("ResolveReferences" hedefi buna bağımlı):
       "Microsoft.Build.Tasks.Core, Version=15.1.0.0, Culture=neutral, PublicKeyToken=b03f5f7f11d50a3a" derlemesindeki "ResolveAssemblyReference" görevi kullanılıyor.
       "ResolveAssemblyReference" görevi
         TargetFrameworkMoniker:
             .NETCoreApp,Version=v9.0
         TargetFrameworkMonikerDisplayName:
             .NET 9.0
         TargetedRuntimeVersion:
             
         Assemblies:
             C:\Users\mrkfk\.nuget\packages\automapper\12.0.1\lib\netstandard2.1\AutoMapper.dll
                 Private = 'false'
                 HintPath = 'C:\Users\mrkfk\.nuget\packages\automapper\12.0.1\lib\netstandard2.1\AutoMapper.dll'
             C:\Users\mrkfk\.nuget\packages\automapper.extensions.microsoft.dependencyinjection\12.0.1\lib\netstandard2.1\AutoMapper.Extensions.Microsoft.DependencyInjection.dll
                 Private = 'false'
                 HintPath = 'C:\Users\mrkfk\.nuget\packages\automapper.extensions.microsoft.dependencyinjection\12.0.1\lib\netstandard2.1\AutoMapper.Extensions.Microsoft.DependencyInjection.dll'
             C:\Users\mrkfk\.nuget\packages\bcrypt.net-next\4.0.3\lib\net6.0\BCrypt.Net-Next.dll
                 Private = 'false'
                 HintPath = 'C:\Users\mrkfk\.nuget\packages\bcrypt.net-next\4.0.3\lib\net6.0\BCrypt.Net-Next.dll'
             C:\Users\mrkfk\.nuget\packages\fluentvalidation\11.11.0\lib\net8.0\FluentValidation.dll
                 Private = 'false'
                 HintPath = 'C:\Users\mrkfk\.nuget\packages\fluentvalidation\11.11.0\lib\net8.0\FluentValidation.dll'
             C:\Users\mrkfk\.nuget\packages\fluentvalidation.dependencyinjectionextensions\11.11.0\lib\netstandard2.1\FluentValidation.DependencyInjectionExtensions.dll
                 Private = 'false'
                 HintPath = 'C:\Users\mrkfk\.nuget\packages\fluentvalidation.dependencyinjectionextensions\11.11.0\lib\netstandard2.1\FluentValidation.DependencyInjectionExtensions.dll'
             C:\Users\mrkfk\.nuget\packages\microsoft.entityframeworkcore\9.0.0\lib\net8.0\Microsoft.EntityFrameworkCore.dll
                 Private = 'false'
                 HintPath = 'C:\Users\mrkfk\.nuget\packages\microsoft.entityframeworkcore\9.0.0\lib\net8.0\Microsoft.EntityFrameworkCore.dll'
             C:\Users\mrkfk\.nuget\packages\microsoft.entityframeworkcore.abstractions\9.0.0\lib\net8.0\Microsoft.EntityFrameworkCore.Abstractions.dll
                 Private = 'false'
                 HintPath = 'C:\Users\mrkfk\.nuget\packages\microsoft.entityframeworkcore.abstractions\9.0.0\lib\net8.0\Microsoft.EntityFrameworkCore.Abstractions.dll'
             C:\Users\mrkfk\.nuget\packages\microsoft.extensions.caching.abstractions\9.0.0\lib\net9.0\Microsoft.Extensions.Caching.Abstractions.dll
                 Private = 'false'
                 HintPath = 'C:\Users\mrkfk\.nuget\packages\microsoft.extensions.caching.abstractions\9.0.0\lib\net9.0\Microsoft.Extensions.Caching.Abstractions.dll'
             C:\Users\mrkfk\.nuget\packages\microsoft.extensions.caching.memory\9.0.0\lib\net9.0\Microsoft.Extensions.Caching.Memory.dll
                 Private = 'false'
                 HintPath = 'C:\Users\mrkfk\.nuget\packages\microsoft.extensions.caching.memory\9.0.0\lib\net9.0\Microsoft.Extensions.Caching.Memory.dll'
             C:\Users\mrkfk\.nuget\packages\microsoft.extensions.dependencyinjection\9.0.0\lib\net9.0\Microsoft.Extensions.DependencyInjection.dll
                 Private = 'false'
                 HintPath = 'C:\Users\mrkfk\.nuget\packages\microsoft.extensions.dependencyinjection\9.0.0\lib\net9.0\Microsoft.Extensions.DependencyInjection.dll'
             C:\Users\mrkfk\.nuget\packages\microsoft.extensions.dependencyinjection.abstractions\9.0.0\lib\net9.0\Microsoft.Extensions.DependencyInjection.Abstractions.dll
                 Private = 'false'
                 HintPath = 'C:\Users\mrkfk\.nuget\packages\microsoft.extensions.dependencyinjection.abstractions\9.0.0\lib\net9.0\Microsoft.Extensions.DependencyInjection.Abstractions.dll'
             C:\Users\mrkfk\.nuget\packages\microsoft.extensions.logging\9.0.0\lib\net9.0\Microsoft.Extensions.Logging.dll
                 Private = 'false'
                 HintPath = 'C:\Users\mrkfk\.nuget\packages\microsoft.extensions.logging\9.0.0\lib\net9.0\Microsoft.Extensions.Logging.dll'
             C:\Users\mrkfk\.nuget\packages\microsoft.extensions.logging.abstractions\9.0.0\lib\net9.0\Microsoft.Extensions.Logging.Abstractions.dll
                 Private = 'false'
                 HintPath = 'C:\Users\mrkfk\.nuget\packages\microsoft.extensions.logging.abstractions\9.0.0\lib\net9.0\Microsoft.Extensions.Logging.Abstractions.dll'
             C:\Users\mrkfk\.nuget\packages\microsoft.extensions.options\9.0.0\lib\net9.0\Microsoft.Extensions.Options.dll
                 Private = 'false'
                 HintPath = 'C:\Users\mrkfk\.nuget\packages\microsoft.extensions.options\9.0.0\lib\net9.0\Microsoft.Extensions.Options.dll'
             C:\Users\mrkfk\.nuget\packages\microsoft.extensions.primitives\9.0.0\lib\net9.0\Microsoft.Extensions.Primitives.dll
                 Private = 'false'
                 HintPath = 'C:\Users\mrkfk\.nuget\packages\microsoft.extensions.primitives\9.0.0\lib\net9.0\Microsoft.Extensions.Primitives.dll'
             C:\Users\mrkfk\.nuget\packages\microsoft.identitymodel.abstractions\8.2.1\lib\net9.0\Microsoft.IdentityModel.Abstractions.dll
                 Private = 'false'
                 HintPath = 'C:\Users\mrkfk\.nuget\packages\microsoft.identitymodel.abstractions\8.2.1\lib\net9.0\Microsoft.IdentityModel.Abstractions.dll'
             C:\Users\mrkfk\.nuget\packages\microsoft.identitymodel.jsonwebtokens\8.2.1\lib\net9.0\Microsoft.IdentityModel.JsonWebTokens.dll
                 Private = 'false'
                 HintPath = 'C:\Users\mrkfk\.nuget\packages\microsoft.identitymodel.jsonwebtokens\8.2.1\lib\net9.0\Microsoft.IdentityModel.JsonWebTokens.dll'
             C:\Users\mrkfk\.nuget\packages\microsoft.identitymodel.logging\8.2.1\lib\net9.0\Microsoft.IdentityModel.Logging.dll
                 Private = 'false'
                 HintPath = 'C:\Users\mrkfk\.nuget\packages\microsoft.identitymodel.logging\8.2.1\lib\net9.0\Microsoft.IdentityModel.Logging.dll'
             C:\Users\mrkfk\.nuget\packages\microsoft.identitymodel.tokens\8.2.1\lib\net9.0\Microsoft.IdentityModel.Tokens.dll
                 Private = 'false'
                 HintPath = 'C:\Users\mrkfk\.nuget\packages\microsoft.identitymodel.tokens\8.2.1\lib\net9.0\Microsoft.IdentityModel.Tokens.dll'
             C:\Users\mrkfk\.nuget\packages\system.identitymodel.tokens.jwt\8.2.1\lib\net9.0\System.IdentityModel.Tokens.Jwt.dll
                 Private = 'false'
                 HintPath = 'C:\Users\mrkfk\.nuget\packages\system.identitymodel.tokens.jwt\8.2.1\lib\net9.0\System.IdentityModel.Tokens.Jwt.dll'
             C:\Users\mrkfk\.nuget\packages\microsoft.netcore.app.ref\9.0.11\ref/net9.0/Microsoft.CSharp.dll
                 Private = 'false'
             C:\Users\mrkfk\.nuget\packages\microsoft.netcore.app.ref\9.0.11\ref/net9.0/Microsoft.VisualBasic.Core.dll
                 Private = 'false'
             C:\Users\mrkfk\.nuget\packages\microsoft.netcore.app.ref\9.0.11\ref/net9.0/Microsoft.VisualBasic.dll
                 Private = 'false'
             C:\Users\mrkfk\.nuget\packages\microsoft.netcore.app.ref\9.0.11\ref/net9.0/Microsoft.Win32.Primitives.dll
                 Private = 'false'
             C:\Users\mrkfk\.nuget\packages\microsoft.netcore.app.ref\9.0.11\ref/net9.0/Microsoft.Win32.Registry.dll
                 Private = 'false'
             C:\Users\mrkfk\.nuget\packages\microsoft.netcore.app.ref\9.0.11\ref/net9.0/System.AppContext.dll
                 Private = 'false'
             C:\Users\mrkfk\.nuget\packages\microsoft.netcore.app.ref\9.0.11\ref/net9.0/System.Buffers.dll
                 Private = 'false'
             C:\Users\mrkfk\.nuget\packages\microsoft.netcore.app.ref\9.0.11\ref/net9.0/System.Collections.Concurrent.dll
                 Private = 'false'
             C:\Users\mrkfk\.nuget\packages\microsoft.netcore.app.ref\9.0.11\ref/net9.0/System.Collections.Immutable.dll
                 Private = 'false'
             C:\Users\mrkfk\.nuget\packages\microsoft.netcore.app.ref\9.0.11\ref/net9.0/System.Collections.NonGeneric.dll
                 Private = 'false'
             C:\Users\mrkfk\.nuget\packages\microsoft.netcore.app.ref\9.0.11\ref/net9.0/System.Collections.Specialized.dll
                 Private = 'false'
             C:\Users\mrkfk\.nuget\packages\microsoft.netcore.app.ref\9.0.11\ref/net9.0/System.Collections.dll
                 Private = 'false'
             C:\Users\mrkfk\.nuget\packages\microsoft.netcore.app.ref\9.0.11\ref/net9.0/System.ComponentModel.Annotations.dll
                 Private = 'false'
             C:\Users\mrkfk\.nuget\packages\microsoft.netcore.app.ref\9.0.11\ref/net9.0/System.ComponentModel.DataAnnotations.dll
                 Private = 'false'
             C:\Users\mrkfk\.nuget\packages\microsoft.netcore.app.ref\9.0.11\ref/net9.0/System.ComponentModel.EventBasedAsync.dll
                 Private = 'false'
             C:\Users\mrkfk\.nuget\packages\microsoft.netcore.app.ref\9.0.11\ref/net9.0/System.ComponentModel.Primitives.dll
                 Private = 'false'
             C:\Users\mrkfk\.nuget\packages\microsoft.netcore.app.ref\9.0.11\ref/net9.0/System.ComponentModel.TypeConverter.dll
                 Private = 'false'
             C:\Users\mrkfk\.nuget\packages\microsoft.netcore.app.ref\9.0.11\ref/net9.0/System.ComponentModel.dll
                 Private = 'false'
             C:\Users\mrkfk\.nuget\packages\microsoft.netcore.app.ref\9.0.11\ref/net9.0/System.Configuration.dll
                 Private = 'false'
             C:\Users\mrkfk\.nuget\packages\microsoft.netcore.app.ref\9.0.11\ref/net9.0/System.Console.dll
                 Private = 'false'
             C:\Users\mrkfk\.nuget\packages\microsoft.netcore.app.ref\9.0.11\ref/net9.0/System.Core.dll
                 Private = 'false'
             C:\Users\mrkfk\.nuget\packages\microsoft.netcore.app.ref\9.0.11\ref/net9.0/System.Data.Common.dll
                 Private = 'false'
             C:\Users\mrkfk\.nuget\packages\microsoft.netcore.app.ref\9.0.11\ref/net9.0/System.Data.DataSetExtensions.dll
                 Private = 'false'
             C:\Users\mrkfk\.nuget\packages\microsoft.netcore.app.ref\9.0.11\ref/net9.0/System.Data.dll
                 Private = 'false'
             C:\Users\mrkfk\.nuget\packages\microsoft.netcore.app.ref\9.0.11\ref/net9.0/System.Diagnostics.Contracts.dll
                 Private = 'false'
             C:\Users\mrkfk\.nuget\packages\microsoft.netcore.app.ref\9.0.11\ref/net9.0/System.Diagnostics.Debug.dll
                 Private = 'false'
             C:\Users\mrkfk\.nuget\packages\microsoft.netcore.app.ref\9.0.11\ref/net9.0/System.Diagnostics.DiagnosticSource.dll
                 Private = 'false'
             C:\Users\mrkfk\.nuget\packages\microsoft.netcore.app.ref\9.0.11\ref/net9.0/System.Diagnostics.FileVersionInfo.dll
                 Private = 'false'
             C:\Users\mrkfk\.nuget\packages\microsoft.netcore.app.ref\9.0.11\ref/net9.0/System.Diagnostics.Process.dll
                 Private = 'false'
             C:\Users\mrkfk\.nuget\packages\microsoft.netcore.app.ref\9.0.11\ref/net9.0/System.Diagnostics.StackTrace.dll
                 Private = 'false'
             C:\Users\mrkfk\.nuget\packages\microsoft.netcore.app.ref\9.0.11\ref/net9.0/System.Diagnostics.TextWriterTraceListener.dll
                 Private = 'false'
             C:\Users\mrkfk\.nuget\packages\microsoft.netcore.app.ref\9.0.11\ref/net9.0/System.Diagnostics.Tools.dll
                 Private = 'false'
             C:\Users\mrkfk\.nuget\packages\microsoft.netcore.app.ref\9.0.11\ref/net9.0/System.Diagnostics.TraceSource.dll
                 Private = 'false'
             C:\Users\mrkfk\.nuget\packages\microsoft.netcore.app.ref\9.0.11\ref/net9.0/System.Diagnostics.Tracing.dll
                 Private = 'false'
             C:\Users\mrkfk\.nuget\packages\microsoft.netcore.app.ref\9.0.11\ref/net9.0/System.Drawing.Primitives.dll
                 Private = 'false'
             C:\Users\mrkfk\.nuget\packages\microsoft.netcore.app.ref\9.0.11\ref/net9.0/System.Drawing.dll
                 Private = 'false'
             C:\Users\mrkfk\.nuget\packages\microsoft.netcore.app.ref\9.0.11\ref/net9.0/System.Dynamic.Runtime.dll
                 Private = 'false'
             C:\Users\mrkfk\.nuget\packages\microsoft.netcore.app.ref\9.0.11\ref/net9.0/System.Formats.Asn1.dll
                 Private = 'false'
             C:\Users\mrkfk\.nuget\packages\microsoft.netcore.app.ref\9.0.11\ref/net9.0/System.Formats.Tar.dll
                 Private = 'false'
             C:\Users\mrkfk\.nuget\packages\microsoft.netcore.app.ref\9.0.11\ref/net9.0/System.Globalization.Calendars.dll
                 Private = 'false'
             C:\Users\mrkfk\.nuget\packages\microsoft.netcore.app.ref\9.0.11\ref/net9.0/System.Globalization.Extensions.dll
                 Private = 'false'
             C:\Users\mrkfk\.nuget\packages\microsoft.netcore.app.ref\9.0.11\ref/net9.0/System.Globalization.dll
                 Private = 'false'
             C:\Users\mrkfk\.nuget\packages\microsoft.netcore.app.ref\9.0.11\ref/net9.0/System.IO.Compression.Brotli.dll
                 Private = 'false'
             C:\Users\mrkfk\.nuget\packages\microsoft.netcore.app.ref\9.0.11\ref/net9.0/System.IO.Compression.FileSystem.dll
                 Private = 'false'
             C:\Users\mrkfk\.nuget\packages\microsoft.netcore.app.ref\9.0.11\ref/net9.0/System.IO.Compression.ZipFile.dll
                 Private = 'false'
             C:\Users\mrkfk\.nuget\packages\microsoft.netcore.app.ref\9.0.11\ref/net9.0/System.IO.Compression.dll
                 Private = 'false'
             C:\Users\mrkfk\.nuget\packages\microsoft.netcore.app.ref\9.0.11\ref/net9.0/System.IO.FileSystem.AccessControl.dll
                 Private = 'false'
             C:\Users\mrkfk\.nuget\packages\microsoft.netcore.app.ref\9.0.11\ref/net9.0/System.IO.FileSystem.DriveInfo.dll
                 Private = 'false'
             C:\Users\mrkfk\.nuget\packages\microsoft.netcore.app.ref\9.0.11\ref/net9.0/System.IO.FileSystem.Primitives.dll
                 Private = 'false'
             C:\Users\mrkfk\.nuget\packages\microsoft.netcore.app.ref\9.0.11\ref/net9.0/System.IO.FileSystem.Watcher.dll
                 Private = 'false'
             C:\Users\mrkfk\.nuget\packages\microsoft.netcore.app.ref\9.0.11\ref/net9.0/System.IO.FileSystem.dll
                 Private = 'false'
             C:\Users\mrkfk\.nuget\packages\microsoft.netcore.app.ref\9.0.11\ref/net9.0/System.IO.IsolatedStorage.dll
                 Private = 'false'
             C:\Users\mrkfk\.nuget\packages\microsoft.netcore.app.ref\9.0.11\ref/net9.0/System.IO.MemoryMappedFiles.dll
                 Private = 'false'
             C:\Users\mrkfk\.nuget\packages\microsoft.netcore.app.ref\9.0.11\ref/net9.0/System.IO.Pipelines.dll
                 Private = 'false'
             C:\Users\mrkfk\.nuget\packages\microsoft.netcore.app.ref\9.0.11\ref/net9.0/System.IO.Pipes.AccessControl.dll
                 Private = 'false'
             C:\Users\mrkfk\.nuget\packages\microsoft.netcore.app.ref\9.0.11\ref/net9.0/System.IO.Pipes.dll
                 Private = 'false'
             C:\Users\mrkfk\.nuget\packages\microsoft.netcore.app.ref\9.0.11\ref/net9.0/System.IO.UnmanagedMemoryStream.dll
                 Private = 'false'
             C:\Users\mrkfk\.nuget\packages\microsoft.netcore.app.ref\9.0.11\ref/net9.0/System.IO.dll
                 Private = 'false'
             C:\Users\mrkfk\.nuget\packages\microsoft.netcore.app.ref\9.0.11\ref/net9.0/System.Linq.Expressions.dll
                 Private = 'false'
             C:\Users\mrkfk\.nuget\packages\microsoft.netcore.app.ref\9.0.11\ref/net9.0/System.Linq.Parallel.dll
                 Private = 'false'
             C:\Users\mrkfk\.nuget\packages\microsoft.netcore.app.ref\9.0.11\ref/net9.0/System.Linq.Queryable.dll
                 Private = 'false'
             C:\Users\mrkfk\.nuget\packages\microsoft.netcore.app.ref\9.0.11\ref/net9.0/System.Linq.dll
                 Private = 'false'
             C:\Users\mrkfk\.nuget\packages\microsoft.netcore.app.ref\9.0.11\ref/net9.0/System.Memory.dll
                 Private = 'false'
             C:\Users\mrkfk\.nuget\packages\microsoft.netcore.app.ref\9.0.11\ref/net9.0/System.Net.Http.Json.dll
                 Private = 'false'
             C:\Users\mrkfk\.nuget\packages\microsoft.netcore.app.ref\9.0.11\ref/net9.0/System.Net.Http.dll
                 Private = 'false'
             C:\Users\mrkfk\.nuget\packages\microsoft.netcore.app.ref\9.0.11\ref/net9.0/System.Net.HttpListener.dll
                 Private = 'false'
             C:\Users\mrkfk\.nuget\packages\microsoft.netcore.app.ref\9.0.11\ref/net9.0/System.Net.Mail.dll
                 Private = 'false'
             C:\Users\mrkfk\.nuget\packages\microsoft.netcore.app.ref\9.0.11\ref/net9.0/System.Net.NameResolution.dll
                 Private = 'false'
             C:\Users\mrkfk\.nuget\packages\microsoft.netcore.app.ref\9.0.11\ref/net9.0/System.Net.NetworkInformation.dll
                 Private = 'false'
             C:\Users\mrkfk\.nuget\packages\microsoft.netcore.app.ref\9.0.11\ref/net9.0/System.Net.Ping.dll
                 Private = 'false'
             C:\Users\mrkfk\.nuget\packages\microsoft.netcore.app.ref\9.0.11\ref/net9.0/System.Net.Primitives.dll
                 Private = 'false'
             C:\Users\mrkfk\.nuget\packages\microsoft.netcore.app.ref\9.0.11\ref/net9.0/System.Net.Quic.dll
                 Private = 'false'
             C:\Users\mrkfk\.nuget\packages\microsoft.netcore.app.ref\9.0.11\ref/net9.0/System.Net.Requests.dll
                 Private = 'false'
             C:\Users\mrkfk\.nuget\packages\microsoft.netcore.app.ref\9.0.11\ref/net9.0/System.Net.Security.dll
                 Private = 'false'
             C:\Users\mrkfk\.nuget\packages\microsoft.netcore.app.ref\9.0.11\ref/net9.0/System.Net.ServicePoint.dll
                 Private = 'false'
             C:\Users\mrkfk\.nuget\packages\microsoft.netcore.app.ref\9.0.11\ref/net9.0/System.Net.Sockets.dll
                 Private = 'false'
             C:\Users\mrkfk\.nuget\packages\microsoft.netcore.app.ref\9.0.11\ref/net9.0/System.Net.WebClient.dll
                 Private = 'false'
             C:\Users\mrkfk\.nuget\packages\microsoft.netcore.app.ref\9.0.11\ref/net9.0/System.Net.WebHeaderCollection.dll
                 Private = 'false'
             C:\Users\mrkfk\.nuget\packages\microsoft.netcore.app.ref\9.0.11\ref/net9.0/System.Net.WebProxy.dll
                 Private = 'false'
             C:\Users\mrkfk\.nuget\packages\microsoft.netcore.app.ref\9.0.11\ref/net9.0/System.Net.WebSockets.Client.dll
                 Private = 'false'
             C:\Users\mrkfk\.nuget\packages\microsoft.netcore.app.ref\9.0.11\ref/net9.0/System.Net.WebSockets.dll
                 Private = 'false'
             C:\Users\mrkfk\.nuget\packages\microsoft.netcore.app.ref\9.0.11\ref/net9.0/System.Net.dll
                 Private = 'false'
             C:\Users\mrkfk\.nuget\packages\microsoft.netcore.app.ref\9.0.11\ref/net9.0/System.Numerics.Vectors.dll
                 Private = 'false'
             C:\Users\mrkfk\.nuget\packages\microsoft.netcore.app.ref\9.0.11\ref/net9.0/System.Numerics.dll
                 Private = 'false'
             C:\Users\mrkfk\.nuget\packages\microsoft.netcore.app.ref\9.0.11\ref/net9.0/System.ObjectModel.dll
                 Private = 'false'
             C:\Users\mrkfk\.nuget\packages\microsoft.netcore.app.ref\9.0.11\ref/net9.0/System.Reflection.DispatchProxy.dll
                 Private = 'false'
             C:\Users\mrkfk\.nuget\packages\microsoft.netcore.app.ref\9.0.11\ref/net9.0/System.Reflection.Emit.ILGeneration.dll
                 Private = 'false'
             C:\Users\mrkfk\.nuget\packages\microsoft.netcore.app.ref\9.0.11\ref/net9.0/System.Reflection.Emit.Lightweight.dll
                 Private = 'false'
             C:\Users\mrkfk\.nuget\packages\microsoft.netcore.app.ref\9.0.11\ref/net9.0/System.Reflection.Emit.dll
                 Private = 'false'
             C:\Users\mrkfk\.nuget\packages\microsoft.netcore.app.ref\9.0.11\ref/net9.0/System.Reflection.Extensions.dll
                 Private = 'false'
             C:\Users\mrkfk\.nuget\packages\microsoft.netcore.app.ref\9.0.11\ref/net9.0/System.Reflection.Metadata.dll
                 Private = 'false'
             C:\Users\mrkfk\.nuget\packages\microsoft.netcore.app.ref\9.0.11\ref/net9.0/System.Reflection.Primitives.dll
                 Private = 'false'
             C:\Users\mrkfk\.nuget\packages\microsoft.netcore.app.ref\9.0.11\ref/net9.0/System.Reflection.TypeExtensions.dll
                 Private = 'false'
             C:\Users\mrkfk\.nuget\packages\microsoft.netcore.app.ref\9.0.11\ref/net9.0/System.Reflection.dll
                 Private = 'false'
             C:\Users\mrkfk\.nuget\packages\microsoft.netcore.app.ref\9.0.11\ref/net9.0/System.Resources.Reader.dll
                 Private = 'false'
             C:\Users\mrkfk\.nuget\packages\microsoft.netcore.app.ref\9.0.11\ref/net9.0/System.Resources.ResourceManager.dll
                 Private = 'false'
             C:\Users\mrkfk\.nuget\packages\microsoft.netcore.app.ref\9.0.11\ref/net9.0/System.Resources.Writer.dll
                 Private = 'false'
             C:\Users\mrkfk\.nuget\packages\microsoft.netcore.app.ref\9.0.11\ref/net9.0/System.Runtime.CompilerServices.Unsafe.dll
                 Private = 'false'
             C:\Users\mrkfk\.nuget\packages\microsoft.netcore.app.ref\9.0.11\ref/net9.0/System.Runtime.CompilerServices.VisualC.dll
                 Private = 'false'
             C:\Users\mrkfk\.nuget\packages\microsoft.netcore.app.ref\9.0.11\ref/net9.0/System.Runtime.Extensions.dll
                 Private = 'false'
             C:\Users\mrkfk\.nuget\packages\microsoft.netcore.app.ref\9.0.11\ref/net9.0/System.Runtime.Handles.dll
                 Private = 'false'
             C:\Users\mrkfk\.nuget\packages\microsoft.netcore.app.ref\9.0.11\ref/net9.0/System.Runtime.InteropServices.JavaScript.dll
                 Private = 'false'
             C:\Users\mrkfk\.nuget\packages\microsoft.netcore.app.ref\9.0.11\ref/net9.0/System.Runtime.InteropServices.RuntimeInformation.dll
                 Private = 'false'
             C:\Users\mrkfk\.nuget\packages\microsoft.netcore.app.ref\9.0.11\ref/net9.0/System.Runtime.InteropServices.dll
                 Private = 'false'
             C:\Users\mrkfk\.nuget\packages\microsoft.netcore.app.ref\9.0.11\ref/net9.0/System.Runtime.Intrinsics.dll
                 Private = 'false'
             C:\Users\mrkfk\.nuget\packages\microsoft.netcore.app.ref\9.0.11\ref/net9.0/System.Runtime.Loader.dll
                 Private = 'false'
             C:\Users\mrkfk\.nuget\packages\microsoft.netcore.app.ref\9.0.11\ref/net9.0/System.Runtime.Numerics.dll
                 Private = 'false'
             C:\Users\mrkfk\.nuget\packages\microsoft.netcore.app.ref\9.0.11\ref/net9.0/System.Runtime.Serialization.Formatters.dll
                 Private = 'false'
             C:\Users\mrkfk\.nuget\packages\microsoft.netcore.app.ref\9.0.11\ref/net9.0/System.Runtime.Serialization.Json.dll
                 Private = 'false'
             C:\Users\mrkfk\.nuget\packages\microsoft.netcore.app.ref\9.0.11\ref/net9.0/System.Runtime.Serialization.Primitives.dll
                 Private = 'false'
             C:\Users\mrkfk\.nuget\packages\microsoft.netcore.app.ref\9.0.11\ref/net9.0/System.Runtime.Serialization.Xml.dll
                 Private = 'false'
             C:\Users\mrkfk\.nuget\packages\microsoft.netcore.app.ref\9.0.11\ref/net9.0/System.Runtime.Serialization.dll
                 Private = 'false'
             C:\Users\mrkfk\.nuget\packages\microsoft.netcore.app.ref\9.0.11\ref/net9.0/System.Runtime.dll
                 Private = 'false'
             C:\Users\mrkfk\.nuget\packages\microsoft.netcore.app.ref\9.0.11\ref/net9.0/System.Security.AccessControl.dll
                 Private = 'false'
             C:\Users\mrkfk\.nuget\packages\microsoft.netcore.app.ref\9.0.11\ref/net9.0/System.Security.Claims.dll
                 Private = 'false'
             C:\Users\mrkfk\.nuget\packages\microsoft.netcore.app.ref\9.0.11\ref/net9.0/System.Security.Cryptography.Algorithms.dll
                 Private = 'false'
             C:\Users\mrkfk\.nuget\packages\microsoft.netcore.app.ref\9.0.11\ref/net9.0/System.Security.Cryptography.Cng.dll
                 Private = 'false'
             C:\Users\mrkfk\.nuget\packages\microsoft.netcore.app.ref\9.0.11\ref/net9.0/System.Security.Cryptography.Csp.dll
                 Private = 'false'
             C:\Users\mrkfk\.nuget\packages\microsoft.netcore.app.ref\9.0.11\ref/net9.0/System.Security.Cryptography.Encoding.dll
                 Private = 'false'
             C:\Users\mrkfk\.nuget\packages\microsoft.netcore.app.ref\9.0.11\ref/net9.0/System.Security.Cryptography.OpenSsl.dll
                 Private = 'false'
             C:\Users\mrkfk\.nuget\packages\microsoft.netcore.app.ref\9.0.11\ref/net9.0/System.Security.Cryptography.Primitives.dll
                 Private = 'false'
             C:\Users\mrkfk\.nuget\packages\microsoft.netcore.app.ref\9.0.11\ref/net9.0/System.Security.Cryptography.X509Certificates.dll
                 Private = 'false'
             C:\Users\mrkfk\.nuget\packages\microsoft.netcore.app.ref\9.0.11\ref/net9.0/System.Security.Cryptography.dll
                 Private = 'false'
             C:\Users\mrkfk\.nuget\packages\microsoft.netcore.app.ref\9.0.11\ref/net9.0/System.Security.Principal.Windows.dll
                 Private = 'false'
             C:\Users\mrkfk\.nuget\packages\microsoft.netcore.app.ref\9.0.11\ref/net9.0/System.Security.Principal.dll
                 Private = 'false'
             C:\Users\mrkfk\.nuget\packages\microsoft.netcore.app.ref\9.0.11\ref/net9.0/System.Security.SecureString.dll
                 Private = 'false'
             C:\Users\mrkfk\.nuget\packages\microsoft.netcore.app.ref\9.0.11\ref/net9.0/System.Security.dll
                 Private = 'false'
             C:\Users\mrkfk\.nuget\packages\microsoft.netcore.app.ref\9.0.11\ref/net9.0/System.ServiceModel.Web.dll
                 Private = 'false'
             C:\Users\mrkfk\.nuget\packages\microsoft.netcore.app.ref\9.0.11\ref/net9.0/System.ServiceProcess.dll
                 Private = 'false'
             C:\Users\mrkfk\.nuget\packages\microsoft.netcore.app.ref\9.0.11\ref/net9.0/System.Text.Encoding.CodePages.dll
                 Private = 'false'
             C:\Users\mrkfk\.nuget\packages\microsoft.netcore.app.ref\9.0.11\ref/net9.0/System.Text.Encoding.Extensions.dll
                 Private = 'false'
             C:\Users\mrkfk\.nuget\packages\microsoft.netcore.app.ref\9.0.11\ref/net9.0/System.Text.Encoding.dll
                 Private = 'false'
             C:\Users\mrkfk\.nuget\packages\microsoft.netcore.app.ref\9.0.11\ref/net9.0/System.Text.Encodings.Web.dll
                 Private = 'false'
             C:\Users\mrkfk\.nuget\packages\microsoft.netcore.app.ref\9.0.11\ref/net9.0/System.Text.Json.dll
                 Private = 'false'
             C:\Users\mrkfk\.nuget\packages\microsoft.netcore.app.ref\9.0.11\ref/net9.0/System.Text.RegularExpressions.dll
                 Private = 'false'
             C:\Users\mrkfk\.nuget\packages\microsoft.netcore.app.ref\9.0.11\ref/net9.0/System.Threading.Channels.dll
                 Private = 'false'
             C:\Users\mrkfk\.nuget\packages\microsoft.netcore.app.ref\9.0.11\ref/net9.0/System.Threading.Overlapped.dll
                 Private = 'false'
             C:\Users\mrkfk\.nuget\packages\microsoft.netcore.app.ref\9.0.11\ref/net9.0/System.Threading.Tasks.Dataflow.dll
                 Private = 'false'
             C:\Users\mrkfk\.nuget\packages\microsoft.netcore.app.ref\9.0.11\ref/net9.0/System.Threading.Tasks.Extensions.dll
                 Private = 'false'
             C:\Users\mrkfk\.nuget\packages\microsoft.netcore.app.ref\9.0.11\ref/net9.0/System.Threading.Tasks.Parallel.dll
                 Private = 'false'
             C:\Users\mrkfk\.nuget\packages\microsoft.netcore.app.ref\9.0.11\ref/net9.0/System.Threading.Tasks.dll
                 Private = 'false'
             C:\Users\mrkfk\.nuget\packages\microsoft.netcore.app.ref\9.0.11\ref/net9.0/System.Threading.Thread.dll
                 Private = 'false'
             C:\Users\mrkfk\.nuget\packages\microsoft.netcore.app.ref\9.0.11\ref/net9.0/System.Threading.ThreadPool.dll
                 Private = 'false'
             C:\Users\mrkfk\.nuget\packages\microsoft.netcore.app.ref\9.0.11\ref/net9.0/System.Threading.Timer.dll
                 Private = 'false'
             C:\Users\mrkfk\.nuget\packages\microsoft.netcore.app.ref\9.0.11\ref/net9.0/System.Threading.dll
                 Private = 'false'
             C:\Users\mrkfk\.nuget\packages\microsoft.netcore.app.ref\9.0.11\ref/net9.0/System.Transactions.Local.dll
                 Private = 'false'
             C:\Users\mrkfk\.nuget\packages\microsoft.netcore.app.ref\9.0.11\ref/net9.0/System.Transactions.dll
                 Private = 'false'
             C:\Users\mrkfk\.nuget\packages\microsoft.netcore.app.ref\9.0.11\ref/net9.0/System.ValueTuple.dll
                 Private = 'false'
             C:\Users\mrkfk\.nuget\packages\microsoft.netcore.app.ref\9.0.11\ref/net9.0/System.Web.HttpUtility.dll
                 Private = 'false'
             C:\Users\mrkfk\.nuget\packages\microsoft.netcore.app.ref\9.0.11\ref/net9.0/System.Web.dll
                 Private = 'false'
             C:\Users\mrkfk\.nuget\packages\microsoft.netcore.app.ref\9.0.11\ref/net9.0/System.Windows.dll
                 Private = 'false'
             C:\Users\mrkfk\.nuget\packages\microsoft.netcore.app.ref\9.0.11\ref/net9.0/System.Xml.Linq.dll
                 Private = 'false'
             C:\Users\mrkfk\.nuget\packages\microsoft.netcore.app.ref\9.0.11\ref/net9.0/System.Xml.ReaderWriter.dll
                 Private = 'false'
             C:\Users\mrkfk\.nuget\packages\microsoft.netcore.app.ref\9.0.11\ref/net9.0/System.Xml.Serialization.dll
                 Private = 'false'
             C:\Users\mrkfk\.nuget\packages\microsoft.netcore.app.ref\9.0.11\ref/net9.0/System.Xml.XDocument.dll
                 Private = 'false'
             C:\Users\mrkfk\.nuget\packages\microsoft.netcore.app.ref\9.0.11\ref/net9.0/System.Xml.XPath.XDocument.dll
                 Private = 'false'
             C:\Users\mrkfk\.nuget\packages\microsoft.netcore.app.ref\9.0.11\ref/net9.0/System.Xml.XPath.dll
                 Private = 'false'
             C:\Users\mrkfk\.nuget\packages\microsoft.netcore.app.ref\9.0.11\ref/net9.0/System.Xml.XmlDocument.dll
                 Private = 'false'
             C:\Users\mrkfk\.nuget\packages\microsoft.netcore.app.ref\9.0.11\ref/net9.0/System.Xml.XmlSerializer.dll
                 Private = 'false'
             C:\Users\mrkfk\.nuget\packages\microsoft.netcore.app.ref\9.0.11\ref/net9.0/System.Xml.dll
                 Private = 'false'
             C:\Users\mrkfk\.nuget\packages\microsoft.netcore.app.ref\9.0.11\ref/net9.0/System.dll
                 Private = 'false'
             C:\Users\mrkfk\.nuget\packages\microsoft.netcore.app.ref\9.0.11\ref/net9.0/WindowsBase.dll
                 Private = 'false'
             C:\Users\mrkfk\.nuget\packages\microsoft.netcore.app.ref\9.0.11\ref/net9.0/mscorlib.dll
                 Private = 'false'
             C:\Users\mrkfk\.nuget\packages\microsoft.netcore.app.ref\9.0.11\ref/net9.0/netstandard.dll
                 Private = 'false'
         AssemblyFiles:
             C:\Users\mrkfk\OneDrive\Desktop\Projelerim\ECommerce\src\Core\ECommerce.Domain\bin\Debug\net9.0\ECommerce.Domain.dll
         CandidateAssemblyFiles:
         TargetFrameworkDirectories:
             
         NonCultureResourceDirectories:
             
         InstalledAssemblyTables:
         IgnoreInstalledAssemblyTable:
             False
         SearchPaths:
             {CandidateAssemblyFiles}
             {HintPathFromItem}
             {TargetFrameworkDirectory}
             {RawFileName}
         AllowedAssemblyExtensions:
             .winmd
             .dll
             .exe
         AllowedRelatedFileExtensions:
             .pdb
             .xml
             .pri
             .dll.config
             .exe.config
         AppConfigFile:
             
         AutoUnify:
             True
         EnableCustomCulture:
             False
         EnableCustomCulture:
             False
         CopyLocalDependenciesWhenParentReferenceInGac:
             True
         FindDependencies:
             True
         TargetProcessorArchitecture:
             msil
         StateFile:
             obj\Debug\net9.0\ECommerce.Application.csproj.AssemblyReference.cache
         InstalledAssemblySubsetTables:
         IgnoreInstalledAssemblySubsetTable:
             False
         TargetFrameworkSubsets:
         FullTargetFrameworkSubsetNames:
             Full
         ProfileName:
             
         FullFrameworkFolders:
         LatestTargetFrameworkDirectories:
         ProfileTablesLocation:
         Birincil başvuru: "ECommerce.Domain, Version=1.0.0.0, Culture=neutral, PublicKeyToken=null".
             Çözümlenmiş dosya yolu: "C:\Users\mrkfk\OneDrive\Desktop\Projelerim\ECommerce\src\Core\ECommerce.Domain\bin\Debug\net9.0\ECommerce.Domain.dll".
             Başvuru, "C:\Users\mrkfk\OneDrive\Desktop\Projelerim\ECommerce\src\Core\ECommerce.Domain\bin\Debug\net9.0\ECommerce.Domain.dll" arama yolu konumunda bulundu.
             "C:\Users\mrkfk\OneDrive\Desktop\Projelerim\ECommerce\src\Core\ECommerce.Domain\bin\Debug\net9.0\ECommerce.Domain.pdb" ilişkili dosyası bulundu.
         Birincil başvuru: "AutoMapper, Version=12.0.0.0, Culture=neutral, PublicKeyToken=be96cd2c38ef1005".
             Çözümlenmiş dosya yolu: "C:\Users\mrkfk\.nuget\packages\automapper\12.0.1\lib\netstandard2.1\AutoMapper.dll".
             Başvuru, "{HintPathFromItem}" arama yolu konumunda bulundu.
             En az bir kaynak öğesi için "Private" "false" olarak ayarlanmış olduğundan ve "Private", herhangi bir kaynak öğesi için "true" olarak ayarlanmış olmadığından bu başvuru "CopyLocal" değildir.
         Birincil başvuru: "AutoMapper.Extensions.Microsoft.DependencyInjection, Version=12.0.0.0, Culture=neutral, PublicKeyToken=e767ac9c89543656".
             Çözümlenmiş dosya yolu: "C:\Users\mrkfk\.nuget\packages\automapper.extensions.microsoft.dependencyinjection\12.0.1\lib\netstandard2.1\AutoMapper.Extensions.Microsoft.DependencyInjection.dll".
             Başvuru, "{HintPathFromItem}" arama yolu konumunda bulundu.
             En az bir kaynak öğesi için "Private" "false" olarak ayarlanmış olduğundan ve "Private", herhangi bir kaynak öğesi için "true" olarak ayarlanmış olmadığından bu başvuru "CopyLocal" değildir.
         Birincil başvuru: "BCrypt.Net-Next, Version=4.0.3.0, Culture=neutral, PublicKeyToken=1e11be04b6288443".
             Çözümlenmiş dosya yolu: "C:\Users\mrkfk\.nuget\packages\bcrypt.net-next\4.0.3\lib\net6.0\BCrypt.Net-Next.dll".
             Başvuru, "{HintPathFromItem}" arama yolu konumunda bulundu.
             En az bir kaynak öğesi için "Private" "false" olarak ayarlanmış olduğundan ve "Private", herhangi bir kaynak öğesi için "true" olarak ayarlanmış olmadığından bu başvuru "CopyLocal" değildir.
         Birincil başvuru: "FluentValidation, Version=11.0.0.0, Culture=neutral, PublicKeyToken=7de548da2fbae0f0".
             Çözümlenmiş dosya yolu: "C:\Users\mrkfk\.nuget\packages\fluentvalidation\11.11.0\lib\net8.0\FluentValidation.dll".
             Başvuru, "{HintPathFromItem}" arama yolu konumunda bulundu.
             En az bir kaynak öğesi için "Private" "false" olarak ayarlanmış olduğundan ve "Private", herhangi bir kaynak öğesi için "true" olarak ayarlanmış olmadığından bu başvuru "CopyLocal" değildir.
         Birincil başvuru: "FluentValidation.DependencyInjectionExtensions, Version=11.0.0.0, Culture=neutral, PublicKeyToken=7de548da2fbae0f0".
             Çözümlenmiş dosya yolu: "C:\Users\mrkfk\.nuget\packages\fluentvalidation.dependencyinjectionextensions\11.11.0\lib\netstandard2.1\FluentValidation.DependencyInjectionExtensions.dll".
             Başvuru, "{HintPathFromItem}" arama yolu konumunda bulundu.
             En az bir kaynak öğesi için "Private" "false" olarak ayarlanmış olduğundan ve "Private", herhangi bir kaynak öğesi için "true" olarak ayarlanmış olmadığından bu başvuru "CopyLocal" değildir.
         Birincil başvuru: "Microsoft.EntityFrameworkCore, Version=9.0.0.0, Culture=neutral, PublicKeyToken=adb9793829ddae60".
             Çözümlenmiş dosya yolu: "C:\Users\mrkfk\.nuget\packages\microsoft.entityframeworkcore\9.0.0\lib\net8.0\Microsoft.EntityFrameworkCore.dll".
             Başvuru, "{HintPathFromItem}" arama yolu konumunda bulundu.
             En az bir kaynak öğesi için "Private" "false" olarak ayarlanmış olduğundan ve "Private", herhangi bir kaynak öğesi için "true" olarak ayarlanmış olmadığından bu başvuru "CopyLocal" değildir.
         Birincil başvuru: "Microsoft.EntityFrameworkCore.Abstractions, Version=9.0.0.0, Culture=neutral, PublicKeyToken=adb9793829ddae60".
             Çözümlenmiş dosya yolu: "C:\Users\mrkfk\.nuget\packages\microsoft.entityframeworkcore.abstractions\9.0.0\lib\net8.0\Microsoft.EntityFrameworkCore.Abstractions.dll".
             Başvuru, "{HintPathFromItem}" arama yolu konumunda bulundu.
             En az bir kaynak öğesi için "Private" "false" olarak ayarlanmış olduğundan ve "Private", herhangi bir kaynak öğesi için "true" olarak ayarlanmış olmadığından bu başvuru "CopyLocal" değildir.
         Birincil başvuru: "Microsoft.Extensions.Caching.Abstractions, Version=9.0.0.0, Culture=neutral, PublicKeyToken=adb9793829ddae60".
             Çözümlenmiş dosya yolu: "C:\Users\mrkfk\.nuget\packages\microsoft.extensions.caching.abstractions\9.0.0\lib\net9.0\Microsoft.Extensions.Caching.Abstractions.dll".
             Başvuru, "{HintPathFromItem}" arama yolu konumunda bulundu.
             En az bir kaynak öğesi için "Private" "false" olarak ayarlanmış olduğundan ve "Private", herhangi bir kaynak öğesi için "true" olarak ayarlanmış olmadığından bu başvuru "CopyLocal" değildir.
         Birincil başvuru: "Microsoft.Extensions.Caching.Memory, Version=9.0.0.0, Culture=neutral, PublicKeyToken=adb9793829ddae60".
             Çözümlenmiş dosya yolu: "C:\Users\mrkfk\.nuget\packages\microsoft.extensions.caching.memory\9.0.0\lib\net9.0\Microsoft.Extensions.Caching.Memory.dll".
             Başvuru, "{HintPathFromItem}" arama yolu konumunda bulundu.
             En az bir kaynak öğesi için "Private" "false" olarak ayarlanmış olduğundan ve "Private", herhangi bir kaynak öğesi için "true" olarak ayarlanmış olmadığından bu başvuru "CopyLocal" değildir.
         Birincil başvuru: "Microsoft.Extensions.DependencyInjection, Version=9.0.0.0, Culture=neutral, PublicKeyToken=adb9793829ddae60".
             Çözümlenmiş dosya yolu: "C:\Users\mrkfk\.nuget\packages\microsoft.extensions.dependencyinjection\9.0.0\lib\net9.0\Microsoft.Extensions.DependencyInjection.dll".
             Başvuru, "{HintPathFromItem}" arama yolu konumunda bulundu.
             En az bir kaynak öğesi için "Private" "false" olarak ayarlanmış olduğundan ve "Private", herhangi bir kaynak öğesi için "true" olarak ayarlanmış olmadığından bu başvuru "CopyLocal" değildir.
         Birincil başvuru: "Microsoft.Extensions.DependencyInjection.Abstractions, Version=9.0.0.0, Culture=neutral, PublicKeyToken=adb9793829ddae60".
             Çözümlenmiş dosya yolu: "C:\Users\mrkfk\.nuget\packages\microsoft.extensions.dependencyinjection.abstractions\9.0.0\lib\net9.0\Microsoft.Extensions.DependencyInjection.Abstractions.dll".
             Başvuru, "{HintPathFromItem}" arama yolu konumunda bulundu.
             En az bir kaynak öğesi için "Private" "false" olarak ayarlanmış olduğundan ve "Private", herhangi bir kaynak öğesi için "true" olarak ayarlanmış olmadığından bu başvuru "CopyLocal" değildir.
         Birincil başvuru: "Microsoft.Extensions.Logging, Version=9.0.0.0, Culture=neutral, PublicKeyToken=adb9793829ddae60".
             Çözümlenmiş dosya yolu: "C:\Users\mrkfk\.nuget\packages\microsoft.extensions.logging\9.0.0\lib\net9.0\Microsoft.Extensions.Logging.dll".
             Başvuru, "{HintPathFromItem}" arama yolu konumunda bulundu.
             En az bir kaynak öğesi için "Private" "false" olarak ayarlanmış olduğundan ve "Private", herhangi bir kaynak öğesi için "true" olarak ayarlanmış olmadığından bu başvuru "CopyLocal" değildir.
         Birincil başvuru: "Microsoft.Extensions.Logging.Abstractions, Version=9.0.0.0, Culture=neutral, PublicKeyToken=adb9793829ddae60".
             Çözümlenmiş dosya yolu: "C:\Users\mrkfk\.nuget\packages\microsoft.extensions.logging.abstractions\9.0.0\lib\net9.0\Microsoft.Extensions.Logging.Abstractions.dll".
             Başvuru, "{HintPathFromItem}" arama yolu konumunda bulundu.
             En az bir kaynak öğesi için "Private" "false" olarak ayarlanmış olduğundan ve "Private", herhangi bir kaynak öğesi için "true" olarak ayarlanmış olmadığından bu başvuru "CopyLocal" değildir.
         Birincil başvuru: "Microsoft.Extensions.Options, Version=9.0.0.0, Culture=neutral, PublicKeyToken=adb9793829ddae60".
             Çözümlenmiş dosya yolu: "C:\Users\mrkfk\.nuget\packages\microsoft.extensions.options\9.0.0\lib\net9.0\Microsoft.Extensions.Options.dll".
             Başvuru, "{HintPathFromItem}" arama yolu konumunda bulundu.
             En az bir kaynak öğesi için "Private" "false" olarak ayarlanmış olduğundan ve "Private", herhangi bir kaynak öğesi için "true" olarak ayarlanmış olmadığından bu başvuru "CopyLocal" değildir.
         Birincil başvuru: "Microsoft.Extensions.Primitives, Version=9.0.0.0, Culture=neutral, PublicKeyToken=adb9793829ddae60".
             Çözümlenmiş dosya yolu: "C:\Users\mrkfk\.nuget\packages\microsoft.extensions.primitives\9.0.0\lib\net9.0\Microsoft.Extensions.Primitives.dll".
             Başvuru, "{HintPathFromItem}" arama yolu konumunda bulundu.
             En az bir kaynak öğesi için "Private" "false" olarak ayarlanmış olduğundan ve "Private", herhangi bir kaynak öğesi için "true" olarak ayarlanmış olmadığından bu başvuru "CopyLocal" değildir.
         Birincil başvuru: "Microsoft.IdentityModel.Abstractions, Version=8.2.1.0, Culture=neutral, PublicKeyToken=31bf3856ad364e35".
             Çözümlenmiş dosya yolu: "C:\Users\mrkfk\.nuget\packages\microsoft.identitymodel.abstractions\8.2.1\lib\net9.0\Microsoft.IdentityModel.Abstractions.dll".
             Başvuru, "{HintPathFromItem}" arama yolu konumunda bulundu.
             En az bir kaynak öğesi için "Private" "false" olarak ayarlanmış olduğundan ve "Private", herhangi bir kaynak öğesi için "true" olarak ayarlanmış olmadığından bu başvuru "CopyLocal" değildir.
         Birincil başvuru: "Microsoft.IdentityModel.JsonWebTokens, Version=8.2.1.0, Culture=neutral, PublicKeyToken=31bf3856ad364e35".
             Çözümlenmiş dosya yolu: "C:\Users\mrkfk\.nuget\packages\microsoft.identitymodel.jsonwebtokens\8.2.1\lib\net9.0\Microsoft.IdentityModel.JsonWebTokens.dll".
             Başvuru, "{HintPathFromItem}" arama yolu konumunda bulundu.
             En az bir kaynak öğesi için "Private" "false" olarak ayarlanmış olduğundan ve "Private", herhangi bir kaynak öğesi için "true" olarak ayarlanmış olmadığından bu başvuru "CopyLocal" değildir.
         Birincil başvuru: "Microsoft.IdentityModel.Logging, Version=8.2.1.0, Culture=neutral, PublicKeyToken=31bf3856ad364e35".
             Çözümlenmiş dosya yolu: "C:\Users\mrkfk\.nuget\packages\microsoft.identitymodel.logging\8.2.1\lib\net9.0\Microsoft.IdentityModel.Logging.dll".
             Başvuru, "{HintPathFromItem}" arama yolu konumunda bulundu.
             En az bir kaynak öğesi için "Private" "false" olarak ayarlanmış olduğundan ve "Private", herhangi bir kaynak öğesi için "true" olarak ayarlanmış olmadığından bu başvuru "CopyLocal" değildir.
         Birincil başvuru: "Microsoft.IdentityModel.Tokens, Version=8.2.1.0, Culture=neutral, PublicKeyToken=31bf3856ad364e35".
             Çözümlenmiş dosya yolu: "C:\Users\mrkfk\.nuget\packages\microsoft.identitymodel.tokens\8.2.1\lib\net9.0\Microsoft.IdentityModel.Tokens.dll".
             Başvuru, "{HintPathFromItem}" arama yolu konumunda bulundu.
             En az bir kaynak öğesi için "Private" "false" olarak ayarlanmış olduğundan ve "Private", herhangi bir kaynak öğesi için "true" olarak ayarlanmış olmadığından bu başvuru "CopyLocal" değildir.
         Birincil başvuru: "System.IdentityModel.Tokens.Jwt, Version=8.2.1.0, Culture=neutral, PublicKeyToken=31bf3856ad364e35".
             Çözümlenmiş dosya yolu: "C:\Users\mrkfk\.nuget\packages\system.identitymodel.tokens.jwt\8.2.1\lib\net9.0\System.IdentityModel.Tokens.Jwt.dll".
             Başvuru, "{HintPathFromItem}" arama yolu konumunda bulundu.
             En az bir kaynak öğesi için "Private" "false" olarak ayarlanmış olduğundan ve "Private", herhangi bir kaynak öğesi için "true" olarak ayarlanmış olmadığından bu başvuru "CopyLocal" değildir.
         Birincil başvuru: "Microsoft.CSharp, Version=9.0.0.0, Culture=neutral, PublicKeyToken=b03f5f7f11d50a3a".
             Çözümlenmiş dosya yolu: "C:\Users\mrkfk\.nuget\packages\microsoft.netcore.app.ref\9.0.11\ref\net9.0\Microsoft.CSharp.dll".
             Başvuru, "{RawFileName}" arama yolu konumunda bulundu.
             En az bir kaynak öğesi için "Private" "false" olarak ayarlanmış olduğundan ve "Private", herhangi bir kaynak öğesi için "true" olarak ayarlanmış olmadığından bu başvuru "CopyLocal" değildir.
         Birincil başvuru: "Microsoft.VisualBasic.Core, Version=14.0.0.0, Culture=neutral, PublicKeyToken=b03f5f7f11d50a3a".
             Çözümlenmiş dosya yolu: "C:\Users\mrkfk\.nuget\packages\microsoft.netcore.app.ref\9.0.11\ref\net9.0\Microsoft.VisualBasic.Core.dll".
             Başvuru, "{RawFileName}" arama yolu konumunda bulundu.
             En az bir kaynak öğesi için "Private" "false" olarak ayarlanmış olduğundan ve "Private", herhangi bir kaynak öğesi için "true" olarak ayarlanmış olmadığından bu başvuru "CopyLocal" değildir.
         Birincil başvuru: "Microsoft.VisualBasic, Version=10.0.0.0, Culture=neutral, PublicKeyToken=b03f5f7f11d50a3a".
             Çözümlenmiş dosya yolu: "C:\Users\mrkfk\.nuget\packages\microsoft.netcore.app.ref\9.0.11\ref\net9.0\Microsoft.VisualBasic.dll".
             Başvuru, "{RawFileName}" arama yolu konumunda bulundu.
             En az bir kaynak öğesi için "Private" "false" olarak ayarlanmış olduğundan ve "Private", herhangi bir kaynak öğesi için "true" olarak ayarlanmış olmadığından bu başvuru "CopyLocal" değildir.
         Birincil başvuru: "Microsoft.Win32.Primitives, Version=9.0.0.0, Culture=neutral, PublicKeyToken=b03f5f7f11d50a3a".
             Çözümlenmiş dosya yolu: "C:\Users\mrkfk\.nuget\packages\microsoft.netcore.app.ref\9.0.11\ref\net9.0\Microsoft.Win32.Primitives.dll".
             Başvuru, "{RawFileName}" arama yolu konumunda bulundu.
             En az bir kaynak öğesi için "Private" "false" olarak ayarlanmış olduğundan ve "Private", herhangi bir kaynak öğesi için "true" olarak ayarlanmış olmadığından bu başvuru "CopyLocal" değildir.
         Birincil başvuru: "Microsoft.Win32.Registry, Version=9.0.0.0, Culture=neutral, PublicKeyToken=b03f5f7f11d50a3a".
             Çözümlenmiş dosya yolu: "C:\Users\mrkfk\.nuget\packages\microsoft.netcore.app.ref\9.0.11\ref\net9.0\Microsoft.Win32.Registry.dll".
             Başvuru, "{RawFileName}" arama yolu konumunda bulundu.
             En az bir kaynak öğesi için "Private" "false" olarak ayarlanmış olduğundan ve "Private", herhangi bir kaynak öğesi için "true" olarak ayarlanmış olmadığından bu başvuru "CopyLocal" değildir.
         Birincil başvuru: "System.AppContext, Version=9.0.0.0, Culture=neutral, PublicKeyToken=b03f5f7f11d50a3a".
             Çözümlenmiş dosya yolu: "C:\Users\mrkfk\.nuget\packages\microsoft.netcore.app.ref\9.0.11\ref\net9.0\System.AppContext.dll".
             Başvuru, "{RawFileName}" arama yolu konumunda bulundu.
             En az bir kaynak öğesi için "Private" "false" olarak ayarlanmış olduğundan ve "Private", herhangi bir kaynak öğesi için "true" olarak ayarlanmış olmadığından bu başvuru "CopyLocal" değildir.
         Birincil başvuru: "System.Buffers, Version=9.0.0.0, Culture=neutral, PublicKeyToken=cc7b13ffcd2ddd51".
             Çözümlenmiş dosya yolu: "C:\Users\mrkfk\.nuget\packages\microsoft.netcore.app.ref\9.0.11\ref\net9.0\System.Buffers.dll".
             Başvuru, "{RawFileName}" arama yolu konumunda bulundu.
             En az bir kaynak öğesi için "Private" "false" olarak ayarlanmış olduğundan ve "Private", herhangi bir kaynak öğesi için "true" olarak ayarlanmış olmadığından bu başvuru "CopyLocal" değildir.
         Birincil başvuru: "System.Collections.Concurrent, Version=9.0.0.0, Culture=neutral, PublicKeyToken=b03f5f7f11d50a3a".
             Çözümlenmiş dosya yolu: "C:\Users\mrkfk\.nuget\packages\microsoft.netcore.app.ref\9.0.11\ref\net9.0\System.Collections.Concurrent.dll".
             Başvuru, "{RawFileName}" arama yolu konumunda bulundu.
             En az bir kaynak öğesi için "Private" "false" olarak ayarlanmış olduğundan ve "Private", herhangi bir kaynak öğesi için "true" olarak ayarlanmış olmadığından bu başvuru "CopyLocal" değildir.
         Birincil başvuru: "System.Collections.Immutable, Version=9.0.0.0, Culture=neutral, PublicKeyToken=b03f5f7f11d50a3a".
             Çözümlenmiş dosya yolu: "C:\Users\mrkfk\.nuget\packages\microsoft.netcore.app.ref\9.0.11\ref\net9.0\System.Collections.Immutable.dll".
             Başvuru, "{RawFileName}" arama yolu konumunda bulundu.
             En az bir kaynak öğesi için "Private" "false" olarak ayarlanmış olduğundan ve "Private", herhangi bir kaynak öğesi için "true" olarak ayarlanmış olmadığından bu başvuru "CopyLocal" değildir.
         Birincil başvuru: "System.Collections.NonGeneric, Version=9.0.0.0, Culture=neutral, PublicKeyToken=b03f5f7f11d50a3a".
             Çözümlenmiş dosya yolu: "C:\Users\mrkfk\.nuget\packages\microsoft.netcore.app.ref\9.0.11\ref\net9.0\System.Collections.NonGeneric.dll".
             Başvuru, "{RawFileName}" arama yolu konumunda bulundu.
             En az bir kaynak öğesi için "Private" "false" olarak ayarlanmış olduğundan ve "Private", herhangi bir kaynak öğesi için "true" olarak ayarlanmış olmadığından bu başvuru "CopyLocal" değildir.
         Birincil başvuru: "System.Collections.Specialized, Version=9.0.0.0, Culture=neutral, PublicKeyToken=b03f5f7f11d50a3a".
             Çözümlenmiş dosya yolu: "C:\Users\mrkfk\.nuget\packages\microsoft.netcore.app.ref\9.0.11\ref\net9.0\System.Collections.Specialized.dll".
             Başvuru, "{RawFileName}" arama yolu konumunda bulundu.
             En az bir kaynak öğesi için "Private" "false" olarak ayarlanmış olduğundan ve "Private", herhangi bir kaynak öğesi için "true" olarak ayarlanmış olmadığından bu başvuru "CopyLocal" değildir.
         Birincil başvuru: "System.Collections, Version=9.0.0.0, Culture=neutral, PublicKeyToken=b03f5f7f11d50a3a".
             Çözümlenmiş dosya yolu: "C:\Users\mrkfk\.nuget\packages\microsoft.netcore.app.ref\9.0.11\ref\net9.0\System.Collections.dll".
             Başvuru, "{RawFileName}" arama yolu konumunda bulundu.
             En az bir kaynak öğesi için "Private" "false" olarak ayarlanmış olduğundan ve "Private", herhangi bir kaynak öğesi için "true" olarak ayarlanmış olmadığından bu başvuru "CopyLocal" değildir.
         Birincil başvuru: "System.ComponentModel.Annotations, Version=9.0.0.0, Culture=neutral, PublicKeyToken=b03f5f7f11d50a3a".
             Çözümlenmiş dosya yolu: "C:\Users\mrkfk\.nuget\packages\microsoft.netcore.app.ref\9.0.11\ref\net9.0\System.ComponentModel.Annotations.dll".
             Başvuru, "{RawFileName}" arama yolu konumunda bulundu.
             En az bir kaynak öğesi için "Private" "false" olarak ayarlanmış olduğundan ve "Private", herhangi bir kaynak öğesi için "true" olarak ayarlanmış olmadığından bu başvuru "CopyLocal" değildir.
         Birincil başvuru: "System.ComponentModel.DataAnnotations, Version=4.0.0.0, Culture=neutral, PublicKeyToken=31bf3856ad364e35".
             Çözümlenmiş dosya yolu: "C:\Users\mrkfk\.nuget\packages\microsoft.netcore.app.ref\9.0.11\ref\net9.0\System.ComponentModel.DataAnnotations.dll".
             Başvuru, "{RawFileName}" arama yolu konumunda bulundu.
             En az bir kaynak öğesi için "Private" "false" olarak ayarlanmış olduğundan ve "Private", herhangi bir kaynak öğesi için "true" olarak ayarlanmış olmadığından bu başvuru "CopyLocal" değildir.
         Birincil başvuru: "System.ComponentModel.EventBasedAsync, Version=9.0.0.0, Culture=neutral, PublicKeyToken=b03f5f7f11d50a3a".
             Çözümlenmiş dosya yolu: "C:\Users\mrkfk\.nuget\packages\microsoft.netcore.app.ref\9.0.11\ref\net9.0\System.ComponentModel.EventBasedAsync.dll".
             Başvuru, "{RawFileName}" arama yolu konumunda bulundu.
             En az bir kaynak öğesi için "Private" "false" olarak ayarlanmış olduğundan ve "Private", herhangi bir kaynak öğesi için "true" olarak ayarlanmış olmadığından bu başvuru "CopyLocal" değildir.
         Birincil başvuru: "System.ComponentModel.Primitives, Version=9.0.0.0, Culture=neutral, PublicKeyToken=b03f5f7f11d50a3a".
             Çözümlenmiş dosya yolu: "C:\Users\mrkfk\.nuget\packages\microsoft.netcore.app.ref\9.0.11\ref\net9.0\System.ComponentModel.Primitives.dll".
             Başvuru, "{RawFileName}" arama yolu konumunda bulundu.
             En az bir kaynak öğesi için "Private" "false" olarak ayarlanmış olduğundan ve "Private", herhangi bir kaynak öğesi için "true" olarak ayarlanmış olmadığından bu başvuru "CopyLocal" değildir.
         Birincil başvuru: "System.ComponentModel.TypeConverter, Version=9.0.0.0, Culture=neutral, PublicKeyToken=b03f5f7f11d50a3a".
             Çözümlenmiş dosya yolu: "C:\Users\mrkfk\.nuget\packages\microsoft.netcore.app.ref\9.0.11\ref\net9.0\System.ComponentModel.TypeConverter.dll".
             Başvuru, "{RawFileName}" arama yolu konumunda bulundu.
             En az bir kaynak öğesi için "Private" "false" olarak ayarlanmış olduğundan ve "Private", herhangi bir kaynak öğesi için "true" olarak ayarlanmış olmadığından bu başvuru "CopyLocal" değildir.
         Birincil başvuru: "System.ComponentModel, Version=9.0.0.0, Culture=neutral, PublicKeyToken=b03f5f7f11d50a3a".
             Çözümlenmiş dosya yolu: "C:\Users\mrkfk\.nuget\packages\microsoft.netcore.app.ref\9.0.11\ref\net9.0\System.ComponentModel.dll".
             Başvuru, "{RawFileName}" arama yolu konumunda bulundu.
             En az bir kaynak öğesi için "Private" "false" olarak ayarlanmış olduğundan ve "Private", herhangi bir kaynak öğesi için "true" olarak ayarlanmış olmadığından bu başvuru "CopyLocal" değildir.
         Birincil başvuru: "System.Configuration, Version=4.0.0.0, Culture=neutral, PublicKeyToken=b03f5f7f11d50a3a".
             Çözümlenmiş dosya yolu: "C:\Users\mrkfk\.nuget\packages\microsoft.netcore.app.ref\9.0.11\ref\net9.0\System.Configuration.dll".
             Başvuru, "{RawFileName}" arama yolu konumunda bulundu.
             En az bir kaynak öğesi için "Private" "false" olarak ayarlanmış olduğundan ve "Private", herhangi bir kaynak öğesi için "true" olarak ayarlanmış olmadığından bu başvuru "CopyLocal" değildir.
         Birincil başvuru: "System.Console, Version=9.0.0.0, Culture=neutral, PublicKeyToken=b03f5f7f11d50a3a".
             Çözümlenmiş dosya yolu: "C:\Users\mrkfk\.nuget\packages\microsoft.netcore.app.ref\9.0.11\ref\net9.0\System.Console.dll".
             Başvuru, "{RawFileName}" arama yolu konumunda bulundu.
             En az bir kaynak öğesi için "Private" "false" olarak ayarlanmış olduğundan ve "Private", herhangi bir kaynak öğesi için "true" olarak ayarlanmış olmadığından bu başvuru "CopyLocal" değildir.
         Birincil başvuru: "System.Core, Version=4.0.0.0, Culture=neutral, PublicKeyToken=b77a5c561934e089".
             Çözümlenmiş dosya yolu: "C:\Users\mrkfk\.nuget\packages\microsoft.netcore.app.ref\9.0.11\ref\net9.0\System.Core.dll".
             Başvuru, "{RawFileName}" arama yolu konumunda bulundu.
             En az bir kaynak öğesi için "Private" "false" olarak ayarlanmış olduğundan ve "Private", herhangi bir kaynak öğesi için "true" olarak ayarlanmış olmadığından bu başvuru "CopyLocal" değildir.
         Birincil başvuru: "System.Data.Common, Version=9.0.0.0, Culture=neutral, PublicKeyToken=b03f5f7f11d50a3a".
             Çözümlenmiş dosya yolu: "C:\Users\mrkfk\.nuget\packages\microsoft.netcore.app.ref\9.0.11\ref\net9.0\System.Data.Common.dll".
             Başvuru, "{RawFileName}" arama yolu konumunda bulundu.
             En az bir kaynak öğesi için "Private" "false" olarak ayarlanmış olduğundan ve "Private", herhangi bir kaynak öğesi için "true" olarak ayarlanmış olmadığından bu başvuru "CopyLocal" değildir.
         Birincil başvuru: "System.Data.DataSetExtensions, Version=9.0.0.0, Culture=neutral, PublicKeyToken=b77a5c561934e089".
             Çözümlenmiş dosya yolu: "C:\Users\mrkfk\.nuget\packages\microsoft.netcore.app.ref\9.0.11\ref\net9.0\System.Data.DataSetExtensions.dll".
             Başvuru, "{RawFileName}" arama yolu konumunda bulundu.
             En az bir kaynak öğesi için "Private" "false" olarak ayarlanmış olduğundan ve "Private", herhangi bir kaynak öğesi için "true" olarak ayarlanmış olmadığından bu başvuru "CopyLocal" değildir.
         Birincil başvuru: "System.Data, Version=4.0.0.0, Culture=neutral, PublicKeyToken=b77a5c561934e089".
             Çözümlenmiş dosya yolu: "C:\Users\mrkfk\.nuget\packages\microsoft.netcore.app.ref\9.0.11\ref\net9.0\System.Data.dll".
             Başvuru, "{RawFileName}" arama yolu konumunda bulundu.
             En az bir kaynak öğesi için "Private" "false" olarak ayarlanmış olduğundan ve "Private", herhangi bir kaynak öğesi için "true" olarak ayarlanmış olmadığından bu başvuru "CopyLocal" değildir.
         Birincil başvuru: "System.Diagnostics.Contracts, Version=9.0.0.0, Culture=neutral, PublicKeyToken=b03f5f7f11d50a3a".
             Çözümlenmiş dosya yolu: "C:\Users\mrkfk\.nuget\packages\microsoft.netcore.app.ref\9.0.11\ref\net9.0\System.Diagnostics.Contracts.dll".
             Başvuru, "{RawFileName}" arama yolu konumunda bulundu.
             En az bir kaynak öğesi için "Private" "false" olarak ayarlanmış olduğundan ve "Private", herhangi bir kaynak öğesi için "true" olarak ayarlanmış olmadığından bu başvuru "CopyLocal" değildir.
         Birincil başvuru: "System.Diagnostics.Debug, Version=9.0.0.0, Culture=neutral, PublicKeyToken=b03f5f7f11d50a3a".
             Çözümlenmiş dosya yolu: "C:\Users\mrkfk\.nuget\packages\microsoft.netcore.app.ref\9.0.11\ref\net9.0\System.Diagnostics.Debug.dll".
             Başvuru, "{RawFileName}" arama yolu konumunda bulundu.
             En az bir kaynak öğesi için "Private" "false" olarak ayarlanmış olduğundan ve "Private", herhangi bir kaynak öğesi için "true" olarak ayarlanmış olmadığından bu başvuru "CopyLocal" değildir.
         Birincil başvuru: "System.Diagnostics.DiagnosticSource, Version=9.0.0.0, Culture=neutral, PublicKeyToken=cc7b13ffcd2ddd51".
             Çözümlenmiş dosya yolu: "C:\Users\mrkfk\.nuget\packages\microsoft.netcore.app.ref\9.0.11\ref\net9.0\System.Diagnostics.DiagnosticSource.dll".
             Başvuru, "{RawFileName}" arama yolu konumunda bulundu.
             En az bir kaynak öğesi için "Private" "false" olarak ayarlanmış olduğundan ve "Private", herhangi bir kaynak öğesi için "true" olarak ayarlanmış olmadığından bu başvuru "CopyLocal" değildir.
         Birincil başvuru: "System.Diagnostics.FileVersionInfo, Version=9.0.0.0, Culture=neutral, PublicKeyToken=b03f5f7f11d50a3a".
             Çözümlenmiş dosya yolu: "C:\Users\mrkfk\.nuget\packages\microsoft.netcore.app.ref\9.0.11\ref\net9.0\System.Diagnostics.FileVersionInfo.dll".
             Başvuru, "{RawFileName}" arama yolu konumunda bulundu.
             En az bir kaynak öğesi için "Private" "false" olarak ayarlanmış olduğundan ve "Private", herhangi bir kaynak öğesi için "true" olarak ayarlanmış olmadığından bu başvuru "CopyLocal" değildir.
         Birincil başvuru: "System.Diagnostics.Process, Version=9.0.0.0, Culture=neutral, PublicKeyToken=b03f5f7f11d50a3a".
             Çözümlenmiş dosya yolu: "C:\Users\mrkfk\.nuget\packages\microsoft.netcore.app.ref\9.0.11\ref\net9.0\System.Diagnostics.Process.dll".
             Başvuru, "{RawFileName}" arama yolu konumunda bulundu.
             En az bir kaynak öğesi için "Private" "false" olarak ayarlanmış olduğundan ve "Private", herhangi bir kaynak öğesi için "true" olarak ayarlanmış olmadığından bu başvuru "CopyLocal" değildir.
         Birincil başvuru: "System.Diagnostics.StackTrace, Version=9.0.0.0, Culture=neutral, PublicKeyToken=b03f5f7f11d50a3a".
             Çözümlenmiş dosya yolu: "C:\Users\mrkfk\.nuget\packages\microsoft.netcore.app.ref\9.0.11\ref\net9.0\System.Diagnostics.StackTrace.dll".
             Başvuru, "{RawFileName}" arama yolu konumunda bulundu.
             En az bir kaynak öğesi için "Private" "false" olarak ayarlanmış olduğundan ve "Private", herhangi bir kaynak öğesi için "true" olarak ayarlanmış olmadığından bu başvuru "CopyLocal" değildir.
         Birincil başvuru: "System.Diagnostics.TextWriterTraceListener, Version=9.0.0.0, Culture=neutral, PublicKeyToken=b03f5f7f11d50a3a".
             Çözümlenmiş dosya yolu: "C:\Users\mrkfk\.nuget\packages\microsoft.netcore.app.ref\9.0.11\ref\net9.0\System.Diagnostics.TextWriterTraceListener.dll".
             Başvuru, "{RawFileName}" arama yolu konumunda bulundu.
             En az bir kaynak öğesi için "Private" "false" olarak ayarlanmış olduğundan ve "Private", herhangi bir kaynak öğesi için "true" olarak ayarlanmış olmadığından bu başvuru "CopyLocal" değildir.
         Birincil başvuru: "System.Diagnostics.Tools, Version=9.0.0.0, Culture=neutral, PublicKeyToken=b03f5f7f11d50a3a".
             Çözümlenmiş dosya yolu: "C:\Users\mrkfk\.nuget\packages\microsoft.netcore.app.ref\9.0.11\ref\net9.0\System.Diagnostics.Tools.dll".
             Başvuru, "{RawFileName}" arama yolu konumunda bulundu.
             En az bir kaynak öğesi için "Private" "false" olarak ayarlanmış olduğundan ve "Private", herhangi bir kaynak öğesi için "true" olarak ayarlanmış olmadığından bu başvuru "CopyLocal" değildir.
         Birincil başvuru: "System.Diagnostics.TraceSource, Version=9.0.0.0, Culture=neutral, PublicKeyToken=b03f5f7f11d50a3a".
             Çözümlenmiş dosya yolu: "C:\Users\mrkfk\.nuget\packages\microsoft.netcore.app.ref\9.0.11\ref\net9.0\System.Diagnostics.TraceSource.dll".
             Başvuru, "{RawFileName}" arama yolu konumunda bulundu.
             En az bir kaynak öğesi için "Private" "false" olarak ayarlanmış olduğundan ve "Private", herhangi bir kaynak öğesi için "true" olarak ayarlanmış olmadığından bu başvuru "CopyLocal" değildir.
         Birincil başvuru: "System.Diagnostics.Tracing, Version=9.0.0.0, Culture=neutral, PublicKeyToken=b03f5f7f11d50a3a".
             Çözümlenmiş dosya yolu: "C:\Users\mrkfk\.nuget\packages\microsoft.netcore.app.ref\9.0.11\ref\net9.0\System.Diagnostics.Tracing.dll".
             Başvuru, "{RawFileName}" arama yolu konumunda bulundu.
             En az bir kaynak öğesi için "Private" "false" olarak ayarlanmış olduğundan ve "Private", herhangi bir kaynak öğesi için "true" olarak ayarlanmış olmadığından bu başvuru "CopyLocal" değildir.
         Birincil başvuru: "System.Drawing.Primitives, Version=9.0.0.0, Culture=neutral, PublicKeyToken=b03f5f7f11d50a3a".
             Çözümlenmiş dosya yolu: "C:\Users\mrkfk\.nuget\packages\microsoft.netcore.app.ref\9.0.11\ref\net9.0\System.Drawing.Primitives.dll".
             Başvuru, "{RawFileName}" arama yolu konumunda bulundu.
             En az bir kaynak öğesi için "Private" "false" olarak ayarlanmış olduğundan ve "Private", herhangi bir kaynak öğesi için "true" olarak ayarlanmış olmadığından bu başvuru "CopyLocal" değildir.
         Birincil başvuru: "System.Drawing, Version=4.0.0.0, Culture=neutral, PublicKeyToken=b03f5f7f11d50a3a".
             Çözümlenmiş dosya yolu: "C:\Users\mrkfk\.nuget\packages\microsoft.netcore.app.ref\9.0.11\ref\net9.0\System.Drawing.dll".
             Başvuru, "{RawFileName}" arama yolu konumunda bulundu.
             En az bir kaynak öğesi için "Private" "false" olarak ayarlanmış olduğundan ve "Private", herhangi bir kaynak öğesi için "true" olarak ayarlanmış olmadığından bu başvuru "CopyLocal" değildir.
         Birincil başvuru: "System.Dynamic.Runtime, Version=9.0.0.0, Culture=neutral, PublicKeyToken=b03f5f7f11d50a3a".
             Çözümlenmiş dosya yolu: "C:\Users\mrkfk\.nuget\packages\microsoft.netcore.app.ref\9.0.11\ref\net9.0\System.Dynamic.Runtime.dll".
             Başvuru, "{RawFileName}" arama yolu konumunda bulundu.
             En az bir kaynak öğesi için "Private" "false" olarak ayarlanmış olduğundan ve "Private", herhangi bir kaynak öğesi için "true" olarak ayarlanmış olmadığından bu başvuru "CopyLocal" değildir.
         Birincil başvuru: "System.Formats.Asn1, Version=9.0.0.0, Culture=neutral, PublicKeyToken=cc7b13ffcd2ddd51".
             Çözümlenmiş dosya yolu: "C:\Users\mrkfk\.nuget\packages\microsoft.netcore.app.ref\9.0.11\ref\net9.0\System.Formats.Asn1.dll".
             Başvuru, "{RawFileName}" arama yolu konumunda bulundu.
             En az bir kaynak öğesi için "Private" "false" olarak ayarlanmış olduğundan ve "Private", herhangi bir kaynak öğesi için "true" olarak ayarlanmış olmadığından bu başvuru "CopyLocal" değildir.
         Birincil başvuru: "System.Formats.Tar, Version=9.0.0.0, Culture=neutral, PublicKeyToken=cc7b13ffcd2ddd51".
             Çözümlenmiş dosya yolu: "C:\Users\mrkfk\.nuget\packages\microsoft.netcore.app.ref\9.0.11\ref\net9.0\System.Formats.Tar.dll".
             Başvuru, "{RawFileName}" arama yolu konumunda bulundu.
             En az bir kaynak öğesi için "Private" "false" olarak ayarlanmış olduğundan ve "Private", herhangi bir kaynak öğesi için "true" olarak ayarlanmış olmadığından bu başvuru "CopyLocal" değildir.
         Birincil başvuru: "System.Globalization.Calendars, Version=9.0.0.0, Culture=neutral, PublicKeyToken=b03f5f7f11d50a3a".
             Çözümlenmiş dosya yolu: "C:\Users\mrkfk\.nuget\packages\microsoft.netcore.app.ref\9.0.11\ref\net9.0\System.Globalization.Calendars.dll".
             Başvuru, "{RawFileName}" arama yolu konumunda bulundu.
             En az bir kaynak öğesi için "Private" "false" olarak ayarlanmış olduğundan ve "Private", herhangi bir kaynak öğesi için "true" olarak ayarlanmış olmadığından bu başvuru "CopyLocal" değildir.
         Birincil başvuru: "System.Globalization.Extensions, Version=9.0.0.0, Culture=neutral, PublicKeyToken=b03f5f7f11d50a3a".
             Çözümlenmiş dosya yolu: "C:\Users\mrkfk\.nuget\packages\microsoft.netcore.app.ref\9.0.11\ref\net9.0\System.Globalization.Extensions.dll".
             Başvuru, "{RawFileName}" arama yolu konumunda bulundu.
             En az bir kaynak öğesi için "Private" "false" olarak ayarlanmış olduğundan ve "Private", herhangi bir kaynak öğesi için "true" olarak ayarlanmış olmadığından bu başvuru "CopyLocal" değildir.
         Birincil başvuru: "System.Globalization, Version=9.0.0.0, Culture=neutral, PublicKeyToken=b03f5f7f11d50a3a".
             Çözümlenmiş dosya yolu: "C:\Users\mrkfk\.nuget\packages\microsoft.netcore.app.ref\9.0.11\ref\net9.0\System.Globalization.dll".
             Başvuru, "{RawFileName}" arama yolu konumunda bulundu.
             En az bir kaynak öğesi için "Private" "false" olarak ayarlanmış olduğundan ve "Private", herhangi bir kaynak öğesi için "true" olarak ayarlanmış olmadığından bu başvuru "CopyLocal" değildir.
         Birincil başvuru: "System.IO.Compression.Brotli, Version=9.0.0.0, Culture=neutral, PublicKeyToken=b77a5c561934e089".
             Çözümlenmiş dosya yolu: "C:\Users\mrkfk\.nuget\packages\microsoft.netcore.app.ref\9.0.11\ref\net9.0\System.IO.Compression.Brotli.dll".
             Başvuru, "{RawFileName}" arama yolu konumunda bulundu.
             En az bir kaynak öğesi için "Private" "false" olarak ayarlanmış olduğundan ve "Private", herhangi bir kaynak öğesi için "true" olarak ayarlanmış olmadığından bu başvuru "CopyLocal" değildir.
         Birincil başvuru: "System.IO.Compression.FileSystem, Version=4.0.0.0, Culture=neutral, PublicKeyToken=b77a5c561934e089".
             Çözümlenmiş dosya yolu: "C:\Users\mrkfk\.nuget\packages\microsoft.netcore.app.ref\9.0.11\ref\net9.0\System.IO.Compression.FileSystem.dll".
             Başvuru, "{RawFileName}" arama yolu konumunda bulundu.
             En az bir kaynak öğesi için "Private" "false" olarak ayarlanmış olduğundan ve "Private", herhangi bir kaynak öğesi için "true" olarak ayarlanmış olmadığından bu başvuru "CopyLocal" değildir.
         Birincil başvuru: "System.IO.Compression.ZipFile, Version=9.0.0.0, Culture=neutral, PublicKeyToken=b77a5c561934e089".
             Çözümlenmiş dosya yolu: "C:\Users\mrkfk\.nuget\packages\microsoft.netcore.app.ref\9.0.11\ref\net9.0\System.IO.Compression.ZipFile.dll".
             Başvuru, "{RawFileName}" arama yolu konumunda bulundu.
             En az bir kaynak öğesi için "Private" "false" olarak ayarlanmış olduğundan ve "Private", herhangi bir kaynak öğesi için "true" olarak ayarlanmış olmadığından bu başvuru "CopyLocal" değildir.
         Birincil başvuru: "System.IO.Compression, Version=9.0.0.0, Culture=neutral, PublicKeyToken=b77a5c561934e089".
             Çözümlenmiş dosya yolu: "C:\Users\mrkfk\.nuget\packages\microsoft.netcore.app.ref\9.0.11\ref\net9.0\System.IO.Compression.dll".
             Başvuru, "{RawFileName}" arama yolu konumunda bulundu.
             En az bir kaynak öğesi için "Private" "false" olarak ayarlanmış olduğundan ve "Private", herhangi bir kaynak öğesi için "true" olarak ayarlanmış olmadığından bu başvuru "CopyLocal" değildir.
         Birincil başvuru: "System.IO.FileSystem.AccessControl, Version=9.0.0.0, Culture=neutral, PublicKeyToken=b03f5f7f11d50a3a".
             Çözümlenmiş dosya yolu: "C:\Users\mrkfk\.nuget\packages\microsoft.netcore.app.ref\9.0.11\ref\net9.0\System.IO.FileSystem.AccessControl.dll".
             Başvuru, "{RawFileName}" arama yolu konumunda bulundu.
             En az bir kaynak öğesi için "Private" "false" olarak ayarlanmış olduğundan ve "Private", herhangi bir kaynak öğesi için "true" olarak ayarlanmış olmadığından bu başvuru "CopyLocal" değildir.
         Birincil başvuru: "System.IO.FileSystem.DriveInfo, Version=9.0.0.0, Culture=neutral, PublicKeyToken=b03f5f7f11d50a3a".
             Çözümlenmiş dosya yolu: "C:\Users\mrkfk\.nuget\packages\microsoft.netcore.app.ref\9.0.11\ref\net9.0\System.IO.FileSystem.DriveInfo.dll".
             Başvuru, "{RawFileName}" arama yolu konumunda bulundu.
             En az bir kaynak öğesi için "Private" "false" olarak ayarlanmış olduğundan ve "Private", herhangi bir kaynak öğesi için "true" olarak ayarlanmış olmadığından bu başvuru "CopyLocal" değildir.
         Birincil başvuru: "System.IO.FileSystem.Primitives, Version=9.0.0.0, Culture=neutral, PublicKeyToken=b03f5f7f11d50a3a".
             Çözümlenmiş dosya yolu: "C:\Users\mrkfk\.nuget\packages\microsoft.netcore.app.ref\9.0.11\ref\net9.0\System.IO.FileSystem.Primitives.dll".
             Başvuru, "{RawFileName}" arama yolu konumunda bulundu.
             En az bir kaynak öğesi için "Private" "false" olarak ayarlanmış olduğundan ve "Private", herhangi bir kaynak öğesi için "true" olarak ayarlanmış olmadığından bu başvuru "CopyLocal" değildir.
         Birincil başvuru: "System.IO.FileSystem.Watcher, Version=9.0.0.0, Culture=neutral, PublicKeyToken=b03f5f7f11d50a3a".
             Çözümlenmiş dosya yolu: "C:\Users\mrkfk\.nuget\packages\microsoft.netcore.app.ref\9.0.11\ref\net9.0\System.IO.FileSystem.Watcher.dll".
             Başvuru, "{RawFileName}" arama yolu konumunda bulundu.
             En az bir kaynak öğesi için "Private" "false" olarak ayarlanmış olduğundan ve "Private", herhangi bir kaynak öğesi için "true" olarak ayarlanmış olmadığından bu başvuru "CopyLocal" değildir.
         Birincil başvuru: "System.IO.FileSystem, Version=9.0.0.0, Culture=neutral, PublicKeyToken=b03f5f7f11d50a3a".
             Çözümlenmiş dosya yolu: "C:\Users\mrkfk\.nuget\packages\microsoft.netcore.app.ref\9.0.11\ref\net9.0\System.IO.FileSystem.dll".
             Başvuru, "{RawFileName}" arama yolu konumunda bulundu.
             En az bir kaynak öğesi için "Private" "false" olarak ayarlanmış olduğundan ve "Private", herhangi bir kaynak öğesi için "true" olarak ayarlanmış olmadığından bu başvuru "CopyLocal" değildir.
         Birincil başvuru: "System.IO.IsolatedStorage, Version=9.0.0.0, Culture=neutral, PublicKeyToken=b03f5f7f11d50a3a".
             Çözümlenmiş dosya yolu: "C:\Users\mrkfk\.nuget\packages\microsoft.netcore.app.ref\9.0.11\ref\net9.0\System.IO.IsolatedStorage.dll".
             Başvuru, "{RawFileName}" arama yolu konumunda bulundu.
             En az bir kaynak öğesi için "Private" "false" olarak ayarlanmış olduğundan ve "Private", herhangi bir kaynak öğesi için "true" olarak ayarlanmış olmadığından bu başvuru "CopyLocal" değildir.
         Birincil başvuru: "System.IO.MemoryMappedFiles, Version=9.0.0.0, Culture=neutral, PublicKeyToken=b03f5f7f11d50a3a".
             Çözümlenmiş dosya yolu: "C:\Users\mrkfk\.nuget\packages\microsoft.netcore.app.ref\9.0.11\ref\net9.0\System.IO.MemoryMappedFiles.dll".
             Başvuru, "{RawFileName}" arama yolu konumunda bulundu.
             En az bir kaynak öğesi için "Private" "false" olarak ayarlanmış olduğundan ve "Private", herhangi bir kaynak öğesi için "true" olarak ayarlanmış olmadığından bu başvuru "CopyLocal" değildir.
         Birincil başvuru: "System.IO.Pipelines, Version=9.0.0.0, Culture=neutral, PublicKeyToken=cc7b13ffcd2ddd51".
             Çözümlenmiş dosya yolu: "C:\Users\mrkfk\.nuget\packages\microsoft.netcore.app.ref\9.0.11\ref\net9.0\System.IO.Pipelines.dll".
             Başvuru, "{RawFileName}" arama yolu konumunda bulundu.
             En az bir kaynak öğesi için "Private" "false" olarak ayarlanmış olduğundan ve "Private", herhangi bir kaynak öğesi için "true" olarak ayarlanmış olmadığından bu başvuru "CopyLocal" değildir.
         Birincil başvuru: "System.IO.Pipes.AccessControl, Version=9.0.0.0, Culture=neutral, PublicKeyToken=b03f5f7f11d50a3a".
             Çözümlenmiş dosya yolu: "C:\Users\mrkfk\.nuget\packages\microsoft.netcore.app.ref\9.0.11\ref\net9.0\System.IO.Pipes.AccessControl.dll".
             Başvuru, "{RawFileName}" arama yolu konumunda bulundu.
             En az bir kaynak öğesi için "Private" "false" olarak ayarlanmış olduğundan ve "Private", herhangi bir kaynak öğesi için "true" olarak ayarlanmış olmadığından bu başvuru "CopyLocal" değildir.
         Birincil başvuru: "System.IO.Pipes, Version=9.0.0.0, Culture=neutral, PublicKeyToken=b03f5f7f11d50a3a".
             Çözümlenmiş dosya yolu: "C:\Users\mrkfk\.nuget\packages\microsoft.netcore.app.ref\9.0.11\ref\net9.0\System.IO.Pipes.dll".
             Başvuru, "{RawFileName}" arama yolu konumunda bulundu.
             En az bir kaynak öğesi için "Private" "false" olarak ayarlanmış olduğundan ve "Private", herhangi bir kaynak öğesi için "true" olarak ayarlanmış olmadığından bu başvuru "CopyLocal" değildir.
         Birincil başvuru: "System.IO.UnmanagedMemoryStream, Version=9.0.0.0, Culture=neutral, PublicKeyToken=b03f5f7f11d50a3a".
             Çözümlenmiş dosya yolu: "C:\Users\mrkfk\.nuget\packages\microsoft.netcore.app.ref\9.0.11\ref\net9.0\System.IO.UnmanagedMemoryStream.dll".
             Başvuru, "{RawFileName}" arama yolu konumunda bulundu.
             En az bir kaynak öğesi için "Private" "false" olarak ayarlanmış olduğundan ve "Private", herhangi bir kaynak öğesi için "true" olarak ayarlanmış olmadığından bu başvuru "CopyLocal" değildir.
         Birincil başvuru: "System.IO, Version=9.0.0.0, Culture=neutral, PublicKeyToken=b03f5f7f11d50a3a".
             Çözümlenmiş dosya yolu: "C:\Users\mrkfk\.nuget\packages\microsoft.netcore.app.ref\9.0.11\ref\net9.0\System.IO.dll".
             Başvuru, "{RawFileName}" arama yolu konumunda bulundu.
             En az bir kaynak öğesi için "Private" "false" olarak ayarlanmış olduğundan ve "Private", herhangi bir kaynak öğesi için "true" olarak ayarlanmış olmadığından bu başvuru "CopyLocal" değildir.
         Birincil başvuru: "System.Linq.Expressions, Version=9.0.0.0, Culture=neutral, PublicKeyToken=b03f5f7f11d50a3a".
             Çözümlenmiş dosya yolu: "C:\Users\mrkfk\.nuget\packages\microsoft.netcore.app.ref\9.0.11\ref\net9.0\System.Linq.Expressions.dll".
             Başvuru, "{RawFileName}" arama yolu konumunda bulundu.
             En az bir kaynak öğesi için "Private" "false" olarak ayarlanmış olduğundan ve "Private", herhangi bir kaynak öğesi için "true" olarak ayarlanmış olmadığından bu başvuru "CopyLocal" değildir.
         Birincil başvuru: "System.Linq.Parallel, Version=9.0.0.0, Culture=neutral, PublicKeyToken=b03f5f7f11d50a3a".
             Çözümlenmiş dosya yolu: "C:\Users\mrkfk\.nuget\packages\microsoft.netcore.app.ref\9.0.11\ref\net9.0\System.Linq.Parallel.dll".
             Başvuru, "{RawFileName}" arama yolu konumunda bulundu.
             En az bir kaynak öğesi için "Private" "false" olarak ayarlanmış olduğundan ve "Private", herhangi bir kaynak öğesi için "true" olarak ayarlanmış olmadığından bu başvuru "CopyLocal" değildir.
         Birincil başvuru: "System.Linq.Queryable, Version=9.0.0.0, Culture=neutral, PublicKeyToken=b03f5f7f11d50a3a".
             Çözümlenmiş dosya yolu: "C:\Users\mrkfk\.nuget\packages\microsoft.netcore.app.ref\9.0.11\ref\net9.0\System.Linq.Queryable.dll".
             Başvuru, "{RawFileName}" arama yolu konumunda bulundu.
             En az bir kaynak öğesi için "Private" "false" olarak ayarlanmış olduğundan ve "Private", herhangi bir kaynak öğesi için "true" olarak ayarlanmış olmadığından bu başvuru "CopyLocal" değildir.
         Birincil başvuru: "System.Linq, Version=9.0.0.0, Culture=neutral, PublicKeyToken=b03f5f7f11d50a3a".
             Çözümlenmiş dosya yolu: "C:\Users\mrkfk\.nuget\packages\microsoft.netcore.app.ref\9.0.11\ref\net9.0\System.Linq.dll".
             Başvuru, "{RawFileName}" arama yolu konumunda bulundu.
             En az bir kaynak öğesi için "Private" "false" olarak ayarlanmış olduğundan ve "Private", herhangi bir kaynak öğesi için "true" olarak ayarlanmış olmadığından bu başvuru "CopyLocal" değildir.
         Birincil başvuru: "System.Memory, Version=9.0.0.0, Culture=neutral, PublicKeyToken=cc7b13ffcd2ddd51".
             Çözümlenmiş dosya yolu: "C:\Users\mrkfk\.nuget\packages\microsoft.netcore.app.ref\9.0.11\ref\net9.0\System.Memory.dll".
             Başvuru, "{RawFileName}" arama yolu konumunda bulundu.
             En az bir kaynak öğesi için "Private" "false" olarak ayarlanmış olduğundan ve "Private", herhangi bir kaynak öğesi için "true" olarak ayarlanmış olmadığından bu başvuru "CopyLocal" değildir.
         Birincil başvuru: "System.Net.Http.Json, Version=9.0.0.0, Culture=neutral, PublicKeyToken=cc7b13ffcd2ddd51".
             Çözümlenmiş dosya yolu: "C:\Users\mrkfk\.nuget\packages\microsoft.netcore.app.ref\9.0.11\ref\net9.0\System.Net.Http.Json.dll".
             Başvuru, "{RawFileName}" arama yolu konumunda bulundu.
             En az bir kaynak öğesi için "Private" "false" olarak ayarlanmış olduğundan ve "Private", herhangi bir kaynak öğesi için "true" olarak ayarlanmış olmadığından bu başvuru "CopyLocal" değildir.
         Birincil başvuru: "System.Net.Http, Version=9.0.0.0, Culture=neutral, PublicKeyToken=b03f5f7f11d50a3a".
             Çözümlenmiş dosya yolu: "C:\Users\mrkfk\.nuget\packages\microsoft.netcore.app.ref\9.0.11\ref\net9.0\System.Net.Http.dll".
             Başvuru, "{RawFileName}" arama yolu konumunda bulundu.
             En az bir kaynak öğesi için "Private" "false" olarak ayarlanmış olduğundan ve "Private", herhangi bir kaynak öğesi için "true" olarak ayarlanmış olmadığından bu başvuru "CopyLocal" değildir.
         Birincil başvuru: "System.Net.HttpListener, Version=9.0.0.0, Culture=neutral, PublicKeyToken=cc7b13ffcd2ddd51".
             Çözümlenmiş dosya yolu: "C:\Users\mrkfk\.nuget\packages\microsoft.netcore.app.ref\9.0.11\ref\net9.0\System.Net.HttpListener.dll".
             Başvuru, "{RawFileName}" arama yolu konumunda bulundu.
             En az bir kaynak öğesi için "Private" "false" olarak ayarlanmış olduğundan ve "Private", herhangi bir kaynak öğesi için "true" olarak ayarlanmış olmadığından bu başvuru "CopyLocal" değildir.
         Birincil başvuru: "System.Net.Mail, Version=9.0.0.0, Culture=neutral, PublicKeyToken=cc7b13ffcd2ddd51".
             Çözümlenmiş dosya yolu: "C:\Users\mrkfk\.nuget\packages\microsoft.netcore.app.ref\9.0.11\ref\net9.0\System.Net.Mail.dll".
             Başvuru, "{RawFileName}" arama yolu konumunda bulundu.
             En az bir kaynak öğesi için "Private" "false" olarak ayarlanmış olduğundan ve "Private", herhangi bir kaynak öğesi için "true" olarak ayarlanmış olmadığından bu başvuru "CopyLocal" değildir.
         Birincil başvuru: "System.Net.NameResolution, Version=9.0.0.0, Culture=neutral, PublicKeyToken=b03f5f7f11d50a3a".
             Çözümlenmiş dosya yolu: "C:\Users\mrkfk\.nuget\packages\microsoft.netcore.app.ref\9.0.11\ref\net9.0\System.Net.NameResolution.dll".
             Başvuru, "{RawFileName}" arama yolu konumunda bulundu.
             En az bir kaynak öğesi için "Private" "false" olarak ayarlanmış olduğundan ve "Private", herhangi bir kaynak öğesi için "true" olarak ayarlanmış olmadığından bu başvuru "CopyLocal" değildir.
         Birincil başvuru: "System.Net.NetworkInformation, Version=9.0.0.0, Culture=neutral, PublicKeyToken=b03f5f7f11d50a3a".
             Çözümlenmiş dosya yolu: "C:\Users\mrkfk\.nuget\packages\microsoft.netcore.app.ref\9.0.11\ref\net9.0\System.Net.NetworkInformation.dll".
             Başvuru, "{RawFileName}" arama yolu konumunda bulundu.
             En az bir kaynak öğesi için "Private" "false" olarak ayarlanmış olduğundan ve "Private", herhangi bir kaynak öğesi için "true" olarak ayarlanmış olmadığından bu başvuru "CopyLocal" değildir.
         Birincil başvuru: "System.Net.Ping, Version=9.0.0.0, Culture=neutral, PublicKeyToken=b03f5f7f11d50a3a".
             Çözümlenmiş dosya yolu: "C:\Users\mrkfk\.nuget\packages\microsoft.netcore.app.ref\9.0.11\ref\net9.0\System.Net.Ping.dll".
             Başvuru, "{RawFileName}" arama yolu konumunda bulundu.
             En az bir kaynak öğesi için "Private" "false" olarak ayarlanmış olduğundan ve "Private", herhangi bir kaynak öğesi için "true" olarak ayarlanmış olmadığından bu başvuru "CopyLocal" değildir.
         Birincil başvuru: "System.Net.Primitives, Version=9.0.0.0, Culture=neutral, PublicKeyToken=b03f5f7f11d50a3a".
             Çözümlenmiş dosya yolu: "C:\Users\mrkfk\.nuget\packages\microsoft.netcore.app.ref\9.0.11\ref\net9.0\System.Net.Primitives.dll".
             Başvuru, "{RawFileName}" arama yolu konumunda bulundu.
             En az bir kaynak öğesi için "Private" "false" olarak ayarlanmış olduğundan ve "Private", herhangi bir kaynak öğesi için "true" olarak ayarlanmış olmadığından bu başvuru "CopyLocal" değildir.
         Birincil başvuru: "System.Net.Quic, Version=9.0.0.0, Culture=neutral, PublicKeyToken=b03f5f7f11d50a3a".
             Çözümlenmiş dosya yolu: "C:\Users\mrkfk\.nuget\packages\microsoft.netcore.app.ref\9.0.11\ref\net9.0\System.Net.Quic.dll".
             Başvuru, "{RawFileName}" arama yolu konumunda bulundu.
             En az bir kaynak öğesi için "Private" "false" olarak ayarlanmış olduğundan ve "Private", herhangi bir kaynak öğesi için "true" olarak ayarlanmış olmadığından bu başvuru "CopyLocal" değildir.
         Birincil başvuru: "System.Net.Requests, Version=9.0.0.0, Culture=neutral, PublicKeyToken=b03f5f7f11d50a3a".
             Çözümlenmiş dosya yolu: "C:\Users\mrkfk\.nuget\packages\microsoft.netcore.app.ref\9.0.11\ref\net9.0\System.Net.Requests.dll".
             Başvuru, "{RawFileName}" arama yolu konumunda bulundu.
             En az bir kaynak öğesi için "Private" "false" olarak ayarlanmış olduğundan ve "Private", herhangi bir kaynak öğesi için "true" olarak ayarlanmış olmadığından bu başvuru "CopyLocal" değildir.
         Birincil başvuru: "System.Net.Security, Version=9.0.0.0, Culture=neutral, PublicKeyToken=b03f5f7f11d50a3a".
             Çözümlenmiş dosya yolu: "C:\Users\mrkfk\.nuget\packages\microsoft.netcore.app.ref\9.0.11\ref\net9.0\System.Net.Security.dll".
             Başvuru, "{RawFileName}" arama yolu konumunda bulundu.
             En az bir kaynak öğesi için "Private" "false" olarak ayarlanmış olduğundan ve "Private", herhangi bir kaynak öğesi için "true" olarak ayarlanmış olmadığından bu başvuru "CopyLocal" değildir.
         Birincil başvuru: "System.Net.ServicePoint, Version=9.0.0.0, Culture=neutral, PublicKeyToken=cc7b13ffcd2ddd51".
             Çözümlenmiş dosya yolu: "C:\Users\mrkfk\.nuget\packages\microsoft.netcore.app.ref\9.0.11\ref\net9.0\System.Net.ServicePoint.dll".
             Başvuru, "{RawFileName}" arama yolu konumunda bulundu.
             En az bir kaynak öğesi için "Private" "false" olarak ayarlanmış olduğundan ve "Private", herhangi bir kaynak öğesi için "true" olarak ayarlanmış olmadığından bu başvuru "CopyLocal" değildir.
         Birincil başvuru: "System.Net.Sockets, Version=9.0.0.0, Culture=neutral, PublicKeyToken=b03f5f7f11d50a3a".
             Çözümlenmiş dosya yolu: "C:\Users\mrkfk\.nuget\packages\microsoft.netcore.app.ref\9.0.11\ref\net9.0\System.Net.Sockets.dll".
             Başvuru, "{RawFileName}" arama yolu konumunda bulundu.
             En az bir kaynak öğesi için "Private" "false" olarak ayarlanmış olduğundan ve "Private", herhangi bir kaynak öğesi için "true" olarak ayarlanmış olmadığından bu başvuru "CopyLocal" değildir.
         Birincil başvuru: "System.Net.WebClient, Version=9.0.0.0, Culture=neutral, PublicKeyToken=cc7b13ffcd2ddd51".
             Çözümlenmiş dosya yolu: "C:\Users\mrkfk\.nuget\packages\microsoft.netcore.app.ref\9.0.11\ref\net9.0\System.Net.WebClient.dll".
             Başvuru, "{RawFileName}" arama yolu konumunda bulundu.
             En az bir kaynak öğesi için "Private" "false" olarak ayarlanmış olduğundan ve "Private", herhangi bir kaynak öğesi için "true" olarak ayarlanmış olmadığından bu başvuru "CopyLocal" değildir.
         Birincil başvuru: "System.Net.WebHeaderCollection, Version=9.0.0.0, Culture=neutral, PublicKeyToken=b03f5f7f11d50a3a".
             Çözümlenmiş dosya yolu: "C:\Users\mrkfk\.nuget\packages\microsoft.netcore.app.ref\9.0.11\ref\net9.0\System.Net.WebHeaderCollection.dll".
             Başvuru, "{RawFileName}" arama yolu konumunda bulundu.
             En az bir kaynak öğesi için "Private" "false" olarak ayarlanmış olduğundan ve "Private", herhangi bir kaynak öğesi için "true" olarak ayarlanmış olmadığından bu başvuru "CopyLocal" değildir.
         Birincil başvuru: "System.Net.WebProxy, Version=9.0.0.0, Culture=neutral, PublicKeyToken=cc7b13ffcd2ddd51".
             Çözümlenmiş dosya yolu: "C:\Users\mrkfk\.nuget\packages\microsoft.netcore.app.ref\9.0.11\ref\net9.0\System.Net.WebProxy.dll".
             Başvuru, "{RawFileName}" arama yolu konumunda bulundu.
             En az bir kaynak öğesi için "Private" "false" olarak ayarlanmış olduğundan ve "Private", herhangi bir kaynak öğesi için "true" olarak ayarlanmış olmadığından bu başvuru "CopyLocal" değildir.
         Birincil başvuru: "System.Net.WebSockets.Client, Version=9.0.0.0, Culture=neutral, PublicKeyToken=b03f5f7f11d50a3a".
             Çözümlenmiş dosya yolu: "C:\Users\mrkfk\.nuget\packages\microsoft.netcore.app.ref\9.0.11\ref\net9.0\System.Net.WebSockets.Client.dll".
             Başvuru, "{RawFileName}" arama yolu konumunda bulundu.
             En az bir kaynak öğesi için "Private" "false" olarak ayarlanmış olduğundan ve "Private", herhangi bir kaynak öğesi için "true" olarak ayarlanmış olmadığından bu başvuru "CopyLocal" değildir.
         Birincil başvuru: "System.Net.WebSockets, Version=9.0.0.0, Culture=neutral, PublicKeyToken=b03f5f7f11d50a3a".
             Çözümlenmiş dosya yolu: "C:\Users\mrkfk\.nuget\packages\microsoft.netcore.app.ref\9.0.11\ref\net9.0\System.Net.WebSockets.dll".
             Başvuru, "{RawFileName}" arama yolu konumunda bulundu.
             En az bir kaynak öğesi için "Private" "false" olarak ayarlanmış olduğundan ve "Private", herhangi bir kaynak öğesi için "true" olarak ayarlanmış olmadığından bu başvuru "CopyLocal" değildir.
         Birincil başvuru: "System.Net, Version=4.0.0.0, Culture=neutral, PublicKeyToken=b03f5f7f11d50a3a".
             Çözümlenmiş dosya yolu: "C:\Users\mrkfk\.nuget\packages\microsoft.netcore.app.ref\9.0.11\ref\net9.0\System.Net.dll".
             Başvuru, "{RawFileName}" arama yolu konumunda bulundu.
             En az bir kaynak öğesi için "Private" "false" olarak ayarlanmış olduğundan ve "Private", herhangi bir kaynak öğesi için "true" olarak ayarlanmış olmadığından bu başvuru "CopyLocal" değildir.
         Birincil başvuru: "System.Numerics.Vectors, Version=9.0.0.0, Culture=neutral, PublicKeyToken=b03f5f7f11d50a3a".
             Çözümlenmiş dosya yolu: "C:\Users\mrkfk\.nuget\packages\microsoft.netcore.app.ref\9.0.11\ref\net9.0\System.Numerics.Vectors.dll".
             Başvuru, "{RawFileName}" arama yolu konumunda bulundu.
             En az bir kaynak öğesi için "Private" "false" olarak ayarlanmış olduğundan ve "Private", herhangi bir kaynak öğesi için "true" olarak ayarlanmış olmadığından bu başvuru "CopyLocal" değildir.
         Birincil başvuru: "System.Numerics, Version=4.0.0.0, Culture=neutral, PublicKeyToken=b77a5c561934e089".
             Çözümlenmiş dosya yolu: "C:\Users\mrkfk\.nuget\packages\microsoft.netcore.app.ref\9.0.11\ref\net9.0\System.Numerics.dll".
             Başvuru, "{RawFileName}" arama yolu konumunda bulundu.
             En az bir kaynak öğesi için "Private" "false" olarak ayarlanmış olduğundan ve "Private", herhangi bir kaynak öğesi için "true" olarak ayarlanmış olmadığından bu başvuru "CopyLocal" değildir.
         Birincil başvuru: "System.ObjectModel, Version=9.0.0.0, Culture=neutral, PublicKeyToken=b03f5f7f11d50a3a".
             Çözümlenmiş dosya yolu: "C:\Users\mrkfk\.nuget\packages\microsoft.netcore.app.ref\9.0.11\ref\net9.0\System.ObjectModel.dll".
             Başvuru, "{RawFileName}" arama yolu konumunda bulundu.
             En az bir kaynak öğesi için "Private" "false" olarak ayarlanmış olduğundan ve "Private", herhangi bir kaynak öğesi için "true" olarak ayarlanmış olmadığından bu başvuru "CopyLocal" değildir.
         Birincil başvuru: "System.Reflection.DispatchProxy, Version=9.0.0.0, Culture=neutral, PublicKeyToken=b03f5f7f11d50a3a".
             Çözümlenmiş dosya yolu: "C:\Users\mrkfk\.nuget\packages\microsoft.netcore.app.ref\9.0.11\ref\net9.0\System.Reflection.DispatchProxy.dll".
             Başvuru, "{RawFileName}" arama yolu konumunda bulundu.
             En az bir kaynak öğesi için "Private" "false" olarak ayarlanmış olduğundan ve "Private", herhangi bir kaynak öğesi için "true" olarak ayarlanmış olmadığından bu başvuru "CopyLocal" değildir.
         Birincil başvuru: "System.Reflection.Emit.ILGeneration, Version=9.0.0.0, Culture=neutral, PublicKeyToken=b03f5f7f11d50a3a".
             Çözümlenmiş dosya yolu: "C:\Users\mrkfk\.nuget\packages\microsoft.netcore.app.ref\9.0.11\ref\net9.0\System.Reflection.Emit.ILGeneration.dll".
             Başvuru, "{RawFileName}" arama yolu konumunda bulundu.
             En az bir kaynak öğesi için "Private" "false" olarak ayarlanmış olduğundan ve "Private", herhangi bir kaynak öğesi için "true" olarak ayarlanmış olmadığından bu başvuru "CopyLocal" değildir.
         Birincil başvuru: "System.Reflection.Emit.Lightweight, Version=9.0.0.0, Culture=neutral, PublicKeyToken=b03f5f7f11d50a3a".
             Çözümlenmiş dosya yolu: "C:\Users\mrkfk\.nuget\packages\microsoft.netcore.app.ref\9.0.11\ref\net9.0\System.Reflection.Emit.Lightweight.dll".
             Başvuru, "{RawFileName}" arama yolu konumunda bulundu.
             En az bir kaynak öğesi için "Private" "false" olarak ayarlanmış olduğundan ve "Private", herhangi bir kaynak öğesi için "true" olarak ayarlanmış olmadığından bu başvuru "CopyLocal" değildir.
         Birincil başvuru: "System.Reflection.Emit, Version=9.0.0.0, Culture=neutral, PublicKeyToken=b03f5f7f11d50a3a".
             Çözümlenmiş dosya yolu: "C:\Users\mrkfk\.nuget\packages\microsoft.netcore.app.ref\9.0.11\ref\net9.0\System.Reflection.Emit.dll".
             Başvuru, "{RawFileName}" arama yolu konumunda bulundu.
             En az bir kaynak öğesi için "Private" "false" olarak ayarlanmış olduğundan ve "Private", herhangi bir kaynak öğesi için "true" olarak ayarlanmış olmadığından bu başvuru "CopyLocal" değildir.
         Birincil başvuru: "System.Reflection.Extensions, Version=9.0.0.0, Culture=neutral, PublicKeyToken=b03f5f7f11d50a3a".
             Çözümlenmiş dosya yolu: "C:\Users\mrkfk\.nuget\packages\microsoft.netcore.app.ref\9.0.11\ref\net9.0\System.Reflection.Extensions.dll".
             Başvuru, "{RawFileName}" arama yolu konumunda bulundu.
             En az bir kaynak öğesi için "Private" "false" olarak ayarlanmış olduğundan ve "Private", herhangi bir kaynak öğesi için "true" olarak ayarlanmış olmadığından bu başvuru "CopyLocal" değildir.
         Birincil başvuru: "System.Reflection.Metadata, Version=9.0.0.0, Culture=neutral, PublicKeyToken=b03f5f7f11d50a3a".
             Çözümlenmiş dosya yolu: "C:\Users\mrkfk\.nuget\packages\microsoft.netcore.app.ref\9.0.11\ref\net9.0\System.Reflection.Metadata.dll".
             Başvuru, "{RawFileName}" arama yolu konumunda bulundu.
             En az bir kaynak öğesi için "Private" "false" olarak ayarlanmış olduğundan ve "Private", herhangi bir kaynak öğesi için "true" olarak ayarlanmış olmadığından bu başvuru "CopyLocal" değildir.
         Birincil başvuru: "System.Reflection.Primitives, Version=9.0.0.0, Culture=neutral, PublicKeyToken=b03f5f7f11d50a3a".
             Çözümlenmiş dosya yolu: "C:\Users\mrkfk\.nuget\packages\microsoft.netcore.app.ref\9.0.11\ref\net9.0\System.Reflection.Primitives.dll".
             Başvuru, "{RawFileName}" arama yolu konumunda bulundu.
             En az bir kaynak öğesi için "Private" "false" olarak ayarlanmış olduğundan ve "Private", herhangi bir kaynak öğesi için "true" olarak ayarlanmış olmadığından bu başvuru "CopyLocal" değildir.
         Birincil başvuru: "System.Reflection.TypeExtensions, Version=9.0.0.0, Culture=neutral, PublicKeyToken=b03f5f7f11d50a3a".
             Çözümlenmiş dosya yolu: "C:\Users\mrkfk\.nuget\packages\microsoft.netcore.app.ref\9.0.11\ref\net9.0\System.Reflection.TypeExtensions.dll".
             Başvuru, "{RawFileName}" arama yolu konumunda bulundu.
             En az bir kaynak öğesi için "Private" "false" olarak ayarlanmış olduğundan ve "Private", herhangi bir kaynak öğesi için "true" olarak ayarlanmış olmadığından bu başvuru "CopyLocal" değildir.
         Birincil başvuru: "System.Reflection, Version=9.0.0.0, Culture=neutral, PublicKeyToken=b03f5f7f11d50a3a".
             Çözümlenmiş dosya yolu: "C:\Users\mrkfk\.nuget\packages\microsoft.netcore.app.ref\9.0.11\ref\net9.0\System.Reflection.dll".
             Başvuru, "{RawFileName}" arama yolu konumunda bulundu.
             En az bir kaynak öğesi için "Private" "false" olarak ayarlanmış olduğundan ve "Private", herhangi bir kaynak öğesi için "true" olarak ayarlanmış olmadığından bu başvuru "CopyLocal" değildir.
         Birincil başvuru: "System.Resources.Reader, Version=9.0.0.0, Culture=neutral, PublicKeyToken=b03f5f7f11d50a3a".
             Çözümlenmiş dosya yolu: "C:\Users\mrkfk\.nuget\packages\microsoft.netcore.app.ref\9.0.11\ref\net9.0\System.Resources.Reader.dll".
             Başvuru, "{RawFileName}" arama yolu konumunda bulundu.
             En az bir kaynak öğesi için "Private" "false" olarak ayarlanmış olduğundan ve "Private", herhangi bir kaynak öğesi için "true" olarak ayarlanmış olmadığından bu başvuru "CopyLocal" değildir.
         Birincil başvuru: "System.Resources.ResourceManager, Version=9.0.0.0, Culture=neutral, PublicKeyToken=b03f5f7f11d50a3a".
             Çözümlenmiş dosya yolu: "C:\Users\mrkfk\.nuget\packages\microsoft.netcore.app.ref\9.0.11\ref\net9.0\System.Resources.ResourceManager.dll".
             Başvuru, "{RawFileName}" arama yolu konumunda bulundu.
             En az bir kaynak öğesi için "Private" "false" olarak ayarlanmış olduğundan ve "Private", herhangi bir kaynak öğesi için "true" olarak ayarlanmış olmadığından bu başvuru "CopyLocal" değildir.
         Birincil başvuru: "System.Resources.Writer, Version=9.0.0.0, Culture=neutral, PublicKeyToken=b03f5f7f11d50a3a".
             Çözümlenmiş dosya yolu: "C:\Users\mrkfk\.nuget\packages\microsoft.netcore.app.ref\9.0.11\ref\net9.0\System.Resources.Writer.dll".
             Başvuru, "{RawFileName}" arama yolu konumunda bulundu.
             En az bir kaynak öğesi için "Private" "false" olarak ayarlanmış olduğundan ve "Private", herhangi bir kaynak öğesi için "true" olarak ayarlanmış olmadığından bu başvuru "CopyLocal" değildir.
         Birincil başvuru: "System.Runtime.CompilerServices.Unsafe, Version=9.0.0.0, Culture=neutral, PublicKeyToken=b03f5f7f11d50a3a".
             Çözümlenmiş dosya yolu: "C:\Users\mrkfk\.nuget\packages\microsoft.netcore.app.ref\9.0.11\ref\net9.0\System.Runtime.CompilerServices.Unsafe.dll".
             Başvuru, "{RawFileName}" arama yolu konumunda bulundu.
             En az bir kaynak öğesi için "Private" "false" olarak ayarlanmış olduğundan ve "Private", herhangi bir kaynak öğesi için "true" olarak ayarlanmış olmadığından bu başvuru "CopyLocal" değildir.
         Birincil başvuru: "System.Runtime.CompilerServices.VisualC, Version=9.0.0.0, Culture=neutral, PublicKeyToken=b03f5f7f11d50a3a".
             Çözümlenmiş dosya yolu: "C:\Users\mrkfk\.nuget\packages\microsoft.netcore.app.ref\9.0.11\ref\net9.0\System.Runtime.CompilerServices.VisualC.dll".
             Başvuru, "{RawFileName}" arama yolu konumunda bulundu.
             En az bir kaynak öğesi için "Private" "false" olarak ayarlanmış olduğundan ve "Private", herhangi bir kaynak öğesi için "true" olarak ayarlanmış olmadığından bu başvuru "CopyLocal" değildir.
         Birincil başvuru: "System.Runtime.Extensions, Version=9.0.0.0, Culture=neutral, PublicKeyToken=b03f5f7f11d50a3a".
             Çözümlenmiş dosya yolu: "C:\Users\mrkfk\.nuget\packages\microsoft.netcore.app.ref\9.0.11\ref\net9.0\System.Runtime.Extensions.dll".
             Başvuru, "{RawFileName}" arama yolu konumunda bulundu.
             En az bir kaynak öğesi için "Private" "false" olarak ayarlanmış olduğundan ve "Private", herhangi bir kaynak öğesi için "true" olarak ayarlanmış olmadığından bu başvuru "CopyLocal" değildir.
         Birincil başvuru: "System.Runtime.Handles, Version=9.0.0.0, Culture=neutral, PublicKeyToken=b03f5f7f11d50a3a".
             Çözümlenmiş dosya yolu: "C:\Users\mrkfk\.nuget\packages\microsoft.netcore.app.ref\9.0.11\ref\net9.0\System.Runtime.Handles.dll".
             Başvuru, "{RawFileName}" arama yolu konumunda bulundu.
             En az bir kaynak öğesi için "Private" "false" olarak ayarlanmış olduğundan ve "Private", herhangi bir kaynak öğesi için "true" olarak ayarlanmış olmadığından bu başvuru "CopyLocal" değildir.
         Birincil başvuru: "System.Runtime.InteropServices.JavaScript, Version=9.0.0.0, Culture=neutral, PublicKeyToken=b03f5f7f11d50a3a".
             Çözümlenmiş dosya yolu: "C:\Users\mrkfk\.nuget\packages\microsoft.netcore.app.ref\9.0.11\ref\net9.0\System.Runtime.InteropServices.JavaScript.dll".
             Başvuru, "{RawFileName}" arama yolu konumunda bulundu.
             En az bir kaynak öğesi için "Private" "false" olarak ayarlanmış olduğundan ve "Private", herhangi bir kaynak öğesi için "true" olarak ayarlanmış olmadığından bu başvuru "CopyLocal" değildir.
         Birincil başvuru: "System.Runtime.InteropServices.RuntimeInformation, Version=9.0.0.0, Culture=neutral, PublicKeyToken=b03f5f7f11d50a3a".
             Çözümlenmiş dosya yolu: "C:\Users\mrkfk\.nuget\packages\microsoft.netcore.app.ref\9.0.11\ref\net9.0\System.Runtime.InteropServices.RuntimeInformation.dll".
             Başvuru, "{RawFileName}" arama yolu konumunda bulundu.
             En az bir kaynak öğesi için "Private" "false" olarak ayarlanmış olduğundan ve "Private", herhangi bir kaynak öğesi için "true" olarak ayarlanmış olmadığından bu başvuru "CopyLocal" değildir.
         Birincil başvuru: "System.Runtime.InteropServices, Version=9.0.0.0, Culture=neutral, PublicKeyToken=b03f5f7f11d50a3a".
             Çözümlenmiş dosya yolu: "C:\Users\mrkfk\.nuget\packages\microsoft.netcore.app.ref\9.0.11\ref\net9.0\System.Runtime.InteropServices.dll".
             Başvuru, "{RawFileName}" arama yolu konumunda bulundu.
             En az bir kaynak öğesi için "Private" "false" olarak ayarlanmış olduğundan ve "Private", herhangi bir kaynak öğesi için "true" olarak ayarlanmış olmadığından bu başvuru "CopyLocal" değildir.
         Birincil başvuru: "System.Runtime.Intrinsics, Version=9.0.0.0, Culture=neutral, PublicKeyToken=cc7b13ffcd2ddd51".
             Çözümlenmiş dosya yolu: "C:\Users\mrkfk\.nuget\packages\microsoft.netcore.app.ref\9.0.11\ref\net9.0\System.Runtime.Intrinsics.dll".
             Başvuru, "{RawFileName}" arama yolu konumunda bulundu.
             En az bir kaynak öğesi için "Private" "false" olarak ayarlanmış olduğundan ve "Private", herhangi bir kaynak öğesi için "true" olarak ayarlanmış olmadığından bu başvuru "CopyLocal" değildir.
         Birincil başvuru: "System.Runtime.Loader, Version=9.0.0.0, Culture=neutral, PublicKeyToken=b03f5f7f11d50a3a".
             Çözümlenmiş dosya yolu: "C:\Users\mrkfk\.nuget\packages\microsoft.netcore.app.ref\9.0.11\ref\net9.0\System.Runtime.Loader.dll".
             Başvuru, "{RawFileName}" arama yolu konumunda bulundu.
             En az bir kaynak öğesi için "Private" "false" olarak ayarlanmış olduğundan ve "Private", herhangi bir kaynak öğesi için "true" olarak ayarlanmış olmadığından bu başvuru "CopyLocal" değildir.
         Birincil başvuru: "System.Runtime.Numerics, Version=9.0.0.0, Culture=neutral, PublicKeyToken=b03f5f7f11d50a3a".
             Çözümlenmiş dosya yolu: "C:\Users\mrkfk\.nuget\packages\microsoft.netcore.app.ref\9.0.11\ref\net9.0\System.Runtime.Numerics.dll".
             Başvuru, "{RawFileName}" arama yolu konumunda bulundu.
             En az bir kaynak öğesi için "Private" "false" olarak ayarlanmış olduğundan ve "Private", herhangi bir kaynak öğesi için "true" olarak ayarlanmış olmadığından bu başvuru "CopyLocal" değildir.
         Birincil başvuru: "System.Runtime.Serialization.Formatters, Version=8.1.0.0, Culture=neutral, PublicKeyToken=b03f5f7f11d50a3a".
             Çözümlenmiş dosya yolu: "C:\Users\mrkfk\.nuget\packages\microsoft.netcore.app.ref\9.0.11\ref\net9.0\System.Runtime.Serialization.Formatters.dll".
             Başvuru, "{RawFileName}" arama yolu konumunda bulundu.
             En az bir kaynak öğesi için "Private" "false" olarak ayarlanmış olduğundan ve "Private", herhangi bir kaynak öğesi için "true" olarak ayarlanmış olmadığından bu başvuru "CopyLocal" değildir.
         Birincil başvuru: "System.Runtime.Serialization.Json, Version=9.0.0.0, Culture=neutral, PublicKeyToken=b03f5f7f11d50a3a".
             Çözümlenmiş dosya yolu: "C:\Users\mrkfk\.nuget\packages\microsoft.netcore.app.ref\9.0.11\ref\net9.0\System.Runtime.Serialization.Json.dll".
             Başvuru, "{RawFileName}" arama yolu konumunda bulundu.
             En az bir kaynak öğesi için "Private" "false" olarak ayarlanmış olduğundan ve "Private", herhangi bir kaynak öğesi için "true" olarak ayarlanmış olmadığından bu başvuru "CopyLocal" değildir.
         Birincil başvuru: "System.Runtime.Serialization.Primitives, Version=9.0.0.0, Culture=neutral, PublicKeyToken=b03f5f7f11d50a3a".
             Çözümlenmiş dosya yolu: "C:\Users\mrkfk\.nuget\packages\microsoft.netcore.app.ref\9.0.11\ref\net9.0\System.Runtime.Serialization.Primitives.dll".
             Başvuru, "{RawFileName}" arama yolu konumunda bulundu.
             En az bir kaynak öğesi için "Private" "false" olarak ayarlanmış olduğundan ve "Private", herhangi bir kaynak öğesi için "true" olarak ayarlanmış olmadığından bu başvuru "CopyLocal" değildir.
         Birincil başvuru: "System.Runtime.Serialization.Xml, Version=9.0.0.0, Culture=neutral, PublicKeyToken=b03f5f7f11d50a3a".
             Çözümlenmiş dosya yolu: "C:\Users\mrkfk\.nuget\packages\microsoft.netcore.app.ref\9.0.11\ref\net9.0\System.Runtime.Serialization.Xml.dll".
             Başvuru, "{RawFileName}" arama yolu konumunda bulundu.
             En az bir kaynak öğesi için "Private" "false" olarak ayarlanmış olduğundan ve "Private", herhangi bir kaynak öğesi için "true" olarak ayarlanmış olmadığından bu başvuru "CopyLocal" değildir.
         Birincil başvuru: "System.Runtime.Serialization, Version=4.0.0.0, Culture=neutral, PublicKeyToken=b77a5c561934e089".
             Çözümlenmiş dosya yolu: "C:\Users\mrkfk\.nuget\packages\microsoft.netcore.app.ref\9.0.11\ref\net9.0\System.Runtime.Serialization.dll".
             Başvuru, "{RawFileName}" arama yolu konumunda bulundu.
             En az bir kaynak öğesi için "Private" "false" olarak ayarlanmış olduğundan ve "Private", herhangi bir kaynak öğesi için "true" olarak ayarlanmış olmadığından bu başvuru "CopyLocal" değildir.
         Birincil başvuru: "System.Runtime, Version=9.0.0.0, Culture=neutral, PublicKeyToken=b03f5f7f11d50a3a".
             Çözümlenmiş dosya yolu: "C:\Users\mrkfk\.nuget\packages\microsoft.netcore.app.ref\9.0.11\ref\net9.0\System.Runtime.dll".
             Başvuru, "{RawFileName}" arama yolu konumunda bulundu.
             En az bir kaynak öğesi için "Private" "false" olarak ayarlanmış olduğundan ve "Private", herhangi bir kaynak öğesi için "true" olarak ayarlanmış olmadığından bu başvuru "CopyLocal" değildir.
         Birincil başvuru: "System.Security.AccessControl, Version=9.0.0.0, Culture=neutral, PublicKeyToken=b03f5f7f11d50a3a".
             Çözümlenmiş dosya yolu: "C:\Users\mrkfk\.nuget\packages\microsoft.netcore.app.ref\9.0.11\ref\net9.0\System.Security.AccessControl.dll".
             Başvuru, "{RawFileName}" arama yolu konumunda bulundu.
             En az bir kaynak öğesi için "Private" "false" olarak ayarlanmış olduğundan ve "Private", herhangi bir kaynak öğesi için "true" olarak ayarlanmış olmadığından bu başvuru "CopyLocal" değildir.
         Birincil başvuru: "System.Security.Claims, Version=9.0.0.0, Culture=neutral, PublicKeyToken=b03f5f7f11d50a3a".
             Çözümlenmiş dosya yolu: "C:\Users\mrkfk\.nuget\packages\microsoft.netcore.app.ref\9.0.11\ref\net9.0\System.Security.Claims.dll".
             Başvuru, "{RawFileName}" arama yolu konumunda bulundu.
             En az bir kaynak öğesi için "Private" "false" olarak ayarlanmış olduğundan ve "Private", herhangi bir kaynak öğesi için "true" olarak ayarlanmış olmadığından bu başvuru "CopyLocal" değildir.
         Birincil başvuru: "System.Security.Cryptography.Algorithms, Version=9.0.0.0, Culture=neutral, PublicKeyToken=b03f5f7f11d50a3a".
             Çözümlenmiş dosya yolu: "C:\Users\mrkfk\.nuget\packages\microsoft.netcore.app.ref\9.0.11\ref\net9.0\System.Security.Cryptography.Algorithms.dll".
             Başvuru, "{RawFileName}" arama yolu konumunda bulundu.
             En az bir kaynak öğesi için "Private" "false" olarak ayarlanmış olduğundan ve "Private", herhangi bir kaynak öğesi için "true" olarak ayarlanmış olmadığından bu başvuru "CopyLocal" değildir.
         Birincil başvuru: "System.Security.Cryptography.Cng, Version=9.0.0.0, Culture=neutral, PublicKeyToken=b03f5f7f11d50a3a".
             Çözümlenmiş dosya yolu: "C:\Users\mrkfk\.nuget\packages\microsoft.netcore.app.ref\9.0.11\ref\net9.0\System.Security.Cryptography.Cng.dll".
             Başvuru, "{RawFileName}" arama yolu konumunda bulundu.
             En az bir kaynak öğesi için "Private" "false" olarak ayarlanmış olduğundan ve "Private", herhangi bir kaynak öğesi için "true" olarak ayarlanmış olmadığından bu başvuru "CopyLocal" değildir.
         Birincil başvuru: "System.Security.Cryptography.Csp, Version=9.0.0.0, Culture=neutral, PublicKeyToken=b03f5f7f11d50a3a".
             Çözümlenmiş dosya yolu: "C:\Users\mrkfk\.nuget\packages\microsoft.netcore.app.ref\9.0.11\ref\net9.0\System.Security.Cryptography.Csp.dll".
             Başvuru, "{RawFileName}" arama yolu konumunda bulundu.
             En az bir kaynak öğesi için "Private" "false" olarak ayarlanmış olduğundan ve "Private", herhangi bir kaynak öğesi için "true" olarak ayarlanmış olmadığından bu başvuru "CopyLocal" değildir.
         Birincil başvuru: "System.Security.Cryptography.Encoding, Version=9.0.0.0, Culture=neutral, PublicKeyToken=b03f5f7f11d50a3a".
             Çözümlenmiş dosya yolu: "C:\Users\mrkfk\.nuget\packages\microsoft.netcore.app.ref\9.0.11\ref\net9.0\System.Security.Cryptography.Encoding.dll".
             Başvuru, "{RawFileName}" arama yolu konumunda bulundu.
             En az bir kaynak öğesi için "Private" "false" olarak ayarlanmış olduğundan ve "Private", herhangi bir kaynak öğesi için "true" olarak ayarlanmış olmadığından bu başvuru "CopyLocal" değildir.
         Birincil başvuru: "System.Security.Cryptography.OpenSsl, Version=9.0.0.0, Culture=neutral, PublicKeyToken=b03f5f7f11d50a3a".
             Çözümlenmiş dosya yolu: "C:\Users\mrkfk\.nuget\packages\microsoft.netcore.app.ref\9.0.11\ref\net9.0\System.Security.Cryptography.OpenSsl.dll".
             Başvuru, "{RawFileName}" arama yolu konumunda bulundu.
             En az bir kaynak öğesi için "Private" "false" olarak ayarlanmış olduğundan ve "Private", herhangi bir kaynak öğesi için "true" olarak ayarlanmış olmadığından bu başvuru "CopyLocal" değildir.
         Birincil başvuru: "System.Security.Cryptography.Primitives, Version=9.0.0.0, Culture=neutral, PublicKeyToken=b03f5f7f11d50a3a".
             Çözümlenmiş dosya yolu: "C:\Users\mrkfk\.nuget\packages\microsoft.netcore.app.ref\9.0.11\ref\net9.0\System.Security.Cryptography.Primitives.dll".
             Başvuru, "{RawFileName}" arama yolu konumunda bulundu.
             En az bir kaynak öğesi için "Private" "false" olarak ayarlanmış olduğundan ve "Private", herhangi bir kaynak öğesi için "true" olarak ayarlanmış olmadığından bu başvuru "CopyLocal" değildir.
         Birincil başvuru: "System.Security.Cryptography.X509Certificates, Version=9.0.0.0, Culture=neutral, PublicKeyToken=b03f5f7f11d50a3a".
             Çözümlenmiş dosya yolu: "C:\Users\mrkfk\.nuget\packages\microsoft.netcore.app.ref\9.0.11\ref\net9.0\System.Security.Cryptography.X509Certificates.dll".
             Başvuru, "{RawFileName}" arama yolu konumunda bulundu.
             En az bir kaynak öğesi için "Private" "false" olarak ayarlanmış olduğundan ve "Private", herhangi bir kaynak öğesi için "true" olarak ayarlanmış olmadığından bu başvuru "CopyLocal" değildir.
         Birincil başvuru: "System.Security.Cryptography, Version=9.0.0.0, Culture=neutral, PublicKeyToken=b03f5f7f11d50a3a".
             Çözümlenmiş dosya yolu: "C:\Users\mrkfk\.nuget\packages\microsoft.netcore.app.ref\9.0.11\ref\net9.0\System.Security.Cryptography.dll".
             Başvuru, "{RawFileName}" arama yolu konumunda bulundu.
             En az bir kaynak öğesi için "Private" "false" olarak ayarlanmış olduğundan ve "Private", herhangi bir kaynak öğesi için "true" olarak ayarlanmış olmadığından bu başvuru "CopyLocal" değildir.
         Birincil başvuru: "System.Security.Principal.Windows, Version=9.0.0.0, Culture=neutral, PublicKeyToken=b03f5f7f11d50a3a".
             Çözümlenmiş dosya yolu: "C:\Users\mrkfk\.nuget\packages\microsoft.netcore.app.ref\9.0.11\ref\net9.0\System.Security.Principal.Windows.dll".
             Başvuru, "{RawFileName}" arama yolu konumunda bulundu.
             En az bir kaynak öğesi için "Private" "false" olarak ayarlanmış olduğundan ve "Private", herhangi bir kaynak öğesi için "true" olarak ayarlanmış olmadığından bu başvuru "CopyLocal" değildir.
         Birincil başvuru: "System.Security.Principal, Version=9.0.0.0, Culture=neutral, PublicKeyToken=b03f5f7f11d50a3a".
             Çözümlenmiş dosya yolu: "C:\Users\mrkfk\.nuget\packages\microsoft.netcore.app.ref\9.0.11\ref\net9.0\System.Security.Principal.dll".
             Başvuru, "{RawFileName}" arama yolu konumunda bulundu.
             En az bir kaynak öğesi için "Private" "false" olarak ayarlanmış olduğundan ve "Private", herhangi bir kaynak öğesi için "true" olarak ayarlanmış olmadığından bu başvuru "CopyLocal" değildir.
         Birincil başvuru: "System.Security.SecureString, Version=9.0.0.0, Culture=neutral, PublicKeyToken=b03f5f7f11d50a3a".
             Çözümlenmiş dosya yolu: "C:\Users\mrkfk\.nuget\packages\microsoft.netcore.app.ref\9.0.11\ref\net9.0\System.Security.SecureString.dll".
             Başvuru, "{RawFileName}" arama yolu konumunda bulundu.
             En az bir kaynak öğesi için "Private" "false" olarak ayarlanmış olduğundan ve "Private", herhangi bir kaynak öğesi için "true" olarak ayarlanmış olmadığından bu başvuru "CopyLocal" değildir.
         Birincil başvuru: "System.Security, Version=4.0.0.0, Culture=neutral, PublicKeyToken=b03f5f7f11d50a3a".
             Çözümlenmiş dosya yolu: "C:\Users\mrkfk\.nuget\packages\microsoft.netcore.app.ref\9.0.11\ref\net9.0\System.Security.dll".
             Başvuru, "{RawFileName}" arama yolu konumunda bulundu.
             En az bir kaynak öğesi için "Private" "false" olarak ayarlanmış olduğundan ve "Private", herhangi bir kaynak öğesi için "true" olarak ayarlanmış olmadığından bu başvuru "CopyLocal" değildir.
         Birincil başvuru: "System.ServiceModel.Web, Version=4.0.0.0, Culture=neutral, PublicKeyToken=31bf3856ad364e35".
             Çözümlenmiş dosya yolu: "C:\Users\mrkfk\.nuget\packages\microsoft.netcore.app.ref\9.0.11\ref\net9.0\System.ServiceModel.Web.dll".
             Başvuru, "{RawFileName}" arama yolu konumunda bulundu.
             En az bir kaynak öğesi için "Private" "false" olarak ayarlanmış olduğundan ve "Private", herhangi bir kaynak öğesi için "true" olarak ayarlanmış olmadığından bu başvuru "CopyLocal" değildir.
         Birincil başvuru: "System.ServiceProcess, Version=4.0.0.0, Culture=neutral, PublicKeyToken=b03f5f7f11d50a3a".
             Çözümlenmiş dosya yolu: "C:\Users\mrkfk\.nuget\packages\microsoft.netcore.app.ref\9.0.11\ref\net9.0\System.ServiceProcess.dll".
             Başvuru, "{RawFileName}" arama yolu konumunda bulundu.
             En az bir kaynak öğesi için "Private" "false" olarak ayarlanmış olduğundan ve "Private", herhangi bir kaynak öğesi için "true" olarak ayarlanmış olmadığından bu başvuru "CopyLocal" değildir.
         Birincil başvuru: "System.Text.Encoding.CodePages, Version=9.0.0.0, Culture=neutral, PublicKeyToken=b03f5f7f11d50a3a".
             Çözümlenmiş dosya yolu: "C:\Users\mrkfk\.nuget\packages\microsoft.netcore.app.ref\9.0.11\ref\net9.0\System.Text.Encoding.CodePages.dll".
             Başvuru, "{RawFileName}" arama yolu konumunda bulundu.
             En az bir kaynak öğesi için "Private" "false" olarak ayarlanmış olduğundan ve "Private", herhangi bir kaynak öğesi için "true" olarak ayarlanmış olmadığından bu başvuru "CopyLocal" değildir.
         Birincil başvuru: "System.Text.Encoding.Extensions, Version=9.0.0.0, Culture=neutral, PublicKeyToken=b03f5f7f11d50a3a".
             Çözümlenmiş dosya yolu: "C:\Users\mrkfk\.nuget\packages\microsoft.netcore.app.ref\9.0.11\ref\net9.0\System.Text.Encoding.Extensions.dll".
             Başvuru, "{RawFileName}" arama yolu konumunda bulundu.
             En az bir kaynak öğesi için "Private" "false" olarak ayarlanmış olduğundan ve "Private", herhangi bir kaynak öğesi için "true" olarak ayarlanmış olmadığından bu başvuru "CopyLocal" değildir.
         Birincil başvuru: "System.Text.Encoding, Version=9.0.0.0, Culture=neutral, PublicKeyToken=b03f5f7f11d50a3a".
             Çözümlenmiş dosya yolu: "C:\Users\mrkfk\.nuget\packages\microsoft.netcore.app.ref\9.0.11\ref\net9.0\System.Text.Encoding.dll".
             Başvuru, "{RawFileName}" arama yolu konumunda bulundu.
             En az bir kaynak öğesi için "Private" "false" olarak ayarlanmış olduğundan ve "Private", herhangi bir kaynak öğesi için "true" olarak ayarlanmış olmadığından bu başvuru "CopyLocal" değildir.
         Birincil başvuru: "System.Text.Encodings.Web, Version=9.0.0.0, Culture=neutral, PublicKeyToken=cc7b13ffcd2ddd51".
             Çözümlenmiş dosya yolu: "C:\Users\mrkfk\.nuget\packages\microsoft.netcore.app.ref\9.0.11\ref\net9.0\System.Text.Encodings.Web.dll".
             Başvuru, "{RawFileName}" arama yolu konumunda bulundu.
             En az bir kaynak öğesi için "Private" "false" olarak ayarlanmış olduğundan ve "Private", herhangi bir kaynak öğesi için "true" olarak ayarlanmış olmadığından bu başvuru "CopyLocal" değildir.
         Birincil başvuru: "System.Text.Json, Version=9.0.0.0, Culture=neutral, PublicKeyToken=cc7b13ffcd2ddd51".
             Çözümlenmiş dosya yolu: "C:\Users\mrkfk\.nuget\packages\microsoft.netcore.app.ref\9.0.11\ref\net9.0\System.Text.Json.dll".
             Başvuru, "{RawFileName}" arama yolu konumunda bulundu.
             En az bir kaynak öğesi için "Private" "false" olarak ayarlanmış olduğundan ve "Private", herhangi bir kaynak öğesi için "true" olarak ayarlanmış olmadığından bu başvuru "CopyLocal" değildir.
         Birincil başvuru: "System.Text.RegularExpressions, Version=9.0.0.0, Culture=neutral, PublicKeyToken=b03f5f7f11d50a3a".
             Çözümlenmiş dosya yolu: "C:\Users\mrkfk\.nuget\packages\microsoft.netcore.app.ref\9.0.11\ref\net9.0\System.Text.RegularExpressions.dll".
             Başvuru, "{RawFileName}" arama yolu konumunda bulundu.
             En az bir kaynak öğesi için "Private" "false" olarak ayarlanmış olduğundan ve "Private", herhangi bir kaynak öğesi için "true" olarak ayarlanmış olmadığından bu başvuru "CopyLocal" değildir.
         Birincil başvuru: "System.Threading.Channels, Version=9.0.0.0, Culture=neutral, PublicKeyToken=cc7b13ffcd2ddd51".
             Çözümlenmiş dosya yolu: "C:\Users\mrkfk\.nuget\packages\microsoft.netcore.app.ref\9.0.11\ref\net9.0\System.Threading.Channels.dll".
             Başvuru, "{RawFileName}" arama yolu konumunda bulundu.
             En az bir kaynak öğesi için "Private" "false" olarak ayarlanmış olduğundan ve "Private", herhangi bir kaynak öğesi için "true" olarak ayarlanmış olmadığından bu başvuru "CopyLocal" değildir.
         Birincil başvuru: "System.Threading.Overlapped, Version=9.0.0.0, Culture=neutral, PublicKeyToken=b03f5f7f11d50a3a".
             Çözümlenmiş dosya yolu: "C:\Users\mrkfk\.nuget\packages\microsoft.netcore.app.ref\9.0.11\ref\net9.0\System.Threading.Overlapped.dll".
             Başvuru, "{RawFileName}" arama yolu konumunda bulundu.
             En az bir kaynak öğesi için "Private" "false" olarak ayarlanmış olduğundan ve "Private", herhangi bir kaynak öğesi için "true" olarak ayarlanmış olmadığından bu başvuru "CopyLocal" değildir.
         Birincil başvuru: "System.Threading.Tasks.Dataflow, Version=9.0.0.0, Culture=neutral, PublicKeyToken=b03f5f7f11d50a3a".
             Çözümlenmiş dosya yolu: "C:\Users\mrkfk\.nuget\packages\microsoft.netcore.app.ref\9.0.11\ref\net9.0\System.Threading.Tasks.Dataflow.dll".
             Başvuru, "{RawFileName}" arama yolu konumunda bulundu.
             En az bir kaynak öğesi için "Private" "false" olarak ayarlanmış olduğundan ve "Private", herhangi bir kaynak öğesi için "true" olarak ayarlanmış olmadığından bu başvuru "CopyLocal" değildir.
         Birincil başvuru: "System.Threading.Tasks.Extensions, Version=9.0.0.0, Culture=neutral, PublicKeyToken=cc7b13ffcd2ddd51".
             Çözümlenmiş dosya yolu: "C:\Users\mrkfk\.nuget\packages\microsoft.netcore.app.ref\9.0.11\ref\net9.0\System.Threading.Tasks.Extensions.dll".
             Başvuru, "{RawFileName}" arama yolu konumunda bulundu.
             En az bir kaynak öğesi için "Private" "false" olarak ayarlanmış olduğundan ve "Private", herhangi bir kaynak öğesi için "true" olarak ayarlanmış olmadığından bu başvuru "CopyLocal" değildir.
         Birincil başvuru: "System.Threading.Tasks.Parallel, Version=9.0.0.0, Culture=neutral, PublicKeyToken=b03f5f7f11d50a3a".
             Çözümlenmiş dosya yolu: "C:\Users\mrkfk\.nuget\packages\microsoft.netcore.app.ref\9.0.11\ref\net9.0\System.Threading.Tasks.Parallel.dll".
             Başvuru, "{RawFileName}" arama yolu konumunda bulundu.
             En az bir kaynak öğesi için "Private" "false" olarak ayarlanmış olduğundan ve "Private", herhangi bir kaynak öğesi için "true" olarak ayarlanmış olmadığından bu başvuru "CopyLocal" değildir.
         Birincil başvuru: "System.Threading.Tasks, Version=9.0.0.0, Culture=neutral, PublicKeyToken=b03f5f7f11d50a3a".
             Çözümlenmiş dosya yolu: "C:\Users\mrkfk\.nuget\packages\microsoft.netcore.app.ref\9.0.11\ref\net9.0\System.Threading.Tasks.dll".
             Başvuru, "{RawFileName}" arama yolu konumunda bulundu.
             En az bir kaynak öğesi için "Private" "false" olarak ayarlanmış olduğundan ve "Private", herhangi bir kaynak öğesi için "true" olarak ayarlanmış olmadığından bu başvuru "CopyLocal" değildir.
         Birincil başvuru: "System.Threading.Thread, Version=9.0.0.0, Culture=neutral, PublicKeyToken=b03f5f7f11d50a3a".
             Çözümlenmiş dosya yolu: "C:\Users\mrkfk\.nuget\packages\microsoft.netcore.app.ref\9.0.11\ref\net9.0\System.Threading.Thread.dll".
             Başvuru, "{RawFileName}" arama yolu konumunda bulundu.
             En az bir kaynak öğesi için "Private" "false" olarak ayarlanmış olduğundan ve "Private", herhangi bir kaynak öğesi için "true" olarak ayarlanmış olmadığından bu başvuru "CopyLocal" değildir.
         Birincil başvuru: "System.Threading.ThreadPool, Version=9.0.0.0, Culture=neutral, PublicKeyToken=b03f5f7f11d50a3a".
             Çözümlenmiş dosya yolu: "C:\Users\mrkfk\.nuget\packages\microsoft.netcore.app.ref\9.0.11\ref\net9.0\System.Threading.ThreadPool.dll".
             Başvuru, "{RawFileName}" arama yolu konumunda bulundu.
             En az bir kaynak öğesi için "Private" "false" olarak ayarlanmış olduğundan ve "Private", herhangi bir kaynak öğesi için "true" olarak ayarlanmış olmadığından bu başvuru "CopyLocal" değildir.
         Birincil başvuru: "System.Threading.Timer, Version=9.0.0.0, Culture=neutral, PublicKeyToken=b03f5f7f11d50a3a".
             Çözümlenmiş dosya yolu: "C:\Users\mrkfk\.nuget\packages\microsoft.netcore.app.ref\9.0.11\ref\net9.0\System.Threading.Timer.dll".
             Başvuru, "{RawFileName}" arama yolu konumunda bulundu.
             En az bir kaynak öğesi için "Private" "false" olarak ayarlanmış olduğundan ve "Private", herhangi bir kaynak öğesi için "true" olarak ayarlanmış olmadığından bu başvuru "CopyLocal" değildir.
         Birincil başvuru: "System.Threading, Version=9.0.0.0, Culture=neutral, PublicKeyToken=b03f5f7f11d50a3a".
             Çözümlenmiş dosya yolu: "C:\Users\mrkfk\.nuget\packages\microsoft.netcore.app.ref\9.0.11\ref\net9.0\System.Threading.dll".
             Başvuru, "{RawFileName}" arama yolu konumunda bulundu.
             En az bir kaynak öğesi için "Private" "false" olarak ayarlanmış olduğundan ve "Private", herhangi bir kaynak öğesi için "true" olarak ayarlanmış olmadığından bu başvuru "CopyLocal" değildir.
         Birincil başvuru: "System.Transactions.Local, Version=9.0.0.0, Culture=neutral, PublicKeyToken=cc7b13ffcd2ddd51".
             Çözümlenmiş dosya yolu: "C:\Users\mrkfk\.nuget\packages\microsoft.netcore.app.ref\9.0.11\ref\net9.0\System.Transactions.Local.dll".
             Başvuru, "{RawFileName}" arama yolu konumunda bulundu.
             En az bir kaynak öğesi için "Private" "false" olarak ayarlanmış olduğundan ve "Private", herhangi bir kaynak öğesi için "true" olarak ayarlanmış olmadığından bu başvuru "CopyLocal" değildir.
         Birincil başvuru: "System.Transactions, Version=4.0.0.0, Culture=neutral, PublicKeyToken=b77a5c561934e089".
             Çözümlenmiş dosya yolu: "C:\Users\mrkfk\.nuget\packages\microsoft.netcore.app.ref\9.0.11\ref\net9.0\System.Transactions.dll".
             Başvuru, "{RawFileName}" arama yolu konumunda bulundu.
             En az bir kaynak öğesi için "Private" "false" olarak ayarlanmış olduğundan ve "Private", herhangi bir kaynak öğesi için "true" olarak ayarlanmış olmadığından bu başvuru "CopyLocal" değildir.
         Birincil başvuru: "System.ValueTuple, Version=9.0.0.0, Culture=neutral, PublicKeyToken=cc7b13ffcd2ddd51".
             Çözümlenmiş dosya yolu: "C:\Users\mrkfk\.nuget\packages\microsoft.netcore.app.ref\9.0.11\ref\net9.0\System.ValueTuple.dll".
             Başvuru, "{RawFileName}" arama yolu konumunda bulundu.
             En az bir kaynak öğesi için "Private" "false" olarak ayarlanmış olduğundan ve "Private", herhangi bir kaynak öğesi için "true" olarak ayarlanmış olmadığından bu başvuru "CopyLocal" değildir.
         Birincil başvuru: "System.Web.HttpUtility, Version=9.0.0.0, Culture=neutral, PublicKeyToken=cc7b13ffcd2ddd51".
             Çözümlenmiş dosya yolu: "C:\Users\mrkfk\.nuget\packages\microsoft.netcore.app.ref\9.0.11\ref\net9.0\System.Web.HttpUtility.dll".
             Başvuru, "{RawFileName}" arama yolu konumunda bulundu.
             En az bir kaynak öğesi için "Private" "false" olarak ayarlanmış olduğundan ve "Private", herhangi bir kaynak öğesi için "true" olarak ayarlanmış olmadığından bu başvuru "CopyLocal" değildir.
         Birincil başvuru: "System.Web, Version=4.0.0.0, Culture=neutral, PublicKeyToken=b03f5f7f11d50a3a".
             Çözümlenmiş dosya yolu: "C:\Users\mrkfk\.nuget\packages\microsoft.netcore.app.ref\9.0.11\ref\net9.0\System.Web.dll".
             Başvuru, "{RawFileName}" arama yolu konumunda bulundu.
             En az bir kaynak öğesi için "Private" "false" olarak ayarlanmış olduğundan ve "Private", herhangi bir kaynak öğesi için "true" olarak ayarlanmış olmadığından bu başvuru "CopyLocal" değildir.
         Birincil başvuru: "System.Windows, Version=4.0.0.0, Culture=neutral, PublicKeyToken=b03f5f7f11d50a3a".
             Çözümlenmiş dosya yolu: "C:\Users\mrkfk\.nuget\packages\microsoft.netcore.app.ref\9.0.11\ref\net9.0\System.Windows.dll".
             Başvuru, "{RawFileName}" arama yolu konumunda bulundu.
             En az bir kaynak öğesi için "Private" "false" olarak ayarlanmış olduğundan ve "Private", herhangi bir kaynak öğesi için "true" olarak ayarlanmış olmadığından bu başvuru "CopyLocal" değildir.
         Birincil başvuru: "System.Xml.Linq, Version=4.0.0.0, Culture=neutral, PublicKeyToken=b77a5c561934e089".
             Çözümlenmiş dosya yolu: "C:\Users\mrkfk\.nuget\packages\microsoft.netcore.app.ref\9.0.11\ref\net9.0\System.Xml.Linq.dll".
             Başvuru, "{RawFileName}" arama yolu konumunda bulundu.
             En az bir kaynak öğesi için "Private" "false" olarak ayarlanmış olduğundan ve "Private", herhangi bir kaynak öğesi için "true" olarak ayarlanmış olmadığından bu başvuru "CopyLocal" değildir.
         Birincil başvuru: "System.Xml.ReaderWriter, Version=9.0.0.0, Culture=neutral, PublicKeyToken=b03f5f7f11d50a3a".
             Çözümlenmiş dosya yolu: "C:\Users\mrkfk\.nuget\packages\microsoft.netcore.app.ref\9.0.11\ref\net9.0\System.Xml.ReaderWriter.dll".
             Başvuru, "{RawFileName}" arama yolu konumunda bulundu.
             En az bir kaynak öğesi için "Private" "false" olarak ayarlanmış olduğundan ve "Private", herhangi bir kaynak öğesi için "true" olarak ayarlanmış olmadığından bu başvuru "CopyLocal" değildir.
         Birincil başvuru: "System.Xml.Serialization, Version=4.0.0.0, Culture=neutral, PublicKeyToken=b77a5c561934e089".
             Çözümlenmiş dosya yolu: "C:\Users\mrkfk\.nuget\packages\microsoft.netcore.app.ref\9.0.11\ref\net9.0\System.Xml.Serialization.dll".
             Başvuru, "{RawFileName}" arama yolu konumunda bulundu.
             En az bir kaynak öğesi için "Private" "false" olarak ayarlanmış olduğundan ve "Private", herhangi bir kaynak öğesi için "true" olarak ayarlanmış olmadığından bu başvuru "CopyLocal" değildir.
         Birincil başvuru: "System.Xml.XDocument, Version=9.0.0.0, Culture=neutral, PublicKeyToken=b03f5f7f11d50a3a".
             Çözümlenmiş dosya yolu: "C:\Users\mrkfk\.nuget\packages\microsoft.netcore.app.ref\9.0.11\ref\net9.0\System.Xml.XDocument.dll".
             Başvuru, "{RawFileName}" arama yolu konumunda bulundu.
             En az bir kaynak öğesi için "Private" "false" olarak ayarlanmış olduğundan ve "Private", herhangi bir kaynak öğesi için "true" olarak ayarlanmış olmadığından bu başvuru "CopyLocal" değildir.
         Birincil başvuru: "System.Xml.XPath.XDocument, Version=9.0.0.0, Culture=neutral, PublicKeyToken=b03f5f7f11d50a3a".
             Çözümlenmiş dosya yolu: "C:\Users\mrkfk\.nuget\packages\microsoft.netcore.app.ref\9.0.11\ref\net9.0\System.Xml.XPath.XDocument.dll".
             Başvuru, "{RawFileName}" arama yolu konumunda bulundu.
             En az bir kaynak öğesi için "Private" "false" olarak ayarlanmış olduğundan ve "Private", herhangi bir kaynak öğesi için "true" olarak ayarlanmış olmadığından bu başvuru "CopyLocal" değildir.
         Birincil başvuru: "System.Xml.XPath, Version=9.0.0.0, Culture=neutral, PublicKeyToken=b03f5f7f11d50a3a".
             Çözümlenmiş dosya yolu: "C:\Users\mrkfk\.nuget\packages\microsoft.netcore.app.ref\9.0.11\ref\net9.0\System.Xml.XPath.dll".
             Başvuru, "{RawFileName}" arama yolu konumunda bulundu.
             En az bir kaynak öğesi için "Private" "false" olarak ayarlanmış olduğundan ve "Private", herhangi bir kaynak öğesi için "true" olarak ayarlanmış olmadığından bu başvuru "CopyLocal" değildir.
         Birincil başvuru: "System.Xml.XmlDocument, Version=9.0.0.0, Culture=neutral, PublicKeyToken=b03f5f7f11d50a3a".
             Çözümlenmiş dosya yolu: "C:\Users\mrkfk\.nuget\packages\microsoft.netcore.app.ref\9.0.11\ref\net9.0\System.Xml.XmlDocument.dll".
             Başvuru, "{RawFileName}" arama yolu konumunda bulundu.
             En az bir kaynak öğesi için "Private" "false" olarak ayarlanmış olduğundan ve "Private", herhangi bir kaynak öğesi için "true" olarak ayarlanmış olmadığından bu başvuru "CopyLocal" değildir.
         Birincil başvuru: "System.Xml.XmlSerializer, Version=9.0.0.0, Culture=neutral, PublicKeyToken=b03f5f7f11d50a3a".
             Çözümlenmiş dosya yolu: "C:\Users\mrkfk\.nuget\packages\microsoft.netcore.app.ref\9.0.11\ref\net9.0\System.Xml.XmlSerializer.dll".
             Başvuru, "{RawFileName}" arama yolu konumunda bulundu.
             En az bir kaynak öğesi için "Private" "false" olarak ayarlanmış olduğundan ve "Private", herhangi bir kaynak öğesi için "true" olarak ayarlanmış olmadığından bu başvuru "CopyLocal" değildir.
         Birincil başvuru: "System.Xml, Version=4.0.0.0, Culture=neutral, PublicKeyToken=b77a5c561934e089".
             Çözümlenmiş dosya yolu: "C:\Users\mrkfk\.nuget\packages\microsoft.netcore.app.ref\9.0.11\ref\net9.0\System.Xml.dll".
             Başvuru, "{RawFileName}" arama yolu konumunda bulundu.
             En az bir kaynak öğesi için "Private" "false" olarak ayarlanmış olduğundan ve "Private", herhangi bir kaynak öğesi için "true" olarak ayarlanmış olmadığından bu başvuru "CopyLocal" değildir.
         Birincil başvuru: "System, Version=4.0.0.0, Culture=neutral, PublicKeyToken=b77a5c561934e089".
             Çözümlenmiş dosya yolu: "C:\Users\mrkfk\.nuget\packages\microsoft.netcore.app.ref\9.0.11\ref\net9.0\System.dll".
             Başvuru, "{RawFileName}" arama yolu konumunda bulundu.
             En az bir kaynak öğesi için "Private" "false" olarak ayarlanmış olduğundan ve "Private", herhangi bir kaynak öğesi için "true" olarak ayarlanmış olmadığından bu başvuru "CopyLocal" değildir.
         Birincil başvuru: "WindowsBase, Version=4.0.0.0, Culture=neutral, PublicKeyToken=31bf3856ad364e35".
             Çözümlenmiş dosya yolu: "C:\Users\mrkfk\.nuget\packages\microsoft.netcore.app.ref\9.0.11\ref\net9.0\WindowsBase.dll".
             Başvuru, "{RawFileName}" arama yolu konumunda bulundu.
             En az bir kaynak öğesi için "Private" "false" olarak ayarlanmış olduğundan ve "Private", herhangi bir kaynak öğesi için "true" olarak ayarlanmış olmadığından bu başvuru "CopyLocal" değildir.
         Birincil başvuru: "mscorlib, Version=4.0.0.0, Culture=neutral, PublicKeyToken=b77a5c561934e089".
             Çözümlenmiş dosya yolu: "C:\Users\mrkfk\.nuget\packages\microsoft.netcore.app.ref\9.0.11\ref\net9.0\mscorlib.dll".
             Başvuru, "{RawFileName}" arama yolu konumunda bulundu.
             En az bir kaynak öğesi için "Private" "false" olarak ayarlanmış olduğundan ve "Private", herhangi bir kaynak öğesi için "true" olarak ayarlanmış olmadığından bu başvuru "CopyLocal" değildir.
         Birincil başvuru: "netstandard, Version=2.1.0.0, Culture=neutral, PublicKeyToken=cc7b13ffcd2ddd51".
             Çözümlenmiş dosya yolu: "C:\Users\mrkfk\.nuget\packages\microsoft.netcore.app.ref\9.0.11\ref\net9.0\netstandard.dll".
             Başvuru, "{RawFileName}" arama yolu konumunda bulundu.
             En az bir kaynak öğesi için "Private" "false" olarak ayarlanmış olduğundan ve "Private", herhangi bir kaynak öğesi için "true" olarak ayarlanmış olmadığından bu başvuru "CopyLocal" değildir.
       "ResolveAssemblyReference" görevini yürütme tamamlandı.
   3:6>"ECommerce.Application.csproj" projesinde "ResolveAssemblyReferences" hedefini oluşturma tamamlandı.
   3:6>"C:\Users\mrkfk\OneDrive\Desktop\Projelerim\ECommerce\src\Core\ECommerce.Application\ECommerce.Application.csproj" projesinin "C:\Program Files\dotnet\sdk\10.0.100\Microsoft.Common.CurrentVersion.targets" dosyasındaki "AfterResolveReferences" hedefi ("ResolveReferences" hedefi buna bağımlı):
   3:6>"ECommerce.Application.csproj" projesinde "AfterResolveReferences" hedefini oluşturma tamamlandı.
   3:6>"C:\Users\mrkfk\OneDrive\Desktop\Projelerim\ECommerce\src\Core\ECommerce.Application\ECommerce.Application.csproj" projesinin "C:\Program Files\dotnet\sdk\10.0.100\Microsoft.Common.CurrentVersion.targets" dosyasındaki "ResolveReferences" hedefi ("_BlockWinMDsOnUnsupportedTFMs" hedefi buna bağımlı):
   3:6>"ECommerce.Application.csproj" projesinde "ResolveReferences" hedefini oluşturma tamamlandı.
   3:6>"C:\Users\mrkfk\OneDrive\Desktop\Projelerim\ECommerce\src\Core\ECommerce.Application\ECommerce.Application.csproj" projesinin "C:\Program Files\dotnet\sdk\10.0.100\Sdks\Microsoft.NET.Sdk\targets\Microsoft.NET.Sdk.targets" dosyasındaki "_BlockWinMDsOnUnsupportedTFMs" hedefi ("CoreBuild" hedefi buna bağımlı):
       "C:\Program Files\dotnet\sdk\10.0.100\Sdks\Microsoft.NET.Sdk\targets\..\tools\net10.0\Microsoft.NET.Build.Tasks.dll" derlemesindeki "CheckForUnsupportedWinMDReferences" görevi kullanılıyor.
       "CheckForUnsupportedWinMDReferences" görevi
       "CheckForUnsupportedWinMDReferences" görevini yürütme tamamlandı.
   3:6>"ECommerce.Application.csproj" projesinde "_BlockWinMDsOnUnsupportedTFMs" hedefini oluşturma tamamlandı.
       "ResolveReferences" hedefi atlandı. Önceden başarılı bir şekilde derlenmişti.
       "ResolvePackageDependenciesForBuild" hedefi atlandı. Önceden başarılı bir şekilde derlenmişti.
       "_HandlePackageFileConflicts" hedefi atlandı. Önceden başarılı bir şekilde derlenmişti.
   3:6>"C:\Users\mrkfk\OneDrive\Desktop\Projelerim\ECommerce\src\Core\ECommerce.Application\ECommerce.Application.csproj" projesinin "C:\Program Files\dotnet\sdk\10.0.100\Roslyn\Microsoft.Managed.Core.targets" dosyasındaki "CopyAdditionalFiles" hedefi ("AssignTargetPaths" hedefi buna bağımlı):
   3:6>"ECommerce.Application.csproj" projesinde "CopyAdditionalFiles" hedefini oluşturma tamamlandı.
   3:6>"C:\Users\mrkfk\OneDrive\Desktop\Projelerim\ECommerce\src\Core\ECommerce.Application\ECommerce.Application.csproj" projesinin "C:\Program Files\dotnet\sdk\10.0.100\Sdks\Microsoft.NET.Sdk\targets\Microsoft.NET.Sdk.targets" dosyasındaki "_ComputeNETCoreBuildOutputFiles" hedefi ("AssignTargetPaths" hedefi buna bağımlı):
   3:6>"ECommerce.Application.csproj" projesinde "_ComputeNETCoreBuildOutputFiles" hedefini oluşturma tamamlandı.
   3:6>"C:\Users\mrkfk\OneDrive\Desktop\Projelerim\ECommerce\src\Core\ECommerce.Application\ECommerce.Application.csproj" projesinin "C:\Program Files\dotnet\sdk\10.0.100\Microsoft.Common.CurrentVersion.targets" dosyasındaki "AssignTargetPaths" hedefi ("PrepareResourceNames" hedefi buna bağımlı):
       "Microsoft.Build.Tasks.Core, Version=15.1.0.0, Culture=neutral, PublicKeyToken=b03f5f7f11d50a3a" derlemesindeki "AssignTargetPath" görevi kullanılıyor.
       "AssignTargetPath" görevi
       "AssignTargetPath" görevini yürütme tamamlandı.
       "AssignTargetPath" görevi
       "AssignTargetPath" görevini yürütme tamamlandı.
       "AssignTargetPath" görevi
       "AssignTargetPath" görevini yürütme tamamlandı.
       "AssignTargetPath" görevi
       "AssignTargetPath" görevini yürütme tamamlandı.
   3:6>"ECommerce.Application.csproj" projesinde "AssignTargetPaths" hedefini oluşturma tamamlandı.
       "AssignTargetPaths" hedefi atlandı. Önceden başarılı bir şekilde derlenmişti.
   3:6>"C:\Users\mrkfk\OneDrive\Desktop\Projelerim\ECommerce\src\Core\ECommerce.Application\ECommerce.Application.csproj" projesinin "C:\Program Files\dotnet\sdk\10.0.100\Microsoft.Common.CurrentVersion.targets" dosyasındaki "SplitResourcesByCulture" hedefi ("PrepareResourceNames" hedefi buna bağımlı):
       "Microsoft.Build.Tasks.Core, Version=15.1.0.0, Culture=neutral, PublicKeyToken=b03f5f7f11d50a3a" derlemesindeki "AssignCulture" görevi kullanılıyor.
       "AssignCulture" görevi
       "AssignCulture" görevini yürütme tamamlandı.
   3:6>"ECommerce.Application.csproj" projesinde "SplitResourcesByCulture" hedefini oluşturma tamamlandı.
   3:6>"C:\Users\mrkfk\OneDrive\Desktop\Projelerim\ECommerce\src\Core\ECommerce.Application\ECommerce.Application.csproj" projesinin "C:\Program Files\dotnet\sdk\10.0.100\Microsoft.Common.CurrentVersion.targets" dosyasındaki "CreateCustomManifestResourceNames" hedefi ("PrepareResourceNames" hedefi buna bağımlı):
   3:6>"ECommerce.Application.csproj" projesinde "CreateCustomManifestResourceNames" hedefini oluşturma tamamlandı.
   3:6>"C:\Users\mrkfk\OneDrive\Desktop\Projelerim\ECommerce\src\Core\ECommerce.Application\ECommerce.Application.csproj" projesinin "C:\Program Files\dotnet\sdk\10.0.100\Microsoft.Common.CurrentVersion.targets" dosyasındaki "PrepareResourceNames" hedefi ("PrepareResources" hedefi buna bağımlı):
   3:6>"ECommerce.Application.csproj" projesinde "PrepareResourceNames" hedefini oluşturma tamamlandı.
       "ResolveAssemblyReferences" hedefi atlandı. Önceden başarılı bir şekilde derlenmişti.
       "SplitResourcesByCulture" hedefi atlandı. Önceden başarılı bir şekilde derlenmişti.
   3:6>"C:\Users\mrkfk\OneDrive\Desktop\Projelerim\ECommerce\src\Core\ECommerce.Application\ECommerce.Application.csproj" projesinin "C:\Program Files\dotnet\sdk\10.0.100\Microsoft.Common.CurrentVersion.targets" dosyasındaki "BeforeResGen" hedefi ("ResGen" hedefi buna bağımlı):
   3:6>"ECommerce.Application.csproj" projesinde "BeforeResGen" hedefini oluşturma tamamlandı.
       "ResolveReferences" hedefi atlandı. Önceden başarılı bir şekilde derlenmişti.
   3:6>"C:\Users\mrkfk\OneDrive\Desktop\Projelerim\ECommerce\src\Core\ECommerce.Application\ECommerce.Application.csproj" projesinin "C:\Program Files\dotnet\sdk\10.0.100\Microsoft.Common.CurrentVersion.targets" dosyasındaki "FindReferenceAssembliesForReferences" hedefi ("CoreResGen" hedefi buna bağımlı):
   3:6>"ECommerce.Application.csproj" projesinde "FindReferenceAssembliesForReferences" hedefini oluşturma tamamlandı.
   3:6>"C:\Users\mrkfk\OneDrive\Desktop\Projelerim\ECommerce\src\Core\ECommerce.Application\ECommerce.Application.csproj" projesinin "C:\Program Files\dotnet\sdk\10.0.100\Microsoft.Common.CurrentVersion.targets" dosyasındaki "CoreResGen" hedefi ("ResGen" hedefi buna bağımlı):
   3:6>"ECommerce.Application.csproj" projesinde "CoreResGen" hedefini oluşturma tamamlandı.
   3:6>"C:\Users\mrkfk\OneDrive\Desktop\Projelerim\ECommerce\src\Core\ECommerce.Application\ECommerce.Application.csproj" projesinin "C:\Program Files\dotnet\sdk\10.0.100\Microsoft.Common.CurrentVersion.targets" dosyasındaki "AfterResGen" hedefi ("ResGen" hedefi buna bağımlı):
   3:6>"ECommerce.Application.csproj" projesinde "AfterResGen" hedefini oluşturma tamamlandı.
   3:6>"C:\Users\mrkfk\OneDrive\Desktop\Projelerim\ECommerce\src\Core\ECommerce.Application\ECommerce.Application.csproj" projesinin "C:\Program Files\dotnet\sdk\10.0.100\Microsoft.Common.CurrentVersion.targets" dosyasındaki "ResGen" hedefi ("PrepareResources" hedefi buna bağımlı):
   3:6>"ECommerce.Application.csproj" projesinde "ResGen" hedefini oluşturma tamamlandı.
   3:6>"C:\Users\mrkfk\OneDrive\Desktop\Projelerim\ECommerce\src\Core\ECommerce.Application\ECommerce.Application.csproj" projesinin "C:\Program Files\dotnet\sdk\10.0.100\Microsoft.Common.CurrentVersion.targets" dosyasındaki "PrepareResources" hedefi ("CoreBuild" hedefi buna bağımlı):
   3:6>"ECommerce.Application.csproj" projesinde "PrepareResources" hedefini oluşturma tamamlandı.
       "ResolveReferences" hedefi atlandı. Önceden başarılı bir şekilde derlenmişti.
   3:6>"C:\Users\mrkfk\OneDrive\Desktop\Projelerim\ECommerce\src\Core\ECommerce.Application\ECommerce.Application.csproj" projesinin "C:\Program Files\dotnet\sdk\10.0.100\Microsoft.Common.CurrentVersion.targets" dosyasındaki "_SetEmbeddedWin32ManifestProperties" hedefi ("SetWin32ManifestProperties" hedefi buna bağımlı):
       "Microsoft.Build.Tasks.Core, Version=15.1.0.0, Culture=neutral, PublicKeyToken=b03f5f7f11d50a3a" derlemesindeki "GetFrameworkPath" görevi kullanılıyor.
       "GetFrameworkPath" görevi
       "GetFrameworkPath" görevini yürütme tamamlandı.
   3:6>"ECommerce.Application.csproj" projesinde "_SetEmbeddedWin32ManifestProperties" hedefini oluşturma tamamlandı.
   3:6>"C:\Users\mrkfk\OneDrive\Desktop\Projelerim\ECommerce\src\Core\ECommerce.Application\ECommerce.Application.csproj" projesinin "C:\Program Files\dotnet\sdk\10.0.100\Microsoft.Common.CurrentVersion.targets" dosyasındaki "SetWin32ManifestProperties" hedefi ("Compile" hedefi buna bağımlı):
   3:6>"ECommerce.Application.csproj" projesinde "SetWin32ManifestProperties" hedefini oluşturma tamamlandı.
       "FindReferenceAssembliesForReferences" hedefi atlandı. Önceden başarılı bir şekilde derlenmişti.
   3:6>"C:\Users\mrkfk\OneDrive\Desktop\Projelerim\ECommerce\src\Core\ECommerce.Application\ECommerce.Application.csproj" projesinin "C:\Program Files\dotnet\sdk\10.0.100\Microsoft.Common.CurrentVersion.targets" dosyasındaki "_GenerateCompileInputs" hedefi ("Compile" hedefi buna bağımlı):
   3:6>"ECommerce.Application.csproj" projesinde "_GenerateCompileInputs" hedefini oluşturma tamamlandı.
       "PrepareForBuild" hedefi atlandı. Önceden başarılı bir şekilde derlenmişti.
   3:6>"C:\Users\mrkfk\OneDrive\Desktop\Projelerim\ECommerce\src\Core\ECommerce.Application\ECommerce.Application.csproj" projesinin "C:\Program Files\dotnet\sdk\10.0.100\Roslyn\Microsoft.Managed.Core.targets" dosyasındaki "GenerateMSBuildEditorConfigFileShouldRun" hedefi ("GenerateMSBuildEditorConfigFile" hedefi buna bağımlı):
   3:6>"ECommerce.Application.csproj" projesinde "GenerateMSBuildEditorConfigFileShouldRun" hedefini oluşturma tamamlandı.
   3:6>"C:\Users\mrkfk\OneDrive\Desktop\Projelerim\ECommerce\src\Core\ECommerce.Application\ECommerce.Application.csproj" projesinin "C:\Program Files\dotnet\sdk\10.0.100\Sdks\Microsoft.NET.Sdk\codestyle\cs\build\Microsoft.CodeAnalysis.CSharp.CodeStyle.targets" dosyasındaki "AddGlobalAnalyzerConfigForPackage_MicrosoftCodeAnalysisCSharpCodeStyle" hedefi ("GenerateMSBuildEditorConfigFileCore" hedefi buna bağımlı):
   3:6>"ECommerce.Application.csproj" projesinde "AddGlobalAnalyzerConfigForPackage_MicrosoftCodeAnalysisCSharpCodeStyle" hedefini oluşturma tamamlandı.
   3:6>"C:\Users\mrkfk\OneDrive\Desktop\Projelerim\ECommerce\src\Core\ECommerce.Application\ECommerce.Application.csproj" projesinin "C:\Program Files\dotnet\sdk\10.0.100\Roslyn\Microsoft.Managed.Core.targets" dosyasındaki "GenerateMSBuildEditorConfigFileCore" hedefi ("GenerateMSBuildEditorConfigFile" hedefi buna bağımlı):
       "GenerateMSBuildEditorConfigFileCore" hedefi tam olarak oluşturuluyor.
       Giriş dosyası belirtilmedi.
       "C:\Program Files\dotnet\sdk\10.0.100\Sdks\Microsoft.NET.Sdk\targets\..\..\..\Roslyn\Microsoft.Build.Tasks.CodeAnalysis.dll" derlemesindeki "GenerateMSBuildEditorConfig" görevi kullanılıyor.
       "GenerateMSBuildEditorConfig" görevi
       "GenerateMSBuildEditorConfig" görevini yürütme tamamlandı.
   3:6>"ECommerce.Application.csproj" projesinde "GenerateMSBuildEditorConfigFileCore" hedefini oluşturma tamamlandı.
   3:6>"C:\Users\mrkfk\OneDrive\Desktop\Projelerim\ECommerce\src\Core\ECommerce.Application\ECommerce.Application.csproj" projesinin "C:\Program Files\dotnet\sdk\10.0.100\Roslyn\Microsoft.Managed.Core.targets" dosyasındaki "GenerateMSBuildEditorConfigFile" hedefi ("BeforeCompile" hedefi buna bağımlı):
   3:6>"ECommerce.Application.csproj" projesinde "GenerateMSBuildEditorConfigFile" hedefini oluşturma tamamlandı.
       "PrepareForBuild" hedefi atlandı. Önceden başarılı bir şekilde derlenmişti.
       "GetReferenceAssemblyPaths" hedefi atlandı. Önceden başarılı bir şekilde derlenmişti.
   3:6>"C:\Users\mrkfk\OneDrive\Desktop\Projelerim\ECommerce\src\Core\ECommerce.Application\ECommerce.Application.csproj" projesinin "C:\Program Files\dotnet\sdk\10.0.100\Microsoft.CSharp.CurrentVersion.targets" dosyasındaki "_SetTargetFrameworkMonikerAttribute" hedefi ("GenerateTargetFrameworkMonikerAttribute" hedefi buna bağımlı):
   3:6>"ECommerce.Application.csproj" projesinde "_SetTargetFrameworkMonikerAttribute" hedefini oluşturma tamamlandı.
   3:6>"C:\Users\mrkfk\OneDrive\Desktop\Projelerim\ECommerce\src\Core\ECommerce.Application\ECommerce.Application.csproj" projesinin "C:\Program Files\dotnet\sdk\10.0.100\Microsoft.Common.CurrentVersion.targets" dosyasındaki "GenerateTargetFrameworkMonikerAttribute" hedefi ("BeforeCompile" hedefi buna bağımlı):
       Tüm çıkış dosyaları, giriş dosyalarına göre güncel durumda olduğundan "GenerateTargetFrameworkMonikerAttribute" hedefi atlanıyor.
       Giriş dosyaları: C:\Program Files\dotnet\sdk\10.0.100\Microsoft.Common.targets
       Çıkış dosyaları: obj\Debug\net9.0\.NETCoreApp,Version=v9.0.AssemblyAttributes.cs
   3:6>"ECommerce.Application.csproj" projesinde "GenerateTargetFrameworkMonikerAttribute" hedefini oluşturma tamamlandı.
       "PrepareForBuild" hedefi atlandı. Önceden başarılı bir şekilde derlenmişti.
   3:6>"C:\Users\mrkfk\OneDrive\Desktop\Projelerim\ECommerce\src\Core\ECommerce.Application\ECommerce.Application.csproj" projesinin "C:\Program Files\dotnet\sdk\10.0.100\Sdks\Microsoft.NET.Sdk\targets\Microsoft.NET.GenerateAssemblyInfo.targets" dosyasındaki "GetAssemblyVersion" hedefi ("GetAssemblyAttributes" hedefi buna bağımlı):
       "C:\Program Files\dotnet\sdk\10.0.100\Sdks\Microsoft.NET.Sdk\targets\..\tools\net10.0\Microsoft.NET.Build.Tasks.dll" derlemesindeki "GetAssemblyVersion" görevi kullanılıyor.
       "GetAssemblyVersion" görevi
       "GetAssemblyVersion" görevini yürütme tamamlandı.
   3:6>"ECommerce.Application.csproj" projesinde "GetAssemblyVersion" hedefini oluşturma tamamlandı.
   3:6>"C:\Users\mrkfk\OneDrive\Desktop\Projelerim\ECommerce\src\Core\ECommerce.Application\ECommerce.Application.csproj" projesinin "C:\Program Files\dotnet\sdk\10.0.100\Sdks\Microsoft.Build.Tasks.Git\build\Microsoft.Build.Tasks.Git.targets" dosyasındaki "InitializeSourceControlInformationFromSourceControlManager" hedefi ("_InitializeSourceControlInformationFromSourceControlManager" hedefi buna bağımlı):
       "C:\Program Files\dotnet\sdk\10.0.100\Sdks\Microsoft.Build.Tasks.Git\build\..\tools\net\Microsoft.Build.Tasks.Git.dll" derlemesindeki "Microsoft.Build.Tasks.Git.LocateRepository" görevi kullanılıyor.
       "Microsoft.Build.Tasks.Git.LocateRepository" görevi
         SourceLink: Repository instance not found in cache: '*:C:\Users\mrkfk\OneDrive\Desktop\Projelerim\ECommerce\.git'
       "Microsoft.Build.Tasks.Git.LocateRepository" görevini yürütme tamamlandı.
   3:6>"ECommerce.Application.csproj" projesinde "InitializeSourceControlInformationFromSourceControlManager" hedefini oluşturma tamamlandı.
   3:6>"C:\Users\mrkfk\OneDrive\Desktop\Projelerim\ECommerce\src\Core\ECommerce.Application\ECommerce.Application.csproj" projesinin "C:\Program Files\dotnet\sdk\10.0.100\Sdks\Microsoft.SourceLink.Common\build\InitializeSourceControlInformation.targets" dosyasındaki "_SourceLinkHasSingleProvider" hedefi ("_InitializeSourceControlInformationFromSourceControlManager" hedefi buna bağımlı):
       Derleme TaskRun sırasında yüklendi: Microsoft.SourceLink.Common, Version=10.0.13.2411, Culture=neutral, PublicKeyToken=31bf3856ad364e35 (konum: C:\Program Files\dotnet\sdk\10.0.100\Sdks\Microsoft.SourceLink.Common\tools\net\Microsoft.SourceLink.Common.dll, MVID: 5f611ff4-3f0b-490f-9735-93d2b7899a92, AssemblyLoadContext: MSBuild plugin C:\Program Files\dotnet\sdk\10.0.100\Sdks\Microsoft.SourceLink.Common\tools\net\Microsoft.SourceLink.Common.dll)
       "C:\Program Files\dotnet\sdk\10.0.100\Sdks\Microsoft.SourceLink.Common\build\..\tools\net\Microsoft.SourceLink.Common.dll" derlemesindeki "Microsoft.SourceLink.Common.SourceLinkHasSingleProvider" görevi kullanılıyor.
       "Microsoft.SourceLink.Common.SourceLinkHasSingleProvider" görevi
       "Microsoft.SourceLink.Common.SourceLinkHasSingleProvider" görevini yürütme tamamlandı.
   3:6>"ECommerce.Application.csproj" projesinde "_SourceLinkHasSingleProvider" hedefini oluşturma tamamlandı.
   3:6>"C:\Users\mrkfk\OneDrive\Desktop\Projelerim\ECommerce\src\Core\ECommerce.Application\ECommerce.Application.csproj" projesinin "C:\Program Files\dotnet\sdk\10.0.100\Sdks\Microsoft.SourceLink.GitHub\build\Microsoft.SourceLink.GitHub.targets" dosyasındaki "TranslateGitHubUrlsInSourceControlInformation" hedefi ("_InitializeSourceControlInformationFromSourceControlManager" hedefi buna bağımlı):
       Derleme TaskRun sırasında yüklendi: Microsoft.SourceLink.GitHub, Version=10.0.13.2411, Culture=neutral, PublicKeyToken=31bf3856ad364e35 (konum: C:\Program Files\dotnet\sdk\10.0.100\Sdks\Microsoft.SourceLink.GitHub\tools\net\Microsoft.SourceLink.GitHub.dll, MVID: d13ad165-5515-4da1-83af-c1cddad4ec10, AssemblyLoadContext: MSBuild plugin C:\Program Files\dotnet\sdk\10.0.100\Sdks\Microsoft.SourceLink.GitHub\tools\net\Microsoft.SourceLink.GitHub.dll)
       "C:\Program Files\dotnet\sdk\10.0.100\Sdks\Microsoft.SourceLink.GitHub\build\..\tools\net\Microsoft.SourceLink.GitHub.dll" derlemesindeki "Microsoft.SourceLink.GitHub.TranslateRepositoryUrls" görevi kullanılıyor.
       "Microsoft.SourceLink.GitHub.TranslateRepositoryUrls" görevi
       "Microsoft.SourceLink.GitHub.TranslateRepositoryUrls" görevini yürütme tamamlandı.
   3:6>"ECommerce.Application.csproj" projesinde "TranslateGitHubUrlsInSourceControlInformation" hedefini oluşturma tamamlandı.
   3:6>"C:\Users\mrkfk\OneDrive\Desktop\Projelerim\ECommerce\src\Core\ECommerce.Application\ECommerce.Application.csproj" projesinin "C:\Program Files\dotnet\sdk\10.0.100\Sdks\Microsoft.SourceLink.GitLab\build\Microsoft.SourceLink.GitLab.targets" dosyasındaki "TranslateGitLabUrlsInSourceControlInformation" hedefi ("_InitializeSourceControlInformationFromSourceControlManager" hedefi buna bağımlı):
       Derleme TaskRun sırasında yüklendi: Microsoft.SourceLink.GitLab, Version=10.0.13.2411, Culture=neutral, PublicKeyToken=31bf3856ad364e35 (konum: C:\Program Files\dotnet\sdk\10.0.100\Sdks\Microsoft.SourceLink.GitLab\tools\net\Microsoft.SourceLink.GitLab.dll, MVID: 67b18a57-466c-4625-91b7-b18750b52e73, AssemblyLoadContext: MSBuild plugin C:\Program Files\dotnet\sdk\10.0.100\Sdks\Microsoft.SourceLink.GitLab\tools\net\Microsoft.SourceLink.GitLab.dll)
       "C:\Program Files\dotnet\sdk\10.0.100\Sdks\Microsoft.SourceLink.GitLab\build\..\tools\net\Microsoft.SourceLink.GitLab.dll" derlemesindeki "Microsoft.SourceLink.GitLab.TranslateRepositoryUrls" görevi kullanılıyor.
       "Microsoft.SourceLink.GitLab.TranslateRepositoryUrls" görevi
       "Microsoft.SourceLink.GitLab.TranslateRepositoryUrls" görevini yürütme tamamlandı.
   3:6>"ECommerce.Application.csproj" projesinde "TranslateGitLabUrlsInSourceControlInformation" hedefini oluşturma tamamlandı.
   3:6>"C:\Users\mrkfk\OneDrive\Desktop\Projelerim\ECommerce\src\Core\ECommerce.Application\ECommerce.Application.csproj" projesinin "C:\Program Files\dotnet\sdk\10.0.100\Sdks\Microsoft.SourceLink.AzureRepos.Git\build\Microsoft.SourceLink.AzureRepos.Git.targets" dosyasındaki "TranslateAzureReposGitUrlsInSourceControlInformation" hedefi ("_InitializeSourceControlInformationFromSourceControlManager" hedefi buna bağımlı):
       Derleme TaskRun sırasında yüklendi: Microsoft.SourceLink.AzureRepos.Git, Version=10.0.13.2411, Culture=neutral, PublicKeyToken=31bf3856ad364e35 (konum: C:\Program Files\dotnet\sdk\10.0.100\Sdks\Microsoft.SourceLink.AzureRepos.Git\tools\net\Microsoft.SourceLink.AzureRepos.Git.dll, MVID: 0da536d0-a07d-48b0-90be-83105508dc0e, AssemblyLoadContext: MSBuild plugin C:\Program Files\dotnet\sdk\10.0.100\Sdks\Microsoft.SourceLink.AzureRepos.Git\tools\net\Microsoft.SourceLink.AzureRepos.Git.dll)
       "C:\Program Files\dotnet\sdk\10.0.100\Sdks\Microsoft.SourceLink.AzureRepos.Git\build\..\tools\net\Microsoft.SourceLink.AzureRepos.Git.dll" derlemesindeki "Microsoft.SourceLink.AzureRepos.Git.TranslateRepositoryUrls" görevi kullanılıyor.
       "Microsoft.SourceLink.AzureRepos.Git.TranslateRepositoryUrls" görevi
       "Microsoft.SourceLink.AzureRepos.Git.TranslateRepositoryUrls" görevini yürütme tamamlandı.
   3:6>"ECommerce.Application.csproj" projesinde "TranslateAzureReposGitUrlsInSourceControlInformation" hedefini oluşturma tamamlandı.
   3:6>"C:\Users\mrkfk\OneDrive\Desktop\Projelerim\ECommerce\src\Core\ECommerce.Application\ECommerce.Application.csproj" projesinin "C:\Program Files\dotnet\sdk\10.0.100\Sdks\Microsoft.SourceLink.Bitbucket.Git\build\Microsoft.SourceLink.Bitbucket.Git.targets" dosyasındaki "TranslateBitbucketGitUrlsInSourceControlInformation" hedefi ("_InitializeSourceControlInformationFromSourceControlManager" hedefi buna bağımlı):
       Derleme TaskRun sırasında yüklendi: Microsoft.SourceLink.Bitbucket.Git, Version=10.0.13.2411, Culture=neutral, PublicKeyToken=31bf3856ad364e35 (konum: C:\Program Files\dotnet\sdk\10.0.100\Sdks\Microsoft.SourceLink.Bitbucket.Git\tools\net\Microsoft.SourceLink.Bitbucket.Git.dll, MVID: f4faf052-0f79-41cb-9611-4f3a8e9cb843, AssemblyLoadContext: MSBuild plugin C:\Program Files\dotnet\sdk\10.0.100\Sdks\Microsoft.SourceLink.Bitbucket.Git\tools\net\Microsoft.SourceLink.Bitbucket.Git.dll)
       "C:\Program Files\dotnet\sdk\10.0.100\Sdks\Microsoft.SourceLink.Bitbucket.Git\build\..\tools\net\Microsoft.SourceLink.Bitbucket.Git.dll" derlemesindeki "Microsoft.SourceLink.Bitbucket.Git.TranslateRepositoryUrls" görevi kullanılıyor.
       "Microsoft.SourceLink.Bitbucket.Git.TranslateRepositoryUrls" görevi
       "Microsoft.SourceLink.Bitbucket.Git.TranslateRepositoryUrls" görevini yürütme tamamlandı.
   3:6>"ECommerce.Application.csproj" projesinde "TranslateBitbucketGitUrlsInSourceControlInformation" hedefini oluşturma tamamlandı.
   3:6>"C:\Users\mrkfk\OneDrive\Desktop\Projelerim\ECommerce\src\Core\ECommerce.Application\ECommerce.Application.csproj" projesinin "C:\Program Files\dotnet\sdk\10.0.100\Sdks\Microsoft.SourceLink.Common\build\InitializeSourceControlInformation.targets" dosyasındaki "SourceControlManagerPublishTranslatedUrls" hedefi ("_InitializeSourceControlInformationFromSourceControlManager" hedefi buna bağımlı):
   3:6>"ECommerce.Application.csproj" projesinde "SourceControlManagerPublishTranslatedUrls" hedefini oluşturma tamamlandı.
   3:6>"C:\Users\mrkfk\OneDrive\Desktop\Projelerim\ECommerce\src\Core\ECommerce.Application\ECommerce.Application.csproj" projesinin "C:\Program Files\dotnet\sdk\10.0.100\Sdks\Microsoft.SourceLink.Common\build\InitializeSourceControlInformation.targets" dosyasındaki "_InitializeSourceControlInformationFromSourceControlManager" hedefi ("InitializeSourceControlInformation" hedefi buna bağımlı):
   3:6>"ECommerce.Application.csproj" projesinde "_InitializeSourceControlInformationFromSourceControlManager" hedefini oluşturma tamamlandı.
   3:6>"C:\Users\mrkfk\OneDrive\Desktop\Projelerim\ECommerce\src\Core\ECommerce.Application\ECommerce.Application.csproj" projesinin "C:\Program Files\dotnet\sdk\10.0.100\Microsoft.Common.CurrentVersion.targets" dosyasındaki "InitializeSourceControlInformation" hedefi ("GetAssemblyAttributes" hedefi buna bağımlı):
   3:6>"ECommerce.Application.csproj" projesinde "InitializeSourceControlInformation" hedefini oluşturma tamamlandı.
       "GetAssemblyVersion" hedefi atlandı. Önceden başarılı bir şekilde derlenmişti.
       "InitializeSourceControlInformation" hedefi atlandı. Önceden başarılı bir şekilde derlenmişti.
   3:6>"C:\Users\mrkfk\OneDrive\Desktop\Projelerim\ECommerce\src\Core\ECommerce.Application\ECommerce.Application.csproj" projesinin "C:\Program Files\dotnet\sdk\10.0.100\Sdks\Microsoft.NET.Sdk\targets\Microsoft.NET.GenerateAssemblyInfo.targets" dosyasındaki "AddSourceRevisionToInformationalVersion" hedefi ("GetAssemblyAttributes" hedefi buna bağımlı):
       C:\Program Files\dotnet\sdk\10.0.100\Sdks\Microsoft.NET.Sdk\targets\Microsoft.NET.GenerateAssemblyInfo.targets(70,7): message : Özellik yeniden ataması: $(InformationalVersion)="1.0.0+b31692038cd7204c9ac3d7885e7c29e0a8a8615d" (önceki değer: "1.0.0") konum: C:\Program Files\dotnet\sdk\10.0.100\Sdks\Microsoft.NET.Sdk\targets\Microsoft.NET.GenerateAssemblyInfo.targets (70,7) [C:\Users\mrkfk\OneDrive\Desktop\Projelerim\ECommerce\src\Core\ECommerce.Application\ECommerce.Application.csproj]
   3:6>"ECommerce.Application.csproj" projesinde "AddSourceRevisionToInformationalVersion" hedefini oluşturma tamamlandı.
   3:6>"C:\Users\mrkfk\OneDrive\Desktop\Projelerim\ECommerce\src\Core\ECommerce.Application\ECommerce.Application.csproj" projesinin "C:\Program Files\dotnet\sdk\10.0.100\Sdks\Microsoft.NET.Sdk\targets\Microsoft.NET.GenerateAssemblyInfo.targets" dosyasındaki "GetAssemblyAttributes" hedefi ("CreateGeneratedAssemblyInfoInputsCacheFile" hedefi buna bağımlı):
   3:6>"ECommerce.Application.csproj" projesinde "GetAssemblyAttributes" hedefini oluşturma tamamlandı.
   3:6>"C:\Users\mrkfk\OneDrive\Desktop\Projelerim\ECommerce\src\Core\ECommerce.Application\ECommerce.Application.csproj" projesinin "C:\Program Files\dotnet\sdk\10.0.100\Sdks\Microsoft.NET.Sdk\targets\Microsoft.NET.GenerateAssemblyInfo.targets" dosyasındaki "CreateGeneratedAssemblyInfoInputsCacheFile" hedefi ("CoreGenerateAssemblyInfo" hedefi buna bağımlı):
       "Microsoft.Build.Tasks.Core, Version=15.1.0.0, Culture=neutral, PublicKeyToken=b03f5f7f11d50a3a" derlemesindeki "Hash" görevi kullanılıyor.
       "Hash" görevi
       "Hash" görevini yürütme tamamlandı.
       "WriteLinesToFile" görevi
         İçerik değişmeyeceğinden "obj\Debug\net9.0\ECommerce.Application.AssemblyInfoInputs.cache" dosyası üzerine yazma işlemi atlanacak.
       "WriteLinesToFile" görevini yürütme tamamlandı.
   3:6>"ECommerce.Application.csproj" projesinde "CreateGeneratedAssemblyInfoInputsCacheFile" hedefini oluşturma tamamlandı.
   3:6>"C:\Users\mrkfk\OneDrive\Desktop\Projelerim\ECommerce\src\Core\ECommerce.Application\ECommerce.Application.csproj" projesinin "C:\Program Files\dotnet\sdk\10.0.100\Sdks\Microsoft.NET.Sdk\targets\Microsoft.NET.GenerateAssemblyInfo.targets" dosyasındaki "CoreGenerateAssemblyInfo" hedefi ("GenerateAssemblyInfo" hedefi buna bağımlı):
       Tüm çıkış dosyaları, giriş dosyalarına göre güncel durumda olduğundan "CoreGenerateAssemblyInfo" hedefi atlanıyor.
       Giriş dosyaları: obj\Debug\net9.0\ECommerce.Application.AssemblyInfoInputs.cache
       Çıkış dosyaları: obj\Debug\net9.0\ECommerce.Application.AssemblyInfo.cs
   3:6>"ECommerce.Application.csproj" projesinde "CoreGenerateAssemblyInfo" hedefini oluşturma tamamlandı.
   3:6>"C:\Users\mrkfk\OneDrive\Desktop\Projelerim\ECommerce\src\Core\ECommerce.Application\ECommerce.Application.csproj" projesinin "C:\Program Files\dotnet\sdk\10.0.100\Sdks\Microsoft.NET.Sdk\targets\Microsoft.NET.GenerateAssemblyInfo.targets" dosyasındaki "GenerateAssemblyInfo" hedefi ("BeforeCompile" hedefi buna bağımlı):
   3:6>"ECommerce.Application.csproj" projesinde "GenerateAssemblyInfo" hedefini oluşturma tamamlandı.
   3:6>"C:\Users\mrkfk\OneDrive\Desktop\Projelerim\ECommerce\src\Core\ECommerce.Application\ECommerce.Application.csproj" projesinin "C:\Program Files\dotnet\sdk\10.0.100\Microsoft.Common.CurrentVersion.targets" dosyasındaki "BeforeCompile" hedefi ("Compile" hedefi buna bağımlı):
   3:6>"ECommerce.Application.csproj" projesinde "BeforeCompile" hedefini oluşturma tamamlandı.
       "ResolveAssemblyReferences" hedefi atlandı. Önceden başarılı bir şekilde derlenmişti.
       "_GenerateCompileInputs" hedefi atlandı. Önceden başarılı bir şekilde derlenmişti.
   3:6>"C:\Users\mrkfk\OneDrive\Desktop\Projelerim\ECommerce\src\Core\ECommerce.Application\ECommerce.Application.csproj" projesinin "C:\Program Files\dotnet\sdk\10.0.100\Microsoft.Common.CurrentVersion.targets" dosyasındaki "_GenerateCompileDependencyCache" hedefi ("Compile" hedefi buna bağımlı):
       "Hash" görevi
       "Hash" görevini yürütme tamamlandı.
       "WriteLinesToFile" görevi
         İçerik değişmeyeceğinden "obj\Debug\net9.0\ECommerce.Application.csproj.CoreCompileInputs.cache" dosyası üzerine yazma işlemi atlanacak.
       "WriteLinesToFile" görevini yürütme tamamlandı.
   3:6>"ECommerce.Application.csproj" projesinde "_GenerateCompileDependencyCache" hedefini oluşturma tamamlandı.
   3:6>"C:\Users\mrkfk\OneDrive\Desktop\Projelerim\ECommerce\src\Core\ECommerce.Application\ECommerce.Application.csproj" projesinin "C:\Program Files\dotnet\sdk\10.0.100\Roslyn\Microsoft.Managed.Core.targets" dosyasındaki "_BeforeVBCSCoreCompile" hedefi ("CoreCompile" hedefi buna bağımlı):
   3:6>"ECommerce.Application.csproj" projesinde "_BeforeVBCSCoreCompile" hedefini oluşturma tamamlandı.
   3:6>"C:\Users\mrkfk\OneDrive\Desktop\Projelerim\ECommerce\src\Core\ECommerce.Application\ECommerce.Application.csproj" projesinin "C:\Program Files\dotnet\sdk\10.0.100\Roslyn\Microsoft.Managed.Core.targets" dosyasındaki "_ComputeSkipAnalyzers" hedefi ("CoreCompile" hedefi buna bağımlı):
   3:6>"ECommerce.Application.csproj" projesinde "_ComputeSkipAnalyzers" hedefini oluşturma tamamlandı.
       "BeforeCompile" hedefi atlandı. Önceden başarılı bir şekilde derlenmişti.
       "InitializeSourceControlInformationFromSourceControlManager" hedefi atlandı. Önceden başarılı bir şekilde derlenmişti.
   3:6>"C:\Users\mrkfk\OneDrive\Desktop\Projelerim\ECommerce\src\Core\ECommerce.Application\ECommerce.Application.csproj" projesinin "C:\Program Files\dotnet\sdk\10.0.100\Sdks\Microsoft.Build.Tasks.Git\build\Microsoft.Build.Tasks.Git.targets" dosyasındaki "SetEmbeddedFilesFromSourceControlManagerUntrackedFiles" hedefi ("_SetEmbeddedFilesFromSourceControlManagerUntrackedFiles" hedefi buna bağımlı):
       "C:\Program Files\dotnet\sdk\10.0.100\Sdks\Microsoft.Build.Tasks.Git\build\..\tools\net\Microsoft.Build.Tasks.Git.dll" derlemesindeki "Microsoft.Build.Tasks.Git.GetUntrackedFiles" görevi kullanılıyor.
       "Microsoft.Build.Tasks.Git.GetUntrackedFiles" görevi
         SourceLink: Reusing cached git repository information.
       "Microsoft.Build.Tasks.Git.GetUntrackedFiles" görevini yürütme tamamlandı.
   3:6>"ECommerce.Application.csproj" projesinde "SetEmbeddedFilesFromSourceControlManagerUntrackedFiles" hedefini oluşturma tamamlandı.
   3:6>"C:\Users\mrkfk\OneDrive\Desktop\Projelerim\ECommerce\src\Core\ECommerce.Application\ECommerce.Application.csproj" projesinin "C:\Program Files\dotnet\sdk\10.0.100\Sdks\Microsoft.SourceLink.Common\build\Microsoft.SourceLink.Common.targets" dosyasındaki "_SetEmbeddedFilesFromSourceControlManagerUntrackedFiles" hedefi ("CoreCompile" hedefi buna bağımlı):
   3:6>"ECommerce.Application.csproj" projesinde "_SetEmbeddedFilesFromSourceControlManagerUntrackedFiles" hedefini oluşturma tamamlandı.
       "InitializeSourceControlInformation" hedefi atlandı. Önceden başarılı bir şekilde derlenmişti.
   3:6>"C:\Users\mrkfk\OneDrive\Desktop\Projelerim\ECommerce\src\Core\ECommerce.Application\ECommerce.Application.csproj" projesinin "C:\Program Files\dotnet\sdk\10.0.100\Sdks\Microsoft.SourceLink.Common\build\Microsoft.SourceLink.Common.targets" dosyasındaki "_SetSourceLinkFilePath" hedefi ("_GenerateSourceLinkFile" hedefi buna bağımlı):
   3:6>"ECommerce.Application.csproj" projesinde "_SetSourceLinkFilePath" hedefini oluşturma tamamlandı.
       "InitializeSourceControlInformation" hedefi atlandı. Önceden başarılı bir şekilde derlenmişti.
   3:6>"C:\Users\mrkfk\OneDrive\Desktop\Projelerim\ECommerce\src\Core\ECommerce.Application\ECommerce.Application.csproj" projesinin "C:\Program Files\dotnet\sdk\10.0.100\Roslyn\Microsoft.Managed.Core.targets" dosyasındaki "_InitializeSourceRootMappedPathsFromSourceControl" hedefi ("InitializeSourceRootMappedPaths" hedefi buna bağımlı):
   3:6>"ECommerce.Application.csproj" projesinde "_InitializeSourceRootMappedPathsFromSourceControl" hedefini oluşturma tamamlandı.
   3:6>"C:\Users\mrkfk\OneDrive\Desktop\Projelerim\ECommerce\src\Core\ECommerce.Application\ECommerce.Application.csproj" projesinin "C:\Program Files\dotnet\sdk\10.0.100\Roslyn\Microsoft.Managed.Core.targets" dosyasındaki "InitializeSourceRootMappedPaths" hedefi ("_InitializeSourceRootMappedPathsOpt" hedefi buna bağımlı):
       "C:\Program Files\dotnet\sdk\10.0.100\Sdks\Microsoft.NET.Sdk\targets\..\..\..\Roslyn\Microsoft.Build.Tasks.CodeAnalysis.dll" derlemesindeki "Microsoft.CodeAnalysis.BuildTasks.MapSourceRoots" görevi kullanılıyor.
       "Microsoft.CodeAnalysis.BuildTasks.MapSourceRoots" görevi
       "Microsoft.CodeAnalysis.BuildTasks.MapSourceRoots" görevini yürütme tamamlandı.
   3:6>"ECommerce.Application.csproj" projesinde "InitializeSourceRootMappedPaths" hedefini oluşturma tamamlandı.
   3:6>"C:\Users\mrkfk\OneDrive\Desktop\Projelerim\ECommerce\src\Core\ECommerce.Application\ECommerce.Application.csproj" projesinin "C:\Program Files\dotnet\sdk\10.0.100\Sdks\Microsoft.SourceLink.Common\build\Microsoft.SourceLink.Common.targets" dosyasındaki "_InitializeSourceRootMappedPathsOpt" hedefi ("_GenerateSourceLinkFile" hedefi buna bağımlı):
   3:6>"ECommerce.Application.csproj" projesinde "_InitializeSourceRootMappedPathsOpt" hedefini oluşturma tamamlandı.
   3:6>"C:\Users\mrkfk\OneDrive\Desktop\Projelerim\ECommerce\src\Core\ECommerce.Application\ECommerce.Application.csproj" projesinin "C:\Program Files\dotnet\sdk\10.0.100\Sdks\Microsoft.SourceLink.GitHub\build\Microsoft.SourceLink.GitHub.targets" dosyasındaki "_InitializeGitHubSourceLinkUrl" hedefi ("_GenerateSourceLinkFile" hedefi buna bağımlı):
       "_InitializeGitHubSourceLinkUrl" hedefi tam olarak oluşturuluyor.
       Giriş dosyası belirtilmedi.
       "C:\Program Files\dotnet\sdk\10.0.100\Sdks\Microsoft.SourceLink.GitHub\build\..\tools\net\Microsoft.SourceLink.GitHub.dll" derlemesindeki "Microsoft.SourceLink.GitHub.GetSourceLinkUrl" görevi kullanılıyor.
       "Microsoft.SourceLink.GitHub.GetSourceLinkUrl" görevi
       "Microsoft.SourceLink.GitHub.GetSourceLinkUrl" görevini yürütme tamamlandı.
   3:6>"ECommerce.Application.csproj" projesinde "_InitializeGitHubSourceLinkUrl" hedefini oluşturma tamamlandı.
   3:6>"C:\Users\mrkfk\OneDrive\Desktop\Projelerim\ECommerce\src\Core\ECommerce.Application\ECommerce.Application.csproj" projesinin "C:\Program Files\dotnet\sdk\10.0.100\Sdks\Microsoft.SourceLink.GitHub\build\Microsoft.SourceLink.GitHub.targets" dosyasındaki "_InitializeGitHubSourceLinkUrl" hedefi ("_GenerateSourceLinkFile" hedefi buna bağımlı):
       "_InitializeGitHubSourceLinkUrl" hedefi tam olarak oluşturuluyor.
       Giriş dosyası belirtilmedi.
       "Microsoft.SourceLink.GitHub.GetSourceLinkUrl" görevi
       "Microsoft.SourceLink.GitHub.GetSourceLinkUrl" görevini yürütme tamamlandı.
   3:6>"ECommerce.Application.csproj" projesinde "_InitializeGitHubSourceLinkUrl" hedefini oluşturma tamamlandı.
   3:6>"C:\Users\mrkfk\OneDrive\Desktop\Projelerim\ECommerce\src\Core\ECommerce.Application\ECommerce.Application.csproj" projesinin "C:\Program Files\dotnet\sdk\10.0.100\Sdks\Microsoft.SourceLink.GitHub\build\Microsoft.SourceLink.GitHub.targets" dosyasındaki "_InitializeGitHubSourceLinkUrl" hedefi ("_GenerateSourceLinkFile" hedefi buna bağımlı):
       "_InitializeGitHubSourceLinkUrl" hedefi tam olarak oluşturuluyor.
       Giriş dosyası belirtilmedi.
       "Microsoft.SourceLink.GitHub.GetSourceLinkUrl" görevi
       "Microsoft.SourceLink.GitHub.GetSourceLinkUrl" görevini yürütme tamamlandı.
   3:6>"ECommerce.Application.csproj" projesinde "_InitializeGitHubSourceLinkUrl" hedefini oluşturma tamamlandı.
   3:6>"C:\Users\mrkfk\OneDrive\Desktop\Projelerim\ECommerce\src\Core\ECommerce.Application\ECommerce.Application.csproj" projesinin "C:\Program Files\dotnet\sdk\10.0.100\Sdks\Microsoft.SourceLink.GitLab\build\Microsoft.SourceLink.GitLab.targets" dosyasındaki "_InitializeGitLabSourceLinkUrl" hedefi ("_GenerateSourceLinkFile" hedefi buna bağımlı):
       "_InitializeGitLabSourceLinkUrl" hedefi tam olarak oluşturuluyor.
       Giriş dosyası belirtilmedi.
       "C:\Program Files\dotnet\sdk\10.0.100\Sdks\Microsoft.SourceLink.GitLab\build\..\tools\net\Microsoft.SourceLink.GitLab.dll" derlemesindeki "Microsoft.SourceLink.GitLab.GetSourceLinkUrl" görevi kullanılıyor.
       "Microsoft.SourceLink.GitLab.GetSourceLinkUrl" görevi
       C:\Program Files\dotnet\sdk\10.0.100\Sdks\Microsoft.SourceLink.GitLab\build\Microsoft.SourceLink.GitLab.targets(37,7): message : Özellik yeniden ataması: $(_SourceLinkUrlToUpdate)="N/A" (önceki değer: "https://raw.githubusercontent.com/mrkfks/ECommerce/b31692038cd7204c9ac3d7885e7c29e0a8a8615d/*") konum: C:\Program Files\dotnet\sdk\10.0.100\Sdks\Microsoft.SourceLink.GitLab\build\Microsoft.SourceLink.GitLab.targets (37,7) [C:\Users\mrkfk\OneDrive\Desktop\Projelerim\ECommerce\src\Core\ECommerce.Application\ECommerce.Application.csproj]
       "Microsoft.SourceLink.GitLab.GetSourceLinkUrl" görevini yürütme tamamlandı.
   3:6>"ECommerce.Application.csproj" projesinde "_InitializeGitLabSourceLinkUrl" hedefini oluşturma tamamlandı.
   3:6>"C:\Users\mrkfk\OneDrive\Desktop\Projelerim\ECommerce\src\Core\ECommerce.Application\ECommerce.Application.csproj" projesinin "C:\Program Files\dotnet\sdk\10.0.100\Sdks\Microsoft.SourceLink.GitLab\build\Microsoft.SourceLink.GitLab.targets" dosyasındaki "_InitializeGitLabSourceLinkUrl" hedefi ("_GenerateSourceLinkFile" hedefi buna bağımlı):
       "_InitializeGitLabSourceLinkUrl" hedefi tam olarak oluşturuluyor.
       Giriş dosyası belirtilmedi.
       "Microsoft.SourceLink.GitLab.GetSourceLinkUrl" görevi
       C:\Program Files\dotnet\sdk\10.0.100\Sdks\Microsoft.SourceLink.GitLab\build\Microsoft.SourceLink.GitLab.targets(37,7): message : Özellik yeniden ataması: $(_SourceLinkUrlToUpdate)="N/A" (önceki değer: "https://raw.githubusercontent.com/mrkfks/ECommerce/b31692038cd7204c9ac3d7885e7c29e0a8a8615d/*") konum: C:\Program Files\dotnet\sdk\10.0.100\Sdks\Microsoft.SourceLink.GitLab\build\Microsoft.SourceLink.GitLab.targets (37,7) [C:\Users\mrkfk\OneDrive\Desktop\Projelerim\ECommerce\src\Core\ECommerce.Application\ECommerce.Application.csproj]
       "Microsoft.SourceLink.GitLab.GetSourceLinkUrl" görevini yürütme tamamlandı.
   3:6>"ECommerce.Application.csproj" projesinde "_InitializeGitLabSourceLinkUrl" hedefini oluşturma tamamlandı.
   3:6>"C:\Users\mrkfk\OneDrive\Desktop\Projelerim\ECommerce\src\Core\ECommerce.Application\ECommerce.Application.csproj" projesinin "C:\Program Files\dotnet\sdk\10.0.100\Sdks\Microsoft.SourceLink.GitLab\build\Microsoft.SourceLink.GitLab.targets" dosyasındaki "_InitializeGitLabSourceLinkUrl" hedefi ("_GenerateSourceLinkFile" hedefi buna bağımlı):
       "_InitializeGitLabSourceLinkUrl" hedefi tam olarak oluşturuluyor.
       Giriş dosyası belirtilmedi.
       "Microsoft.SourceLink.GitLab.GetSourceLinkUrl" görevi
       C:\Program Files\dotnet\sdk\10.0.100\Sdks\Microsoft.SourceLink.GitLab\build\Microsoft.SourceLink.GitLab.targets(37,7): message : Özellik yeniden ataması: $(_SourceLinkUrlToUpdate)="N/A" (önceki değer: "https://raw.githubusercontent.com/mrkfks/ECommerce/b31692038cd7204c9ac3d7885e7c29e0a8a8615d/*") konum: C:\Program Files\dotnet\sdk\10.0.100\Sdks\Microsoft.SourceLink.GitLab\build\Microsoft.SourceLink.GitLab.targets (37,7) [C:\Users\mrkfk\OneDrive\Desktop\Projelerim\ECommerce\src\Core\ECommerce.Application\ECommerce.Application.csproj]
       "Microsoft.SourceLink.GitLab.GetSourceLinkUrl" görevini yürütme tamamlandı.
   3:6>"ECommerce.Application.csproj" projesinde "_InitializeGitLabSourceLinkUrl" hedefini oluşturma tamamlandı.
   3:6>"C:\Users\mrkfk\OneDrive\Desktop\Projelerim\ECommerce\src\Core\ECommerce.Application\ECommerce.Application.csproj" projesinin "C:\Program Files\dotnet\sdk\10.0.100\Sdks\Microsoft.SourceLink.AzureRepos.Git\build\Microsoft.SourceLink.AzureRepos.Git.targets" dosyasındaki "_InitializeAzureReposGitSourceLinkUrl" hedefi ("_GenerateSourceLinkFile" hedefi buna bağımlı):
       "_InitializeAzureReposGitSourceLinkUrl" hedefi tam olarak oluşturuluyor.
       Giriş dosyası belirtilmedi.
       "C:\Program Files\dotnet\sdk\10.0.100\Sdks\Microsoft.SourceLink.AzureRepos.Git\build\..\tools\net\Microsoft.SourceLink.AzureRepos.Git.dll" derlemesindeki "Microsoft.SourceLink.AzureRepos.Git.GetSourceLinkUrl" görevi kullanılıyor.
       "Microsoft.SourceLink.AzureRepos.Git.GetSourceLinkUrl" görevi
       "Microsoft.SourceLink.AzureRepos.Git.GetSourceLinkUrl" görevini yürütme tamamlandı.
   3:6>"ECommerce.Application.csproj" projesinde "_InitializeAzureReposGitSourceLinkUrl" hedefini oluşturma tamamlandı.
   3:6>"C:\Users\mrkfk\OneDrive\Desktop\Projelerim\ECommerce\src\Core\ECommerce.Application\ECommerce.Application.csproj" projesinin "C:\Program Files\dotnet\sdk\10.0.100\Sdks\Microsoft.SourceLink.AzureRepos.Git\build\Microsoft.SourceLink.AzureRepos.Git.targets" dosyasındaki "_InitializeAzureReposGitSourceLinkUrl" hedefi ("_GenerateSourceLinkFile" hedefi buna bağımlı):
       "_InitializeAzureReposGitSourceLinkUrl" hedefi tam olarak oluşturuluyor.
       Giriş dosyası belirtilmedi.
       "Microsoft.SourceLink.AzureRepos.Git.GetSourceLinkUrl" görevi
       "Microsoft.SourceLink.AzureRepos.Git.GetSourceLinkUrl" görevini yürütme tamamlandı.
   3:6>"ECommerce.Application.csproj" projesinde "_InitializeAzureReposGitSourceLinkUrl" hedefini oluşturma tamamlandı.
   3:6>"C:\Users\mrkfk\OneDrive\Desktop\Projelerim\ECommerce\src\Core\ECommerce.Application\ECommerce.Application.csproj" projesinin "C:\Program Files\dotnet\sdk\10.0.100\Sdks\Microsoft.SourceLink.AzureRepos.Git\build\Microsoft.SourceLink.AzureRepos.Git.targets" dosyasındaki "_InitializeAzureReposGitSourceLinkUrl" hedefi ("_GenerateSourceLinkFile" hedefi buna bağımlı):
       "_InitializeAzureReposGitSourceLinkUrl" hedefi tam olarak oluşturuluyor.
       Giriş dosyası belirtilmedi.
       "Microsoft.SourceLink.AzureRepos.Git.GetSourceLinkUrl" görevi
       "Microsoft.SourceLink.AzureRepos.Git.GetSourceLinkUrl" görevini yürütme tamamlandı.
   3:6>"ECommerce.Application.csproj" projesinde "_InitializeAzureReposGitSourceLinkUrl" hedefini oluşturma tamamlandı.
   3:6>"C:\Users\mrkfk\OneDrive\Desktop\Projelerim\ECommerce\src\Core\ECommerce.Application\ECommerce.Application.csproj" projesinin "C:\Program Files\dotnet\sdk\10.0.100\Sdks\Microsoft.SourceLink.Bitbucket.Git\build\Microsoft.SourceLink.Bitbucket.Git.targets" dosyasındaki "_InitializeBitbucketGitSourceLinkUrl" hedefi ("_GenerateSourceLinkFile" hedefi buna bağımlı):
       "_InitializeBitbucketGitSourceLinkUrl" hedefi tam olarak oluşturuluyor.
       Giriş dosyası belirtilmedi.
       "C:\Program Files\dotnet\sdk\10.0.100\Sdks\Microsoft.SourceLink.Bitbucket.Git\build\..\tools\net\Microsoft.SourceLink.Bitbucket.Git.dll" derlemesindeki "Microsoft.SourceLink.Bitbucket.Git.GetSourceLinkUrl" görevi kullanılıyor.
       "Microsoft.SourceLink.Bitbucket.Git.GetSourceLinkUrl" görevi
       "Microsoft.SourceLink.Bitbucket.Git.GetSourceLinkUrl" görevini yürütme tamamlandı.
   3:6>"ECommerce.Application.csproj" projesinde "_InitializeBitbucketGitSourceLinkUrl" hedefini oluşturma tamamlandı.
   3:6>"C:\Users\mrkfk\OneDrive\Desktop\Projelerim\ECommerce\src\Core\ECommerce.Application\ECommerce.Application.csproj" projesinin "C:\Program Files\dotnet\sdk\10.0.100\Sdks\Microsoft.SourceLink.Bitbucket.Git\build\Microsoft.SourceLink.Bitbucket.Git.targets" dosyasındaki "_InitializeBitbucketGitSourceLinkUrl" hedefi ("_GenerateSourceLinkFile" hedefi buna bağımlı):
       "_InitializeBitbucketGitSourceLinkUrl" hedefi tam olarak oluşturuluyor.
       Giriş dosyası belirtilmedi.
       "Microsoft.SourceLink.Bitbucket.Git.GetSourceLinkUrl" görevi
       "Microsoft.SourceLink.Bitbucket.Git.GetSourceLinkUrl" görevini yürütme tamamlandı.
   3:6>"ECommerce.Application.csproj" projesinde "_InitializeBitbucketGitSourceLinkUrl" hedefini oluşturma tamamlandı.
   3:6>"C:\Users\mrkfk\OneDrive\Desktop\Projelerim\ECommerce\src\Core\ECommerce.Application\ECommerce.Application.csproj" projesinin "C:\Program Files\dotnet\sdk\10.0.100\Sdks\Microsoft.SourceLink.Bitbucket.Git\build\Microsoft.SourceLink.Bitbucket.Git.targets" dosyasındaki "_InitializeBitbucketGitSourceLinkUrl" hedefi ("_GenerateSourceLinkFile" hedefi buna bağımlı):
       "_InitializeBitbucketGitSourceLinkUrl" hedefi tam olarak oluşturuluyor.
       Giriş dosyası belirtilmedi.
       "Microsoft.SourceLink.Bitbucket.Git.GetSourceLinkUrl" görevi
       "Microsoft.SourceLink.Bitbucket.Git.GetSourceLinkUrl" görevini yürütme tamamlandı.
   3:6>"ECommerce.Application.csproj" projesinde "_InitializeBitbucketGitSourceLinkUrl" hedefini oluşturma tamamlandı.
   3:6>"C:\Users\mrkfk\OneDrive\Desktop\Projelerim\ECommerce\src\Core\ECommerce.Application\ECommerce.Application.csproj" projesinin "C:\Program Files\dotnet\sdk\10.0.100\Sdks\Microsoft.SourceLink.Common\build\Microsoft.SourceLink.Common.targets" dosyasındaki "_GenerateSourceLinkFile" hedefi ("GenerateSourceLinkFile" hedefi buna bağımlı):
       "_GenerateSourceLinkFile" hedefi tam olarak oluşturuluyor.
       Giriş dosyası belirtilmedi.
       "C:\Program Files\dotnet\sdk\10.0.100\Sdks\Microsoft.SourceLink.Common\build\..\tools\net\Microsoft.SourceLink.Common.dll" derlemesindeki "Microsoft.SourceLink.Common.GenerateSourceLinkFile" görevi kullanılıyor.
       "Microsoft.SourceLink.Common.GenerateSourceLinkFile" görevi
         Derleme TaskRun (Microsoft.SourceLink.Common.GenerateSourceLinkFile) sırasında yüklendi: Microsoft.SourceLink.Common.resources, Version=10.0.13.2411, Culture=tr, PublicKeyToken=31bf3856ad364e35 (konum: C:\Program Files\dotnet\sdk\10.0.100\Sdks\Microsoft.SourceLink.Common\tools\net\tr\Microsoft.SourceLink.Common.resources.dll, MVID: d2ec9012-3f1c-4317-9fc3-39f04c6c8c5e, AssemblyLoadContext: MSBuild plugin C:\Program Files\dotnet\sdk\10.0.100\Sdks\Microsoft.SourceLink.Common\tools\net\Microsoft.SourceLink.Common.dll)
         'obj\Debug\net9.0\ECommerce.Application.sourcelink.json' Source Link dosyası güncel.
       "Microsoft.SourceLink.Common.GenerateSourceLinkFile" görevini yürütme tamamlandı.
   3:6>"ECommerce.Application.csproj" projesinde "_GenerateSourceLinkFile" hedefini oluşturma tamamlandı.
   3:6>"C:\Users\mrkfk\OneDrive\Desktop\Projelerim\ECommerce\src\Core\ECommerce.Application\ECommerce.Application.csproj" projesinin "C:\Program Files\dotnet\sdk\10.0.100\Sdks\Microsoft.SourceLink.Common\build\Microsoft.SourceLink.Common.targets" dosyasındaki "GenerateSourceLinkFile" hedefi ("CoreCompile" hedefi buna bağımlı):
   3:6>"ECommerce.Application.csproj" projesinde "GenerateSourceLinkFile" hedefini oluşturma tamamlandı.
   3:6>"C:\Users\mrkfk\OneDrive\Desktop\Projelerim\ECommerce\src\Core\ECommerce.Application\ECommerce.Application.csproj" projesinin "C:\Program Files\dotnet\sdk\10.0.100\Sdks\Microsoft.NET.Sdk\analyzers\build\Microsoft.CodeAnalysis.NetAnalyzers.targets" dosyasındaki "AddGlobalAnalyzerConfigForPackage_MicrosoftCodeAnalysisNetAnalyzers" hedefi ("CoreCompile" hedefi buna bağımlı):
   3:6>"ECommerce.Application.csproj" projesinde "AddGlobalAnalyzerConfigForPackage_MicrosoftCodeAnalysisNetAnalyzers" hedefini oluşturma tamamlandı.
   3:6>"C:\Users\mrkfk\OneDrive\Desktop\Projelerim\ECommerce\src\Core\ECommerce.Application\ECommerce.Application.csproj" projesinin "C:\Program Files\dotnet\sdk\10.0.100\Roslyn\Microsoft.CSharp.Core.targets" dosyasındaki "CoreCompile" hedefi ("Compile" hedefi buna bağımlı):
       Tüm çıkış dosyaları, giriş dosyalarına göre güncel durumda olduğundan "CoreCompile" hedefi atlanıyor.
       Giriş dosyaları: 
           Constants\ApiRoutes.cs
           Constants\AppConstants.cs
           Constants\ErrorMessages.cs
           Constants\SuccessMessages.cs
           Constants\ValidationMessages.cs
           DependencyInjection.cs
           DTOs\AddressDto.cs
           DTOs\AddressFormDto.cs
           DTOs\AuthResponseDto.cs
           DTOs\Banner\BannerDto.cs
           DTOs\BrandCreateUpdateDto.cs
           DTOs\BrandDto.cs
           DTOs\BrandFormDto.cs
           DTOs\CampaignCreateDto.cs
           DTOs\CampaignDto.cs
           DTOs\CampaignUpdateDto.cs
           DTOs\Cart\CartDtos.cs
           DTOs\CategoryAttributeDto.cs
           DTOs\CategoryCreateDto.cs
           DTOs\CategoryDto.cs
           DTOs\CategoryFormDto.cs
           DTOs\CategoryUpdateDto.cs
           DTOs\CheckAvailabilityDtos.cs
           DTOs\Common\ApiResponseDto.cs
           DTOs\Common\PaginatedResult.cs
           DTOs\Common\RoleAssignmentDto.cs
           DTOs\Common\StockUpdateDto.cs
           DTOs\Common\UpdateOrderStatusDto.cs
           DTOs\CompanyDto.cs
           DTOs\CompanyRegistrationResultDto.cs
           DTOs\CustomerCreateDto.cs
           DTOs\CustomerDto.cs
           DTOs\CustomerDtos.cs
           DTOs\CustomerMessageDto.cs
           DTOs\CustomerUpdateDto.cs
           DTOs\Dashboard\DashboardKpiDto.cs
           DTOs\GlobalAttributeCreateDto.cs
           DTOs\GlobalAttributeDto.cs
           DTOs\GlobalAttributeUpdateDto.cs
           DTOs\ImageUploadResultDto.cs
           DTOs\LoginDto.cs
           DTOs\LoginHistoryDto.cs
           DTOs\ModelCreateDto.cs
           DTOs\ModelDto.cs
           DTOs\ModelUpdateDto.cs
           DTOs\NotificationDto.cs
           DTOs\OrderCreateDto.cs
           DTOs\OrderDto.cs
           DTOs\OrderItemCreateDto.cs
           DTOs\OrderItemDto.cs
           DTOs\OrderUpdateDto.cs
           DTOs\ProductBulkUpdateDto.cs
           DTOs\ProductCreateDto.cs
           DTOs\ProductDto.cs
           DTOs\ProductFormDto.cs
           DTOs\ProductImageDto.cs
           DTOs\ProductUpdateDto.cs
           DTOs\QuickActionDto.cs
           DTOs\RefreshTokenRequest.cs
           DTOs\RegisterDto.cs
           DTOs\RequestCreateDto.cs
           DTOs\RequestDto.cs
           DTOs\RequestFeedbackDto.cs
           DTOs\ReviewCreateDto.cs
           DTOs\ReviewDto.cs
           DTOs\UserCreateDto.cs
           DTOs\UserDto.cs
           DTOs\UserFilterDtos.cs
           DTOs\UserUpdateDto.cs
           Exceptions\AppExceptions.cs
           Helpers\DateTimeHelper.cs
           Helpers\PasswordHasher.cs
           Interfaces\IApplicationDbContext.cs
           Interfaces\IAuthService.cs
           Interfaces\IBannerService.cs
           Interfaces\IBrandService.cs
           Interfaces\ICacheService.cs
           Interfaces\ICampaignService.cs
           Interfaces\ICartService.cs
           Interfaces\ICategoryService.cs
           Interfaces\ICompanyService.cs
           Interfaces\ICustomerMessageService.cs
           Interfaces\ICustomerService.cs
           Interfaces\IDashboardService.cs
           Interfaces\IFileUploadService.cs
           Interfaces\IGlobalAttributeService.cs
           Interfaces\IModelService.cs
           Interfaces\Infrastructure\IImageService.cs
           Interfaces\INotificationService.cs
           Interfaces\IOrderService.cs
           Interfaces\IProductService.cs
           Interfaces\IRealTimeNotificationService.cs
           Interfaces\IRequestService.cs
           Interfaces\IReviewService.cs
           Interfaces\IRoleService.cs
           Interfaces\ISearchService.cs
           Interfaces\IStorageService.cs
           Interfaces\ITenantService.cs
           Interfaces\IUserService.cs
           Mappings\AutoMapperProfiles.cs
           Responses\ApiResponse.cs
           Responses\PagedResult.cs
           Validators\CompanyCreateDtoValidator.cs
           Validators\CompanyUpdateDtoValidator.cs
           Validators\CustomerCreateDtoValidator.cs
           Validators\CustomerUpdateDtoValidator.cs
           Validators\LoginDtoValidator.cs
           Validators\OrderCreateDtoValidator.cs
           Validators\OrderUpdateDtoValidator.cs
           Validators\ProductCreateDtoValidator.cs
           Validators\ProductUpdateDtoValidator.cs
           Validators\RegisterDtoValidator.cs
           Validators\ReviewCreateDtoValidator.cs
           Validators\ReviewUpdateDtoValidator.cs
           Validators\UserCreateDtoValidator.cs
           Validators\UserUpdateDtoValidator.cs
           obj\Debug\net9.0\ECommerce.Application.GlobalUsings.g.cs
           obj\Debug\net9.0\.NETCoreApp,Version=v9.0.AssemblyAttributes.cs
           obj\Debug\net9.0\ECommerce.Application.AssemblyInfo.cs
           C:\Users\mrkfk\.nuget\packages\automapper\12.0.1\lib\netstandard2.1\AutoMapper.dll
           C:\Users\mrkfk\.nuget\packages\automapper.extensions.microsoft.dependencyinjection\12.0.1\lib\netstandard2.1\AutoMapper.Extensions.Microsoft.DependencyInjection.dll
           C:\Users\mrkfk\.nuget\packages\bcrypt.net-next\4.0.3\lib\net6.0\BCrypt.Net-Next.dll
           C:\Users\mrkfk\OneDrive\Desktop\Projelerim\ECommerce\src\Core\ECommerce.Domain\obj\Debug\net9.0\ref\ECommerce.Domain.dll
           C:\Users\mrkfk\.nuget\packages\fluentvalidation.dependencyinjectionextensions\11.11.0\lib\netstandard2.1\FluentValidation.DependencyInjectionExtensions.dll
           C:\Users\mrkfk\.nuget\packages\fluentvalidation\11.11.0\lib\net8.0\FluentValidation.dll
           C:\Users\mrkfk\.nuget\packages\microsoft.netcore.app.ref\9.0.11\ref\net9.0\Microsoft.CSharp.dll
           C:\Users\mrkfk\.nuget\packages\microsoft.entityframeworkcore.abstractions\9.0.0\lib\net8.0\Microsoft.EntityFrameworkCore.Abstractions.dll
           C:\Users\mrkfk\.nuget\packages\microsoft.entityframeworkcore\9.0.0\lib\net8.0\Microsoft.EntityFrameworkCore.dll
           C:\Users\mrkfk\.nuget\packages\microsoft.extensions.caching.abstractions\9.0.0\lib\net9.0\Microsoft.Extensions.Caching.Abstractions.dll
           C:\Users\mrkfk\.nuget\packages\microsoft.extensions.caching.memory\9.0.0\lib\net9.0\Microsoft.Extensions.Caching.Memory.dll
           C:\Users\mrkfk\.nuget\packages\microsoft.extensions.dependencyinjection.abstractions\9.0.0\lib\net9.0\Microsoft.Extensions.DependencyInjection.Abstractions.dll
           C:\Users\mrkfk\.nuget\packages\microsoft.extensions.dependencyinjection\9.0.0\lib\net9.0\Microsoft.Extensions.DependencyInjection.dll
           C:\Users\mrkfk\.nuget\packages\microsoft.extensions.logging.abstractions\9.0.0\lib\net9.0\Microsoft.Extensions.Logging.Abstractions.dll
           C:\Users\mrkfk\.nuget\packages\microsoft.extensions.logging\9.0.0\lib\net9.0\Microsoft.Extensions.Logging.dll
           C:\Users\mrkfk\.nuget\packages\microsoft.extensions.options\9.0.0\lib\net9.0\Microsoft.Extensions.Options.dll
           C:\Users\mrkfk\.nuget\packages\microsoft.extensions.primitives\9.0.0\lib\net9.0\Microsoft.Extensions.Primitives.dll
           C:\Users\mrkfk\.nuget\packages\microsoft.identitymodel.abstractions\8.2.1\lib\net9.0\Microsoft.IdentityModel.Abstractions.dll
           C:\Users\mrkfk\.nuget\packages\microsoft.identitymodel.jsonwebtokens\8.2.1\lib\net9.0\Microsoft.IdentityModel.JsonWebTokens.dll
           C:\Users\mrkfk\.nuget\packages\microsoft.identitymodel.logging\8.2.1\lib\net9.0\Microsoft.IdentityModel.Logging.dll
           C:\Users\mrkfk\.nuget\packages\microsoft.identitymodel.tokens\8.2.1\lib\net9.0\Microsoft.IdentityModel.Tokens.dll
           C:\Users\mrkfk\.nuget\packages\microsoft.netcore.app.ref\9.0.11\ref\net9.0\Microsoft.VisualBasic.Core.dll
           C:\Users\mrkfk\.nuget\packages\microsoft.netcore.app.ref\9.0.11\ref\net9.0\Microsoft.VisualBasic.dll
           C:\Users\mrkfk\.nuget\packages\microsoft.netcore.app.ref\9.0.11\ref\net9.0\Microsoft.Win32.Primitives.dll
           C:\Users\mrkfk\.nuget\packages\microsoft.netcore.app.ref\9.0.11\ref\net9.0\Microsoft.Win32.Registry.dll
           C:\Users\mrkfk\.nuget\packages\microsoft.netcore.app.ref\9.0.11\ref\net9.0\mscorlib.dll
           C:\Users\mrkfk\.nuget\packages\microsoft.netcore.app.ref\9.0.11\ref\net9.0\netstandard.dll
           C:\Users\mrkfk\.nuget\packages\microsoft.netcore.app.ref\9.0.11\ref\net9.0\System.AppContext.dll
           C:\Users\mrkfk\.nuget\packages\microsoft.netcore.app.ref\9.0.11\ref\net9.0\System.Buffers.dll
           C:\Users\mrkfk\.nuget\packages\microsoft.netcore.app.ref\9.0.11\ref\net9.0\System.Collections.Concurrent.dll
           C:\Users\mrkfk\.nuget\packages\microsoft.netcore.app.ref\9.0.11\ref\net9.0\System.Collections.dll
           C:\Users\mrkfk\.nuget\packages\microsoft.netcore.app.ref\9.0.11\ref\net9.0\System.Collections.Immutable.dll
           C:\Users\mrkfk\.nuget\packages\microsoft.netcore.app.ref\9.0.11\ref\net9.0\System.Collections.NonGeneric.dll
           C:\Users\mrkfk\.nuget\packages\microsoft.netcore.app.ref\9.0.11\ref\net9.0\System.Collections.Specialized.dll
           C:\Users\mrkfk\.nuget\packages\microsoft.netcore.app.ref\9.0.11\ref\net9.0\System.ComponentModel.Annotations.dll
           C:\Users\mrkfk\.nuget\packages\microsoft.netcore.app.ref\9.0.11\ref\net9.0\System.ComponentModel.DataAnnotations.dll
           C:\Users\mrkfk\.nuget\packages\microsoft.netcore.app.ref\9.0.11\ref\net9.0\System.ComponentModel.dll
           C:\Users\mrkfk\.nuget\packages\microsoft.netcore.app.ref\9.0.11\ref\net9.0\System.ComponentModel.EventBasedAsync.dll
           C:\Users\mrkfk\.nuget\packages\microsoft.netcore.app.ref\9.0.11\ref\net9.0\System.ComponentModel.Primitives.dll
           C:\Users\mrkfk\.nuget\packages\microsoft.netcore.app.ref\9.0.11\ref\net9.0\System.ComponentModel.TypeConverter.dll
           C:\Users\mrkfk\.nuget\packages\microsoft.netcore.app.ref\9.0.11\ref\net9.0\System.Configuration.dll
           C:\Users\mrkfk\.nuget\packages\microsoft.netcore.app.ref\9.0.11\ref\net9.0\System.Console.dll
           C:\Users\mrkfk\.nuget\packages\microsoft.netcore.app.ref\9.0.11\ref\net9.0\System.Core.dll
           C:\Users\mrkfk\.nuget\packages\microsoft.netcore.app.ref\9.0.11\ref\net9.0\System.Data.Common.dll
           C:\Users\mrkfk\.nuget\packages\microsoft.netcore.app.ref\9.0.11\ref\net9.0\System.Data.DataSetExtensions.dll
           C:\Users\mrkfk\.nuget\packages\microsoft.netcore.app.ref\9.0.11\ref\net9.0\System.Data.dll
           C:\Users\mrkfk\.nuget\packages\microsoft.netcore.app.ref\9.0.11\ref\net9.0\System.Diagnostics.Contracts.dll
           C:\Users\mrkfk\.nuget\packages\microsoft.netcore.app.ref\9.0.11\ref\net9.0\System.Diagnostics.Debug.dll
           C:\Users\mrkfk\.nuget\packages\microsoft.netcore.app.ref\9.0.11\ref\net9.0\System.Diagnostics.DiagnosticSource.dll
           C:\Users\mrkfk\.nuget\packages\microsoft.netcore.app.ref\9.0.11\ref\net9.0\System.Diagnostics.FileVersionInfo.dll
           C:\Users\mrkfk\.nuget\packages\microsoft.netcore.app.ref\9.0.11\ref\net9.0\System.Diagnostics.Process.dll
           C:\Users\mrkfk\.nuget\packages\microsoft.netcore.app.ref\9.0.11\ref\net9.0\System.Diagnostics.StackTrace.dll
           C:\Users\mrkfk\.nuget\packages\microsoft.netcore.app.ref\9.0.11\ref\net9.0\System.Diagnostics.TextWriterTraceListener.dll
           C:\Users\mrkfk\.nuget\packages\microsoft.netcore.app.ref\9.0.11\ref\net9.0\System.Diagnostics.Tools.dll
           C:\Users\mrkfk\.nuget\packages\microsoft.netcore.app.ref\9.0.11\ref\net9.0\System.Diagnostics.TraceSource.dll
           C:\Users\mrkfk\.nuget\packages\microsoft.netcore.app.ref\9.0.11\ref\net9.0\System.Diagnostics.Tracing.dll
           C:\Users\mrkfk\.nuget\packages\microsoft.netcore.app.ref\9.0.11\ref\net9.0\System.dll
           C:\Users\mrkfk\.nuget\packages\microsoft.netcore.app.ref\9.0.11\ref\net9.0\System.Drawing.dll
           C:\Users\mrkfk\.nuget\packages\microsoft.netcore.app.ref\9.0.11\ref\net9.0\System.Drawing.Primitives.dll
           C:\Users\mrkfk\.nuget\packages\microsoft.netcore.app.ref\9.0.11\ref\net9.0\System.Dynamic.Runtime.dll
           C:\Users\mrkfk\.nuget\packages\microsoft.netcore.app.ref\9.0.11\ref\net9.0\System.Formats.Asn1.dll
           C:\Users\mrkfk\.nuget\packages\microsoft.netcore.app.ref\9.0.11\ref\net9.0\System.Formats.Tar.dll
           C:\Users\mrkfk\.nuget\packages\microsoft.netcore.app.ref\9.0.11\ref\net9.0\System.Globalization.Calendars.dll
           C:\Users\mrkfk\.nuget\packages\microsoft.netcore.app.ref\9.0.11\ref\net9.0\System.Globalization.dll
           C:\Users\mrkfk\.nuget\packages\microsoft.netcore.app.ref\9.0.11\ref\net9.0\System.Globalization.Extensions.dll
           C:\Users\mrkfk\.nuget\packages\system.identitymodel.tokens.jwt\8.2.1\lib\net9.0\System.IdentityModel.Tokens.Jwt.dll
           C:\Users\mrkfk\.nuget\packages\microsoft.netcore.app.ref\9.0.11\ref\net9.0\System.IO.Compression.Brotli.dll
           C:\Users\mrkfk\.nuget\packages\microsoft.netcore.app.ref\9.0.11\ref\net9.0\System.IO.Compression.dll
           C:\Users\mrkfk\.nuget\packages\microsoft.netcore.app.ref\9.0.11\ref\net9.0\System.IO.Compression.FileSystem.dll
           C:\Users\mrkfk\.nuget\packages\microsoft.netcore.app.ref\9.0.11\ref\net9.0\System.IO.Compression.ZipFile.dll
           C:\Users\mrkfk\.nuget\packages\microsoft.netcore.app.ref\9.0.11\ref\net9.0\System.IO.dll
           C:\Users\mrkfk\.nuget\packages\microsoft.netcore.app.ref\9.0.11\ref\net9.0\System.IO.FileSystem.AccessControl.dll
           C:\Users\mrkfk\.nuget\packages\microsoft.netcore.app.ref\9.0.11\ref\net9.0\System.IO.FileSystem.dll
           C:\Users\mrkfk\.nuget\packages\microsoft.netcore.app.ref\9.0.11\ref\net9.0\System.IO.FileSystem.DriveInfo.dll
           C:\Users\mrkfk\.nuget\packages\microsoft.netcore.app.ref\9.0.11\ref\net9.0\System.IO.FileSystem.Primitives.dll
           C:\Users\mrkfk\.nuget\packages\microsoft.netcore.app.ref\9.0.11\ref\net9.0\System.IO.FileSystem.Watcher.dll
           C:\Users\mrkfk\.nuget\packages\microsoft.netcore.app.ref\9.0.11\ref\net9.0\System.IO.IsolatedStorage.dll
           C:\Users\mrkfk\.nuget\packages\microsoft.netcore.app.ref\9.0.11\ref\net9.0\System.IO.MemoryMappedFiles.dll
           C:\Users\mrkfk\.nuget\packages\microsoft.netcore.app.ref\9.0.11\ref\net9.0\System.IO.Pipelines.dll
           C:\Users\mrkfk\.nuget\packages\microsoft.netcore.app.ref\9.0.11\ref\net9.0\System.IO.Pipes.AccessControl.dll
           C:\Users\mrkfk\.nuget\packages\microsoft.netcore.app.ref\9.0.11\ref\net9.0\System.IO.Pipes.dll
           C:\Users\mrkfk\.nuget\packages\microsoft.netcore.app.ref\9.0.11\ref\net9.0\System.IO.UnmanagedMemoryStream.dll
           C:\Users\mrkfk\.nuget\packages\microsoft.netcore.app.ref\9.0.11\ref\net9.0\System.Linq.dll
           C:\Users\mrkfk\.nuget\packages\microsoft.netcore.app.ref\9.0.11\ref\net9.0\System.Linq.Expressions.dll
           C:\Users\mrkfk\.nuget\packages\microsoft.netcore.app.ref\9.0.11\ref\net9.0\System.Linq.Parallel.dll
           C:\Users\mrkfk\.nuget\packages\microsoft.netcore.app.ref\9.0.11\ref\net9.0\System.Linq.Queryable.dll
           C:\Users\mrkfk\.nuget\packages\microsoft.netcore.app.ref\9.0.11\ref\net9.0\System.Memory.dll
           C:\Users\mrkfk\.nuget\packages\microsoft.netcore.app.ref\9.0.11\ref\net9.0\System.Net.dll
           C:\Users\mrkfk\.nuget\packages\microsoft.netcore.app.ref\9.0.11\ref\net9.0\System.Net.Http.dll
           C:\Users\mrkfk\.nuget\packages\microsoft.netcore.app.ref\9.0.11\ref\net9.0\System.Net.Http.Json.dll
           C:\Users\mrkfk\.nuget\packages\microsoft.netcore.app.ref\9.0.11\ref\net9.0\System.Net.HttpListener.dll
           C:\Users\mrkfk\.nuget\packages\microsoft.netcore.app.ref\9.0.11\ref\net9.0\System.Net.Mail.dll
           C:\Users\mrkfk\.nuget\packages\microsoft.netcore.app.ref\9.0.11\ref\net9.0\System.Net.NameResolution.dll
           C:\Users\mrkfk\.nuget\packages\microsoft.netcore.app.ref\9.0.11\ref\net9.0\System.Net.NetworkInformation.dll
           C:\Users\mrkfk\.nuget\packages\microsoft.netcore.app.ref\9.0.11\ref\net9.0\System.Net.Ping.dll
           C:\Users\mrkfk\.nuget\packages\microsoft.netcore.app.ref\9.0.11\ref\net9.0\System.Net.Primitives.dll
           C:\Users\mrkfk\.nuget\packages\microsoft.netcore.app.ref\9.0.11\ref\net9.0\System.Net.Quic.dll
           C:\Users\mrkfk\.nuget\packages\microsoft.netcore.app.ref\9.0.11\ref\net9.0\System.Net.Requests.dll
           C:\Users\mrkfk\.nuget\packages\microsoft.netcore.app.ref\9.0.11\ref\net9.0\System.Net.Security.dll
           C:\Users\mrkfk\.nuget\packages\microsoft.netcore.app.ref\9.0.11\ref\net9.0\System.Net.ServicePoint.dll
           C:\Users\mrkfk\.nuget\packages\microsoft.netcore.app.ref\9.0.11\ref\net9.0\System.Net.Sockets.dll
           C:\Users\mrkfk\.nuget\packages\microsoft.netcore.app.ref\9.0.11\ref\net9.0\System.Net.WebClient.dll
           C:\Users\mrkfk\.nuget\packages\microsoft.netcore.app.ref\9.0.11\ref\net9.0\System.Net.WebHeaderCollection.dll
           C:\Users\mrkfk\.nuget\packages\microsoft.netcore.app.ref\9.0.11\ref\net9.0\System.Net.WebProxy.dll
           C:\Users\mrkfk\.nuget\packages\microsoft.netcore.app.ref\9.0.11\ref\net9.0\System.Net.WebSockets.Client.dll
           C:\Users\mrkfk\.nuget\packages\microsoft.netcore.app.ref\9.0.11\ref\net9.0\System.Net.WebSockets.dll
           C:\Users\mrkfk\.nuget\packages\microsoft.netcore.app.ref\9.0.11\ref\net9.0\System.Numerics.dll
           C:\Users\mrkfk\.nuget\packages\microsoft.netcore.app.ref\9.0.11\ref\net9.0\System.Numerics.Vectors.dll
           C:\Users\mrkfk\.nuget\packages\microsoft.netcore.app.ref\9.0.11\ref\net9.0\System.ObjectModel.dll
           C:\Users\mrkfk\.nuget\packages\microsoft.netcore.app.ref\9.0.11\ref\net9.0\System.Reflection.DispatchProxy.dll
           C:\Users\mrkfk\.nuget\packages\microsoft.netcore.app.ref\9.0.11\ref\net9.0\System.Reflection.dll
           C:\Users\mrkfk\.nuget\packages\microsoft.netcore.app.ref\9.0.11\ref\net9.0\System.Reflection.Emit.dll
           C:\Users\mrkfk\.nuget\packages\microsoft.netcore.app.ref\9.0.11\ref\net9.0\System.Reflection.Emit.ILGeneration.dll
           C:\Users\mrkfk\.nuget\packages\microsoft.netcore.app.ref\9.0.11\ref\net9.0\System.Reflection.Emit.Lightweight.dll
           C:\Users\mrkfk\.nuget\packages\microsoft.netcore.app.ref\9.0.11\ref\net9.0\System.Reflection.Extensions.dll
           C:\Users\mrkfk\.nuget\packages\microsoft.netcore.app.ref\9.0.11\ref\net9.0\System.Reflection.Metadata.dll
           C:\Users\mrkfk\.nuget\packages\microsoft.netcore.app.ref\9.0.11\ref\net9.0\System.Reflection.Primitives.dll
           C:\Users\mrkfk\.nuget\packages\microsoft.netcore.app.ref\9.0.11\ref\net9.0\System.Reflection.TypeExtensions.dll
           C:\Users\mrkfk\.nuget\packages\microsoft.netcore.app.ref\9.0.11\ref\net9.0\System.Resources.Reader.dll
           C:\Users\mrkfk\.nuget\packages\microsoft.netcore.app.ref\9.0.11\ref\net9.0\System.Resources.ResourceManager.dll
           C:\Users\mrkfk\.nuget\packages\microsoft.netcore.app.ref\9.0.11\ref\net9.0\System.Resources.Writer.dll
           C:\Users\mrkfk\.nuget\packages\microsoft.netcore.app.ref\9.0.11\ref\net9.0\System.Runtime.CompilerServices.Unsafe.dll
           C:\Users\mrkfk\.nuget\packages\microsoft.netcore.app.ref\9.0.11\ref\net9.0\System.Runtime.CompilerServices.VisualC.dll
           C:\Users\mrkfk\.nuget\packages\microsoft.netcore.app.ref\9.0.11\ref\net9.0\System.Runtime.dll
           C:\Users\mrkfk\.nuget\packages\microsoft.netcore.app.ref\9.0.11\ref\net9.0\System.Runtime.Extensions.dll
           C:\Users\mrkfk\.nuget\packages\microsoft.netcore.app.ref\9.0.11\ref\net9.0\System.Runtime.Handles.dll
           C:\Users\mrkfk\.nuget\packages\microsoft.netcore.app.ref\9.0.11\ref\net9.0\System.Runtime.InteropServices.dll
           C:\Users\mrkfk\.nuget\packages\microsoft.netcore.app.ref\9.0.11\ref\net9.0\System.Runtime.InteropServices.JavaScript.dll
           C:\Users\mrkfk\.nuget\packages\microsoft.netcore.app.ref\9.0.11\ref\net9.0\System.Runtime.InteropServices.RuntimeInformation.dll
           C:\Users\mrkfk\.nuget\packages\microsoft.netcore.app.ref\9.0.11\ref\net9.0\System.Runtime.Intrinsics.dll
           C:\Users\mrkfk\.nuget\packages\microsoft.netcore.app.ref\9.0.11\ref\net9.0\System.Runtime.Loader.dll
           C:\Users\mrkfk\.nuget\packages\microsoft.netcore.app.ref\9.0.11\ref\net9.0\System.Runtime.Numerics.dll
           C:\Users\mrkfk\.nuget\packages\microsoft.netcore.app.ref\9.0.11\ref\net9.0\System.Runtime.Serialization.dll
           C:\Users\mrkfk\.nuget\packages\microsoft.netcore.app.ref\9.0.11\ref\net9.0\System.Runtime.Serialization.Formatters.dll
           C:\Users\mrkfk\.nuget\packages\microsoft.netcore.app.ref\9.0.11\ref\net9.0\System.Runtime.Serialization.Json.dll
           C:\Users\mrkfk\.nuget\packages\microsoft.netcore.app.ref\9.0.11\ref\net9.0\System.Runtime.Serialization.Primitives.dll
           C:\Users\mrkfk\.nuget\packages\microsoft.netcore.app.ref\9.0.11\ref\net9.0\System.Runtime.Serialization.Xml.dll
           C:\Users\mrkfk\.nuget\packages\microsoft.netcore.app.ref\9.0.11\ref\net9.0\System.Security.AccessControl.dll
           C:\Users\mrkfk\.nuget\packages\microsoft.netcore.app.ref\9.0.11\ref\net9.0\System.Security.Claims.dll
           C:\Users\mrkfk\.nuget\packages\microsoft.netcore.app.ref\9.0.11\ref\net9.0\System.Security.Cryptography.Algorithms.dll
           C:\Users\mrkfk\.nuget\packages\microsoft.netcore.app.ref\9.0.11\ref\net9.0\System.Security.Cryptography.Cng.dll
           C:\Users\mrkfk\.nuget\packages\microsoft.netcore.app.ref\9.0.11\ref\net9.0\System.Security.Cryptography.Csp.dll
           C:\Users\mrkfk\.nuget\packages\microsoft.netcore.app.ref\9.0.11\ref\net9.0\System.Security.Cryptography.dll
           C:\Users\mrkfk\.nuget\packages\microsoft.netcore.app.ref\9.0.11\ref\net9.0\System.Security.Cryptography.Encoding.dll
           C:\Users\mrkfk\.nuget\packages\microsoft.netcore.app.ref\9.0.11\ref\net9.0\System.Security.Cryptography.OpenSsl.dll
           C:\Users\mrkfk\.nuget\packages\microsoft.netcore.app.ref\9.0.11\ref\net9.0\System.Security.Cryptography.Primitives.dll
           C:\Users\mrkfk\.nuget\packages\microsoft.netcore.app.ref\9.0.11\ref\net9.0\System.Security.Cryptography.X509Certificates.dll
           C:\Users\mrkfk\.nuget\packages\microsoft.netcore.app.ref\9.0.11\ref\net9.0\System.Security.dll
           C:\Users\mrkfk\.nuget\packages\microsoft.netcore.app.ref\9.0.11\ref\net9.0\System.Security.Principal.dll
           C:\Users\mrkfk\.nuget\packages\microsoft.netcore.app.ref\9.0.11\ref\net9.0\System.Security.Principal.Windows.dll
           C:\Users\mrkfk\.nuget\packages\microsoft.netcore.app.ref\9.0.11\ref\net9.0\System.Security.SecureString.dll
           C:\Users\mrkfk\.nuget\packages\microsoft.netcore.app.ref\9.0.11\ref\net9.0\System.ServiceModel.Web.dll
           C:\Users\mrkfk\.nuget\packages\microsoft.netcore.app.ref\9.0.11\ref\net9.0\System.ServiceProcess.dll
           C:\Users\mrkfk\.nuget\packages\microsoft.netcore.app.ref\9.0.11\ref\net9.0\System.Text.Encoding.CodePages.dll
           C:\Users\mrkfk\.nuget\packages\microsoft.netcore.app.ref\9.0.11\ref\net9.0\System.Text.Encoding.dll
           C:\Users\mrkfk\.nuget\packages\microsoft.netcore.app.ref\9.0.11\ref\net9.0\System.Text.Encoding.Extensions.dll
           C:\Users\mrkfk\.nuget\packages\microsoft.netcore.app.ref\9.0.11\ref\net9.0\System.Text.Encodings.Web.dll
           C:\Users\mrkfk\.nuget\packages\microsoft.netcore.app.ref\9.0.11\ref\net9.0\System.Text.Json.dll
           C:\Users\mrkfk\.nuget\packages\microsoft.netcore.app.ref\9.0.11\ref\net9.0\System.Text.RegularExpressions.dll
           C:\Users\mrkfk\.nuget\packages\microsoft.netcore.app.ref\9.0.11\ref\net9.0\System.Threading.Channels.dll
           C:\Users\mrkfk\.nuget\packages\microsoft.netcore.app.ref\9.0.11\ref\net9.0\System.Threading.dll
           C:\Users\mrkfk\.nuget\packages\microsoft.netcore.app.ref\9.0.11\ref\net9.0\System.Threading.Overlapped.dll
           C:\Users\mrkfk\.nuget\packages\microsoft.netcore.app.ref\9.0.11\ref\net9.0\System.Threading.Tasks.Dataflow.dll
           C:\Users\mrkfk\.nuget\packages\microsoft.netcore.app.ref\9.0.11\ref\net9.0\System.Threading.Tasks.dll
           C:\Users\mrkfk\.nuget\packages\microsoft.netcore.app.ref\9.0.11\ref\net9.0\System.Threading.Tasks.Extensions.dll
           C:\Users\mrkfk\.nuget\packages\microsoft.netcore.app.ref\9.0.11\ref\net9.0\System.Threading.Tasks.Parallel.dll
           C:\Users\mrkfk\.nuget\packages\microsoft.netcore.app.ref\9.0.11\ref\net9.0\System.Threading.Thread.dll
           C:\Users\mrkfk\.nuget\packages\microsoft.netcore.app.ref\9.0.11\ref\net9.0\System.Threading.ThreadPool.dll
           C:\Users\mrkfk\.nuget\packages\microsoft.netcore.app.ref\9.0.11\ref\net9.0\System.Threading.Timer.dll
           C:\Users\mrkfk\.nuget\packages\microsoft.netcore.app.ref\9.0.11\ref\net9.0\System.Transactions.dll
           C:\Users\mrkfk\.nuget\packages\microsoft.netcore.app.ref\9.0.11\ref\net9.0\System.Transactions.Local.dll
           C:\Users\mrkfk\.nuget\packages\microsoft.netcore.app.ref\9.0.11\ref\net9.0\System.ValueTuple.dll
           C:\Users\mrkfk\.nuget\packages\microsoft.netcore.app.ref\9.0.11\ref\net9.0\System.Web.dll
           C:\Users\mrkfk\.nuget\packages\microsoft.netcore.app.ref\9.0.11\ref\net9.0\System.Web.HttpUtility.dll
           C:\Users\mrkfk\.nuget\packages\microsoft.netcore.app.ref\9.0.11\ref\net9.0\System.Windows.dll
           C:\Users\mrkfk\.nuget\packages\microsoft.netcore.app.ref\9.0.11\ref\net9.0\System.Xml.dll
           C:\Users\mrkfk\.nuget\packages\microsoft.netcore.app.ref\9.0.11\ref\net9.0\System.Xml.Linq.dll
           C:\Users\mrkfk\.nuget\packages\microsoft.netcore.app.ref\9.0.11\ref\net9.0\System.Xml.ReaderWriter.dll
           C:\Users\mrkfk\.nuget\packages\microsoft.netcore.app.ref\9.0.11\ref\net9.0\System.Xml.Serialization.dll
           C:\Users\mrkfk\.nuget\packages\microsoft.netcore.app.ref\9.0.11\ref\net9.0\System.Xml.XDocument.dll
           C:\Users\mrkfk\.nuget\packages\microsoft.netcore.app.ref\9.0.11\ref\net9.0\System.Xml.XmlDocument.dll
           C:\Users\mrkfk\.nuget\packages\microsoft.netcore.app.ref\9.0.11\ref\net9.0\System.Xml.XmlSerializer.dll
           C:\Users\mrkfk\.nuget\packages\microsoft.netcore.app.ref\9.0.11\ref\net9.0\System.Xml.XPath.dll
           C:\Users\mrkfk\.nuget\packages\microsoft.netcore.app.ref\9.0.11\ref\net9.0\System.Xml.XPath.XDocument.dll
           C:\Users\mrkfk\.nuget\packages\microsoft.netcore.app.ref\9.0.11\ref\net9.0\WindowsBase.dll
           obj\Debug\net9.0\ECommerce.Application.csproj.CoreCompileInputs.cache
           C:\Program Files\dotnet\sdk\10.0.100\Sdks\Microsoft.NET.Sdk\targets\..\analyzers\Microsoft.CodeAnalysis.CSharp.NetAnalyzers.dll
           C:\Program Files\dotnet\sdk\10.0.100\Sdks\Microsoft.NET.Sdk\targets\..\analyzers\Microsoft.CodeAnalysis.NetAnalyzers.dll
           C:\Users\mrkfk\.nuget\packages\microsoft.entityframeworkcore.analyzers\9.0.0\analyzers\dotnet\cs\Microsoft.EntityFrameworkCore.Analyzers.dll
           C:\Users\mrkfk\.nuget\packages\microsoft.extensions.logging.abstractions\9.0.0\analyzers\dotnet\roslyn4.4\cs\Microsoft.Extensions.Logging.Generators.dll
           C:\Users\mrkfk\.nuget\packages\microsoft.extensions.options\9.0.0\analyzers\dotnet\roslyn4.4\cs\Microsoft.Extensions.Options.SourceGeneration.dll
           C:\Users\mrkfk\.nuget\packages\microsoft.netcore.app.ref\9.0.11\analyzers/dotnet/cs/Microsoft.Interop.ComInterfaceGenerator.dll
           C:\Users\mrkfk\.nuget\packages\microsoft.netcore.app.ref\9.0.11\analyzers/dotnet/cs/Microsoft.Interop.JavaScript.JSImportGenerator.dll
           C:\Users\mrkfk\.nuget\packages\microsoft.netcore.app.ref\9.0.11\analyzers/dotnet/cs/Microsoft.Interop.LibraryImportGenerator.dll
           C:\Users\mrkfk\.nuget\packages\microsoft.netcore.app.ref\9.0.11\analyzers/dotnet/cs/Microsoft.Interop.SourceGeneration.dll
           C:\Users\mrkfk\.nuget\packages\microsoft.netcore.app.ref\9.0.11\analyzers/dotnet/cs/System.Text.Json.SourceGeneration.dll
           C:\Users\mrkfk\.nuget\packages\microsoft.netcore.app.ref\9.0.11\analyzers/dotnet/cs/System.Text.RegularExpressions.Generator.dll
           obj\Debug\net9.0\ECommerce.Application.GeneratedMSBuildEditorConfig.editorconfig
           C:\Program Files\dotnet\sdk\10.0.100\Sdks\Microsoft.NET.Sdk\analyzers\build\config\analysislevel_9_default.globalconfig
           C:\Users\mrkfk\OneDrive\Desktop\Projelerim\ECommerce\src\Core\ECommerce.Application\obj\ECommerce.Application.csproj.nuget.g.props
           C:\Program Files\dotnet\sdk\10.0.100\Current\Microsoft.Common.targets\ImportAfter\Microsoft.TestPlatform.ImportAfter.targets
           obj\Debug\net9.0\ECommerce.Application.sourcelink.json
       Çıkış dosyaları: 
           obj\Debug\net9.0\ECommerce.Application.dll
           obj\Debug\net9.0\refint\ECommerce.Application.dll
           obj\Debug\net9.0\ECommerce.Application.pdb
       C:\Program Files\dotnet\sdk\10.0.100\Roslyn\Microsoft.CSharp.Core.targets(66,7): message : Özellik yeniden ataması: $(NoWarn)="1701;1702;1701;1702" (önceki değer: "1701;1702") konum: C:\Program Files\dotnet\sdk\10.0.100\Roslyn\Microsoft.CSharp.Core.targets (66,7) [C:\Users\mrkfk\OneDrive\Desktop\Projelerim\ECommerce\src\Core\ECommerce.Application\ECommerce.Application.csproj]
   3:6>"ECommerce.Application.csproj" projesinde "CoreCompile" hedefini oluşturma tamamlandı.
   3:6>"C:\Users\mrkfk\OneDrive\Desktop\Projelerim\ECommerce\src\Core\ECommerce.Application\ECommerce.Application.csproj" projesinin "C:\Program Files\dotnet\sdk\10.0.100\Microsoft.Common.CurrentVersion.targets" dosyasındaki "AfterCompile" hedefi ("Compile" hedefi buna bağımlı):
   3:6>"ECommerce.Application.csproj" projesinde "AfterCompile" hedefini oluşturma tamamlandı.
   3:6>"C:\Users\mrkfk\OneDrive\Desktop\Projelerim\ECommerce\src\Core\ECommerce.Application\ECommerce.Application.csproj" projesinin "C:\Program Files\dotnet\sdk\10.0.100\Microsoft.Common.CurrentVersion.targets" dosyasındaki "Compile" hedefi ("CoreBuild" hedefi buna bağımlı):
   3:6>"ECommerce.Application.csproj" projesinde "Compile" hedefini oluşturma tamamlandı.
   3:6>"C:\Users\mrkfk\OneDrive\Desktop\Projelerim\ECommerce\src\Core\ECommerce.Application\ECommerce.Application.csproj" projesinin "C:\Program Files\dotnet\sdk\10.0.100\Microsoft.Common.CurrentVersion.targets" dosyasındaki "_GenerateSatelliteAssemblyInputs" hedefi ("CreateSatelliteAssemblies" hedefi buna bağımlı):
   3:6>"ECommerce.Application.csproj" projesinde "_GenerateSatelliteAssemblyInputs" hedefini oluşturma tamamlandı.
   3:6>"C:\Users\mrkfk\OneDrive\Desktop\Projelerim\ECommerce\src\Core\ECommerce.Application\ECommerce.Application.csproj" projesinin "C:\Program Files\dotnet\sdk\10.0.100\Microsoft.Common.CurrentVersion.targets" dosyasındaki "CreateSatelliteAssemblies" hedefi ("CoreBuild" hedefi buna bağımlı):
   3:6>"ECommerce.Application.csproj" projesinde "CreateSatelliteAssemblies" hedefini oluşturma tamamlandı.
   3:6>"C:\Users\mrkfk\OneDrive\Desktop\Projelerim\ECommerce\src\Core\ECommerce.Application\ECommerce.Application.csproj" projesinin "C:\Program Files\dotnet\sdk\10.0.100\Microsoft.Common.CurrentVersion.targets" dosyasındaki "GetTargetPathWithTargetPlatformMoniker" hedefi ("GetTargetPath" hedefi buna bağımlı):
   3:6>"ECommerce.Application.csproj" projesinde "GetTargetPathWithTargetPlatformMoniker" hedefini oluşturma tamamlandı.
   3:6>"C:\Users\mrkfk\OneDrive\Desktop\Projelerim\ECommerce\src\Core\ECommerce.Application\ECommerce.Application.csproj" projesinin "C:\Program Files\dotnet\sdk\10.0.100\Microsoft.Common.CurrentVersion.targets" dosyasındaki "GetTargetPath" hedefi ("CoreBuild" hedefi buna bağımlı):
   3:6>"ECommerce.Application.csproj" projesinde "GetTargetPath" hedefini oluşturma tamamlandı.
   3:6>"C:\Users\mrkfk\OneDrive\Desktop\Projelerim\ECommerce\src\Core\ECommerce.Application\ECommerce.Application.csproj" projesinin "C:\Program Files\dotnet\sdk\10.0.100\Microsoft.Common.CurrentVersion.targets" dosyasındaki "_CopyFilesMarkedCopyLocal" hedefi ("CopyFilesToOutputDirectory" hedefi buna bağımlı):
       "Microsoft.Build.Tasks.Core, Version=15.1.0.0, Culture=neutral, PublicKeyToken=b03f5f7f11d50a3a" derlemesindeki "Copy" görevi kullanılıyor.
       "Copy" görevi
         Projede "SkipUnchangedFiles" parametresi "true" olarak ayarlandığından ve dosya boyutlarıyla zaman damgaları eşleştiğinden "C:\Users\mrkfk\OneDrive\Desktop\Projelerim\ECommerce\src\Core\ECommerce.Domain\bin\Debug\net9.0\ECommerce.Domain.dll" dosyasından "bin\Debug\net9.0\ECommerce.Domain.dll" dosyasına kopyalama işlemi gerçekleştirilmedi.
         Projede "SkipUnchangedFiles" parametresi "true" olarak ayarlandığından ve dosya boyutlarıyla zaman damgaları eşleştiğinden "C:\Users\mrkfk\OneDrive\Desktop\Projelerim\ECommerce\src\Core\ECommerce.Domain\bin\Debug\net9.0\ECommerce.Domain.pdb" dosyasından "bin\Debug\net9.0\ECommerce.Domain.pdb" dosyasına kopyalama işlemi gerçekleştirilmedi.
       "Copy" görevini yürütme tamamlandı.
   3:6>"ECommerce.Application.csproj" projesinde "_CopyFilesMarkedCopyLocal" hedefini oluşturma tamamlandı.
       "AssignTargetPaths" hedefi atlandı. Önceden başarılı bir şekilde derlenmişti.
       "AssignProjectConfiguration" hedefi atlandı. Önceden başarılı bir şekilde derlenmişti.
       "_SplitProjectReferencesByFileExistence" hedefi atlandı. Önceden başarılı bir şekilde derlenmişti.
       "_GetProjectReferenceTargetFrameworkProperties" hedefi atlandı. Önceden başarılı bir şekilde derlenmişti.
   3:6>"C:\Users\mrkfk\OneDrive\Desktop\Projelerim\ECommerce\src\Core\ECommerce.Application\ECommerce.Application.csproj" projesinin "C:\Program Files\dotnet\sdk\10.0.100\Microsoft.Common.CurrentVersion.targets" dosyasındaki "_PopulateCommonStateForGetCopyToOutputDirectoryItems" hedefi ("GetCopyToOutputDirectoryItems" hedefi buna bağımlı):
   3:6>"ECommerce.Application.csproj" projesinde "_PopulateCommonStateForGetCopyToOutputDirectoryItems" hedefini oluşturma tamamlandı.
   3:6>"C:\Users\mrkfk\OneDrive\Desktop\Projelerim\ECommerce\src\Core\ECommerce.Application\ECommerce.Application.csproj" projesinin "C:\Program Files\dotnet\sdk\10.0.100\Microsoft.Common.CurrentVersion.targets" dosyasındaki "GetCopyToOutputDirectoryItems" hedefi ("_CopySourceItemsToOutputDirectory" hedefi buna bağımlı):
       "Microsoft.Build.Tasks.Core, Version=15.1.0.0, Culture=neutral, PublicKeyToken=b03f5f7f11d50a3a" derlemesindeki "CallTarget" görevi kullanılıyor.
       "CallTarget" görevi
       "_PopulateCommonStateForGetCopyToOutputDirectoryItems" hedefi atlandı. Önceden başarılı bir şekilde derlenmişti.
       "_AddOutputPathToGlobalPropertiesToRemove" hedefi atlandı. Önceden başarılı bir şekilde derlenmişti.
   3:6>"C:\Users\mrkfk\OneDrive\Desktop\Projelerim\ECommerce\src\Core\ECommerce.Application\ECommerce.Application.csproj" projesinin "C:\Program Files\dotnet\sdk\10.0.100\Microsoft.Common.CurrentVersion.targets" dosyasındaki "_GetCopyToOutputDirectoryItemsFromTransitiveProjectReferences" hedefi ("GetCopyToOutputDirectoryItems" hedefi buna bağımlı):
       "MSBuild" görevi
         "..\ECommerce.Domain\ECommerce.Domain.csproj" projesinin Özellikleri kaldırılıyor:
           TargetFramework
           RuntimeIdentifier
           SelfContained
   3:6>"C:\Users\mrkfk\OneDrive\Desktop\Projelerim\ECommerce\src\Core\ECommerce.Application\ECommerce.Application.csproj" projesi (3:6) 2 düğümünde "C:\Users\mrkfk\OneDrive\Desktop\Projelerim\ECommerce\src\Core\ECommerce.Domain\ECommerce.Domain.csproj" (2:11) oluşturuyor (GetCopyToOutputDirectoryItems hedef).
  2:11>"GetCopyToOutputDirectoryItems" hedefi atlandı. Önceden başarılı bir şekilde derlenmişti.
  2:11>"C:\Users\mrkfk\OneDrive\Desktop\Projelerim\ECommerce\src\Core\ECommerce.Domain\ECommerce.Domain.csproj" Projesini Oluşturma İşlemi Tamamlandı (GetCopyToOutputDirectoryItems hedef).
   3:6>"MSBuild" görevini yürütme tamamlandı.
       "AssignTargetPath" görevi
       "AssignTargetPath" görevini yürütme tamamlandı.
   3:6>"ECommerce.Application.csproj" projesinde "_GetCopyToOutputDirectoryItemsFromTransitiveProjectReferences" hedefini oluşturma tamamlandı.
       "CallTarget" görevini yürütme tamamlandı.
       "CallTarget" görevi
       "AssignTargetPaths" hedefi atlandı. Önceden başarılı bir şekilde derlenmişti.
       "_PopulateCommonStateForGetCopyToOutputDirectoryItems" hedefi atlandı. Önceden başarılı bir şekilde derlenmişti.
   3:6>"C:\Users\mrkfk\OneDrive\Desktop\Projelerim\ECommerce\src\Core\ECommerce.Application\ECommerce.Application.csproj" projesinin "C:\Program Files\dotnet\sdk\10.0.100\Microsoft.Common.CurrentVersion.targets" dosyasındaki "_GetCopyToOutputDirectoryItemsFromThisProject" hedefi ("GetCopyToOutputDirectoryItems" hedefi buna bağımlı):
       "AssignTargetPath" görevi
       "AssignTargetPath" görevini yürütme tamamlandı.
   3:6>"ECommerce.Application.csproj" projesinde "_GetCopyToOutputDirectoryItemsFromThisProject" hedefini oluşturma tamamlandı.
       "CallTarget" görevini yürütme tamamlandı.
   3:6>"ECommerce.Application.csproj" projesinde "GetCopyToOutputDirectoryItems" hedefini oluşturma tamamlandı.
   3:6>"C:\Users\mrkfk\OneDrive\Desktop\Projelerim\ECommerce\src\Core\ECommerce.Application\ECommerce.Application.csproj" projesinin "C:\Program Files\dotnet\sdk\10.0.100\Microsoft.Common.CurrentVersion.targets" dosyasındaki "_CopySourceItemsToOutputDirectory" hedefi ("CopyFilesToOutputDirectory" hedefi buna bağımlı):
   3:6>"ECommerce.Application.csproj" projesinde "_CopySourceItemsToOutputDirectory" hedefini oluşturma tamamlandı.
   3:6>"C:\Users\mrkfk\OneDrive\Desktop\Projelerim\ECommerce\src\Core\ECommerce.Application\ECommerce.Application.csproj" projesinin "C:\Program Files\dotnet\sdk\10.0.100\Microsoft.Common.CurrentVersion.targets" dosyasındaki "_CheckForCompileOutputs" hedefi ("CopyFilesToOutputDirectory" hedefi buna bağımlı):
   3:6>"ECommerce.Application.csproj" projesinde "_CheckForCompileOutputs" hedefini oluşturma tamamlandı.
       "_DefaultMicrosoftNETPlatformLibrary" hedefi atlandı. Önceden başarılı bir şekilde derlenmişti.
       "_HandlePackageFileConflicts" hedefi atlandı. Önceden başarılı bir şekilde derlenmişti.
       "ResolveAssemblyReferences" hedefi atlandı. Önceden başarılı bir şekilde derlenmişti.
   3:6>"C:\Users\mrkfk\OneDrive\Desktop\Projelerim\ECommerce\src\Core\ECommerce.Application\ECommerce.Application.csproj" projesinin "C:\Program Files\dotnet\sdk\10.0.100\Sdks\Microsoft.NET.Sdk\targets\Microsoft.NET.Sdk.targets" dosyasındaki "_ComputeReferenceAssemblies" hedefi ("GenerateBuildDependencyFile" hedefi buna bağımlı):
   3:6>"ECommerce.Application.csproj" projesinde "_ComputeReferenceAssemblies" hedefini oluşturma tamamlandı.
   3:6>"C:\Users\mrkfk\OneDrive\Desktop\Projelerim\ECommerce\src\Core\ECommerce.Application\ECommerce.Application.csproj" projesinin "C:\Program Files\dotnet\sdk\10.0.100\Sdks\Microsoft.NET.Sdk\targets\Microsoft.NET.Sdk.targets" dosyasındaki "_ComputeUserRuntimeAssemblies" hedefi ("GenerateBuildDependencyFile" hedefi buna bağımlı):
   3:6>"ECommerce.Application.csproj" projesinde "_ComputeUserRuntimeAssemblies" hedefini oluşturma tamamlandı.
       "_ComputePackageReferencePublish" hedefi atlandı. Önceden başarılı bir şekilde derlenmişti.
   3:6>"C:\Users\mrkfk\OneDrive\Desktop\Projelerim\ECommerce\src\Core\ECommerce.Application\ECommerce.Application.csproj" projesinin "C:\Program Files\dotnet\sdk\10.0.100\Sdks\Microsoft.NET.Sdk\targets\Microsoft.NET.Sdk.targets" dosyasındaki "GenerateBuildDependencyFile" hedefi ("CopyFilesToOutputDirectory" hedefi buna bağımlı):
       Tüm çıkış dosyaları, giriş dosyalarına göre güncel durumda olduğundan "GenerateBuildDependencyFile" hedefi atlanıyor.
       Giriş dosyaları: 
           C:\Users\mrkfk\OneDrive\Desktop\Projelerim\ECommerce\src\Core\ECommerce.Application\obj\project.assets.json
           C:\Users\mrkfk\OneDrive\Desktop\Projelerim\ECommerce\src\Core\ECommerce.Application\obj\Debug\net9.0\ECommerce.Application.assets.cache
           C:\Users\mrkfk\OneDrive\Desktop\Projelerim\ECommerce\src\Core\ECommerce.Application\obj\ECommerce.Application.csproj.nuget.g.props
           C:\Program Files\dotnet\sdk\10.0.100\Current\Microsoft.Common.targets\ImportAfter\Microsoft.TestPlatform.ImportAfter.targets
       Çıkış dosyaları: C:\Users\mrkfk\OneDrive\Desktop\Projelerim\ECommerce\src\Core\ECommerce.Application\bin\Debug\net9.0\ECommerce.Application.deps.json
   3:6>"ECommerce.Application.csproj" projesinde "GenerateBuildDependencyFile" hedefini oluşturma tamamlandı.
   3:6>"C:\Users\mrkfk\OneDrive\Desktop\Projelerim\ECommerce\src\Core\ECommerce.Application\ECommerce.Application.csproj" projesinin "C:\Program Files\dotnet\sdk\10.0.100\Microsoft.Common.CurrentVersion.targets" dosyasındaki "CopyFilesToOutputDirectory" hedefi ("PrepareForRun" hedefi buna bağımlı):
       "Copy" görevi
         Projede "SkipUnchangedFiles" parametresi "true" olarak ayarlandığından ve dosya boyutlarıyla zaman damgaları eşleştiğinden "obj\Debug\net9.0\ECommerce.Application.dll" dosyasından "bin\Debug\net9.0\ECommerce.Application.dll" dosyasına kopyalama işlemi gerçekleştirilmedi.
       "Copy" görevini yürütme tamamlandı.
       "C:\Program Files\dotnet\sdk\10.0.100\Sdks\Microsoft.NET.Sdk\targets\..\..\..\Roslyn\Microsoft.Build.Tasks.CodeAnalysis.dll" derlemesindeki "CopyRefAssembly" görevi kullanılıyor.
       "CopyRefAssembly" görevi
         Derleme TaskRun (Microsoft.CodeAnalysis.BuildTasks.CopyRefAssembly) sırasında yüklendi: Microsoft.Build.Tasks.CodeAnalysis.resources, Version=5.0.13.2411, Culture=tr, PublicKeyToken=31bf3856ad364e35 (konum: C:\Program Files\dotnet\sdk\10.0.100\Roslyn\tr\Microsoft.Build.Tasks.CodeAnalysis.resources.dll, MVID: d9dc488b-edd1-4bd1-93f1-d27776ce35ea, AssemblyLoadContext: MSBuild plugin C:\Program Files\dotnet\sdk\10.0.100\Roslyn\Microsoft.Build.Tasks.CodeAnalysis.dll)
         "C:\Users\mrkfk\OneDrive\Desktop\Projelerim\ECommerce\src\Core\ECommerce.Application\obj\Debug\net9.0\ref\ECommerce.Application.dll" başvuru bütünleştirilmiş kodu zaten son bilgileri içeriyor. Olduğu gibi bırakılıyor.
       "CopyRefAssembly" görevini yürütme tamamlandı.
       "Message" görevi
         ECommerce.Application -> C:\Users\mrkfk\OneDrive\Desktop\Projelerim\ECommerce\src\Core\ECommerce.Application\bin\Debug\net9.0\ECommerce.Application.dll
       "Message" görevini yürütme tamamlandı.
       "Copy" görevi
         Projede "SkipUnchangedFiles" parametresi "true" olarak ayarlandığından ve dosya boyutlarıyla zaman damgaları eşleştiğinden "obj\Debug\net9.0\ECommerce.Application.pdb" dosyasından "bin\Debug\net9.0\ECommerce.Application.pdb" dosyasına kopyalama işlemi gerçekleştirilmedi.
       "Copy" görevini yürütme tamamlandı.
   3:6>"ECommerce.Application.csproj" projesinde "CopyFilesToOutputDirectory" hedefini oluşturma tamamlandı.
   3:6>"C:\Users\mrkfk\OneDrive\Desktop\Projelerim\ECommerce\src\Core\ECommerce.Application\ECommerce.Application.csproj" projesinin "C:\Program Files\dotnet\sdk\10.0.100\Microsoft.Common.CurrentVersion.targets" dosyasındaki "PrepareForRun" hedefi ("CoreBuild" hedefi buna bağımlı):
   3:6>"ECommerce.Application.csproj" projesinde "PrepareForRun" hedefini oluşturma tamamlandı.
       "_CheckForCompileOutputs" hedefi atlandı. Önceden başarılı bir şekilde derlenmişti.
   3:6>"C:\Users\mrkfk\OneDrive\Desktop\Projelerim\ECommerce\src\Core\ECommerce.Application\ECommerce.Application.csproj" projesinin "C:\Program Files\dotnet\sdk\10.0.100\Microsoft.Common.CurrentVersion.targets" dosyasındaki "_CleanGetCurrentAndPriorFileWrites" hedefi ("IncrementalClean" hedefi buna bağımlı):
       "Microsoft.Build.Tasks.Core, Version=15.1.0.0, Culture=neutral, PublicKeyToken=b03f5f7f11d50a3a" derlemesindeki "ReadLinesFromFile" görevi kullanılıyor.
       "ReadLinesFromFile" görevi
       "ReadLinesFromFile" görevini yürütme tamamlandı.
       "ConvertToAbsolutePath" görevi
       "ConvertToAbsolutePath" görevini yürütme tamamlandı.
       "Microsoft.Build.Tasks.Core, Version=15.1.0.0, Culture=neutral, PublicKeyToken=b03f5f7f11d50a3a" derlemesindeki "FindUnderPath" görevi kullanılıyor.
       "FindUnderPath" görevi
         Karşılaştırma yolu: "C:\Users\mrkfk\OneDrive\Desktop\Projelerim\ECommerce\src\Core\ECommerce.Application".
       "FindUnderPath" görevini yürütme tamamlandı.
       "FindUnderPath" görevi
         Karşılaştırma yolu: "bin\Debug\net9.0\".
       "FindUnderPath" görevini yürütme tamamlandı.
       "FindUnderPath" görevi
         Karşılaştırma yolu: "obj\Debug\net9.0\".
       "FindUnderPath" görevini yürütme tamamlandı.
       "RemoveDuplicates" görevi
       "RemoveDuplicates" görevini yürütme tamamlandı.
   3:6>"ECommerce.Application.csproj" projesinde "_CleanGetCurrentAndPriorFileWrites" hedefini oluşturma tamamlandı.
   3:6>"C:\Users\mrkfk\OneDrive\Desktop\Projelerim\ECommerce\src\Core\ECommerce.Application\ECommerce.Application.csproj" projesinin "C:\Program Files\dotnet\sdk\10.0.100\Microsoft.Common.CurrentVersion.targets" dosyasındaki "IncrementalClean" hedefi ("CoreBuild" hedefi buna bağımlı):
       "FindUnderPath" görevi
         Karşılaştırma yolu: "bin\Debug\net9.0\".
       "FindUnderPath" görevini yürütme tamamlandı.
       "FindUnderPath" görevi
         Karşılaştırma yolu: "obj\Debug\net9.0\".
       "FindUnderPath" görevini yürütme tamamlandı.
       "Microsoft.Build.Tasks.Core, Version=15.1.0.0, Culture=neutral, PublicKeyToken=b03f5f7f11d50a3a" derlemesindeki "Delete" görevi kullanılıyor.
       "Delete" görevi
       "Delete" görevini yürütme tamamlandı.
       "RemoveDuplicates" görevi
       "RemoveDuplicates" görevini yürütme tamamlandı.
   3:6>"ECommerce.Application.csproj" projesinde "IncrementalClean" hedefini oluşturma tamamlandı.
       "GenerateBuildDependencyFile" hedefi atlandı. Önceden başarılı bir şekilde derlenmişti.
   3:6>"C:\Users\mrkfk\OneDrive\Desktop\Projelerim\ECommerce\src\Core\ECommerce.Application\ECommerce.Application.csproj" projesinin "C:\Program Files\dotnet\sdk\10.0.100\Microsoft.Common.CurrentVersion.targets" dosyasındaki "CoreBuild" hedefi ("Build" hedefi buna bağımlı):
   3:6>"ECommerce.Application.csproj" projesinde "CoreBuild" hedefini oluşturma tamamlandı.
   3:6>"C:\Users\mrkfk\OneDrive\Desktop\Projelerim\ECommerce\src\Core\ECommerce.Application\ECommerce.Application.csproj" projesinin "C:\Program Files\dotnet\sdk\10.0.100\Microsoft.Common.CurrentVersion.targets" dosyasındaki "AfterBuild" hedefi ("Build" hedefi buna bağımlı):
   3:6>"ECommerce.Application.csproj" projesinde "AfterBuild" hedefini oluşturma tamamlandı.
       "_CheckForInvalidConfigurationAndPlatform" hedefi atlandı. Önceden başarılı bir şekilde derlenmişti.
       "_CheckForInvalidConfigurationAndPlatform" hedefi atlandı. Önceden başarılı bir şekilde derlenmişti.
   3:6>"C:\Users\mrkfk\OneDrive\Desktop\Projelerim\ECommerce\src\Core\ECommerce.Application\ECommerce.Application.csproj" projesinin "C:\Program Files\dotnet\sdk\10.0.100\Microsoft.Common.CurrentVersion.targets" dosyasındaki "Build" hedefi (giriş noktası):
   3:6>"ECommerce.Application.csproj" projesinde "Build" hedefini oluşturma tamamlandı.
   3:6>"C:\Users\mrkfk\OneDrive\Desktop\Projelerim\ECommerce\src\Core\ECommerce.Application\ECommerce.Application.csproj" projesinin "C:\Program Files\dotnet\sdk\10.0.100\Containers\build\Microsoft.NET.Build.Containers.targets" dosyasındaki "_CheckContainersPackage" hedefi (giriş noktası):
   3:6>"ECommerce.Application.csproj" projesinde "_CheckContainersPackage" hedefini oluşturma tamamlandı.
   3:6>"C:\Users\mrkfk\OneDrive\Desktop\Projelerim\ECommerce\src\Core\ECommerce.Application\ECommerce.Application.csproj" Projesini Oluşturma İşlemi Tamamlandı (varsayılan hedefler).
   1:7>"MSBuild" görevini yürütme tamamlandı.
       "MSBuild" görevi
         "..\..\Core\ECommerce.Domain\ECommerce.Domain.csproj" projesinin Özellikleri kaldırılıyor:
           TargetFramework
           RuntimeIdentifier
           SelfContained
         "..\..\Core\ECommerce.Application\ECommerce.Application.csproj" projesinin Özellikleri kaldırılıyor:
           TargetFramework
           RuntimeIdentifier
           SelfContained
   1:7>"C:\Users\mrkfk\OneDrive\Desktop\Projelerim\ECommerce\src\Infrastructure\ECommerce.Infrastructure\ECommerce.Infrastructure.csproj" projesi (1:7) 2 düğümünde "C:\Users\mrkfk\OneDrive\Desktop\Projelerim\ECommerce\src\Core\ECommerce.Domain\ECommerce.Domain.csproj" (2:12) oluşturuyor (GetNativeManifest hedef).
  2:12>"GetNativeManifest" hedefi atlandı. Önceden başarılı bir şekilde derlenmişti.
  2:12>"C:\Users\mrkfk\OneDrive\Desktop\Projelerim\ECommerce\src\Core\ECommerce.Domain\ECommerce.Domain.csproj" Projesini Oluşturma İşlemi Tamamlandı (GetNativeManifest hedef).
   1:7>"C:\Users\mrkfk\OneDrive\Desktop\Projelerim\ECommerce\src\Infrastructure\ECommerce.Infrastructure\ECommerce.Infrastructure.csproj" projesi (1:7) 1 düğümünde "C:\Users\mrkfk\OneDrive\Desktop\Projelerim\ECommerce\src\Core\ECommerce.Application\ECommerce.Application.csproj" (3:7) oluşturuyor (GetNativeManifest hedef).
   3:7>"C:\Users\mrkfk\OneDrive\Desktop\Projelerim\ECommerce\src\Core\ECommerce.Application\ECommerce.Application.csproj" projesinin "C:\Program Files\dotnet\sdk\10.0.100\Microsoft.Common.CurrentVersion.targets" dosyasındaki "GetNativeManifest" hedefi (giriş noktası):
   3:7>"ECommerce.Application.csproj" projesinde "GetNativeManifest" hedefini oluşturma tamamlandı.
   3:7>"C:\Users\mrkfk\OneDrive\Desktop\Projelerim\ECommerce\src\Core\ECommerce.Application\ECommerce.Application.csproj" Projesini Oluşturma İşlemi Tamamlandı (GetNativeManifest hedef).
   1:7>"MSBuild" görevini yürütme tamamlandı.
   1:7>"ECommerce.Infrastructure.csproj" projesinde "ResolveProjectReferences" hedefini oluşturma tamamlandı.
       "ResolveProjectReferences" hedefi atlandı. Önceden başarılı bir şekilde derlenmişti.
       "GetFrameworkPaths" hedefi atlandı. Önceden başarılı bir şekilde derlenmişti.
       "GetReferenceAssemblyPaths" hedefi atlandı. Önceden başarılı bir şekilde derlenmişti.
       "PrepareForBuild" hedefi atlandı. Önceden başarılı bir şekilde derlenmişti.
   1:7>"C:\Users\mrkfk\OneDrive\Desktop\Projelerim\ECommerce\src\Infrastructure\ECommerce.Infrastructure\ECommerce.Infrastructure.csproj" projesinin "C:\Program Files\dotnet\sdk\10.0.100\Microsoft.Common.CurrentVersion.targets" dosyasındaki "ResolveSDKReferences" hedefi ("ResolveAssemblyReferences" hedefi buna bağımlı):
   1:7>"ECommerce.Infrastructure.csproj" projesinde "ResolveSDKReferences" hedefini oluşturma tamamlandı.
       "ResolveSDKReferences" hedefi atlandı. Önceden başarılı bir şekilde derlenmişti.
   1:7>"C:\Users\mrkfk\OneDrive\Desktop\Projelerim\ECommerce\src\Infrastructure\ECommerce.Infrastructure\ECommerce.Infrastructure.csproj" projesinin "C:\Program Files\dotnet\sdk\10.0.100\Microsoft.Common.CurrentVersion.targets" dosyasındaki "ExpandSDKReferences" hedefi ("ResolveAssemblyReferences" hedefi buna bağımlı):
   1:7>"ECommerce.Infrastructure.csproj" projesinde "ExpandSDKReferences" hedefini oluşturma tamamlandı.
       "ResolvePackageDependenciesForBuild" hedefi atlandı. Önceden başarılı bir şekilde derlenmişti.
       "GetFrameworkPaths" hedefi atlandı. Önceden başarılı bir şekilde derlenmişti.
       "GetReferenceAssemblyPaths" hedefi atlandı. Önceden başarılı bir şekilde derlenmişti.
       "ProcessFrameworkReferences" hedefi atlandı. Önceden başarılı bir şekilde derlenmişti.
       "ResolvePackageAssets" hedefi atlandı. Önceden başarılı bir şekilde derlenmişti.
   1:7>"C:\Users\mrkfk\OneDrive\Desktop\Projelerim\ECommerce\src\Infrastructure\ECommerce.Infrastructure\ECommerce.Infrastructure.csproj" projesinin "C:\Program Files\dotnet\sdk\10.0.100\Sdks\Microsoft.NET.Sdk\targets\Microsoft.NET.Sdk.FrameworkReferenceResolution.targets" dosyasındaki "ResolveFrameworkReferences" hedefi ("ResolveTargetingPackAssets" hedefi buna bağımlı):
       "C:\Program Files\dotnet\sdk\10.0.100\Sdks\Microsoft.NET.Sdk\targets\..\tools\net10.0\Microsoft.NET.Build.Tasks.dll" derlemesindeki "GetPackageDirectory" görevi kullanılıyor.
       "GetPackageDirectory" görevi
       "GetPackageDirectory" görevini yürütme tamamlandı.
       "GetPackageDirectory" görevi
       "GetPackageDirectory" görevini yürütme tamamlandı.
       "GetPackageDirectory" görevi
       "GetPackageDirectory" görevini yürütme tamamlandı.
       "GetPackageDirectory" görevi
       "GetPackageDirectory" görevini yürütme tamamlandı.
       "GetPackageDirectory" görevi
       "GetPackageDirectory" görevini yürütme tamamlandı.
       "GetPackageDirectory" görevi
       "GetPackageDirectory" görevini yürütme tamamlandı.
       "GetPackageDirectory" görevi
       "GetPackageDirectory" görevini yürütme tamamlandı.
       "GetPackageDirectory" görevi
       "GetPackageDirectory" görevini yürütme tamamlandı.
       "GetPackageDirectory" görevi
       "GetPackageDirectory" görevini yürütme tamamlandı.
       "GetPackageDirectory" görevi
       "GetPackageDirectory" görevini yürütme tamamlandı.
       "C:\Program Files\dotnet\sdk\10.0.100\Sdks\Microsoft.NET.Sdk\targets\..\tools\net10.0\Microsoft.NET.Build.Tasks.dll" derlemesindeki "ResolveFrameworkReferences" görevi kullanılıyor.
       "ResolveFrameworkReferences" görevi
       "ResolveFrameworkReferences" görevini yürütme tamamlandı.
   1:7>"ECommerce.Infrastructure.csproj" projesinde "ResolveFrameworkReferences" hedefini oluşturma tamamlandı.
   1:7>"C:\Users\mrkfk\OneDrive\Desktop\Projelerim\ECommerce\src\Infrastructure\ECommerce.Infrastructure\ECommerce.Infrastructure.csproj" projesinin "C:\Program Files\dotnet\sdk\10.0.100\Sdks\Microsoft.NET.Sdk\targets\Microsoft.NET.Sdk.FrameworkReferenceResolution.targets" dosyasındaki "ResolveTargetingPackAssets" hedefi ("_HandlePackageFileConflicts" hedefi buna bağımlı):
       "C:\Program Files\dotnet\sdk\10.0.100\Sdks\Microsoft.NET.Sdk\targets\..\tools\net10.0\Microsoft.NET.Build.Tasks.dll" derlemesindeki "ResolveTargetingPackAssets" görevi kullanılıyor.
       "ResolveTargetingPackAssets" görevi
       "ResolveTargetingPackAssets" görevini yürütme tamamlandı.
   1:7>"ECommerce.Infrastructure.csproj" projesinde "ResolveTargetingPackAssets" hedefini oluşturma tamamlandı.
   1:7>"C:\Users\mrkfk\OneDrive\Desktop\Projelerim\ECommerce\src\Infrastructure\ECommerce.Infrastructure\ECommerce.Infrastructure.csproj" projesinin "C:\Program Files\dotnet\sdk\10.0.100\Sdks\Microsoft.NET.Sdk\targets\Microsoft.NET.Sdk.FrameworkReferenceResolution.targets" dosyasındaki "ResolveOffByDefaultAnalyzers" hedefi ("_HandlePackageFileConflicts" hedefi buna bağımlı):
   1:7>"ECommerce.Infrastructure.csproj" projesinde "ResolveOffByDefaultAnalyzers" hedefini oluşturma tamamlandı.
   1:7>"C:\Users\mrkfk\OneDrive\Desktop\Projelerim\ECommerce\src\Infrastructure\ECommerce.Infrastructure\ECommerce.Infrastructure.csproj" projesinin "C:\Program Files\dotnet\sdk\10.0.100\Sdks\Microsoft.NET.Sdk\targets\Microsoft.NET.ConflictResolution.targets" dosyasındaki "_HandlePackageFileConflicts" hedefi ("ResolveAssemblyReferences" hedefi buna bağımlı):
       "C:\Program Files\dotnet\sdk\10.0.100\Sdks\Microsoft.NET.Sdk\targets\..\tools\net10.0\Microsoft.NET.Build.Tasks.dll" derlemesindeki "ResolvePackageFileConflicts" görevi kullanılıyor.
       "ResolvePackageFileConflicts" görevi
         'Platform:mscorlib.dll' ile 'Platform:mscorlib.dll' arasında çakışmayla karşılaşıldı. Eşit dosya ve bütünleştirilmiş kod sürümleri nedeniyle kazanan belirlenemedi.
         'Platform:Microsoft.VisualBasic.dll' ile 'Platform:Microsoft.VisualBasic.dll' arasında çakışmayla karşılaşıldı. Eşit dosya ve bütünleştirilmiş kod sürümleri nedeniyle kazanan belirlenemedi.
         'Platform:System.dll' ile 'Platform:System.dll' arasında çakışmayla karşılaşıldı. Eşit dosya ve bütünleştirilmiş kod sürümleri nedeniyle kazanan belirlenemedi.
         'Platform:System.ComponentModel.DataAnnotations.dll' ile 'Platform:System.ComponentModel.DataAnnotations.dll' arasında çakışmayla karşılaşıldı. Eşit dosya ve bütünleştirilmiş kod sürümleri nedeniyle kazanan belirlenemedi.
         'Platform:System.Configuration.dll' ile 'Platform:System.Configuration.dll' arasında çakışmayla karşılaşıldı. Eşit dosya ve bütünleştirilmiş kod sürümleri nedeniyle kazanan belirlenemedi.
         'Platform:System.Core.dll' ile 'Platform:System.Core.dll' arasında çakışmayla karşılaşıldı. Eşit dosya ve bütünleştirilmiş kod sürümleri nedeniyle kazanan belirlenemedi.
         'Platform:System.Data.dll' ile 'Platform:System.Data.dll' arasında çakışmayla karşılaşıldı. Eşit dosya ve bütünleştirilmiş kod sürümleri nedeniyle kazanan belirlenemedi.
         'Platform:System.Drawing.dll' ile 'Platform:System.Drawing.dll' arasında çakışmayla karşılaşıldı. Eşit dosya ve bütünleştirilmiş kod sürümleri nedeniyle kazanan belirlenemedi.
         'Platform:System.IO.Compression.FileSystem.dll' ile 'Platform:System.IO.Compression.FileSystem.dll' arasında çakışmayla karşılaşıldı. Eşit dosya ve bütünleştirilmiş kod sürümleri nedeniyle kazanan belirlenemedi.
         'Platform:System.Net.dll' ile 'Platform:System.Net.dll' arasında çakışmayla karşılaşıldı. Eşit dosya ve bütünleştirilmiş kod sürümleri nedeniyle kazanan belirlenemedi.
         'Platform:System.Numerics.dll' ile 'Platform:System.Numerics.dll' arasında çakışmayla karşılaşıldı. Eşit dosya ve bütünleştirilmiş kod sürümleri nedeniyle kazanan belirlenemedi.
         'Platform:System.Runtime.Serialization.dll' ile 'Platform:System.Runtime.Serialization.dll' arasında çakışmayla karşılaşıldı. Eşit dosya ve bütünleştirilmiş kod sürümleri nedeniyle kazanan belirlenemedi.
         'Platform:System.Security.dll' ile 'Platform:System.Security.dll' arasında çakışmayla karşılaşıldı. Eşit dosya ve bütünleştirilmiş kod sürümleri nedeniyle kazanan belirlenemedi.
         'Platform:System.ServiceProcess.dll' ile 'Platform:System.ServiceProcess.dll' arasında çakışmayla karşılaşıldı. Eşit dosya ve bütünleştirilmiş kod sürümleri nedeniyle kazanan belirlenemedi.
         'Platform:System.ServiceModel.Web.dll' ile 'Platform:System.ServiceModel.Web.dll' arasında çakışmayla karşılaşıldı. Eşit dosya ve bütünleştirilmiş kod sürümleri nedeniyle kazanan belirlenemedi.
         'Platform:System.Transactions.dll' ile 'Platform:System.Transactions.dll' arasında çakışmayla karşılaşıldı. Eşit dosya ve bütünleştirilmiş kod sürümleri nedeniyle kazanan belirlenemedi.
         'Platform:System.Web.dll' ile 'Platform:System.Web.dll' arasında çakışmayla karşılaşıldı. Eşit dosya ve bütünleştirilmiş kod sürümleri nedeniyle kazanan belirlenemedi.
         'Platform:System.Windows.dll' ile 'Platform:System.Windows.dll' arasında çakışmayla karşılaşıldı. Eşit dosya ve bütünleştirilmiş kod sürümleri nedeniyle kazanan belirlenemedi.
         'Platform:System.Xml.dll' ile 'Platform:System.Xml.dll' arasında çakışmayla karşılaşıldı. Eşit dosya ve bütünleştirilmiş kod sürümleri nedeniyle kazanan belirlenemedi.
         'Platform:System.Xml.Serialization.dll' ile 'Platform:System.Xml.Serialization.dll' arasında çakışmayla karşılaşıldı. Eşit dosya ve bütünleştirilmiş kod sürümleri nedeniyle kazanan belirlenemedi.
         'Platform:System.Xml.Linq.dll' ile 'Platform:System.Xml.Linq.dll' arasında çakışmayla karşılaşıldı. Eşit dosya ve bütünleştirilmiş kod sürümleri nedeniyle kazanan belirlenemedi.
         'Platform:WindowsBase.dll' ile 'Platform:WindowsBase.dll' arasında çakışmayla karşılaşıldı. Eşit dosya ve bütünleştirilmiş kod sürümleri nedeniyle kazanan belirlenemedi.
         'Platform:netstandard.dll' ile 'Platform:netstandard.dll' arasında çakışmayla karşılaşıldı. Eşit dosya ve bütünleştirilmiş kod sürümleri nedeniyle kazanan belirlenemedi.
         'Platform:System.Private.CoreLib.dll' ile 'Platform:System.Private.CoreLib.dll' arasında çakışmayla karşılaşıldı. Eşit dosya ve bütünleştirilmiş kod sürümleri nedeniyle kazanan belirlenemedi.
         'Platform:System.Private.DataContractSerialization.dll' ile 'Platform:System.Private.DataContractSerialization.dll' arasında çakışmayla karşılaşıldı. Eşit dosya ve bütünleştirilmiş kod sürümleri nedeniyle kazanan belirlenemedi.
         'Platform:System.Private.Uri.dll' ile 'Platform:System.Private.Uri.dll' arasında çakışmayla karşılaşıldı. Eşit dosya ve bütünleştirilmiş kod sürümleri nedeniyle kazanan belirlenemedi.
         'Platform:System.Private.Xml.dll' ile 'Platform:System.Private.Xml.dll' arasında çakışmayla karşılaşıldı. Eşit dosya ve bütünleştirilmiş kod sürümleri nedeniyle kazanan belirlenemedi.
         'Platform:System.Private.Xml.Linq.dll' ile 'Platform:System.Private.Xml.Linq.dll' arasında çakışmayla karşılaşıldı. Eşit dosya ve bütünleştirilmiş kod sürümleri nedeniyle kazanan belirlenemedi.
         'Platform:mscordaccore_amd64_amd64_9.0.1125.51716.dll' ile 'Platform:mscordaccore_amd64_amd64_9.0.1125.51716.dll' arasında çakışmayla karşılaşıldı. Eşit dosya ve bütünleştirilmiş kod sürümleri nedeniyle kazanan belirlenemedi.
       "ResolvePackageFileConflicts" görevini yürütme tamamlandı.
   1:7>"ECommerce.Infrastructure.csproj" projesinde "_HandlePackageFileConflicts" hedefini oluşturma tamamlandı.
       "ResolveTargetingPackAssets" hedefi atlandı. Önceden başarılı bir şekilde derlenmişti.
   1:7>"C:\Users\mrkfk\OneDrive\Desktop\Projelerim\ECommerce\src\Infrastructure\ECommerce.Infrastructure\ECommerce.Infrastructure.csproj" projesinin "C:\Program Files\dotnet\sdk\10.0.100\Microsoft.Common.CurrentVersion.targets" dosyasındaki "ResolveAssemblyReferences" hedefi ("ResolveReferences" hedefi buna bağımlı):
       "ResolveAssemblyReference" görevi
         TargetFrameworkMoniker:
             .NETCoreApp,Version=v9.0
         TargetFrameworkMonikerDisplayName:
             .NET 9.0
         TargetedRuntimeVersion:
             
         Assemblies:
             C:\Users\mrkfk\.nuget\packages\automapper\12.0.1\lib\netstandard2.1\AutoMapper.dll
                 Private = 'false'
                 HintPath = 'C:\Users\mrkfk\.nuget\packages\automapper\12.0.1\lib\netstandard2.1\AutoMapper.dll'
             C:\Users\mrkfk\.nuget\packages\automapper.extensions.microsoft.dependencyinjection\12.0.1\lib\netstandard2.1\AutoMapper.Extensions.Microsoft.DependencyInjection.dll
                 Private = 'false'
                 HintPath = 'C:\Users\mrkfk\.nuget\packages\automapper.extensions.microsoft.dependencyinjection\12.0.1\lib\netstandard2.1\AutoMapper.Extensions.Microsoft.DependencyInjection.dll'
             C:\Users\mrkfk\.nuget\packages\azure.core\1.38.0\lib\net6.0\Azure.Core.dll
                 Private = 'false'
                 HintPath = 'C:\Users\mrkfk\.nuget\packages\azure.core\1.38.0\lib\net6.0\Azure.Core.dll'
             C:\Users\mrkfk\.nuget\packages\azure.identity\1.11.4\lib\netstandard2.0\Azure.Identity.dll
                 Private = 'false'
                 HintPath = 'C:\Users\mrkfk\.nuget\packages\azure.identity\1.11.4\lib\netstandard2.0\Azure.Identity.dll'
             C:\Users\mrkfk\.nuget\packages\bcrypt.net-next\4.0.3\lib\net6.0\BCrypt.Net-Next.dll
                 Private = 'false'
                 HintPath = 'C:\Users\mrkfk\.nuget\packages\bcrypt.net-next\4.0.3\lib\net6.0\BCrypt.Net-Next.dll'
             C:\Users\mrkfk\.nuget\packages\elasticsearch.net\7.17.5\lib\netstandard2.1\Elasticsearch.Net.dll
                 Private = 'false'
                 HintPath = 'C:\Users\mrkfk\.nuget\packages\elasticsearch.net\7.17.5\lib\netstandard2.1\Elasticsearch.Net.dll'
             C:\Users\mrkfk\.nuget\packages\fluentvalidation\11.11.0\lib\net8.0\FluentValidation.dll
                 Private = 'false'
                 HintPath = 'C:\Users\mrkfk\.nuget\packages\fluentvalidation\11.11.0\lib\net8.0\FluentValidation.dll'
             C:\Users\mrkfk\.nuget\packages\fluentvalidation.dependencyinjectionextensions\11.11.0\lib\netstandard2.1\FluentValidation.DependencyInjectionExtensions.dll
                 Private = 'false'
                 HintPath = 'C:\Users\mrkfk\.nuget\packages\fluentvalidation.dependencyinjectionextensions\11.11.0\lib\netstandard2.1\FluentValidation.DependencyInjectionExtensions.dll'
             C:\Users\mrkfk\.nuget\packages\microsoft.bcl.asyncinterfaces\7.0.0\lib\netstandard2.1\Microsoft.Bcl.AsyncInterfaces.dll
                 Private = 'false'
                 HintPath = 'C:\Users\mrkfk\.nuget\packages\microsoft.bcl.asyncinterfaces\7.0.0\lib\netstandard2.1\Microsoft.Bcl.AsyncInterfaces.dll'
             C:\Users\mrkfk\.nuget\packages\microsoft.data.sqlclient\5.1.6\ref\net6.0\Microsoft.Data.SqlClient.dll
                 Private = 'false'
                 HintPath = 'C:\Users\mrkfk\.nuget\packages\microsoft.data.sqlclient\5.1.6\ref\net6.0\Microsoft.Data.SqlClient.dll'
             C:\Users\mrkfk\.nuget\packages\microsoft.data.sqlite.core\9.0.0\lib\net8.0\Microsoft.Data.Sqlite.dll
                 Private = 'false'
                 HintPath = 'C:\Users\mrkfk\.nuget\packages\microsoft.data.sqlite.core\9.0.0\lib\net8.0\Microsoft.Data.Sqlite.dll'
             C:\Users\mrkfk\.nuget\packages\microsoft.entityframeworkcore\9.0.0\lib\net8.0\Microsoft.EntityFrameworkCore.dll
                 Private = 'false'
                 HintPath = 'C:\Users\mrkfk\.nuget\packages\microsoft.entityframeworkcore\9.0.0\lib\net8.0\Microsoft.EntityFrameworkCore.dll'
             C:\Users\mrkfk\.nuget\packages\microsoft.entityframeworkcore.abstractions\9.0.0\lib\net8.0\Microsoft.EntityFrameworkCore.Abstractions.dll
                 Private = 'false'
                 HintPath = 'C:\Users\mrkfk\.nuget\packages\microsoft.entityframeworkcore.abstractions\9.0.0\lib\net8.0\Microsoft.EntityFrameworkCore.Abstractions.dll'
             C:\Users\mrkfk\.nuget\packages\microsoft.entityframeworkcore.relational\9.0.0\lib\net8.0\Microsoft.EntityFrameworkCore.Relational.dll
                 Private = 'false'
                 HintPath = 'C:\Users\mrkfk\.nuget\packages\microsoft.entityframeworkcore.relational\9.0.0\lib\net8.0\Microsoft.EntityFrameworkCore.Relational.dll'
             C:\Users\mrkfk\.nuget\packages\microsoft.entityframeworkcore.sqlite.core\9.0.0\lib\net8.0\Microsoft.EntityFrameworkCore.Sqlite.dll
                 Private = 'false'
                 HintPath = 'C:\Users\mrkfk\.nuget\packages\microsoft.entityframeworkcore.sqlite.core\9.0.0\lib\net8.0\Microsoft.EntityFrameworkCore.Sqlite.dll'
             C:\Users\mrkfk\.nuget\packages\microsoft.entityframeworkcore.sqlserver\9.0.0\lib\net8.0\Microsoft.EntityFrameworkCore.SqlServer.dll
                 Private = 'false'
                 HintPath = 'C:\Users\mrkfk\.nuget\packages\microsoft.entityframeworkcore.sqlserver\9.0.0\lib\net8.0\Microsoft.EntityFrameworkCore.SqlServer.dll'
             C:\Users\mrkfk\.nuget\packages\microsoft.extensions.dependencymodel\9.0.0\lib\net9.0\Microsoft.Extensions.DependencyModel.dll
                 Private = 'false'
                 HintPath = 'C:\Users\mrkfk\.nuget\packages\microsoft.extensions.dependencymodel\9.0.0\lib\net9.0\Microsoft.Extensions.DependencyModel.dll'
             C:\Users\mrkfk\.nuget\packages\microsoft.identity.client\4.61.3\lib\net6.0\Microsoft.Identity.Client.dll
                 Private = 'false'
                 HintPath = 'C:\Users\mrkfk\.nuget\packages\microsoft.identity.client\4.61.3\lib\net6.0\Microsoft.Identity.Client.dll'
             C:\Users\mrkfk\.nuget\packages\microsoft.identity.client.extensions.msal\4.61.3\lib\net6.0\Microsoft.Identity.Client.Extensions.Msal.dll
                 Private = 'false'
                 HintPath = 'C:\Users\mrkfk\.nuget\packages\microsoft.identity.client.extensions.msal\4.61.3\lib\net6.0\Microsoft.Identity.Client.Extensions.Msal.dll'
             C:\Users\mrkfk\.nuget\packages\microsoft.identitymodel.abstractions\8.2.1\lib\net9.0\Microsoft.IdentityModel.Abstractions.dll
                 Private = 'false'
                 HintPath = 'C:\Users\mrkfk\.nuget\packages\microsoft.identitymodel.abstractions\8.2.1\lib\net9.0\Microsoft.IdentityModel.Abstractions.dll'
             C:\Users\mrkfk\.nuget\packages\microsoft.identitymodel.jsonwebtokens\8.2.1\lib\net9.0\Microsoft.IdentityModel.JsonWebTokens.dll
                 Private = 'false'
                 HintPath = 'C:\Users\mrkfk\.nuget\packages\microsoft.identitymodel.jsonwebtokens\8.2.1\lib\net9.0\Microsoft.IdentityModel.JsonWebTokens.dll'
             C:\Users\mrkfk\.nuget\packages\microsoft.identitymodel.logging\8.2.1\lib\net9.0\Microsoft.IdentityModel.Logging.dll
                 Private = 'false'
                 HintPath = 'C:\Users\mrkfk\.nuget\packages\microsoft.identitymodel.logging\8.2.1\lib\net9.0\Microsoft.IdentityModel.Logging.dll'
             C:\Users\mrkfk\.nuget\packages\microsoft.identitymodel.protocols\6.35.0\lib\net6.0\Microsoft.IdentityModel.Protocols.dll
                 Private = 'false'
                 HintPath = 'C:\Users\mrkfk\.nuget\packages\microsoft.identitymodel.protocols\6.35.0\lib\net6.0\Microsoft.IdentityModel.Protocols.dll'
             C:\Users\mrkfk\.nuget\packages\microsoft.identitymodel.protocols.openidconnect\6.35.0\lib\net6.0\Microsoft.IdentityModel.Protocols.OpenIdConnect.dll
                 Private = 'false'
                 HintPath = 'C:\Users\mrkfk\.nuget\packages\microsoft.identitymodel.protocols.openidconnect\6.35.0\lib\net6.0\Microsoft.IdentityModel.Protocols.OpenIdConnect.dll'
             C:\Users\mrkfk\.nuget\packages\microsoft.identitymodel.tokens\8.2.1\lib\net9.0\Microsoft.IdentityModel.Tokens.dll
                 Private = 'false'
                 HintPath = 'C:\Users\mrkfk\.nuget\packages\microsoft.identitymodel.tokens\8.2.1\lib\net9.0\Microsoft.IdentityModel.Tokens.dll'
             C:\Users\mrkfk\.nuget\packages\microsoft.io.recyclablememorystream\3.0.1\lib\net6.0\Microsoft.IO.RecyclableMemoryStream.dll
                 Private = 'false'
                 HintPath = 'C:\Users\mrkfk\.nuget\packages\microsoft.io.recyclablememorystream\3.0.1\lib\net6.0\Microsoft.IO.RecyclableMemoryStream.dll'
             C:\Users\mrkfk\.nuget\packages\microsoft.sqlserver.server\1.0.0\lib\netstandard2.0\Microsoft.SqlServer.Server.dll
                 Private = 'false'
                 HintPath = 'C:\Users\mrkfk\.nuget\packages\microsoft.sqlserver.server\1.0.0\lib\netstandard2.0\Microsoft.SqlServer.Server.dll'
             C:\Users\mrkfk\.nuget\packages\nest\7.17.5\lib\netstandard2.0\Nest.dll
                 Private = 'false'
                 HintPath = 'C:\Users\mrkfk\.nuget\packages\nest\7.17.5\lib\netstandard2.0\Nest.dll'
             C:\Users\mrkfk\.nuget\packages\sixlabors.imagesharp\3.1.12\lib\net6.0\SixLabors.ImageSharp.dll
                 Private = 'false'
                 HintPath = 'C:\Users\mrkfk\.nuget\packages\sixlabors.imagesharp\3.1.12\lib\net6.0\SixLabors.ImageSharp.dll'
             C:\Users\mrkfk\.nuget\packages\sixlabors.imagesharp.web\3.2.0\lib\net6.0\SixLabors.ImageSharp.Web.dll
                 Private = 'false'
                 HintPath = 'C:\Users\mrkfk\.nuget\packages\sixlabors.imagesharp.web\3.2.0\lib\net6.0\SixLabors.ImageSharp.Web.dll'
             C:\Users\mrkfk\.nuget\packages\sqlitepclraw.bundle_e_sqlite3\2.1.10\lib\netstandard2.0\SQLitePCLRaw.batteries_v2.dll
                 Private = 'false'
                 HintPath = 'C:\Users\mrkfk\.nuget\packages\sqlitepclraw.bundle_e_sqlite3\2.1.10\lib\netstandard2.0\SQLitePCLRaw.batteries_v2.dll'
             C:\Users\mrkfk\.nuget\packages\sqlitepclraw.core\2.1.10\lib\netstandard2.0\SQLitePCLRaw.core.dll
                 Private = 'false'
                 HintPath = 'C:\Users\mrkfk\.nuget\packages\sqlitepclraw.core\2.1.10\lib\netstandard2.0\SQLitePCLRaw.core.dll'
             C:\Users\mrkfk\.nuget\packages\sqlitepclraw.provider.e_sqlite3\2.1.10\lib\net6.0\SQLitePCLRaw.provider.e_sqlite3.dll
                 Private = 'false'
                 HintPath = 'C:\Users\mrkfk\.nuget\packages\sqlitepclraw.provider.e_sqlite3\2.1.10\lib\net6.0\SQLitePCLRaw.provider.e_sqlite3.dll'
             C:\Users\mrkfk\.nuget\packages\system.clientmodel\1.0.0\lib\net6.0\System.ClientModel.dll
                 Private = 'false'
                 HintPath = 'C:\Users\mrkfk\.nuget\packages\system.clientmodel\1.0.0\lib\net6.0\System.ClientModel.dll'
             C:\Users\mrkfk\.nuget\packages\system.identitymodel.tokens.jwt\8.2.1\lib\net9.0\System.IdentityModel.Tokens.Jwt.dll
                 Private = 'false'
                 HintPath = 'C:\Users\mrkfk\.nuget\packages\system.identitymodel.tokens.jwt\8.2.1\lib\net9.0\System.IdentityModel.Tokens.Jwt.dll'
             C:\Users\mrkfk\.nuget\packages\system.memory.data\1.0.2\lib\netstandard2.0\System.Memory.Data.dll
                 Private = 'false'
                 HintPath = 'C:\Users\mrkfk\.nuget\packages\system.memory.data\1.0.2\lib\netstandard2.0\System.Memory.Data.dll'
             C:\Users\mrkfk\.nuget\packages\system.security.cryptography.protecteddata\6.0.0\lib\net6.0\System.Security.Cryptography.ProtectedData.dll
                 Private = 'false'
                 HintPath = 'C:\Users\mrkfk\.nuget\packages\system.security.cryptography.protecteddata\6.0.0\lib\net6.0\System.Security.Cryptography.ProtectedData.dll'
             C:\Users\mrkfk\.nuget\packages\microsoft.netcore.app.ref\9.0.11\ref/net9.0/Microsoft.CSharp.dll
                 Private = 'false'
             C:\Users\mrkfk\.nuget\packages\microsoft.netcore.app.ref\9.0.11\ref/net9.0/Microsoft.VisualBasic.Core.dll
                 Private = 'false'
             C:\Users\mrkfk\.nuget\packages\microsoft.netcore.app.ref\9.0.11\ref/net9.0/Microsoft.VisualBasic.dll
                 Private = 'false'
             C:\Users\mrkfk\.nuget\packages\microsoft.netcore.app.ref\9.0.11\ref/net9.0/Microsoft.Win32.Primitives.dll
                 Private = 'false'
             C:\Users\mrkfk\.nuget\packages\microsoft.netcore.app.ref\9.0.11\ref/net9.0/Microsoft.Win32.Registry.dll
                 Private = 'false'
             C:\Users\mrkfk\.nuget\packages\microsoft.netcore.app.ref\9.0.11\ref/net9.0/System.AppContext.dll
                 Private = 'false'
             C:\Users\mrkfk\.nuget\packages\microsoft.netcore.app.ref\9.0.11\ref/net9.0/System.Buffers.dll
                 Private = 'false'
             C:\Users\mrkfk\.nuget\packages\microsoft.netcore.app.ref\9.0.11\ref/net9.0/System.Collections.Concurrent.dll
                 Private = 'false'
             C:\Users\mrkfk\.nuget\packages\microsoft.netcore.app.ref\9.0.11\ref/net9.0/System.Collections.Immutable.dll
                 Private = 'false'
             C:\Users\mrkfk\.nuget\packages\microsoft.netcore.app.ref\9.0.11\ref/net9.0/System.Collections.NonGeneric.dll
                 Private = 'false'
             C:\Users\mrkfk\.nuget\packages\microsoft.netcore.app.ref\9.0.11\ref/net9.0/System.Collections.Specialized.dll
                 Private = 'false'
             C:\Users\mrkfk\.nuget\packages\microsoft.netcore.app.ref\9.0.11\ref/net9.0/System.Collections.dll
                 Private = 'false'
             C:\Users\mrkfk\.nuget\packages\microsoft.netcore.app.ref\9.0.11\ref/net9.0/System.ComponentModel.Annotations.dll
                 Private = 'false'
             C:\Users\mrkfk\.nuget\packages\microsoft.netcore.app.ref\9.0.11\ref/net9.0/System.ComponentModel.DataAnnotations.dll
                 Private = 'false'
             C:\Users\mrkfk\.nuget\packages\microsoft.netcore.app.ref\9.0.11\ref/net9.0/System.ComponentModel.EventBasedAsync.dll
                 Private = 'false'
             C:\Users\mrkfk\.nuget\packages\microsoft.netcore.app.ref\9.0.11\ref/net9.0/System.ComponentModel.Primitives.dll
                 Private = 'false'
             C:\Users\mrkfk\.nuget\packages\microsoft.netcore.app.ref\9.0.11\ref/net9.0/System.ComponentModel.TypeConverter.dll
                 Private = 'false'
             C:\Users\mrkfk\.nuget\packages\microsoft.netcore.app.ref\9.0.11\ref/net9.0/System.ComponentModel.dll
                 Private = 'false'
             C:\Users\mrkfk\.nuget\packages\microsoft.netcore.app.ref\9.0.11\ref/net9.0/System.Configuration.dll
                 Private = 'false'
             C:\Users\mrkfk\.nuget\packages\microsoft.netcore.app.ref\9.0.11\ref/net9.0/System.Console.dll
                 Private = 'false'
             C:\Users\mrkfk\.nuget\packages\microsoft.netcore.app.ref\9.0.11\ref/net9.0/System.Core.dll
                 Private = 'false'
             C:\Users\mrkfk\.nuget\packages\microsoft.netcore.app.ref\9.0.11\ref/net9.0/System.Data.Common.dll
                 Private = 'false'
             C:\Users\mrkfk\.nuget\packages\microsoft.netcore.app.ref\9.0.11\ref/net9.0/System.Data.DataSetExtensions.dll
                 Private = 'false'
             C:\Users\mrkfk\.nuget\packages\microsoft.netcore.app.ref\9.0.11\ref/net9.0/System.Data.dll
                 Private = 'false'
             C:\Users\mrkfk\.nuget\packages\microsoft.netcore.app.ref\9.0.11\ref/net9.0/System.Diagnostics.Contracts.dll
                 Private = 'false'
             C:\Users\mrkfk\.nuget\packages\microsoft.netcore.app.ref\9.0.11\ref/net9.0/System.Diagnostics.Debug.dll
                 Private = 'false'
             C:\Users\mrkfk\.nuget\packages\microsoft.netcore.app.ref\9.0.11\ref/net9.0/System.Diagnostics.DiagnosticSource.dll
                 Private = 'false'
             C:\Users\mrkfk\.nuget\packages\microsoft.netcore.app.ref\9.0.11\ref/net9.0/System.Diagnostics.FileVersionInfo.dll
                 Private = 'false'
             C:\Users\mrkfk\.nuget\packages\microsoft.netcore.app.ref\9.0.11\ref/net9.0/System.Diagnostics.Process.dll
                 Private = 'false'
             C:\Users\mrkfk\.nuget\packages\microsoft.netcore.app.ref\9.0.11\ref/net9.0/System.Diagnostics.StackTrace.dll
                 Private = 'false'
             C:\Users\mrkfk\.nuget\packages\microsoft.netcore.app.ref\9.0.11\ref/net9.0/System.Diagnostics.TextWriterTraceListener.dll
                 Private = 'false'
             C:\Users\mrkfk\.nuget\packages\microsoft.netcore.app.ref\9.0.11\ref/net9.0/System.Diagnostics.Tools.dll
                 Private = 'false'
             C:\Users\mrkfk\.nuget\packages\microsoft.netcore.app.ref\9.0.11\ref/net9.0/System.Diagnostics.TraceSource.dll
                 Private = 'false'
             C:\Users\mrkfk\.nuget\packages\microsoft.netcore.app.ref\9.0.11\ref/net9.0/System.Diagnostics.Tracing.dll
                 Private = 'false'
             C:\Users\mrkfk\.nuget\packages\microsoft.netcore.app.ref\9.0.11\ref/net9.0/System.Drawing.Primitives.dll
                 Private = 'false'
             C:\Users\mrkfk\.nuget\packages\microsoft.netcore.app.ref\9.0.11\ref/net9.0/System.Drawing.dll
                 Private = 'false'
             C:\Users\mrkfk\.nuget\packages\microsoft.netcore.app.ref\9.0.11\ref/net9.0/System.Dynamic.Runtime.dll
                 Private = 'false'
             C:\Users\mrkfk\.nuget\packages\microsoft.netcore.app.ref\9.0.11\ref/net9.0/System.Formats.Asn1.dll
                 Private = 'false'
             C:\Users\mrkfk\.nuget\packages\microsoft.netcore.app.ref\9.0.11\ref/net9.0/System.Formats.Tar.dll
                 Private = 'false'
             C:\Users\mrkfk\.nuget\packages\microsoft.netcore.app.ref\9.0.11\ref/net9.0/System.Globalization.Calendars.dll
                 Private = 'false'
             C:\Users\mrkfk\.nuget\packages\microsoft.netcore.app.ref\9.0.11\ref/net9.0/System.Globalization.Extensions.dll
                 Private = 'false'
             C:\Users\mrkfk\.nuget\packages\microsoft.netcore.app.ref\9.0.11\ref/net9.0/System.Globalization.dll
                 Private = 'false'
             C:\Users\mrkfk\.nuget\packages\microsoft.netcore.app.ref\9.0.11\ref/net9.0/System.IO.Compression.Brotli.dll
                 Private = 'false'
             C:\Users\mrkfk\.nuget\packages\microsoft.netcore.app.ref\9.0.11\ref/net9.0/System.IO.Compression.FileSystem.dll
                 Private = 'false'
             C:\Users\mrkfk\.nuget\packages\microsoft.netcore.app.ref\9.0.11\ref/net9.0/System.IO.Compression.ZipFile.dll
                 Private = 'false'
             C:\Users\mrkfk\.nuget\packages\microsoft.netcore.app.ref\9.0.11\ref/net9.0/System.IO.Compression.dll
                 Private = 'false'
             C:\Users\mrkfk\.nuget\packages\microsoft.netcore.app.ref\9.0.11\ref/net9.0/System.IO.FileSystem.AccessControl.dll
                 Private = 'false'
             C:\Users\mrkfk\.nuget\packages\microsoft.netcore.app.ref\9.0.11\ref/net9.0/System.IO.FileSystem.DriveInfo.dll
                 Private = 'false'
             C:\Users\mrkfk\.nuget\packages\microsoft.netcore.app.ref\9.0.11\ref/net9.0/System.IO.FileSystem.Primitives.dll
                 Private = 'false'
             C:\Users\mrkfk\.nuget\packages\microsoft.netcore.app.ref\9.0.11\ref/net9.0/System.IO.FileSystem.Watcher.dll
                 Private = 'false'
             C:\Users\mrkfk\.nuget\packages\microsoft.netcore.app.ref\9.0.11\ref/net9.0/System.IO.FileSystem.dll
                 Private = 'false'
             C:\Users\mrkfk\.nuget\packages\microsoft.netcore.app.ref\9.0.11\ref/net9.0/System.IO.IsolatedStorage.dll
                 Private = 'false'
             C:\Users\mrkfk\.nuget\packages\microsoft.netcore.app.ref\9.0.11\ref/net9.0/System.IO.MemoryMappedFiles.dll
                 Private = 'false'
             C:\Users\mrkfk\.nuget\packages\microsoft.netcore.app.ref\9.0.11\ref/net9.0/System.IO.Pipelines.dll
                 Private = 'false'
             C:\Users\mrkfk\.nuget\packages\microsoft.netcore.app.ref\9.0.11\ref/net9.0/System.IO.Pipes.AccessControl.dll
                 Private = 'false'
             C:\Users\mrkfk\.nuget\packages\microsoft.netcore.app.ref\9.0.11\ref/net9.0/System.IO.Pipes.dll
                 Private = 'false'
             C:\Users\mrkfk\.nuget\packages\microsoft.netcore.app.ref\9.0.11\ref/net9.0/System.IO.UnmanagedMemoryStream.dll
                 Private = 'false'
             C:\Users\mrkfk\.nuget\packages\microsoft.netcore.app.ref\9.0.11\ref/net9.0/System.IO.dll
                 Private = 'false'
             C:\Users\mrkfk\.nuget\packages\microsoft.netcore.app.ref\9.0.11\ref/net9.0/System.Linq.Expressions.dll
                 Private = 'false'
             C:\Users\mrkfk\.nuget\packages\microsoft.netcore.app.ref\9.0.11\ref/net9.0/System.Linq.Parallel.dll
                 Private = 'false'
             C:\Users\mrkfk\.nuget\packages\microsoft.netcore.app.ref\9.0.11\ref/net9.0/System.Linq.Queryable.dll
                 Private = 'false'
             C:\Users\mrkfk\.nuget\packages\microsoft.netcore.app.ref\9.0.11\ref/net9.0/System.Linq.dll
                 Private = 'false'
             C:\Users\mrkfk\.nuget\packages\microsoft.netcore.app.ref\9.0.11\ref/net9.0/System.Memory.dll
                 Private = 'false'
             C:\Users\mrkfk\.nuget\packages\microsoft.netcore.app.ref\9.0.11\ref/net9.0/System.Net.Http.Json.dll
                 Private = 'false'
             C:\Users\mrkfk\.nuget\packages\microsoft.netcore.app.ref\9.0.11\ref/net9.0/System.Net.Http.dll
                 Private = 'false'
             C:\Users\mrkfk\.nuget\packages\microsoft.netcore.app.ref\9.0.11\ref/net9.0/System.Net.HttpListener.dll
                 Private = 'false'
             C:\Users\mrkfk\.nuget\packages\microsoft.netcore.app.ref\9.0.11\ref/net9.0/System.Net.Mail.dll
                 Private = 'false'
             C:\Users\mrkfk\.nuget\packages\microsoft.netcore.app.ref\9.0.11\ref/net9.0/System.Net.NameResolution.dll
                 Private = 'false'
             C:\Users\mrkfk\.nuget\packages\microsoft.netcore.app.ref\9.0.11\ref/net9.0/System.Net.NetworkInformation.dll
                 Private = 'false'
             C:\Users\mrkfk\.nuget\packages\microsoft.netcore.app.ref\9.0.11\ref/net9.0/System.Net.Ping.dll
                 Private = 'false'
             C:\Users\mrkfk\.nuget\packages\microsoft.netcore.app.ref\9.0.11\ref/net9.0/System.Net.Primitives.dll
                 Private = 'false'
             C:\Users\mrkfk\.nuget\packages\microsoft.netcore.app.ref\9.0.11\ref/net9.0/System.Net.Quic.dll
                 Private = 'false'
             C:\Users\mrkfk\.nuget\packages\microsoft.netcore.app.ref\9.0.11\ref/net9.0/System.Net.Requests.dll
                 Private = 'false'
             C:\Users\mrkfk\.nuget\packages\microsoft.netcore.app.ref\9.0.11\ref/net9.0/System.Net.Security.dll
                 Private = 'false'
             C:\Users\mrkfk\.nuget\packages\microsoft.netcore.app.ref\9.0.11\ref/net9.0/System.Net.ServicePoint.dll
                 Private = 'false'
             C:\Users\mrkfk\.nuget\packages\microsoft.netcore.app.ref\9.0.11\ref/net9.0/System.Net.Sockets.dll
                 Private = 'false'
             C:\Users\mrkfk\.nuget\packages\microsoft.netcore.app.ref\9.0.11\ref/net9.0/System.Net.WebClient.dll
                 Private = 'false'
             C:\Users\mrkfk\.nuget\packages\microsoft.netcore.app.ref\9.0.11\ref/net9.0/System.Net.WebHeaderCollection.dll
                 Private = 'false'
             C:\Users\mrkfk\.nuget\packages\microsoft.netcore.app.ref\9.0.11\ref/net9.0/System.Net.WebProxy.dll
                 Private = 'false'
             C:\Users\mrkfk\.nuget\packages\microsoft.netcore.app.ref\9.0.11\ref/net9.0/System.Net.WebSockets.Client.dll
                 Private = 'false'
             C:\Users\mrkfk\.nuget\packages\microsoft.netcore.app.ref\9.0.11\ref/net9.0/System.Net.WebSockets.dll
                 Private = 'false'
             C:\Users\mrkfk\.nuget\packages\microsoft.netcore.app.ref\9.0.11\ref/net9.0/System.Net.dll
                 Private = 'false'
             C:\Users\mrkfk\.nuget\packages\microsoft.netcore.app.ref\9.0.11\ref/net9.0/System.Numerics.Vectors.dll
                 Private = 'false'
             C:\Users\mrkfk\.nuget\packages\microsoft.netcore.app.ref\9.0.11\ref/net9.0/System.Numerics.dll
                 Private = 'false'
             C:\Users\mrkfk\.nuget\packages\microsoft.netcore.app.ref\9.0.11\ref/net9.0/System.ObjectModel.dll
                 Private = 'false'
             C:\Users\mrkfk\.nuget\packages\microsoft.netcore.app.ref\9.0.11\ref/net9.0/System.Reflection.DispatchProxy.dll
                 Private = 'false'
             C:\Users\mrkfk\.nuget\packages\microsoft.netcore.app.ref\9.0.11\ref/net9.0/System.Reflection.Emit.ILGeneration.dll
                 Private = 'false'
             C:\Users\mrkfk\.nuget\packages\microsoft.netcore.app.ref\9.0.11\ref/net9.0/System.Reflection.Emit.Lightweight.dll
                 Private = 'false'
             C:\Users\mrkfk\.nuget\packages\microsoft.netcore.app.ref\9.0.11\ref/net9.0/System.Reflection.Emit.dll
                 Private = 'false'
             C:\Users\mrkfk\.nuget\packages\microsoft.netcore.app.ref\9.0.11\ref/net9.0/System.Reflection.Extensions.dll
                 Private = 'false'
             C:\Users\mrkfk\.nuget\packages\microsoft.netcore.app.ref\9.0.11\ref/net9.0/System.Reflection.Metadata.dll
                 Private = 'false'
             C:\Users\mrkfk\.nuget\packages\microsoft.netcore.app.ref\9.0.11\ref/net9.0/System.Reflection.Primitives.dll
                 Private = 'false'
             C:\Users\mrkfk\.nuget\packages\microsoft.netcore.app.ref\9.0.11\ref/net9.0/System.Reflection.TypeExtensions.dll
                 Private = 'false'
             C:\Users\mrkfk\.nuget\packages\microsoft.netcore.app.ref\9.0.11\ref/net9.0/System.Reflection.dll
                 Private = 'false'
             C:\Users\mrkfk\.nuget\packages\microsoft.netcore.app.ref\9.0.11\ref/net9.0/System.Resources.Reader.dll
                 Private = 'false'
             C:\Users\mrkfk\.nuget\packages\microsoft.netcore.app.ref\9.0.11\ref/net9.0/System.Resources.ResourceManager.dll
                 Private = 'false'
             C:\Users\mrkfk\.nuget\packages\microsoft.netcore.app.ref\9.0.11\ref/net9.0/System.Resources.Writer.dll
                 Private = 'false'
             C:\Users\mrkfk\.nuget\packages\microsoft.netcore.app.ref\9.0.11\ref/net9.0/System.Runtime.CompilerServices.Unsafe.dll
                 Private = 'false'
             C:\Users\mrkfk\.nuget\packages\microsoft.netcore.app.ref\9.0.11\ref/net9.0/System.Runtime.CompilerServices.VisualC.dll
                 Private = 'false'
             C:\Users\mrkfk\.nuget\packages\microsoft.netcore.app.ref\9.0.11\ref/net9.0/System.Runtime.Extensions.dll
                 Private = 'false'
             C:\Users\mrkfk\.nuget\packages\microsoft.netcore.app.ref\9.0.11\ref/net9.0/System.Runtime.Handles.dll
                 Private = 'false'
             C:\Users\mrkfk\.nuget\packages\microsoft.netcore.app.ref\9.0.11\ref/net9.0/System.Runtime.InteropServices.JavaScript.dll
                 Private = 'false'
             C:\Users\mrkfk\.nuget\packages\microsoft.netcore.app.ref\9.0.11\ref/net9.0/System.Runtime.InteropServices.RuntimeInformation.dll
                 Private = 'false'
             C:\Users\mrkfk\.nuget\packages\microsoft.netcore.app.ref\9.0.11\ref/net9.0/System.Runtime.InteropServices.dll
                 Private = 'false'
             C:\Users\mrkfk\.nuget\packages\microsoft.netcore.app.ref\9.0.11\ref/net9.0/System.Runtime.Intrinsics.dll
                 Private = 'false'
             C:\Users\mrkfk\.nuget\packages\microsoft.netcore.app.ref\9.0.11\ref/net9.0/System.Runtime.Loader.dll
                 Private = 'false'
             C:\Users\mrkfk\.nuget\packages\microsoft.netcore.app.ref\9.0.11\ref/net9.0/System.Runtime.Numerics.dll
                 Private = 'false'
             C:\Users\mrkfk\.nuget\packages\microsoft.netcore.app.ref\9.0.11\ref/net9.0/System.Runtime.Serialization.Formatters.dll
                 Private = 'false'
             C:\Users\mrkfk\.nuget\packages\microsoft.netcore.app.ref\9.0.11\ref/net9.0/System.Runtime.Serialization.Json.dll
                 Private = 'false'
             C:\Users\mrkfk\.nuget\packages\microsoft.netcore.app.ref\9.0.11\ref/net9.0/System.Runtime.Serialization.Primitives.dll
                 Private = 'false'
             C:\Users\mrkfk\.nuget\packages\microsoft.netcore.app.ref\9.0.11\ref/net9.0/System.Runtime.Serialization.Xml.dll
                 Private = 'false'
             C:\Users\mrkfk\.nuget\packages\microsoft.netcore.app.ref\9.0.11\ref/net9.0/System.Runtime.Serialization.dll
                 Private = 'false'
             C:\Users\mrkfk\.nuget\packages\microsoft.netcore.app.ref\9.0.11\ref/net9.0/System.Runtime.dll
                 Private = 'false'
             C:\Users\mrkfk\.nuget\packages\microsoft.netcore.app.ref\9.0.11\ref/net9.0/System.Security.AccessControl.dll
                 Private = 'false'
             C:\Users\mrkfk\.nuget\packages\microsoft.netcore.app.ref\9.0.11\ref/net9.0/System.Security.Claims.dll
                 Private = 'false'
             C:\Users\mrkfk\.nuget\packages\microsoft.netcore.app.ref\9.0.11\ref/net9.0/System.Security.Cryptography.Algorithms.dll
                 Private = 'false'
             C:\Users\mrkfk\.nuget\packages\microsoft.netcore.app.ref\9.0.11\ref/net9.0/System.Security.Cryptography.Cng.dll
                 Private = 'false'
             C:\Users\mrkfk\.nuget\packages\microsoft.netcore.app.ref\9.0.11\ref/net9.0/System.Security.Cryptography.Csp.dll
                 Private = 'false'
             C:\Users\mrkfk\.nuget\packages\microsoft.netcore.app.ref\9.0.11\ref/net9.0/System.Security.Cryptography.Encoding.dll
                 Private = 'false'
             C:\Users\mrkfk\.nuget\packages\microsoft.netcore.app.ref\9.0.11\ref/net9.0/System.Security.Cryptography.OpenSsl.dll
                 Private = 'false'
             C:\Users\mrkfk\.nuget\packages\microsoft.netcore.app.ref\9.0.11\ref/net9.0/System.Security.Cryptography.Primitives.dll
                 Private = 'false'
             C:\Users\mrkfk\.nuget\packages\microsoft.netcore.app.ref\9.0.11\ref/net9.0/System.Security.Cryptography.X509Certificates.dll
                 Private = 'false'
             C:\Users\mrkfk\.nuget\packages\microsoft.netcore.app.ref\9.0.11\ref/net9.0/System.Security.Cryptography.dll
                 Private = 'false'
             C:\Users\mrkfk\.nuget\packages\microsoft.netcore.app.ref\9.0.11\ref/net9.0/System.Security.Principal.Windows.dll
                 Private = 'false'
             C:\Users\mrkfk\.nuget\packages\microsoft.netcore.app.ref\9.0.11\ref/net9.0/System.Security.Principal.dll
                 Private = 'false'
             C:\Users\mrkfk\.nuget\packages\microsoft.netcore.app.ref\9.0.11\ref/net9.0/System.Security.SecureString.dll
                 Private = 'false'
             C:\Users\mrkfk\.nuget\packages\microsoft.netcore.app.ref\9.0.11\ref/net9.0/System.Security.dll
                 Private = 'false'
             C:\Users\mrkfk\.nuget\packages\microsoft.netcore.app.ref\9.0.11\ref/net9.0/System.ServiceModel.Web.dll
                 Private = 'false'
             C:\Users\mrkfk\.nuget\packages\microsoft.netcore.app.ref\9.0.11\ref/net9.0/System.ServiceProcess.dll
                 Private = 'false'
             C:\Users\mrkfk\.nuget\packages\microsoft.netcore.app.ref\9.0.11\ref/net9.0/System.Text.Encoding.CodePages.dll
                 Private = 'false'
             C:\Users\mrkfk\.nuget\packages\microsoft.netcore.app.ref\9.0.11\ref/net9.0/System.Text.Encoding.Extensions.dll
                 Private = 'false'
             C:\Users\mrkfk\.nuget\packages\microsoft.netcore.app.ref\9.0.11\ref/net9.0/System.Text.Encoding.dll
                 Private = 'false'
             C:\Users\mrkfk\.nuget\packages\microsoft.netcore.app.ref\9.0.11\ref/net9.0/System.Text.Encodings.Web.dll
                 Private = 'false'
             C:\Users\mrkfk\.nuget\packages\microsoft.netcore.app.ref\9.0.11\ref/net9.0/System.Text.Json.dll
                 Private = 'false'
             C:\Users\mrkfk\.nuget\packages\microsoft.netcore.app.ref\9.0.11\ref/net9.0/System.Text.RegularExpressions.dll
                 Private = 'false'
             C:\Users\mrkfk\.nuget\packages\microsoft.netcore.app.ref\9.0.11\ref/net9.0/System.Threading.Channels.dll
                 Private = 'false'
             C:\Users\mrkfk\.nuget\packages\microsoft.netcore.app.ref\9.0.11\ref/net9.0/System.Threading.Overlapped.dll
                 Private = 'false'
             C:\Users\mrkfk\.nuget\packages\microsoft.netcore.app.ref\9.0.11\ref/net9.0/System.Threading.Tasks.Dataflow.dll
                 Private = 'false'
             C:\Users\mrkfk\.nuget\packages\microsoft.netcore.app.ref\9.0.11\ref/net9.0/System.Threading.Tasks.Extensions.dll
                 Private = 'false'
             C:\Users\mrkfk\.nuget\packages\microsoft.netcore.app.ref\9.0.11\ref/net9.0/System.Threading.Tasks.Parallel.dll
                 Private = 'false'
             C:\Users\mrkfk\.nuget\packages\microsoft.netcore.app.ref\9.0.11\ref/net9.0/System.Threading.Tasks.dll
                 Private = 'false'
             C:\Users\mrkfk\.nuget\packages\microsoft.netcore.app.ref\9.0.11\ref/net9.0/System.Threading.Thread.dll
                 Private = 'false'
             C:\Users\mrkfk\.nuget\packages\microsoft.netcore.app.ref\9.0.11\ref/net9.0/System.Threading.ThreadPool.dll
                 Private = 'false'
             C:\Users\mrkfk\.nuget\packages\microsoft.netcore.app.ref\9.0.11\ref/net9.0/System.Threading.Timer.dll
                 Private = 'false'
             C:\Users\mrkfk\.nuget\packages\microsoft.netcore.app.ref\9.0.11\ref/net9.0/System.Threading.dll
                 Private = 'false'
             C:\Users\mrkfk\.nuget\packages\microsoft.netcore.app.ref\9.0.11\ref/net9.0/System.Transactions.Local.dll
                 Private = 'false'
             C:\Users\mrkfk\.nuget\packages\microsoft.netcore.app.ref\9.0.11\ref/net9.0/System.Transactions.dll
                 Private = 'false'
             C:\Users\mrkfk\.nuget\packages\microsoft.netcore.app.ref\9.0.11\ref/net9.0/System.ValueTuple.dll
                 Private = 'false'
             C:\Users\mrkfk\.nuget\packages\microsoft.netcore.app.ref\9.0.11\ref/net9.0/System.Web.HttpUtility.dll
                 Private = 'false'
             C:\Users\mrkfk\.nuget\packages\microsoft.netcore.app.ref\9.0.11\ref/net9.0/System.Web.dll
                 Private = 'false'
             C:\Users\mrkfk\.nuget\packages\microsoft.netcore.app.ref\9.0.11\ref/net9.0/System.Windows.dll
                 Private = 'false'
             C:\Users\mrkfk\.nuget\packages\microsoft.netcore.app.ref\9.0.11\ref/net9.0/System.Xml.Linq.dll
                 Private = 'false'
             C:\Users\mrkfk\.nuget\packages\microsoft.netcore.app.ref\9.0.11\ref/net9.0/System.Xml.ReaderWriter.dll
                 Private = 'false'
             C:\Users\mrkfk\.nuget\packages\microsoft.netcore.app.ref\9.0.11\ref/net9.0/System.Xml.Serialization.dll
                 Private = 'false'
             C:\Users\mrkfk\.nuget\packages\microsoft.netcore.app.ref\9.0.11\ref/net9.0/System.Xml.XDocument.dll
                 Private = 'false'
             C:\Users\mrkfk\.nuget\packages\microsoft.netcore.app.ref\9.0.11\ref/net9.0/System.Xml.XPath.XDocument.dll
                 Private = 'false'
             C:\Users\mrkfk\.nuget\packages\microsoft.netcore.app.ref\9.0.11\ref/net9.0/System.Xml.XPath.dll
                 Private = 'false'
             C:\Users\mrkfk\.nuget\packages\microsoft.netcore.app.ref\9.0.11\ref/net9.0/System.Xml.XmlDocument.dll
                 Private = 'false'
             C:\Users\mrkfk\.nuget\packages\microsoft.netcore.app.ref\9.0.11\ref/net9.0/System.Xml.XmlSerializer.dll
                 Private = 'false'
             C:\Users\mrkfk\.nuget\packages\microsoft.netcore.app.ref\9.0.11\ref/net9.0/System.Xml.dll
                 Private = 'false'
             C:\Users\mrkfk\.nuget\packages\microsoft.netcore.app.ref\9.0.11\ref/net9.0/System.dll
                 Private = 'false'
             C:\Users\mrkfk\.nuget\packages\microsoft.netcore.app.ref\9.0.11\ref/net9.0/WindowsBase.dll
                 Private = 'false'
             C:\Users\mrkfk\.nuget\packages\microsoft.netcore.app.ref\9.0.11\ref/net9.0/mscorlib.dll
                 Private = 'false'
             C:\Users\mrkfk\.nuget\packages\microsoft.netcore.app.ref\9.0.11\ref/net9.0/netstandard.dll
                 Private = 'false'
             C:\Users\mrkfk\.nuget\packages\microsoft.aspnetcore.app.ref\9.0.11\ref\net9.0\Microsoft.AspNetCore.Antiforgery.dll
                 Private = 'false'
             C:\Users\mrkfk\.nuget\packages\microsoft.aspnetcore.app.ref\9.0.11\ref\net9.0\Microsoft.AspNetCore.Authentication.Abstractions.dll
                 Private = 'false'
             C:\Users\mrkfk\.nuget\packages\microsoft.aspnetcore.app.ref\9.0.11\ref\net9.0\Microsoft.AspNetCore.Authentication.BearerToken.dll
                 Private = 'false'
             C:\Users\mrkfk\.nuget\packages\microsoft.aspnetcore.app.ref\9.0.11\ref\net9.0\Microsoft.AspNetCore.Authentication.Cookies.dll
                 Private = 'false'
             C:\Users\mrkfk\.nuget\packages\microsoft.aspnetcore.app.ref\9.0.11\ref\net9.0\Microsoft.AspNetCore.Authentication.Core.dll
                 Private = 'false'
             C:\Users\mrkfk\.nuget\packages\microsoft.aspnetcore.app.ref\9.0.11\ref\net9.0\Microsoft.AspNetCore.Authentication.OAuth.dll
                 Private = 'false'
             C:\Users\mrkfk\.nuget\packages\microsoft.aspnetcore.app.ref\9.0.11\ref\net9.0\Microsoft.AspNetCore.Authentication.dll
                 Private = 'false'
             C:\Users\mrkfk\.nuget\packages\microsoft.aspnetcore.app.ref\9.0.11\ref\net9.0\Microsoft.AspNetCore.Authorization.Policy.dll
                 Private = 'false'
             C:\Users\mrkfk\.nuget\packages\microsoft.aspnetcore.app.ref\9.0.11\ref\net9.0\Microsoft.AspNetCore.Authorization.dll
                 Private = 'false'
             C:\Users\mrkfk\.nuget\packages\microsoft.aspnetcore.app.ref\9.0.11\ref\net9.0\Microsoft.AspNetCore.Components.Authorization.dll
                 Private = 'false'
             C:\Users\mrkfk\.nuget\packages\microsoft.aspnetcore.app.ref\9.0.11\ref\net9.0\Microsoft.AspNetCore.Components.Endpoints.dll
                 Private = 'false'
             C:\Users\mrkfk\.nuget\packages\microsoft.aspnetcore.app.ref\9.0.11\ref\net9.0\Microsoft.AspNetCore.Components.Forms.dll
                 Private = 'false'
             C:\Users\mrkfk\.nuget\packages\microsoft.aspnetcore.app.ref\9.0.11\ref\net9.0\Microsoft.AspNetCore.Components.Server.dll
                 Private = 'false'
             C:\Users\mrkfk\.nuget\packages\microsoft.aspnetcore.app.ref\9.0.11\ref\net9.0\Microsoft.AspNetCore.Components.Web.dll
                 Private = 'false'
             C:\Users\mrkfk\.nuget\packages\microsoft.aspnetcore.app.ref\9.0.11\ref\net9.0\Microsoft.AspNetCore.Components.dll
                 Private = 'false'
             C:\Users\mrkfk\.nuget\packages\microsoft.aspnetcore.app.ref\9.0.11\ref\net9.0\Microsoft.AspNetCore.Connections.Abstractions.dll
                 Private = 'false'
             C:\Users\mrkfk\.nuget\packages\microsoft.aspnetcore.app.ref\9.0.11\ref\net9.0\Microsoft.AspNetCore.CookiePolicy.dll
                 Private = 'false'
             C:\Users\mrkfk\.nuget\packages\microsoft.aspnetcore.app.ref\9.0.11\ref\net9.0\Microsoft.AspNetCore.Cors.dll
                 Private = 'false'
             C:\Users\mrkfk\.nuget\packages\microsoft.aspnetcore.app.ref\9.0.11\ref\net9.0\Microsoft.AspNetCore.Cryptography.Internal.dll
                 Private = 'false'
             C:\Users\mrkfk\.nuget\packages\microsoft.aspnetcore.app.ref\9.0.11\ref\net9.0\Microsoft.AspNetCore.Cryptography.KeyDerivation.dll
                 Private = 'false'
             C:\Users\mrkfk\.nuget\packages\microsoft.aspnetcore.app.ref\9.0.11\ref\net9.0\Microsoft.AspNetCore.DataProtection.Abstractions.dll
                 Private = 'false'
             C:\Users\mrkfk\.nuget\packages\microsoft.aspnetcore.app.ref\9.0.11\ref\net9.0\Microsoft.AspNetCore.DataProtection.Extensions.dll
                 Private = 'false'
             C:\Users\mrkfk\.nuget\packages\microsoft.aspnetcore.app.ref\9.0.11\ref\net9.0\Microsoft.AspNetCore.DataProtection.dll
                 Private = 'false'
             C:\Users\mrkfk\.nuget\packages\microsoft.aspnetcore.app.ref\9.0.11\ref\net9.0\Microsoft.AspNetCore.Diagnostics.Abstractions.dll
                 Private = 'false'
             C:\Users\mrkfk\.nuget\packages\microsoft.aspnetcore.app.ref\9.0.11\ref\net9.0\Microsoft.AspNetCore.Diagnostics.HealthChecks.dll
                 Private = 'false'
             C:\Users\mrkfk\.nuget\packages\microsoft.aspnetcore.app.ref\9.0.11\ref\net9.0\Microsoft.AspNetCore.Diagnostics.dll
                 Private = 'false'
             C:\Users\mrkfk\.nuget\packages\microsoft.aspnetcore.app.ref\9.0.11\ref\net9.0\Microsoft.AspNetCore.HostFiltering.dll
                 Private = 'false'
             C:\Users\mrkfk\.nuget\packages\microsoft.aspnetcore.app.ref\9.0.11\ref\net9.0\Microsoft.AspNetCore.Hosting.Abstractions.dll
                 Private = 'false'
             C:\Users\mrkfk\.nuget\packages\microsoft.aspnetcore.app.ref\9.0.11\ref\net9.0\Microsoft.AspNetCore.Hosting.Server.Abstractions.dll
                 Private = 'false'
             C:\Users\mrkfk\.nuget\packages\microsoft.aspnetcore.app.ref\9.0.11\ref\net9.0\Microsoft.AspNetCore.Hosting.dll
                 Private = 'false'
             C:\Users\mrkfk\.nuget\packages\microsoft.aspnetcore.app.ref\9.0.11\ref\net9.0\Microsoft.AspNetCore.Html.Abstractions.dll
                 Private = 'false'
             C:\Users\mrkfk\.nuget\packages\microsoft.aspnetcore.app.ref\9.0.11\ref\net9.0\Microsoft.AspNetCore.Http.Abstractions.dll
                 Private = 'false'
             C:\Users\mrkfk\.nuget\packages\microsoft.aspnetcore.app.ref\9.0.11\ref\net9.0\Microsoft.AspNetCore.Http.Connections.Common.dll
                 Private = 'false'
             C:\Users\mrkfk\.nuget\packages\microsoft.aspnetcore.app.ref\9.0.11\ref\net9.0\Microsoft.AspNetCore.Http.Connections.dll
                 Private = 'false'
             C:\Users\mrkfk\.nuget\packages\microsoft.aspnetcore.app.ref\9.0.11\ref\net9.0\Microsoft.AspNetCore.Http.Extensions.dll
                 Private = 'false'
             C:\Users\mrkfk\.nuget\packages\microsoft.aspnetcore.app.ref\9.0.11\ref\net9.0\Microsoft.AspNetCore.Http.Features.dll
                 Private = 'false'
             C:\Users\mrkfk\.nuget\packages\microsoft.aspnetcore.app.ref\9.0.11\ref\net9.0\Microsoft.AspNetCore.Http.Results.dll
                 Private = 'false'
             C:\Users\mrkfk\.nuget\packages\microsoft.aspnetcore.app.ref\9.0.11\ref\net9.0\Microsoft.AspNetCore.Http.dll
                 Private = 'false'
             C:\Users\mrkfk\.nuget\packages\microsoft.aspnetcore.app.ref\9.0.11\ref\net9.0\Microsoft.AspNetCore.HttpLogging.dll
                 Private = 'false'
             C:\Users\mrkfk\.nuget\packages\microsoft.aspnetcore.app.ref\9.0.11\ref\net9.0\Microsoft.AspNetCore.HttpOverrides.dll
                 Private = 'false'
             C:\Users\mrkfk\.nuget\packages\microsoft.aspnetcore.app.ref\9.0.11\ref\net9.0\Microsoft.AspNetCore.HttpsPolicy.dll
                 Private = 'false'
             C:\Users\mrkfk\.nuget\packages\microsoft.aspnetcore.app.ref\9.0.11\ref\net9.0\Microsoft.AspNetCore.Identity.dll
                 Private = 'false'
             C:\Users\mrkfk\.nuget\packages\microsoft.aspnetcore.app.ref\9.0.11\ref\net9.0\Microsoft.AspNetCore.Localization.Routing.dll
                 Private = 'false'
             C:\Users\mrkfk\.nuget\packages\microsoft.aspnetcore.app.ref\9.0.11\ref\net9.0\Microsoft.AspNetCore.Localization.dll
                 Private = 'false'
             C:\Users\mrkfk\.nuget\packages\microsoft.aspnetcore.app.ref\9.0.11\ref\net9.0\Microsoft.AspNetCore.Metadata.dll
                 Private = 'false'
             C:\Users\mrkfk\.nuget\packages\microsoft.aspnetcore.app.ref\9.0.11\ref\net9.0\Microsoft.AspNetCore.Mvc.Abstractions.dll
                 Private = 'false'
             C:\Users\mrkfk\.nuget\packages\microsoft.aspnetcore.app.ref\9.0.11\ref\net9.0\Microsoft.AspNetCore.Mvc.ApiExplorer.dll
                 Private = 'false'
             C:\Users\mrkfk\.nuget\packages\microsoft.aspnetcore.app.ref\9.0.11\ref\net9.0\Microsoft.AspNetCore.Mvc.Core.dll
                 Private = 'false'
             C:\Users\mrkfk\.nuget\packages\microsoft.aspnetcore.app.ref\9.0.11\ref\net9.0\Microsoft.AspNetCore.Mvc.Cors.dll
                 Private = 'false'
             C:\Users\mrkfk\.nuget\packages\microsoft.aspnetcore.app.ref\9.0.11\ref\net9.0\Microsoft.AspNetCore.Mvc.DataAnnotations.dll
                 Private = 'false'
             C:\Users\mrkfk\.nuget\packages\microsoft.aspnetcore.app.ref\9.0.11\ref\net9.0\Microsoft.AspNetCore.Mvc.Formatters.Json.dll
                 Private = 'false'
             C:\Users\mrkfk\.nuget\packages\microsoft.aspnetcore.app.ref\9.0.11\ref\net9.0\Microsoft.AspNetCore.Mvc.Formatters.Xml.dll
                 Private = 'false'
             C:\Users\mrkfk\.nuget\packages\microsoft.aspnetcore.app.ref\9.0.11\ref\net9.0\Microsoft.AspNetCore.Mvc.Localization.dll
                 Private = 'false'
             C:\Users\mrkfk\.nuget\packages\microsoft.aspnetcore.app.ref\9.0.11\ref\net9.0\Microsoft.AspNetCore.Mvc.Razor.dll
                 Private = 'false'
             C:\Users\mrkfk\.nuget\packages\microsoft.aspnetcore.app.ref\9.0.11\ref\net9.0\Microsoft.AspNetCore.Mvc.RazorPages.dll
                 Private = 'false'
             C:\Users\mrkfk\.nuget\packages\microsoft.aspnetcore.app.ref\9.0.11\ref\net9.0\Microsoft.AspNetCore.Mvc.TagHelpers.dll
                 Private = 'false'
             C:\Users\mrkfk\.nuget\packages\microsoft.aspnetcore.app.ref\9.0.11\ref\net9.0\Microsoft.AspNetCore.Mvc.ViewFeatures.dll
                 Private = 'false'
             C:\Users\mrkfk\.nuget\packages\microsoft.aspnetcore.app.ref\9.0.11\ref\net9.0\Microsoft.AspNetCore.Mvc.dll
                 Private = 'false'
             C:\Users\mrkfk\.nuget\packages\microsoft.aspnetcore.app.ref\9.0.11\ref\net9.0\Microsoft.AspNetCore.OutputCaching.dll
                 Private = 'false'
             C:\Users\mrkfk\.nuget\packages\microsoft.aspnetcore.app.ref\9.0.11\ref\net9.0\Microsoft.AspNetCore.RateLimiting.dll
                 Private = 'false'
             C:\Users\mrkfk\.nuget\packages\microsoft.aspnetcore.app.ref\9.0.11\ref\net9.0\Microsoft.AspNetCore.Razor.Runtime.dll
                 Private = 'false'
             C:\Users\mrkfk\.nuget\packages\microsoft.aspnetcore.app.ref\9.0.11\ref\net9.0\Microsoft.AspNetCore.Razor.dll
                 Private = 'false'
             C:\Users\mrkfk\.nuget\packages\microsoft.aspnetcore.app.ref\9.0.11\ref\net9.0\Microsoft.AspNetCore.RequestDecompression.dll
                 Private = 'false'
             C:\Users\mrkfk\.nuget\packages\microsoft.aspnetcore.app.ref\9.0.11\ref\net9.0\Microsoft.AspNetCore.ResponseCaching.Abstractions.dll
                 Private = 'false'
             C:\Users\mrkfk\.nuget\packages\microsoft.aspnetcore.app.ref\9.0.11\ref\net9.0\Microsoft.AspNetCore.ResponseCaching.dll
                 Private = 'false'
             C:\Users\mrkfk\.nuget\packages\microsoft.aspnetcore.app.ref\9.0.11\ref\net9.0\Microsoft.AspNetCore.ResponseCompression.dll
                 Private = 'false'
             C:\Users\mrkfk\.nuget\packages\microsoft.aspnetcore.app.ref\9.0.11\ref\net9.0\Microsoft.AspNetCore.Rewrite.dll
                 Private = 'false'
             C:\Users\mrkfk\.nuget\packages\microsoft.aspnetcore.app.ref\9.0.11\ref\net9.0\Microsoft.AspNetCore.Routing.Abstractions.dll
                 Private = 'false'
             C:\Users\mrkfk\.nuget\packages\microsoft.aspnetcore.app.ref\9.0.11\ref\net9.0\Microsoft.AspNetCore.Routing.dll
                 Private = 'false'
             C:\Users\mrkfk\.nuget\packages\microsoft.aspnetcore.app.ref\9.0.11\ref\net9.0\Microsoft.AspNetCore.Server.HttpSys.dll
                 Private = 'false'
             C:\Users\mrkfk\.nuget\packages\microsoft.aspnetcore.app.ref\9.0.11\ref\net9.0\Microsoft.AspNetCore.Server.IIS.dll
                 Private = 'false'
             C:\Users\mrkfk\.nuget\packages\microsoft.aspnetcore.app.ref\9.0.11\ref\net9.0\Microsoft.AspNetCore.Server.IISIntegration.dll
                 Private = 'false'
             C:\Users\mrkfk\.nuget\packages\microsoft.aspnetcore.app.ref\9.0.11\ref\net9.0\Microsoft.AspNetCore.Server.Kestrel.Core.dll
                 Private = 'false'
             C:\Users\mrkfk\.nuget\packages\microsoft.aspnetcore.app.ref\9.0.11\ref\net9.0\Microsoft.AspNetCore.Server.Kestrel.Transport.NamedPipes.dll
                 Private = 'false'
             C:\Users\mrkfk\.nuget\packages\microsoft.aspnetcore.app.ref\9.0.11\ref\net9.0\Microsoft.AspNetCore.Server.Kestrel.Transport.Quic.dll
                 Private = 'false'
             C:\Users\mrkfk\.nuget\packages\microsoft.aspnetcore.app.ref\9.0.11\ref\net9.0\Microsoft.AspNetCore.Server.Kestrel.Transport.Sockets.dll
                 Private = 'false'
             C:\Users\mrkfk\.nuget\packages\microsoft.aspnetcore.app.ref\9.0.11\ref\net9.0\Microsoft.AspNetCore.Server.Kestrel.dll
                 Private = 'false'
             C:\Users\mrkfk\.nuget\packages\microsoft.aspnetcore.app.ref\9.0.11\ref\net9.0\Microsoft.AspNetCore.Session.dll
                 Private = 'false'
             C:\Users\mrkfk\.nuget\packages\microsoft.aspnetcore.app.ref\9.0.11\ref\net9.0\Microsoft.AspNetCore.SignalR.Common.dll
                 Private = 'false'
             C:\Users\mrkfk\.nuget\packages\microsoft.aspnetcore.app.ref\9.0.11\ref\net9.0\Microsoft.AspNetCore.SignalR.Core.dll
                 Private = 'false'
             C:\Users\mrkfk\.nuget\packages\microsoft.aspnetcore.app.ref\9.0.11\ref\net9.0\Microsoft.AspNetCore.SignalR.Protocols.Json.dll
                 Private = 'false'
             C:\Users\mrkfk\.nuget\packages\microsoft.aspnetcore.app.ref\9.0.11\ref\net9.0\Microsoft.AspNetCore.SignalR.dll
                 Private = 'false'
             C:\Users\mrkfk\.nuget\packages\microsoft.aspnetcore.app.ref\9.0.11\ref\net9.0\Microsoft.AspNetCore.StaticAssets.dll
                 Private = 'false'
             C:\Users\mrkfk\.nuget\packages\microsoft.aspnetcore.app.ref\9.0.11\ref\net9.0\Microsoft.AspNetCore.StaticFiles.dll
                 Private = 'false'
             C:\Users\mrkfk\.nuget\packages\microsoft.aspnetcore.app.ref\9.0.11\ref\net9.0\Microsoft.AspNetCore.WebSockets.dll
                 Private = 'false'
             C:\Users\mrkfk\.nuget\packages\microsoft.aspnetcore.app.ref\9.0.11\ref\net9.0\Microsoft.AspNetCore.WebUtilities.dll
                 Private = 'false'
             C:\Users\mrkfk\.nuget\packages\microsoft.aspnetcore.app.ref\9.0.11\ref\net9.0\Microsoft.AspNetCore.dll
                 Private = 'false'
             C:\Users\mrkfk\.nuget\packages\microsoft.aspnetcore.app.ref\9.0.11\ref\net9.0\Microsoft.Extensions.Caching.Abstractions.dll
                 Private = 'false'
             C:\Users\mrkfk\.nuget\packages\microsoft.aspnetcore.app.ref\9.0.11\ref\net9.0\Microsoft.Extensions.Caching.Memory.dll
                 Private = 'false'
             C:\Users\mrkfk\.nuget\packages\microsoft.aspnetcore.app.ref\9.0.11\ref\net9.0\Microsoft.Extensions.Configuration.Abstractions.dll
                 Private = 'false'
             C:\Users\mrkfk\.nuget\packages\microsoft.aspnetcore.app.ref\9.0.11\ref\net9.0\Microsoft.Extensions.Configuration.Binder.dll
                 Private = 'false'
             C:\Users\mrkfk\.nuget\packages\microsoft.aspnetcore.app.ref\9.0.11\ref\net9.0\Microsoft.Extensions.Configuration.CommandLine.dll
                 Private = 'false'
             C:\Users\mrkfk\.nuget\packages\microsoft.aspnetcore.app.ref\9.0.11\ref\net9.0\Microsoft.Extensions.Configuration.EnvironmentVariables.dll
                 Private = 'false'
             C:\Users\mrkfk\.nuget\packages\microsoft.aspnetcore.app.ref\9.0.11\ref\net9.0\Microsoft.Extensions.Configuration.FileExtensions.dll
                 Private = 'false'
             C:\Users\mrkfk\.nuget\packages\microsoft.aspnetcore.app.ref\9.0.11\ref\net9.0\Microsoft.Extensions.Configuration.Ini.dll
                 Private = 'false'
             C:\Users\mrkfk\.nuget\packages\microsoft.aspnetcore.app.ref\9.0.11\ref\net9.0\Microsoft.Extensions.Configuration.Json.dll
                 Private = 'false'
             C:\Users\mrkfk\.nuget\packages\microsoft.aspnetcore.app.ref\9.0.11\ref\net9.0\Microsoft.Extensions.Configuration.KeyPerFile.dll
                 Private = 'false'
             C:\Users\mrkfk\.nuget\packages\microsoft.aspnetcore.app.ref\9.0.11\ref\net9.0\Microsoft.Extensions.Configuration.UserSecrets.dll
                 Private = 'false'
             C:\Users\mrkfk\.nuget\packages\microsoft.aspnetcore.app.ref\9.0.11\ref\net9.0\Microsoft.Extensions.Configuration.Xml.dll
                 Private = 'false'
             C:\Users\mrkfk\.nuget\packages\microsoft.aspnetcore.app.ref\9.0.11\ref\net9.0\Microsoft.Extensions.Configuration.dll
                 Private = 'false'
             C:\Users\mrkfk\.nuget\packages\microsoft.aspnetcore.app.ref\9.0.11\ref\net9.0\Microsoft.Extensions.DependencyInjection.Abstractions.dll
                 Private = 'false'
             C:\Users\mrkfk\.nuget\packages\microsoft.aspnetcore.app.ref\9.0.11\ref\net9.0\Microsoft.Extensions.DependencyInjection.dll
                 Private = 'false'
             C:\Users\mrkfk\.nuget\packages\microsoft.aspnetcore.app.ref\9.0.11\ref\net9.0\Microsoft.Extensions.Diagnostics.Abstractions.dll
                 Private = 'false'
             C:\Users\mrkfk\.nuget\packages\microsoft.aspnetcore.app.ref\9.0.11\ref\net9.0\Microsoft.Extensions.Diagnostics.HealthChecks.Abstractions.dll
                 Private = 'false'
             C:\Users\mrkfk\.nuget\packages\microsoft.aspnetcore.app.ref\9.0.11\ref\net9.0\Microsoft.Extensions.Diagnostics.HealthChecks.dll
                 Private = 'false'
             C:\Users\mrkfk\.nuget\packages\microsoft.aspnetcore.app.ref\9.0.11\ref\net9.0\Microsoft.Extensions.Diagnostics.dll
                 Private = 'false'
             C:\Users\mrkfk\.nuget\packages\microsoft.aspnetcore.app.ref\9.0.11\ref\net9.0\Microsoft.Extensions.Features.dll
                 Private = 'false'
             C:\Users\mrkfk\.nuget\packages\microsoft.aspnetcore.app.ref\9.0.11\ref\net9.0\Microsoft.Extensions.FileProviders.Abstractions.dll
                 Private = 'false'
             C:\Users\mrkfk\.nuget\packages\microsoft.aspnetcore.app.ref\9.0.11\ref\net9.0\Microsoft.Extensions.FileProviders.Composite.dll
                 Private = 'false'
             C:\Users\mrkfk\.nuget\packages\microsoft.aspnetcore.app.ref\9.0.11\ref\net9.0\Microsoft.Extensions.FileProviders.Embedded.dll
                 Private = 'false'
             C:\Users\mrkfk\.nuget\packages\microsoft.aspnetcore.app.ref\9.0.11\ref\net9.0\Microsoft.Extensions.FileProviders.Physical.dll
                 Private = 'false'
             C:\Users\mrkfk\.nuget\packages\microsoft.aspnetcore.app.ref\9.0.11\ref\net9.0\Microsoft.Extensions.FileSystemGlobbing.dll
                 Private = 'false'
             C:\Users\mrkfk\.nuget\packages\microsoft.aspnetcore.app.ref\9.0.11\ref\net9.0\Microsoft.Extensions.Hosting.Abstractions.dll
                 Private = 'false'
             C:\Users\mrkfk\.nuget\packages\microsoft.aspnetcore.app.ref\9.0.11\ref\net9.0\Microsoft.Extensions.Hosting.dll
                 Private = 'false'
             C:\Users\mrkfk\.nuget\packages\microsoft.aspnetcore.app.ref\9.0.11\ref\net9.0\Microsoft.Extensions.Http.dll
                 Private = 'false'
             C:\Users\mrkfk\.nuget\packages\microsoft.aspnetcore.app.ref\9.0.11\ref\net9.0\Microsoft.Extensions.Identity.Core.dll
                 Private = 'false'
             C:\Users\mrkfk\.nuget\packages\microsoft.aspnetcore.app.ref\9.0.11\ref\net9.0\Microsoft.Extensions.Identity.Stores.dll
                 Private = 'false'
             C:\Users\mrkfk\.nuget\packages\microsoft.aspnetcore.app.ref\9.0.11\ref\net9.0\Microsoft.Extensions.Localization.Abstractions.dll
                 Private = 'false'
             C:\Users\mrkfk\.nuget\packages\microsoft.aspnetcore.app.ref\9.0.11\ref\net9.0\Microsoft.Extensions.Localization.dll
                 Private = 'false'
             C:\Users\mrkfk\.nuget\packages\microsoft.aspnetcore.app.ref\9.0.11\ref\net9.0\Microsoft.Extensions.Logging.Abstractions.dll
                 Private = 'false'
             C:\Users\mrkfk\.nuget\packages\microsoft.aspnetcore.app.ref\9.0.11\ref\net9.0\Microsoft.Extensions.Logging.Configuration.dll
                 Private = 'false'
             C:\Users\mrkfk\.nuget\packages\microsoft.aspnetcore.app.ref\9.0.11\ref\net9.0\Microsoft.Extensions.Logging.Console.dll
                 Private = 'false'
             C:\Users\mrkfk\.nuget\packages\microsoft.aspnetcore.app.ref\9.0.11\ref\net9.0\Microsoft.Extensions.Logging.Debug.dll
                 Private = 'false'
             C:\Users\mrkfk\.nuget\packages\microsoft.aspnetcore.app.ref\9.0.11\ref\net9.0\Microsoft.Extensions.Logging.EventLog.dll
                 Private = 'false'
             C:\Users\mrkfk\.nuget\packages\microsoft.aspnetcore.app.ref\9.0.11\ref\net9.0\Microsoft.Extensions.Logging.EventSource.dll
                 Private = 'false'
             C:\Users\mrkfk\.nuget\packages\microsoft.aspnetcore.app.ref\9.0.11\ref\net9.0\Microsoft.Extensions.Logging.TraceSource.dll
                 Private = 'false'
             C:\Users\mrkfk\.nuget\packages\microsoft.aspnetcore.app.ref\9.0.11\ref\net9.0\Microsoft.Extensions.Logging.dll
                 Private = 'false'
             C:\Users\mrkfk\.nuget\packages\microsoft.aspnetcore.app.ref\9.0.11\ref\net9.0\Microsoft.Extensions.ObjectPool.dll
                 Private = 'false'
             C:\Users\mrkfk\.nuget\packages\microsoft.aspnetcore.app.ref\9.0.11\ref\net9.0\Microsoft.Extensions.Options.ConfigurationExtensions.dll
                 Private = 'false'
             C:\Users\mrkfk\.nuget\packages\microsoft.aspnetcore.app.ref\9.0.11\ref\net9.0\Microsoft.Extensions.Options.DataAnnotations.dll
                 Private = 'false'
             C:\Users\mrkfk\.nuget\packages\microsoft.aspnetcore.app.ref\9.0.11\ref\net9.0\Microsoft.Extensions.Options.dll
                 Private = 'false'
             C:\Users\mrkfk\.nuget\packages\microsoft.aspnetcore.app.ref\9.0.11\ref\net9.0\Microsoft.Extensions.Primitives.dll
                 Private = 'false'
             C:\Users\mrkfk\.nuget\packages\microsoft.aspnetcore.app.ref\9.0.11\ref\net9.0\Microsoft.Extensions.WebEncoders.dll
                 Private = 'false'
             C:\Users\mrkfk\.nuget\packages\microsoft.aspnetcore.app.ref\9.0.11\ref\net9.0\Microsoft.JSInterop.dll
                 Private = 'false'
             C:\Users\mrkfk\.nuget\packages\microsoft.aspnetcore.app.ref\9.0.11\ref\net9.0\Microsoft.Net.Http.Headers.dll
                 Private = 'false'
             C:\Users\mrkfk\.nuget\packages\microsoft.aspnetcore.app.ref\9.0.11\ref\net9.0\System.Diagnostics.EventLog.dll
                 Private = 'false'
             C:\Users\mrkfk\.nuget\packages\microsoft.aspnetcore.app.ref\9.0.11\ref\net9.0\System.Security.Cryptography.Xml.dll
                 Private = 'false'
             C:\Users\mrkfk\.nuget\packages\microsoft.aspnetcore.app.ref\9.0.11\ref\net9.0\System.Threading.RateLimiting.dll
                 Private = 'false'
         AssemblyFiles:
             C:\Users\mrkfk\OneDrive\Desktop\Projelerim\ECommerce\src\Core\ECommerce.Domain\bin\Debug\net9.0\ECommerce.Domain.dll
             C:\Users\mrkfk\OneDrive\Desktop\Projelerim\ECommerce\src\Core\ECommerce.Application\bin\Debug\net9.0\ECommerce.Application.dll
         CandidateAssemblyFiles:
         TargetFrameworkDirectories:
             
         NonCultureResourceDirectories:
             
         InstalledAssemblyTables:
         IgnoreInstalledAssemblyTable:
             False
         SearchPaths:
             {CandidateAssemblyFiles}
             {HintPathFromItem}
             {TargetFrameworkDirectory}
             {RawFileName}
         AllowedAssemblyExtensions:
             .winmd
             .dll
             .exe
         AllowedRelatedFileExtensions:
             .pdb
             .xml
             .pri
             .dll.config
             .exe.config
         AppConfigFile:
             
         AutoUnify:
             True
         EnableCustomCulture:
             False
         EnableCustomCulture:
             False
         CopyLocalDependenciesWhenParentReferenceInGac:
             True
         FindDependencies:
             True
         TargetProcessorArchitecture:
             msil
         StateFile:
             obj\Debug\net9.0\ECommerce.Infrastructure.csproj.AssemblyReference.cache
         InstalledAssemblySubsetTables:
         IgnoreInstalledAssemblySubsetTable:
             False
         TargetFrameworkSubsets:
         FullTargetFrameworkSubsetNames:
             Full
         ProfileName:
             
         FullFrameworkFolders:
         LatestTargetFrameworkDirectories:
         ProfileTablesLocation:
         Birincil başvuru: "ECommerce.Domain, Version=1.0.0.0, Culture=neutral, PublicKeyToken=null".
             Çözümlenmiş dosya yolu: "C:\Users\mrkfk\OneDrive\Desktop\Projelerim\ECommerce\src\Core\ECommerce.Domain\bin\Debug\net9.0\ECommerce.Domain.dll".
             Başvuru, "C:\Users\mrkfk\OneDrive\Desktop\Projelerim\ECommerce\src\Core\ECommerce.Domain\bin\Debug\net9.0\ECommerce.Domain.dll" arama yolu konumunda bulundu.
             "C:\Users\mrkfk\OneDrive\Desktop\Projelerim\ECommerce\src\Core\ECommerce.Domain\bin\Debug\net9.0\ECommerce.Domain.pdb" ilişkili dosyası bulundu.
         Birincil başvuru: "ECommerce.Application, Version=1.0.0.0, Culture=neutral, PublicKeyToken=null".
             Çözümlenmiş dosya yolu: "C:\Users\mrkfk\OneDrive\Desktop\Projelerim\ECommerce\src\Core\ECommerce.Application\bin\Debug\net9.0\ECommerce.Application.dll".
             Başvuru, "C:\Users\mrkfk\OneDrive\Desktop\Projelerim\ECommerce\src\Core\ECommerce.Application\bin\Debug\net9.0\ECommerce.Application.dll" arama yolu konumunda bulundu.
             "C:\Users\mrkfk\OneDrive\Desktop\Projelerim\ECommerce\src\Core\ECommerce.Application\bin\Debug\net9.0\ECommerce.Application.pdb" ilişkili dosyası bulundu.
         Birincil başvuru: "AutoMapper, Version=12.0.0.0, Culture=neutral, PublicKeyToken=be96cd2c38ef1005".
             Çözümlenmiş dosya yolu: "C:\Users\mrkfk\.nuget\packages\automapper\12.0.1\lib\netstandard2.1\AutoMapper.dll".
             Başvuru, "{HintPathFromItem}" arama yolu konumunda bulundu.
             En az bir kaynak öğesi için "Private" "false" olarak ayarlanmış olduğundan ve "Private", herhangi bir kaynak öğesi için "true" olarak ayarlanmış olmadığından bu başvuru "CopyLocal" değildir.
         Birincil başvuru: "AutoMapper.Extensions.Microsoft.DependencyInjection, Version=12.0.0.0, Culture=neutral, PublicKeyToken=e767ac9c89543656".
             Çözümlenmiş dosya yolu: "C:\Users\mrkfk\.nuget\packages\automapper.extensions.microsoft.dependencyinjection\12.0.1\lib\netstandard2.1\AutoMapper.Extensions.Microsoft.DependencyInjection.dll".
             Başvuru, "{HintPathFromItem}" arama yolu konumunda bulundu.
             En az bir kaynak öğesi için "Private" "false" olarak ayarlanmış olduğundan ve "Private", herhangi bir kaynak öğesi için "true" olarak ayarlanmış olmadığından bu başvuru "CopyLocal" değildir.
         Birincil başvuru: "Azure.Core, Version=1.38.0.0, Culture=neutral, PublicKeyToken=92742159e12e44c8".
             Çözümlenmiş dosya yolu: "C:\Users\mrkfk\.nuget\packages\azure.core\1.38.0\lib\net6.0\Azure.Core.dll".
             Başvuru, "{HintPathFromItem}" arama yolu konumunda bulundu.
             En az bir kaynak öğesi için "Private" "false" olarak ayarlanmış olduğundan ve "Private", herhangi bir kaynak öğesi için "true" olarak ayarlanmış olmadığından bu başvuru "CopyLocal" değildir.
         Birincil başvuru: "Azure.Identity, Version=1.11.4.0, Culture=neutral, PublicKeyToken=92742159e12e44c8".
             Çözümlenmiş dosya yolu: "C:\Users\mrkfk\.nuget\packages\azure.identity\1.11.4\lib\netstandard2.0\Azure.Identity.dll".
             Başvuru, "{HintPathFromItem}" arama yolu konumunda bulundu.
             En az bir kaynak öğesi için "Private" "false" olarak ayarlanmış olduğundan ve "Private", herhangi bir kaynak öğesi için "true" olarak ayarlanmış olmadığından bu başvuru "CopyLocal" değildir.
         Birincil başvuru: "BCrypt.Net-Next, Version=4.0.3.0, Culture=neutral, PublicKeyToken=1e11be04b6288443".
             Çözümlenmiş dosya yolu: "C:\Users\mrkfk\.nuget\packages\bcrypt.net-next\4.0.3\lib\net6.0\BCrypt.Net-Next.dll".
             Başvuru, "{HintPathFromItem}" arama yolu konumunda bulundu.
             En az bir kaynak öğesi için "Private" "false" olarak ayarlanmış olduğundan ve "Private", herhangi bir kaynak öğesi için "true" olarak ayarlanmış olmadığından bu başvuru "CopyLocal" değildir.
         Birincil başvuru: "Elasticsearch.Net, Version=7.0.0.0, Culture=neutral, PublicKeyToken=96c599bbe3e70f5d".
             Çözümlenmiş dosya yolu: "C:\Users\mrkfk\.nuget\packages\elasticsearch.net\7.17.5\lib\netstandard2.1\Elasticsearch.Net.dll".
             Başvuru, "{HintPathFromItem}" arama yolu konumunda bulundu.
             En az bir kaynak öğesi için "Private" "false" olarak ayarlanmış olduğundan ve "Private", herhangi bir kaynak öğesi için "true" olarak ayarlanmış olmadığından bu başvuru "CopyLocal" değildir.
         Birincil başvuru: "FluentValidation, Version=11.0.0.0, Culture=neutral, PublicKeyToken=7de548da2fbae0f0".
             Çözümlenmiş dosya yolu: "C:\Users\mrkfk\.nuget\packages\fluentvalidation\11.11.0\lib\net8.0\FluentValidation.dll".
             Başvuru, "{HintPathFromItem}" arama yolu konumunda bulundu.
             En az bir kaynak öğesi için "Private" "false" olarak ayarlanmış olduğundan ve "Private", herhangi bir kaynak öğesi için "true" olarak ayarlanmış olmadığından bu başvuru "CopyLocal" değildir.
         Birincil başvuru: "FluentValidation.DependencyInjectionExtensions, Version=11.0.0.0, Culture=neutral, PublicKeyToken=7de548da2fbae0f0".
             Çözümlenmiş dosya yolu: "C:\Users\mrkfk\.nuget\packages\fluentvalidation.dependencyinjectionextensions\11.11.0\lib\netstandard2.1\FluentValidation.DependencyInjectionExtensions.dll".
             Başvuru, "{HintPathFromItem}" arama yolu konumunda bulundu.
             En az bir kaynak öğesi için "Private" "false" olarak ayarlanmış olduğundan ve "Private", herhangi bir kaynak öğesi için "true" olarak ayarlanmış olmadığından bu başvuru "CopyLocal" değildir.
         Birincil başvuru: "Microsoft.Bcl.AsyncInterfaces, Version=7.0.0.0, Culture=neutral, PublicKeyToken=cc7b13ffcd2ddd51".
             Çözümlenmiş dosya yolu: "C:\Users\mrkfk\.nuget\packages\microsoft.bcl.asyncinterfaces\7.0.0\lib\netstandard2.1\Microsoft.Bcl.AsyncInterfaces.dll".
             Başvuru, "{HintPathFromItem}" arama yolu konumunda bulundu.
             En az bir kaynak öğesi için "Private" "false" olarak ayarlanmış olduğundan ve "Private", herhangi bir kaynak öğesi için "true" olarak ayarlanmış olmadığından bu başvuru "CopyLocal" değildir.
         Birincil başvuru: "Microsoft.Data.SqlClient, Version=5.0.0.0, Culture=neutral, PublicKeyToken=23ec7fc2d6eaa4a5".
             Çözümlenmiş dosya yolu: "C:\Users\mrkfk\.nuget\packages\microsoft.data.sqlclient\5.1.6\ref\net6.0\Microsoft.Data.SqlClient.dll".
             Başvuru, "{HintPathFromItem}" arama yolu konumunda bulundu.
             En az bir kaynak öğesi için "Private" "false" olarak ayarlanmış olduğundan ve "Private", herhangi bir kaynak öğesi için "true" olarak ayarlanmış olmadığından bu başvuru "CopyLocal" değildir.
         Birincil başvuru: "Microsoft.Data.Sqlite, Version=9.0.0.0, Culture=neutral, PublicKeyToken=adb9793829ddae60".
             Çözümlenmiş dosya yolu: "C:\Users\mrkfk\.nuget\packages\microsoft.data.sqlite.core\9.0.0\lib\net8.0\Microsoft.Data.Sqlite.dll".
             Başvuru, "{HintPathFromItem}" arama yolu konumunda bulundu.
             En az bir kaynak öğesi için "Private" "false" olarak ayarlanmış olduğundan ve "Private", herhangi bir kaynak öğesi için "true" olarak ayarlanmış olmadığından bu başvuru "CopyLocal" değildir.
         Birincil başvuru: "Microsoft.EntityFrameworkCore, Version=9.0.0.0, Culture=neutral, PublicKeyToken=adb9793829ddae60".
             Çözümlenmiş dosya yolu: "C:\Users\mrkfk\.nuget\packages\microsoft.entityframeworkcore\9.0.0\lib\net8.0\Microsoft.EntityFrameworkCore.dll".
             Başvuru, "{HintPathFromItem}" arama yolu konumunda bulundu.
             En az bir kaynak öğesi için "Private" "false" olarak ayarlanmış olduğundan ve "Private", herhangi bir kaynak öğesi için "true" olarak ayarlanmış olmadığından bu başvuru "CopyLocal" değildir.
         Birincil başvuru: "Microsoft.EntityFrameworkCore.Abstractions, Version=9.0.0.0, Culture=neutral, PublicKeyToken=adb9793829ddae60".
             Çözümlenmiş dosya yolu: "C:\Users\mrkfk\.nuget\packages\microsoft.entityframeworkcore.abstractions\9.0.0\lib\net8.0\Microsoft.EntityFrameworkCore.Abstractions.dll".
             Başvuru, "{HintPathFromItem}" arama yolu konumunda bulundu.
             En az bir kaynak öğesi için "Private" "false" olarak ayarlanmış olduğundan ve "Private", herhangi bir kaynak öğesi için "true" olarak ayarlanmış olmadığından bu başvuru "CopyLocal" değildir.
         Birincil başvuru: "Microsoft.EntityFrameworkCore.Relational, Version=9.0.0.0, Culture=neutral, PublicKeyToken=adb9793829ddae60".
             Çözümlenmiş dosya yolu: "C:\Users\mrkfk\.nuget\packages\microsoft.entityframeworkcore.relational\9.0.0\lib\net8.0\Microsoft.EntityFrameworkCore.Relational.dll".
             Başvuru, "{HintPathFromItem}" arama yolu konumunda bulundu.
             En az bir kaynak öğesi için "Private" "false" olarak ayarlanmış olduğundan ve "Private", herhangi bir kaynak öğesi için "true" olarak ayarlanmış olmadığından bu başvuru "CopyLocal" değildir.
         Birincil başvuru: "Microsoft.EntityFrameworkCore.Sqlite, Version=9.0.0.0, Culture=neutral, PublicKeyToken=adb9793829ddae60".
             Çözümlenmiş dosya yolu: "C:\Users\mrkfk\.nuget\packages\microsoft.entityframeworkcore.sqlite.core\9.0.0\lib\net8.0\Microsoft.EntityFrameworkCore.Sqlite.dll".
             Başvuru, "{HintPathFromItem}" arama yolu konumunda bulundu.
             En az bir kaynak öğesi için "Private" "false" olarak ayarlanmış olduğundan ve "Private", herhangi bir kaynak öğesi için "true" olarak ayarlanmış olmadığından bu başvuru "CopyLocal" değildir.
         Birincil başvuru: "Microsoft.EntityFrameworkCore.SqlServer, Version=9.0.0.0, Culture=neutral, PublicKeyToken=adb9793829ddae60".
             Çözümlenmiş dosya yolu: "C:\Users\mrkfk\.nuget\packages\microsoft.entityframeworkcore.sqlserver\9.0.0\lib\net8.0\Microsoft.EntityFrameworkCore.SqlServer.dll".
             Başvuru, "{HintPathFromItem}" arama yolu konumunda bulundu.
             En az bir kaynak öğesi için "Private" "false" olarak ayarlanmış olduğundan ve "Private", herhangi bir kaynak öğesi için "true" olarak ayarlanmış olmadığından bu başvuru "CopyLocal" değildir.
         Birincil başvuru: "Microsoft.Extensions.DependencyModel, Version=9.0.0.0, Culture=neutral, PublicKeyToken=adb9793829ddae60".
             Çözümlenmiş dosya yolu: "C:\Users\mrkfk\.nuget\packages\microsoft.extensions.dependencymodel\9.0.0\lib\net9.0\Microsoft.Extensions.DependencyModel.dll".
             Başvuru, "{HintPathFromItem}" arama yolu konumunda bulundu.
             En az bir kaynak öğesi için "Private" "false" olarak ayarlanmış olduğundan ve "Private", herhangi bir kaynak öğesi için "true" olarak ayarlanmış olmadığından bu başvuru "CopyLocal" değildir.
         Birincil başvuru: "Microsoft.Identity.Client, Version=4.61.3.0, Culture=neutral, PublicKeyToken=0a613f4dd989e8ae".
             Çözümlenmiş dosya yolu: "C:\Users\mrkfk\.nuget\packages\microsoft.identity.client\4.61.3\lib\net6.0\Microsoft.Identity.Client.dll".
             Başvuru, "{HintPathFromItem}" arama yolu konumunda bulundu.
             En az bir kaynak öğesi için "Private" "false" olarak ayarlanmış olduğundan ve "Private", herhangi bir kaynak öğesi için "true" olarak ayarlanmış olmadığından bu başvuru "CopyLocal" değildir.
         Birincil başvuru: "Microsoft.Identity.Client.Extensions.Msal, Version=4.61.3.0, Culture=neutral, PublicKeyToken=0a613f4dd989e8ae".
             Çözümlenmiş dosya yolu: "C:\Users\mrkfk\.nuget\packages\microsoft.identity.client.extensions.msal\4.61.3\lib\net6.0\Microsoft.Identity.Client.Extensions.Msal.dll".
             Başvuru, "{HintPathFromItem}" arama yolu konumunda bulundu.
             En az bir kaynak öğesi için "Private" "false" olarak ayarlanmış olduğundan ve "Private", herhangi bir kaynak öğesi için "true" olarak ayarlanmış olmadığından bu başvuru "CopyLocal" değildir.
         Birincil başvuru: "Microsoft.IdentityModel.Abstractions, Version=8.2.1.0, Culture=neutral, PublicKeyToken=31bf3856ad364e35".
             Çözümlenmiş dosya yolu: "C:\Users\mrkfk\.nuget\packages\microsoft.identitymodel.abstractions\8.2.1\lib\net9.0\Microsoft.IdentityModel.Abstractions.dll".
             Başvuru, "{HintPathFromItem}" arama yolu konumunda bulundu.
             En az bir kaynak öğesi için "Private" "false" olarak ayarlanmış olduğundan ve "Private", herhangi bir kaynak öğesi için "true" olarak ayarlanmış olmadığından bu başvuru "CopyLocal" değildir.
         Birincil başvuru: "Microsoft.IdentityModel.JsonWebTokens, Version=8.2.1.0, Culture=neutral, PublicKeyToken=31bf3856ad364e35".
             Çözümlenmiş dosya yolu: "C:\Users\mrkfk\.nuget\packages\microsoft.identitymodel.jsonwebtokens\8.2.1\lib\net9.0\Microsoft.IdentityModel.JsonWebTokens.dll".
             Başvuru, "{HintPathFromItem}" arama yolu konumunda bulundu.
             En az bir kaynak öğesi için "Private" "false" olarak ayarlanmış olduğundan ve "Private", herhangi bir kaynak öğesi için "true" olarak ayarlanmış olmadığından bu başvuru "CopyLocal" değildir.
         Birincil başvuru: "Microsoft.IdentityModel.Logging, Version=8.2.1.0, Culture=neutral, PublicKeyToken=31bf3856ad364e35".
             Çözümlenmiş dosya yolu: "C:\Users\mrkfk\.nuget\packages\microsoft.identitymodel.logging\8.2.1\lib\net9.0\Microsoft.IdentityModel.Logging.dll".
             Başvuru, "{HintPathFromItem}" arama yolu konumunda bulundu.
             En az bir kaynak öğesi için "Private" "false" olarak ayarlanmış olduğundan ve "Private", herhangi bir kaynak öğesi için "true" olarak ayarlanmış olmadığından bu başvuru "CopyLocal" değildir.
         Birincil başvuru: "Microsoft.IdentityModel.Protocols, Version=6.35.0.0, Culture=neutral, PublicKeyToken=31bf3856ad364e35".
             Çözümlenmiş dosya yolu: "C:\Users\mrkfk\.nuget\packages\microsoft.identitymodel.protocols\6.35.0\lib\net6.0\Microsoft.IdentityModel.Protocols.dll".
             Başvuru, "{HintPathFromItem}" arama yolu konumunda bulundu.
             En az bir kaynak öğesi için "Private" "false" olarak ayarlanmış olduğundan ve "Private", herhangi bir kaynak öğesi için "true" olarak ayarlanmış olmadığından bu başvuru "CopyLocal" değildir.
         Birincil başvuru: "Microsoft.IdentityModel.Protocols.OpenIdConnect, Version=6.35.0.0, Culture=neutral, PublicKeyToken=31bf3856ad364e35".
             Çözümlenmiş dosya yolu: "C:\Users\mrkfk\.nuget\packages\microsoft.identitymodel.protocols.openidconnect\6.35.0\lib\net6.0\Microsoft.IdentityModel.Protocols.OpenIdConnect.dll".
             Başvuru, "{HintPathFromItem}" arama yolu konumunda bulundu.
             En az bir kaynak öğesi için "Private" "false" olarak ayarlanmış olduğundan ve "Private", herhangi bir kaynak öğesi için "true" olarak ayarlanmış olmadığından bu başvuru "CopyLocal" değildir.
         Birincil başvuru: "Microsoft.IdentityModel.Tokens, Version=8.2.1.0, Culture=neutral, PublicKeyToken=31bf3856ad364e35".
             Çözümlenmiş dosya yolu: "C:\Users\mrkfk\.nuget\packages\microsoft.identitymodel.tokens\8.2.1\lib\net9.0\Microsoft.IdentityModel.Tokens.dll".
             Başvuru, "{HintPathFromItem}" arama yolu konumunda bulundu.
             En az bir kaynak öğesi için "Private" "false" olarak ayarlanmış olduğundan ve "Private", herhangi bir kaynak öğesi için "true" olarak ayarlanmış olmadığından bu başvuru "CopyLocal" değildir.
         Birincil başvuru: "Microsoft.IO.RecyclableMemoryStream, Version=3.0.1.0, Culture=neutral, PublicKeyToken=31bf3856ad364e35".
             Çözümlenmiş dosya yolu: "C:\Users\mrkfk\.nuget\packages\microsoft.io.recyclablememorystream\3.0.1\lib\net6.0\Microsoft.IO.RecyclableMemoryStream.dll".
             Başvuru, "{HintPathFromItem}" arama yolu konumunda bulundu.
             En az bir kaynak öğesi için "Private" "false" olarak ayarlanmış olduğundan ve "Private", herhangi bir kaynak öğesi için "true" olarak ayarlanmış olmadığından bu başvuru "CopyLocal" değildir.
         Birincil başvuru: "Microsoft.SqlServer.Server, Version=1.0.0.0, Culture=neutral, PublicKeyToken=23ec7fc2d6eaa4a5".
             Çözümlenmiş dosya yolu: "C:\Users\mrkfk\.nuget\packages\microsoft.sqlserver.server\1.0.0\lib\netstandard2.0\Microsoft.SqlServer.Server.dll".
             Başvuru, "{HintPathFromItem}" arama yolu konumunda bulundu.
             En az bir kaynak öğesi için "Private" "false" olarak ayarlanmış olduğundan ve "Private", herhangi bir kaynak öğesi için "true" olarak ayarlanmış olmadığından bu başvuru "CopyLocal" değildir.
         Birincil başvuru: "Nest, Version=7.0.0.0, Culture=neutral, PublicKeyToken=96c599bbe3e70f5d".
             Çözümlenmiş dosya yolu: "C:\Users\mrkfk\.nuget\packages\nest\7.17.5\lib\netstandard2.0\Nest.dll".
             Başvuru, "{HintPathFromItem}" arama yolu konumunda bulundu.
             En az bir kaynak öğesi için "Private" "false" olarak ayarlanmış olduğundan ve "Private", herhangi bir kaynak öğesi için "true" olarak ayarlanmış olmadığından bu başvuru "CopyLocal" değildir.
         Birincil başvuru: "SixLabors.ImageSharp, Version=3.0.0.0, Culture=neutral, PublicKeyToken=d998eea7b14cab13".
             Çözümlenmiş dosya yolu: "C:\Users\mrkfk\.nuget\packages\sixlabors.imagesharp\3.1.12\lib\net6.0\SixLabors.ImageSharp.dll".
             Başvuru, "{HintPathFromItem}" arama yolu konumunda bulundu.
             En az bir kaynak öğesi için "Private" "false" olarak ayarlanmış olduğundan ve "Private", herhangi bir kaynak öğesi için "true" olarak ayarlanmış olmadığından bu başvuru "CopyLocal" değildir.
         Birincil başvuru: "SixLabors.ImageSharp.Web, Version=3.0.0.0, Culture=neutral, PublicKeyToken=d998eea7b14cab13".
             Çözümlenmiş dosya yolu: "C:\Users\mrkfk\.nuget\packages\sixlabors.imagesharp.web\3.2.0\lib\net6.0\SixLabors.ImageSharp.Web.dll".
             Başvuru, "{HintPathFromItem}" arama yolu konumunda bulundu.
             En az bir kaynak öğesi için "Private" "false" olarak ayarlanmış olduğundan ve "Private", herhangi bir kaynak öğesi için "true" olarak ayarlanmış olmadığından bu başvuru "CopyLocal" değildir.
         Birincil başvuru: "SQLitePCLRaw.batteries_v2, Version=2.1.10.2445, Culture=neutral, PublicKeyToken=8226ea5df37bcae9".
             Çözümlenmiş dosya yolu: "C:\Users\mrkfk\.nuget\packages\sqlitepclraw.bundle_e_sqlite3\2.1.10\lib\netstandard2.0\SQLitePCLRaw.batteries_v2.dll".
             Başvuru, "{HintPathFromItem}" arama yolu konumunda bulundu.
             En az bir kaynak öğesi için "Private" "false" olarak ayarlanmış olduğundan ve "Private", herhangi bir kaynak öğesi için "true" olarak ayarlanmış olmadığından bu başvuru "CopyLocal" değildir.
         Birincil başvuru: "SQLitePCLRaw.core, Version=2.1.10.2445, Culture=neutral, PublicKeyToken=1488e028ca7ab535".
             Çözümlenmiş dosya yolu: "C:\Users\mrkfk\.nuget\packages\sqlitepclraw.core\2.1.10\lib\netstandard2.0\SQLitePCLRaw.core.dll".
             Başvuru, "{HintPathFromItem}" arama yolu konumunda bulundu.
             En az bir kaynak öğesi için "Private" "false" olarak ayarlanmış olduğundan ve "Private", herhangi bir kaynak öğesi için "true" olarak ayarlanmış olmadığından bu başvuru "CopyLocal" değildir.
         Birincil başvuru: "SQLitePCLRaw.provider.e_sqlite3, Version=2.1.10.2445, Culture=neutral, PublicKeyToken=9c301db686d0bd12".
             Çözümlenmiş dosya yolu: "C:\Users\mrkfk\.nuget\packages\sqlitepclraw.provider.e_sqlite3\2.1.10\lib\net6.0\SQLitePCLRaw.provider.e_sqlite3.dll".
             Başvuru, "{HintPathFromItem}" arama yolu konumunda bulundu.
             En az bir kaynak öğesi için "Private" "false" olarak ayarlanmış olduğundan ve "Private", herhangi bir kaynak öğesi için "true" olarak ayarlanmış olmadığından bu başvuru "CopyLocal" değildir.
         Birincil başvuru: "System.ClientModel, Version=1.0.0.0, Culture=neutral, PublicKeyToken=92742159e12e44c8".
             Çözümlenmiş dosya yolu: "C:\Users\mrkfk\.nuget\packages\system.clientmodel\1.0.0\lib\net6.0\System.ClientModel.dll".
             Başvuru, "{HintPathFromItem}" arama yolu konumunda bulundu.
             En az bir kaynak öğesi için "Private" "false" olarak ayarlanmış olduğundan ve "Private", herhangi bir kaynak öğesi için "true" olarak ayarlanmış olmadığından bu başvuru "CopyLocal" değildir.
         Birincil başvuru: "System.IdentityModel.Tokens.Jwt, Version=8.2.1.0, Culture=neutral, PublicKeyToken=31bf3856ad364e35".
             Çözümlenmiş dosya yolu: "C:\Users\mrkfk\.nuget\packages\system.identitymodel.tokens.jwt\8.2.1\lib\net9.0\System.IdentityModel.Tokens.Jwt.dll".
             Başvuru, "{HintPathFromItem}" arama yolu konumunda bulundu.
             En az bir kaynak öğesi için "Private" "false" olarak ayarlanmış olduğundan ve "Private", herhangi bir kaynak öğesi için "true" olarak ayarlanmış olmadığından bu başvuru "CopyLocal" değildir.
         Birincil başvuru: "System.Memory.Data, Version=1.0.2.0, Culture=neutral, PublicKeyToken=cc7b13ffcd2ddd51".
             Çözümlenmiş dosya yolu: "C:\Users\mrkfk\.nuget\packages\system.memory.data\1.0.2\lib\netstandard2.0\System.Memory.Data.dll".
             Başvuru, "{HintPathFromItem}" arama yolu konumunda bulundu.
             En az bir kaynak öğesi için "Private" "false" olarak ayarlanmış olduğundan ve "Private", herhangi bir kaynak öğesi için "true" olarak ayarlanmış olmadığından bu başvuru "CopyLocal" değildir.
         Birincil başvuru: "System.Security.Cryptography.ProtectedData, Version=6.0.0.0, Culture=neutral, PublicKeyToken=b03f5f7f11d50a3a".
             Çözümlenmiş dosya yolu: "C:\Users\mrkfk\.nuget\packages\system.security.cryptography.protecteddata\6.0.0\lib\net6.0\System.Security.Cryptography.ProtectedData.dll".
             Başvuru, "{HintPathFromItem}" arama yolu konumunda bulundu.
             En az bir kaynak öğesi için "Private" "false" olarak ayarlanmış olduğundan ve "Private", herhangi bir kaynak öğesi için "true" olarak ayarlanmış olmadığından bu başvuru "CopyLocal" değildir.
         Birincil başvuru: "Microsoft.CSharp, Version=9.0.0.0, Culture=neutral, PublicKeyToken=b03f5f7f11d50a3a".
             Çözümlenmiş dosya yolu: "C:\Users\mrkfk\.nuget\packages\microsoft.netcore.app.ref\9.0.11\ref\net9.0\Microsoft.CSharp.dll".
             Başvuru, "{RawFileName}" arama yolu konumunda bulundu.
             En az bir kaynak öğesi için "Private" "false" olarak ayarlanmış olduğundan ve "Private", herhangi bir kaynak öğesi için "true" olarak ayarlanmış olmadığından bu başvuru "CopyLocal" değildir.
         Birincil başvuru: "Microsoft.VisualBasic.Core, Version=14.0.0.0, Culture=neutral, PublicKeyToken=b03f5f7f11d50a3a".
             Çözümlenmiş dosya yolu: "C:\Users\mrkfk\.nuget\packages\microsoft.netcore.app.ref\9.0.11\ref\net9.0\Microsoft.VisualBasic.Core.dll".
             Başvuru, "{RawFileName}" arama yolu konumunda bulundu.
             En az bir kaynak öğesi için "Private" "false" olarak ayarlanmış olduğundan ve "Private", herhangi bir kaynak öğesi için "true" olarak ayarlanmış olmadığından bu başvuru "CopyLocal" değildir.
         Birincil başvuru: "Microsoft.VisualBasic, Version=10.0.0.0, Culture=neutral, PublicKeyToken=b03f5f7f11d50a3a".
             Çözümlenmiş dosya yolu: "C:\Users\mrkfk\.nuget\packages\microsoft.netcore.app.ref\9.0.11\ref\net9.0\Microsoft.VisualBasic.dll".
             Başvuru, "{RawFileName}" arama yolu konumunda bulundu.
             En az bir kaynak öğesi için "Private" "false" olarak ayarlanmış olduğundan ve "Private", herhangi bir kaynak öğesi için "true" olarak ayarlanmış olmadığından bu başvuru "CopyLocal" değildir.
         Birincil başvuru: "Microsoft.Win32.Primitives, Version=9.0.0.0, Culture=neutral, PublicKeyToken=b03f5f7f11d50a3a".
             Çözümlenmiş dosya yolu: "C:\Users\mrkfk\.nuget\packages\microsoft.netcore.app.ref\9.0.11\ref\net9.0\Microsoft.Win32.Primitives.dll".
             Başvuru, "{RawFileName}" arama yolu konumunda bulundu.
             En az bir kaynak öğesi için "Private" "false" olarak ayarlanmış olduğundan ve "Private", herhangi bir kaynak öğesi için "true" olarak ayarlanmış olmadığından bu başvuru "CopyLocal" değildir.
         Birincil başvuru: "Microsoft.Win32.Registry, Version=9.0.0.0, Culture=neutral, PublicKeyToken=b03f5f7f11d50a3a".
             Çözümlenmiş dosya yolu: "C:\Users\mrkfk\.nuget\packages\microsoft.netcore.app.ref\9.0.11\ref\net9.0\Microsoft.Win32.Registry.dll".
             Başvuru, "{RawFileName}" arama yolu konumunda bulundu.
             En az bir kaynak öğesi için "Private" "false" olarak ayarlanmış olduğundan ve "Private", herhangi bir kaynak öğesi için "true" olarak ayarlanmış olmadığından bu başvuru "CopyLocal" değildir.
         Birincil başvuru: "System.AppContext, Version=9.0.0.0, Culture=neutral, PublicKeyToken=b03f5f7f11d50a3a".
             Çözümlenmiş dosya yolu: "C:\Users\mrkfk\.nuget\packages\microsoft.netcore.app.ref\9.0.11\ref\net9.0\System.AppContext.dll".
             Başvuru, "{RawFileName}" arama yolu konumunda bulundu.
             En az bir kaynak öğesi için "Private" "false" olarak ayarlanmış olduğundan ve "Private", herhangi bir kaynak öğesi için "true" olarak ayarlanmış olmadığından bu başvuru "CopyLocal" değildir.
         Birincil başvuru: "System.Buffers, Version=9.0.0.0, Culture=neutral, PublicKeyToken=cc7b13ffcd2ddd51".
             Çözümlenmiş dosya yolu: "C:\Users\mrkfk\.nuget\packages\microsoft.netcore.app.ref\9.0.11\ref\net9.0\System.Buffers.dll".
             Başvuru, "{RawFileName}" arama yolu konumunda bulundu.
             En az bir kaynak öğesi için "Private" "false" olarak ayarlanmış olduğundan ve "Private", herhangi bir kaynak öğesi için "true" olarak ayarlanmış olmadığından bu başvuru "CopyLocal" değildir.
         Birincil başvuru: "System.Collections.Concurrent, Version=9.0.0.0, Culture=neutral, PublicKeyToken=b03f5f7f11d50a3a".
             Çözümlenmiş dosya yolu: "C:\Users\mrkfk\.nuget\packages\microsoft.netcore.app.ref\9.0.11\ref\net9.0\System.Collections.Concurrent.dll".
             Başvuru, "{RawFileName}" arama yolu konumunda bulundu.
             En az bir kaynak öğesi için "Private" "false" olarak ayarlanmış olduğundan ve "Private", herhangi bir kaynak öğesi için "true" olarak ayarlanmış olmadığından bu başvuru "CopyLocal" değildir.
         Birincil başvuru: "System.Collections.Immutable, Version=9.0.0.0, Culture=neutral, PublicKeyToken=b03f5f7f11d50a3a".
             Çözümlenmiş dosya yolu: "C:\Users\mrkfk\.nuget\packages\microsoft.netcore.app.ref\9.0.11\ref\net9.0\System.Collections.Immutable.dll".
             Başvuru, "{RawFileName}" arama yolu konumunda bulundu.
             En az bir kaynak öğesi için "Private" "false" olarak ayarlanmış olduğundan ve "Private", herhangi bir kaynak öğesi için "true" olarak ayarlanmış olmadığından bu başvuru "CopyLocal" değildir.
         Birincil başvuru: "System.Collections.NonGeneric, Version=9.0.0.0, Culture=neutral, PublicKeyToken=b03f5f7f11d50a3a".
             Çözümlenmiş dosya yolu: "C:\Users\mrkfk\.nuget\packages\microsoft.netcore.app.ref\9.0.11\ref\net9.0\System.Collections.NonGeneric.dll".
             Başvuru, "{RawFileName}" arama yolu konumunda bulundu.
             En az bir kaynak öğesi için "Private" "false" olarak ayarlanmış olduğundan ve "Private", herhangi bir kaynak öğesi için "true" olarak ayarlanmış olmadığından bu başvuru "CopyLocal" değildir.
         Birincil başvuru: "System.Collections.Specialized, Version=9.0.0.0, Culture=neutral, PublicKeyToken=b03f5f7f11d50a3a".
             Çözümlenmiş dosya yolu: "C:\Users\mrkfk\.nuget\packages\microsoft.netcore.app.ref\9.0.11\ref\net9.0\System.Collections.Specialized.dll".
             Başvuru, "{RawFileName}" arama yolu konumunda bulundu.
             En az bir kaynak öğesi için "Private" "false" olarak ayarlanmış olduğundan ve "Private", herhangi bir kaynak öğesi için "true" olarak ayarlanmış olmadığından bu başvuru "CopyLocal" değildir.
         Birincil başvuru: "System.Collections, Version=9.0.0.0, Culture=neutral, PublicKeyToken=b03f5f7f11d50a3a".
             Çözümlenmiş dosya yolu: "C:\Users\mrkfk\.nuget\packages\microsoft.netcore.app.ref\9.0.11\ref\net9.0\System.Collections.dll".
             Başvuru, "{RawFileName}" arama yolu konumunda bulundu.
             En az bir kaynak öğesi için "Private" "false" olarak ayarlanmış olduğundan ve "Private", herhangi bir kaynak öğesi için "true" olarak ayarlanmış olmadığından bu başvuru "CopyLocal" değildir.
         Birincil başvuru: "System.ComponentModel.Annotations, Version=9.0.0.0, Culture=neutral, PublicKeyToken=b03f5f7f11d50a3a".
             Çözümlenmiş dosya yolu: "C:\Users\mrkfk\.nuget\packages\microsoft.netcore.app.ref\9.0.11\ref\net9.0\System.ComponentModel.Annotations.dll".
             Başvuru, "{RawFileName}" arama yolu konumunda bulundu.
             En az bir kaynak öğesi için "Private" "false" olarak ayarlanmış olduğundan ve "Private", herhangi bir kaynak öğesi için "true" olarak ayarlanmış olmadığından bu başvuru "CopyLocal" değildir.
         Birincil başvuru: "System.ComponentModel.DataAnnotations, Version=4.0.0.0, Culture=neutral, PublicKeyToken=31bf3856ad364e35".
             Çözümlenmiş dosya yolu: "C:\Users\mrkfk\.nuget\packages\microsoft.netcore.app.ref\9.0.11\ref\net9.0\System.ComponentModel.DataAnnotations.dll".
             Başvuru, "{RawFileName}" arama yolu konumunda bulundu.
             En az bir kaynak öğesi için "Private" "false" olarak ayarlanmış olduğundan ve "Private", herhangi bir kaynak öğesi için "true" olarak ayarlanmış olmadığından bu başvuru "CopyLocal" değildir.
         Birincil başvuru: "System.ComponentModel.EventBasedAsync, Version=9.0.0.0, Culture=neutral, PublicKeyToken=b03f5f7f11d50a3a".
             Çözümlenmiş dosya yolu: "C:\Users\mrkfk\.nuget\packages\microsoft.netcore.app.ref\9.0.11\ref\net9.0\System.ComponentModel.EventBasedAsync.dll".
             Başvuru, "{RawFileName}" arama yolu konumunda bulundu.
             En az bir kaynak öğesi için "Private" "false" olarak ayarlanmış olduğundan ve "Private", herhangi bir kaynak öğesi için "true" olarak ayarlanmış olmadığından bu başvuru "CopyLocal" değildir.
         Birincil başvuru: "System.ComponentModel.Primitives, Version=9.0.0.0, Culture=neutral, PublicKeyToken=b03f5f7f11d50a3a".
             Çözümlenmiş dosya yolu: "C:\Users\mrkfk\.nuget\packages\microsoft.netcore.app.ref\9.0.11\ref\net9.0\System.ComponentModel.Primitives.dll".
             Başvuru, "{RawFileName}" arama yolu konumunda bulundu.
             En az bir kaynak öğesi için "Private" "false" olarak ayarlanmış olduğundan ve "Private", herhangi bir kaynak öğesi için "true" olarak ayarlanmış olmadığından bu başvuru "CopyLocal" değildir.
         Birincil başvuru: "System.ComponentModel.TypeConverter, Version=9.0.0.0, Culture=neutral, PublicKeyToken=b03f5f7f11d50a3a".
             Çözümlenmiş dosya yolu: "C:\Users\mrkfk\.nuget\packages\microsoft.netcore.app.ref\9.0.11\ref\net9.0\System.ComponentModel.TypeConverter.dll".
             Başvuru, "{RawFileName}" arama yolu konumunda bulundu.
             En az bir kaynak öğesi için "Private" "false" olarak ayarlanmış olduğundan ve "Private", herhangi bir kaynak öğesi için "true" olarak ayarlanmış olmadığından bu başvuru "CopyLocal" değildir.
         Birincil başvuru: "System.ComponentModel, Version=9.0.0.0, Culture=neutral, PublicKeyToken=b03f5f7f11d50a3a".
             Çözümlenmiş dosya yolu: "C:\Users\mrkfk\.nuget\packages\microsoft.netcore.app.ref\9.0.11\ref\net9.0\System.ComponentModel.dll".
             Başvuru, "{RawFileName}" arama yolu konumunda bulundu.
             En az bir kaynak öğesi için "Private" "false" olarak ayarlanmış olduğundan ve "Private", herhangi bir kaynak öğesi için "true" olarak ayarlanmış olmadığından bu başvuru "CopyLocal" değildir.
         Birincil başvuru: "System.Configuration, Version=4.0.0.0, Culture=neutral, PublicKeyToken=b03f5f7f11d50a3a".
             Çözümlenmiş dosya yolu: "C:\Users\mrkfk\.nuget\packages\microsoft.netcore.app.ref\9.0.11\ref\net9.0\System.Configuration.dll".
             Başvuru, "{RawFileName}" arama yolu konumunda bulundu.
             En az bir kaynak öğesi için "Private" "false" olarak ayarlanmış olduğundan ve "Private", herhangi bir kaynak öğesi için "true" olarak ayarlanmış olmadığından bu başvuru "CopyLocal" değildir.
         Birincil başvuru: "System.Console, Version=9.0.0.0, Culture=neutral, PublicKeyToken=b03f5f7f11d50a3a".
             Çözümlenmiş dosya yolu: "C:\Users\mrkfk\.nuget\packages\microsoft.netcore.app.ref\9.0.11\ref\net9.0\System.Console.dll".
             Başvuru, "{RawFileName}" arama yolu konumunda bulundu.
             En az bir kaynak öğesi için "Private" "false" olarak ayarlanmış olduğundan ve "Private", herhangi bir kaynak öğesi için "true" olarak ayarlanmış olmadığından bu başvuru "CopyLocal" değildir.
         Birincil başvuru: "System.Core, Version=4.0.0.0, Culture=neutral, PublicKeyToken=b77a5c561934e089".
             Çözümlenmiş dosya yolu: "C:\Users\mrkfk\.nuget\packages\microsoft.netcore.app.ref\9.0.11\ref\net9.0\System.Core.dll".
             Başvuru, "{RawFileName}" arama yolu konumunda bulundu.
             En az bir kaynak öğesi için "Private" "false" olarak ayarlanmış olduğundan ve "Private", herhangi bir kaynak öğesi için "true" olarak ayarlanmış olmadığından bu başvuru "CopyLocal" değildir.
         Birincil başvuru: "System.Data.Common, Version=9.0.0.0, Culture=neutral, PublicKeyToken=b03f5f7f11d50a3a".
             Çözümlenmiş dosya yolu: "C:\Users\mrkfk\.nuget\packages\microsoft.netcore.app.ref\9.0.11\ref\net9.0\System.Data.Common.dll".
             Başvuru, "{RawFileName}" arama yolu konumunda bulundu.
             En az bir kaynak öğesi için "Private" "false" olarak ayarlanmış olduğundan ve "Private", herhangi bir kaynak öğesi için "true" olarak ayarlanmış olmadığından bu başvuru "CopyLocal" değildir.
         Birincil başvuru: "System.Data.DataSetExtensions, Version=9.0.0.0, Culture=neutral, PublicKeyToken=b77a5c561934e089".
             Çözümlenmiş dosya yolu: "C:\Users\mrkfk\.nuget\packages\microsoft.netcore.app.ref\9.0.11\ref\net9.0\System.Data.DataSetExtensions.dll".
             Başvuru, "{RawFileName}" arama yolu konumunda bulundu.
             En az bir kaynak öğesi için "Private" "false" olarak ayarlanmış olduğundan ve "Private", herhangi bir kaynak öğesi için "true" olarak ayarlanmış olmadığından bu başvuru "CopyLocal" değildir.
         Birincil başvuru: "System.Data, Version=4.0.0.0, Culture=neutral, PublicKeyToken=b77a5c561934e089".
             Çözümlenmiş dosya yolu: "C:\Users\mrkfk\.nuget\packages\microsoft.netcore.app.ref\9.0.11\ref\net9.0\System.Data.dll".
             Başvuru, "{RawFileName}" arama yolu konumunda bulundu.
             En az bir kaynak öğesi için "Private" "false" olarak ayarlanmış olduğundan ve "Private", herhangi bir kaynak öğesi için "true" olarak ayarlanmış olmadığından bu başvuru "CopyLocal" değildir.
         Birincil başvuru: "System.Diagnostics.Contracts, Version=9.0.0.0, Culture=neutral, PublicKeyToken=b03f5f7f11d50a3a".
             Çözümlenmiş dosya yolu: "C:\Users\mrkfk\.nuget\packages\microsoft.netcore.app.ref\9.0.11\ref\net9.0\System.Diagnostics.Contracts.dll".
             Başvuru, "{RawFileName}" arama yolu konumunda bulundu.
             En az bir kaynak öğesi için "Private" "false" olarak ayarlanmış olduğundan ve "Private", herhangi bir kaynak öğesi için "true" olarak ayarlanmış olmadığından bu başvuru "CopyLocal" değildir.
         Birincil başvuru: "System.Diagnostics.Debug, Version=9.0.0.0, Culture=neutral, PublicKeyToken=b03f5f7f11d50a3a".
             Çözümlenmiş dosya yolu: "C:\Users\mrkfk\.nuget\packages\microsoft.netcore.app.ref\9.0.11\ref\net9.0\System.Diagnostics.Debug.dll".
             Başvuru, "{RawFileName}" arama yolu konumunda bulundu.
             En az bir kaynak öğesi için "Private" "false" olarak ayarlanmış olduğundan ve "Private", herhangi bir kaynak öğesi için "true" olarak ayarlanmış olmadığından bu başvuru "CopyLocal" değildir.
         Birincil başvuru: "System.Diagnostics.DiagnosticSource, Version=9.0.0.0, Culture=neutral, PublicKeyToken=cc7b13ffcd2ddd51".
             Çözümlenmiş dosya yolu: "C:\Users\mrkfk\.nuget\packages\microsoft.netcore.app.ref\9.0.11\ref\net9.0\System.Diagnostics.DiagnosticSource.dll".
             Başvuru, "{RawFileName}" arama yolu konumunda bulundu.
             En az bir kaynak öğesi için "Private" "false" olarak ayarlanmış olduğundan ve "Private", herhangi bir kaynak öğesi için "true" olarak ayarlanmış olmadığından bu başvuru "CopyLocal" değildir.
         Birincil başvuru: "System.Diagnostics.FileVersionInfo, Version=9.0.0.0, Culture=neutral, PublicKeyToken=b03f5f7f11d50a3a".
             Çözümlenmiş dosya yolu: "C:\Users\mrkfk\.nuget\packages\microsoft.netcore.app.ref\9.0.11\ref\net9.0\System.Diagnostics.FileVersionInfo.dll".
             Başvuru, "{RawFileName}" arama yolu konumunda bulundu.
             En az bir kaynak öğesi için "Private" "false" olarak ayarlanmış olduğundan ve "Private", herhangi bir kaynak öğesi için "true" olarak ayarlanmış olmadığından bu başvuru "CopyLocal" değildir.
         Birincil başvuru: "System.Diagnostics.Process, Version=9.0.0.0, Culture=neutral, PublicKeyToken=b03f5f7f11d50a3a".
             Çözümlenmiş dosya yolu: "C:\Users\mrkfk\.nuget\packages\microsoft.netcore.app.ref\9.0.11\ref\net9.0\System.Diagnostics.Process.dll".
             Başvuru, "{RawFileName}" arama yolu konumunda bulundu.
             En az bir kaynak öğesi için "Private" "false" olarak ayarlanmış olduğundan ve "Private", herhangi bir kaynak öğesi için "true" olarak ayarlanmış olmadığından bu başvuru "CopyLocal" değildir.
         Birincil başvuru: "System.Diagnostics.StackTrace, Version=9.0.0.0, Culture=neutral, PublicKeyToken=b03f5f7f11d50a3a".
             Çözümlenmiş dosya yolu: "C:\Users\mrkfk\.nuget\packages\microsoft.netcore.app.ref\9.0.11\ref\net9.0\System.Diagnostics.StackTrace.dll".
             Başvuru, "{RawFileName}" arama yolu konumunda bulundu.
             En az bir kaynak öğesi için "Private" "false" olarak ayarlanmış olduğundan ve "Private", herhangi bir kaynak öğesi için "true" olarak ayarlanmış olmadığından bu başvuru "CopyLocal" değildir.
         Birincil başvuru: "System.Diagnostics.TextWriterTraceListener, Version=9.0.0.0, Culture=neutral, PublicKeyToken=b03f5f7f11d50a3a".
             Çözümlenmiş dosya yolu: "C:\Users\mrkfk\.nuget\packages\microsoft.netcore.app.ref\9.0.11\ref\net9.0\System.Diagnostics.TextWriterTraceListener.dll".
             Başvuru, "{RawFileName}" arama yolu konumunda bulundu.
             En az bir kaynak öğesi için "Private" "false" olarak ayarlanmış olduğundan ve "Private", herhangi bir kaynak öğesi için "true" olarak ayarlanmış olmadığından bu başvuru "CopyLocal" değildir.
         Birincil başvuru: "System.Diagnostics.Tools, Version=9.0.0.0, Culture=neutral, PublicKeyToken=b03f5f7f11d50a3a".
             Çözümlenmiş dosya yolu: "C:\Users\mrkfk\.nuget\packages\microsoft.netcore.app.ref\9.0.11\ref\net9.0\System.Diagnostics.Tools.dll".
             Başvuru, "{RawFileName}" arama yolu konumunda bulundu.
             En az bir kaynak öğesi için "Private" "false" olarak ayarlanmış olduğundan ve "Private", herhangi bir kaynak öğesi için "true" olarak ayarlanmış olmadığından bu başvuru "CopyLocal" değildir.
         Birincil başvuru: "System.Diagnostics.TraceSource, Version=9.0.0.0, Culture=neutral, PublicKeyToken=b03f5f7f11d50a3a".
             Çözümlenmiş dosya yolu: "C:\Users\mrkfk\.nuget\packages\microsoft.netcore.app.ref\9.0.11\ref\net9.0\System.Diagnostics.TraceSource.dll".
             Başvuru, "{RawFileName}" arama yolu konumunda bulundu.
             En az bir kaynak öğesi için "Private" "false" olarak ayarlanmış olduğundan ve "Private", herhangi bir kaynak öğesi için "true" olarak ayarlanmış olmadığından bu başvuru "CopyLocal" değildir.
         Birincil başvuru: "System.Diagnostics.Tracing, Version=9.0.0.0, Culture=neutral, PublicKeyToken=b03f5f7f11d50a3a".
             Çözümlenmiş dosya yolu: "C:\Users\mrkfk\.nuget\packages\microsoft.netcore.app.ref\9.0.11\ref\net9.0\System.Diagnostics.Tracing.dll".
             Başvuru, "{RawFileName}" arama yolu konumunda bulundu.
             En az bir kaynak öğesi için "Private" "false" olarak ayarlanmış olduğundan ve "Private", herhangi bir kaynak öğesi için "true" olarak ayarlanmış olmadığından bu başvuru "CopyLocal" değildir.
         Birincil başvuru: "System.Drawing.Primitives, Version=9.0.0.0, Culture=neutral, PublicKeyToken=b03f5f7f11d50a3a".
             Çözümlenmiş dosya yolu: "C:\Users\mrkfk\.nuget\packages\microsoft.netcore.app.ref\9.0.11\ref\net9.0\System.Drawing.Primitives.dll".
             Başvuru, "{RawFileName}" arama yolu konumunda bulundu.
             En az bir kaynak öğesi için "Private" "false" olarak ayarlanmış olduğundan ve "Private", herhangi bir kaynak öğesi için "true" olarak ayarlanmış olmadığından bu başvuru "CopyLocal" değildir.
         Birincil başvuru: "System.Drawing, Version=4.0.0.0, Culture=neutral, PublicKeyToken=b03f5f7f11d50a3a".
             Çözümlenmiş dosya yolu: "C:\Users\mrkfk\.nuget\packages\microsoft.netcore.app.ref\9.0.11\ref\net9.0\System.Drawing.dll".
             Başvuru, "{RawFileName}" arama yolu konumunda bulundu.
             En az bir kaynak öğesi için "Private" "false" olarak ayarlanmış olduğundan ve "Private", herhangi bir kaynak öğesi için "true" olarak ayarlanmış olmadığından bu başvuru "CopyLocal" değildir.
         Birincil başvuru: "System.Dynamic.Runtime, Version=9.0.0.0, Culture=neutral, PublicKeyToken=b03f5f7f11d50a3a".
             Çözümlenmiş dosya yolu: "C:\Users\mrkfk\.nuget\packages\microsoft.netcore.app.ref\9.0.11\ref\net9.0\System.Dynamic.Runtime.dll".
             Başvuru, "{RawFileName}" arama yolu konumunda bulundu.
             En az bir kaynak öğesi için "Private" "false" olarak ayarlanmış olduğundan ve "Private", herhangi bir kaynak öğesi için "true" olarak ayarlanmış olmadığından bu başvuru "CopyLocal" değildir.
         Birincil başvuru: "System.Formats.Asn1, Version=9.0.0.0, Culture=neutral, PublicKeyToken=cc7b13ffcd2ddd51".
             Çözümlenmiş dosya yolu: "C:\Users\mrkfk\.nuget\packages\microsoft.netcore.app.ref\9.0.11\ref\net9.0\System.Formats.Asn1.dll".
             Başvuru, "{RawFileName}" arama yolu konumunda bulundu.
             En az bir kaynak öğesi için "Private" "false" olarak ayarlanmış olduğundan ve "Private", herhangi bir kaynak öğesi için "true" olarak ayarlanmış olmadığından bu başvuru "CopyLocal" değildir.
         Birincil başvuru: "System.Formats.Tar, Version=9.0.0.0, Culture=neutral, PublicKeyToken=cc7b13ffcd2ddd51".
             Çözümlenmiş dosya yolu: "C:\Users\mrkfk\.nuget\packages\microsoft.netcore.app.ref\9.0.11\ref\net9.0\System.Formats.Tar.dll".
             Başvuru, "{RawFileName}" arama yolu konumunda bulundu.
             En az bir kaynak öğesi için "Private" "false" olarak ayarlanmış olduğundan ve "Private", herhangi bir kaynak öğesi için "true" olarak ayarlanmış olmadığından bu başvuru "CopyLocal" değildir.
         Birincil başvuru: "System.Globalization.Calendars, Version=9.0.0.0, Culture=neutral, PublicKeyToken=b03f5f7f11d50a3a".
             Çözümlenmiş dosya yolu: "C:\Users\mrkfk\.nuget\packages\microsoft.netcore.app.ref\9.0.11\ref\net9.0\System.Globalization.Calendars.dll".
             Başvuru, "{RawFileName}" arama yolu konumunda bulundu.
             En az bir kaynak öğesi için "Private" "false" olarak ayarlanmış olduğundan ve "Private", herhangi bir kaynak öğesi için "true" olarak ayarlanmış olmadığından bu başvuru "CopyLocal" değildir.
         Birincil başvuru: "System.Globalization.Extensions, Version=9.0.0.0, Culture=neutral, PublicKeyToken=b03f5f7f11d50a3a".
             Çözümlenmiş dosya yolu: "C:\Users\mrkfk\.nuget\packages\microsoft.netcore.app.ref\9.0.11\ref\net9.0\System.Globalization.Extensions.dll".
             Başvuru, "{RawFileName}" arama yolu konumunda bulundu.
             En az bir kaynak öğesi için "Private" "false" olarak ayarlanmış olduğundan ve "Private", herhangi bir kaynak öğesi için "true" olarak ayarlanmış olmadığından bu başvuru "CopyLocal" değildir.
         Birincil başvuru: "System.Globalization, Version=9.0.0.0, Culture=neutral, PublicKeyToken=b03f5f7f11d50a3a".
             Çözümlenmiş dosya yolu: "C:\Users\mrkfk\.nuget\packages\microsoft.netcore.app.ref\9.0.11\ref\net9.0\System.Globalization.dll".
             Başvuru, "{RawFileName}" arama yolu konumunda bulundu.
             En az bir kaynak öğesi için "Private" "false" olarak ayarlanmış olduğundan ve "Private", herhangi bir kaynak öğesi için "true" olarak ayarlanmış olmadığından bu başvuru "CopyLocal" değildir.
         Birincil başvuru: "System.IO.Compression.Brotli, Version=9.0.0.0, Culture=neutral, PublicKeyToken=b77a5c561934e089".
             Çözümlenmiş dosya yolu: "C:\Users\mrkfk\.nuget\packages\microsoft.netcore.app.ref\9.0.11\ref\net9.0\System.IO.Compression.Brotli.dll".
             Başvuru, "{RawFileName}" arama yolu konumunda bulundu.
             En az bir kaynak öğesi için "Private" "false" olarak ayarlanmış olduğundan ve "Private", herhangi bir kaynak öğesi için "true" olarak ayarlanmış olmadığından bu başvuru "CopyLocal" değildir.
         Birincil başvuru: "System.IO.Compression.FileSystem, Version=4.0.0.0, Culture=neutral, PublicKeyToken=b77a5c561934e089".
             Çözümlenmiş dosya yolu: "C:\Users\mrkfk\.nuget\packages\microsoft.netcore.app.ref\9.0.11\ref\net9.0\System.IO.Compression.FileSystem.dll".
             Başvuru, "{RawFileName}" arama yolu konumunda bulundu.
             En az bir kaynak öğesi için "Private" "false" olarak ayarlanmış olduğundan ve "Private", herhangi bir kaynak öğesi için "true" olarak ayarlanmış olmadığından bu başvuru "CopyLocal" değildir.
         Birincil başvuru: "System.IO.Compression.ZipFile, Version=9.0.0.0, Culture=neutral, PublicKeyToken=b77a5c561934e089".
             Çözümlenmiş dosya yolu: "C:\Users\mrkfk\.nuget\packages\microsoft.netcore.app.ref\9.0.11\ref\net9.0\System.IO.Compression.ZipFile.dll".
             Başvuru, "{RawFileName}" arama yolu konumunda bulundu.
             En az bir kaynak öğesi için "Private" "false" olarak ayarlanmış olduğundan ve "Private", herhangi bir kaynak öğesi için "true" olarak ayarlanmış olmadığından bu başvuru "CopyLocal" değildir.
         Birincil başvuru: "System.IO.Compression, Version=9.0.0.0, Culture=neutral, PublicKeyToken=b77a5c561934e089".
             Çözümlenmiş dosya yolu: "C:\Users\mrkfk\.nuget\packages\microsoft.netcore.app.ref\9.0.11\ref\net9.0\System.IO.Compression.dll".
             Başvuru, "{RawFileName}" arama yolu konumunda bulundu.
             En az bir kaynak öğesi için "Private" "false" olarak ayarlanmış olduğundan ve "Private", herhangi bir kaynak öğesi için "true" olarak ayarlanmış olmadığından bu başvuru "CopyLocal" değildir.
         Birincil başvuru: "System.IO.FileSystem.AccessControl, Version=9.0.0.0, Culture=neutral, PublicKeyToken=b03f5f7f11d50a3a".
             Çözümlenmiş dosya yolu: "C:\Users\mrkfk\.nuget\packages\microsoft.netcore.app.ref\9.0.11\ref\net9.0\System.IO.FileSystem.AccessControl.dll".
             Başvuru, "{RawFileName}" arama yolu konumunda bulundu.
             En az bir kaynak öğesi için "Private" "false" olarak ayarlanmış olduğundan ve "Private", herhangi bir kaynak öğesi için "true" olarak ayarlanmış olmadığından bu başvuru "CopyLocal" değildir.
         Birincil başvuru: "System.IO.FileSystem.DriveInfo, Version=9.0.0.0, Culture=neutral, PublicKeyToken=b03f5f7f11d50a3a".
             Çözümlenmiş dosya yolu: "C:\Users\mrkfk\.nuget\packages\microsoft.netcore.app.ref\9.0.11\ref\net9.0\System.IO.FileSystem.DriveInfo.dll".
             Başvuru, "{RawFileName}" arama yolu konumunda bulundu.
             En az bir kaynak öğesi için "Private" "false" olarak ayarlanmış olduğundan ve "Private", herhangi bir kaynak öğesi için "true" olarak ayarlanmış olmadığından bu başvuru "CopyLocal" değildir.
         Birincil başvuru: "System.IO.FileSystem.Primitives, Version=9.0.0.0, Culture=neutral, PublicKeyToken=b03f5f7f11d50a3a".
             Çözümlenmiş dosya yolu: "C:\Users\mrkfk\.nuget\packages\microsoft.netcore.app.ref\9.0.11\ref\net9.0\System.IO.FileSystem.Primitives.dll".
             Başvuru, "{RawFileName}" arama yolu konumunda bulundu.
             En az bir kaynak öğesi için "Private" "false" olarak ayarlanmış olduğundan ve "Private", herhangi bir kaynak öğesi için "true" olarak ayarlanmış olmadığından bu başvuru "CopyLocal" değildir.
         Birincil başvuru: "System.IO.FileSystem.Watcher, Version=9.0.0.0, Culture=neutral, PublicKeyToken=b03f5f7f11d50a3a".
             Çözümlenmiş dosya yolu: "C:\Users\mrkfk\.nuget\packages\microsoft.netcore.app.ref\9.0.11\ref\net9.0\System.IO.FileSystem.Watcher.dll".
             Başvuru, "{RawFileName}" arama yolu konumunda bulundu.
             En az bir kaynak öğesi için "Private" "false" olarak ayarlanmış olduğundan ve "Private", herhangi bir kaynak öğesi için "true" olarak ayarlanmış olmadığından bu başvuru "CopyLocal" değildir.
         Birincil başvuru: "System.IO.FileSystem, Version=9.0.0.0, Culture=neutral, PublicKeyToken=b03f5f7f11d50a3a".
             Çözümlenmiş dosya yolu: "C:\Users\mrkfk\.nuget\packages\microsoft.netcore.app.ref\9.0.11\ref\net9.0\System.IO.FileSystem.dll".
             Başvuru, "{RawFileName}" arama yolu konumunda bulundu.
             En az bir kaynak öğesi için "Private" "false" olarak ayarlanmış olduğundan ve "Private", herhangi bir kaynak öğesi için "true" olarak ayarlanmış olmadığından bu başvuru "CopyLocal" değildir.
         Birincil başvuru: "System.IO.IsolatedStorage, Version=9.0.0.0, Culture=neutral, PublicKeyToken=b03f5f7f11d50a3a".
             Çözümlenmiş dosya yolu: "C:\Users\mrkfk\.nuget\packages\microsoft.netcore.app.ref\9.0.11\ref\net9.0\System.IO.IsolatedStorage.dll".
             Başvuru, "{RawFileName}" arama yolu konumunda bulundu.
             En az bir kaynak öğesi için "Private" "false" olarak ayarlanmış olduğundan ve "Private", herhangi bir kaynak öğesi için "true" olarak ayarlanmış olmadığından bu başvuru "CopyLocal" değildir.
         Birincil başvuru: "System.IO.MemoryMappedFiles, Version=9.0.0.0, Culture=neutral, PublicKeyToken=b03f5f7f11d50a3a".
             Çözümlenmiş dosya yolu: "C:\Users\mrkfk\.nuget\packages\microsoft.netcore.app.ref\9.0.11\ref\net9.0\System.IO.MemoryMappedFiles.dll".
             Başvuru, "{RawFileName}" arama yolu konumunda bulundu.
             En az bir kaynak öğesi için "Private" "false" olarak ayarlanmış olduğundan ve "Private", herhangi bir kaynak öğesi için "true" olarak ayarlanmış olmadığından bu başvuru "CopyLocal" değildir.
         Birincil başvuru: "System.IO.Pipelines, Version=9.0.0.0, Culture=neutral, PublicKeyToken=cc7b13ffcd2ddd51".
             Çözümlenmiş dosya yolu: "C:\Users\mrkfk\.nuget\packages\microsoft.netcore.app.ref\9.0.11\ref\net9.0\System.IO.Pipelines.dll".
             Başvuru, "{RawFileName}" arama yolu konumunda bulundu.
             En az bir kaynak öğesi için "Private" "false" olarak ayarlanmış olduğundan ve "Private", herhangi bir kaynak öğesi için "true" olarak ayarlanmış olmadığından bu başvuru "CopyLocal" değildir.
         Birincil başvuru: "System.IO.Pipes.AccessControl, Version=9.0.0.0, Culture=neutral, PublicKeyToken=b03f5f7f11d50a3a".
             Çözümlenmiş dosya yolu: "C:\Users\mrkfk\.nuget\packages\microsoft.netcore.app.ref\9.0.11\ref\net9.0\System.IO.Pipes.AccessControl.dll".
             Başvuru, "{RawFileName}" arama yolu konumunda bulundu.
             En az bir kaynak öğesi için "Private" "false" olarak ayarlanmış olduğundan ve "Private", herhangi bir kaynak öğesi için "true" olarak ayarlanmış olmadığından bu başvuru "CopyLocal" değildir.
         Birincil başvuru: "System.IO.Pipes, Version=9.0.0.0, Culture=neutral, PublicKeyToken=b03f5f7f11d50a3a".
             Çözümlenmiş dosya yolu: "C:\Users\mrkfk\.nuget\packages\microsoft.netcore.app.ref\9.0.11\ref\net9.0\System.IO.Pipes.dll".
             Başvuru, "{RawFileName}" arama yolu konumunda bulundu.
             En az bir kaynak öğesi için "Private" "false" olarak ayarlanmış olduğundan ve "Private", herhangi bir kaynak öğesi için "true" olarak ayarlanmış olmadığından bu başvuru "CopyLocal" değildir.
         Birincil başvuru: "System.IO.UnmanagedMemoryStream, Version=9.0.0.0, Culture=neutral, PublicKeyToken=b03f5f7f11d50a3a".
             Çözümlenmiş dosya yolu: "C:\Users\mrkfk\.nuget\packages\microsoft.netcore.app.ref\9.0.11\ref\net9.0\System.IO.UnmanagedMemoryStream.dll".
             Başvuru, "{RawFileName}" arama yolu konumunda bulundu.
             En az bir kaynak öğesi için "Private" "false" olarak ayarlanmış olduğundan ve "Private", herhangi bir kaynak öğesi için "true" olarak ayarlanmış olmadığından bu başvuru "CopyLocal" değildir.
         Birincil başvuru: "System.IO, Version=9.0.0.0, Culture=neutral, PublicKeyToken=b03f5f7f11d50a3a".
             Çözümlenmiş dosya yolu: "C:\Users\mrkfk\.nuget\packages\microsoft.netcore.app.ref\9.0.11\ref\net9.0\System.IO.dll".
             Başvuru, "{RawFileName}" arama yolu konumunda bulundu.
             En az bir kaynak öğesi için "Private" "false" olarak ayarlanmış olduğundan ve "Private", herhangi bir kaynak öğesi için "true" olarak ayarlanmış olmadığından bu başvuru "CopyLocal" değildir.
         Birincil başvuru: "System.Linq.Expressions, Version=9.0.0.0, Culture=neutral, PublicKeyToken=b03f5f7f11d50a3a".
             Çözümlenmiş dosya yolu: "C:\Users\mrkfk\.nuget\packages\microsoft.netcore.app.ref\9.0.11\ref\net9.0\System.Linq.Expressions.dll".
             Başvuru, "{RawFileName}" arama yolu konumunda bulundu.
             En az bir kaynak öğesi için "Private" "false" olarak ayarlanmış olduğundan ve "Private", herhangi bir kaynak öğesi için "true" olarak ayarlanmış olmadığından bu başvuru "CopyLocal" değildir.
         Birincil başvuru: "System.Linq.Parallel, Version=9.0.0.0, Culture=neutral, PublicKeyToken=b03f5f7f11d50a3a".
             Çözümlenmiş dosya yolu: "C:\Users\mrkfk\.nuget\packages\microsoft.netcore.app.ref\9.0.11\ref\net9.0\System.Linq.Parallel.dll".
             Başvuru, "{RawFileName}" arama yolu konumunda bulundu.
             En az bir kaynak öğesi için "Private" "false" olarak ayarlanmış olduğundan ve "Private", herhangi bir kaynak öğesi için "true" olarak ayarlanmış olmadığından bu başvuru "CopyLocal" değildir.
         Birincil başvuru: "System.Linq.Queryable, Version=9.0.0.0, Culture=neutral, PublicKeyToken=b03f5f7f11d50a3a".
             Çözümlenmiş dosya yolu: "C:\Users\mrkfk\.nuget\packages\microsoft.netcore.app.ref\9.0.11\ref\net9.0\System.Linq.Queryable.dll".
             Başvuru, "{RawFileName}" arama yolu konumunda bulundu.
             En az bir kaynak öğesi için "Private" "false" olarak ayarlanmış olduğundan ve "Private", herhangi bir kaynak öğesi için "true" olarak ayarlanmış olmadığından bu başvuru "CopyLocal" değildir.
         Birincil başvuru: "System.Linq, Version=9.0.0.0, Culture=neutral, PublicKeyToken=b03f5f7f11d50a3a".
             Çözümlenmiş dosya yolu: "C:\Users\mrkfk\.nuget\packages\microsoft.netcore.app.ref\9.0.11\ref\net9.0\System.Linq.dll".
             Başvuru, "{RawFileName}" arama yolu konumunda bulundu.
             En az bir kaynak öğesi için "Private" "false" olarak ayarlanmış olduğundan ve "Private", herhangi bir kaynak öğesi için "true" olarak ayarlanmış olmadığından bu başvuru "CopyLocal" değildir.
         Birincil başvuru: "System.Memory, Version=9.0.0.0, Culture=neutral, PublicKeyToken=cc7b13ffcd2ddd51".
             Çözümlenmiş dosya yolu: "C:\Users\mrkfk\.nuget\packages\microsoft.netcore.app.ref\9.0.11\ref\net9.0\System.Memory.dll".
             Başvuru, "{RawFileName}" arama yolu konumunda bulundu.
             En az bir kaynak öğesi için "Private" "false" olarak ayarlanmış olduğundan ve "Private", herhangi bir kaynak öğesi için "true" olarak ayarlanmış olmadığından bu başvuru "CopyLocal" değildir.
         Birincil başvuru: "System.Net.Http.Json, Version=9.0.0.0, Culture=neutral, PublicKeyToken=cc7b13ffcd2ddd51".
             Çözümlenmiş dosya yolu: "C:\Users\mrkfk\.nuget\packages\microsoft.netcore.app.ref\9.0.11\ref\net9.0\System.Net.Http.Json.dll".
             Başvuru, "{RawFileName}" arama yolu konumunda bulundu.
             En az bir kaynak öğesi için "Private" "false" olarak ayarlanmış olduğundan ve "Private", herhangi bir kaynak öğesi için "true" olarak ayarlanmış olmadığından bu başvuru "CopyLocal" değildir.
         Birincil başvuru: "System.Net.Http, Version=9.0.0.0, Culture=neutral, PublicKeyToken=b03f5f7f11d50a3a".
             Çözümlenmiş dosya yolu: "C:\Users\mrkfk\.nuget\packages\microsoft.netcore.app.ref\9.0.11\ref\net9.0\System.Net.Http.dll".
             Başvuru, "{RawFileName}" arama yolu konumunda bulundu.
             En az bir kaynak öğesi için "Private" "false" olarak ayarlanmış olduğundan ve "Private", herhangi bir kaynak öğesi için "true" olarak ayarlanmış olmadığından bu başvuru "CopyLocal" değildir.
         Birincil başvuru: "System.Net.HttpListener, Version=9.0.0.0, Culture=neutral, PublicKeyToken=cc7b13ffcd2ddd51".
             Çözümlenmiş dosya yolu: "C:\Users\mrkfk\.nuget\packages\microsoft.netcore.app.ref\9.0.11\ref\net9.0\System.Net.HttpListener.dll".
             Başvuru, "{RawFileName}" arama yolu konumunda bulundu.
             En az bir kaynak öğesi için "Private" "false" olarak ayarlanmış olduğundan ve "Private", herhangi bir kaynak öğesi için "true" olarak ayarlanmış olmadığından bu başvuru "CopyLocal" değildir.
         Birincil başvuru: "System.Net.Mail, Version=9.0.0.0, Culture=neutral, PublicKeyToken=cc7b13ffcd2ddd51".
             Çözümlenmiş dosya yolu: "C:\Users\mrkfk\.nuget\packages\microsoft.netcore.app.ref\9.0.11\ref\net9.0\System.Net.Mail.dll".
             Başvuru, "{RawFileName}" arama yolu konumunda bulundu.
             En az bir kaynak öğesi için "Private" "false" olarak ayarlanmış olduğundan ve "Private", herhangi bir kaynak öğesi için "true" olarak ayarlanmış olmadığından bu başvuru "CopyLocal" değildir.
         Birincil başvuru: "System.Net.NameResolution, Version=9.0.0.0, Culture=neutral, PublicKeyToken=b03f5f7f11d50a3a".
             Çözümlenmiş dosya yolu: "C:\Users\mrkfk\.nuget\packages\microsoft.netcore.app.ref\9.0.11\ref\net9.0\System.Net.NameResolution.dll".
             Başvuru, "{RawFileName}" arama yolu konumunda bulundu.
             En az bir kaynak öğesi için "Private" "false" olarak ayarlanmış olduğundan ve "Private", herhangi bir kaynak öğesi için "true" olarak ayarlanmış olmadığından bu başvuru "CopyLocal" değildir.
         Birincil başvuru: "System.Net.NetworkInformation, Version=9.0.0.0, Culture=neutral, PublicKeyToken=b03f5f7f11d50a3a".
             Çözümlenmiş dosya yolu: "C:\Users\mrkfk\.nuget\packages\microsoft.netcore.app.ref\9.0.11\ref\net9.0\System.Net.NetworkInformation.dll".
             Başvuru, "{RawFileName}" arama yolu konumunda bulundu.
             En az bir kaynak öğesi için "Private" "false" olarak ayarlanmış olduğundan ve "Private", herhangi bir kaynak öğesi için "true" olarak ayarlanmış olmadığından bu başvuru "CopyLocal" değildir.
         Birincil başvuru: "System.Net.Ping, Version=9.0.0.0, Culture=neutral, PublicKeyToken=b03f5f7f11d50a3a".
             Çözümlenmiş dosya yolu: "C:\Users\mrkfk\.nuget\packages\microsoft.netcore.app.ref\9.0.11\ref\net9.0\System.Net.Ping.dll".
             Başvuru, "{RawFileName}" arama yolu konumunda bulundu.
             En az bir kaynak öğesi için "Private" "false" olarak ayarlanmış olduğundan ve "Private", herhangi bir kaynak öğesi için "true" olarak ayarlanmış olmadığından bu başvuru "CopyLocal" değildir.
         Birincil başvuru: "System.Net.Primitives, Version=9.0.0.0, Culture=neutral, PublicKeyToken=b03f5f7f11d50a3a".
             Çözümlenmiş dosya yolu: "C:\Users\mrkfk\.nuget\packages\microsoft.netcore.app.ref\9.0.11\ref\net9.0\System.Net.Primitives.dll".
             Başvuru, "{RawFileName}" arama yolu konumunda bulundu.
             En az bir kaynak öğesi için "Private" "false" olarak ayarlanmış olduğundan ve "Private", herhangi bir kaynak öğesi için "true" olarak ayarlanmış olmadığından bu başvuru "CopyLocal" değildir.
         Birincil başvuru: "System.Net.Quic, Version=9.0.0.0, Culture=neutral, PublicKeyToken=b03f5f7f11d50a3a".
             Çözümlenmiş dosya yolu: "C:\Users\mrkfk\.nuget\packages\microsoft.netcore.app.ref\9.0.11\ref\net9.0\System.Net.Quic.dll".
             Başvuru, "{RawFileName}" arama yolu konumunda bulundu.
             En az bir kaynak öğesi için "Private" "false" olarak ayarlanmış olduğundan ve "Private", herhangi bir kaynak öğesi için "true" olarak ayarlanmış olmadığından bu başvuru "CopyLocal" değildir.
         Birincil başvuru: "System.Net.Requests, Version=9.0.0.0, Culture=neutral, PublicKeyToken=b03f5f7f11d50a3a".
             Çözümlenmiş dosya yolu: "C:\Users\mrkfk\.nuget\packages\microsoft.netcore.app.ref\9.0.11\ref\net9.0\System.Net.Requests.dll".
             Başvuru, "{RawFileName}" arama yolu konumunda bulundu.
             En az bir kaynak öğesi için "Private" "false" olarak ayarlanmış olduğundan ve "Private", herhangi bir kaynak öğesi için "true" olarak ayarlanmış olmadığından bu başvuru "CopyLocal" değildir.
         Birincil başvuru: "System.Net.Security, Version=9.0.0.0, Culture=neutral, PublicKeyToken=b03f5f7f11d50a3a".
             Çözümlenmiş dosya yolu: "C:\Users\mrkfk\.nuget\packages\microsoft.netcore.app.ref\9.0.11\ref\net9.0\System.Net.Security.dll".
             Başvuru, "{RawFileName}" arama yolu konumunda bulundu.
             En az bir kaynak öğesi için "Private" "false" olarak ayarlanmış olduğundan ve "Private", herhangi bir kaynak öğesi için "true" olarak ayarlanmış olmadığından bu başvuru "CopyLocal" değildir.
         Birincil başvuru: "System.Net.ServicePoint, Version=9.0.0.0, Culture=neutral, PublicKeyToken=cc7b13ffcd2ddd51".
             Çözümlenmiş dosya yolu: "C:\Users\mrkfk\.nuget\packages\microsoft.netcore.app.ref\9.0.11\ref\net9.0\System.Net.ServicePoint.dll".
             Başvuru, "{RawFileName}" arama yolu konumunda bulundu.
             En az bir kaynak öğesi için "Private" "false" olarak ayarlanmış olduğundan ve "Private", herhangi bir kaynak öğesi için "true" olarak ayarlanmış olmadığından bu başvuru "CopyLocal" değildir.
         Birincil başvuru: "System.Net.Sockets, Version=9.0.0.0, Culture=neutral, PublicKeyToken=b03f5f7f11d50a3a".
             Çözümlenmiş dosya yolu: "C:\Users\mrkfk\.nuget\packages\microsoft.netcore.app.ref\9.0.11\ref\net9.0\System.Net.Sockets.dll".
             Başvuru, "{RawFileName}" arama yolu konumunda bulundu.
             En az bir kaynak öğesi için "Private" "false" olarak ayarlanmış olduğundan ve "Private", herhangi bir kaynak öğesi için "true" olarak ayarlanmış olmadığından bu başvuru "CopyLocal" değildir.
         Birincil başvuru: "System.Net.WebClient, Version=9.0.0.0, Culture=neutral, PublicKeyToken=cc7b13ffcd2ddd51".
             Çözümlenmiş dosya yolu: "C:\Users\mrkfk\.nuget\packages\microsoft.netcore.app.ref\9.0.11\ref\net9.0\System.Net.WebClient.dll".
             Başvuru, "{RawFileName}" arama yolu konumunda bulundu.
             En az bir kaynak öğesi için "Private" "false" olarak ayarlanmış olduğundan ve "Private", herhangi bir kaynak öğesi için "true" olarak ayarlanmış olmadığından bu başvuru "CopyLocal" değildir.
         Birincil başvuru: "System.Net.WebHeaderCollection, Version=9.0.0.0, Culture=neutral, PublicKeyToken=b03f5f7f11d50a3a".
             Çözümlenmiş dosya yolu: "C:\Users\mrkfk\.nuget\packages\microsoft.netcore.app.ref\9.0.11\ref\net9.0\System.Net.WebHeaderCollection.dll".
             Başvuru, "{RawFileName}" arama yolu konumunda bulundu.
             En az bir kaynak öğesi için "Private" "false" olarak ayarlanmış olduğundan ve "Private", herhangi bir kaynak öğesi için "true" olarak ayarlanmış olmadığından bu başvuru "CopyLocal" değildir.
         Birincil başvuru: "System.Net.WebProxy, Version=9.0.0.0, Culture=neutral, PublicKeyToken=cc7b13ffcd2ddd51".
             Çözümlenmiş dosya yolu: "C:\Users\mrkfk\.nuget\packages\microsoft.netcore.app.ref\9.0.11\ref\net9.0\System.Net.WebProxy.dll".
             Başvuru, "{RawFileName}" arama yolu konumunda bulundu.
             En az bir kaynak öğesi için "Private" "false" olarak ayarlanmış olduğundan ve "Private", herhangi bir kaynak öğesi için "true" olarak ayarlanmış olmadığından bu başvuru "CopyLocal" değildir.
         Birincil başvuru: "System.Net.WebSockets.Client, Version=9.0.0.0, Culture=neutral, PublicKeyToken=b03f5f7f11d50a3a".
             Çözümlenmiş dosya yolu: "C:\Users\mrkfk\.nuget\packages\microsoft.netcore.app.ref\9.0.11\ref\net9.0\System.Net.WebSockets.Client.dll".
             Başvuru, "{RawFileName}" arama yolu konumunda bulundu.
             En az bir kaynak öğesi için "Private" "false" olarak ayarlanmış olduğundan ve "Private", herhangi bir kaynak öğesi için "true" olarak ayarlanmış olmadığından bu başvuru "CopyLocal" değildir.
         Birincil başvuru: "System.Net.WebSockets, Version=9.0.0.0, Culture=neutral, PublicKeyToken=b03f5f7f11d50a3a".
             Çözümlenmiş dosya yolu: "C:\Users\mrkfk\.nuget\packages\microsoft.netcore.app.ref\9.0.11\ref\net9.0\System.Net.WebSockets.dll".
             Başvuru, "{RawFileName}" arama yolu konumunda bulundu.
             En az bir kaynak öğesi için "Private" "false" olarak ayarlanmış olduğundan ve "Private", herhangi bir kaynak öğesi için "true" olarak ayarlanmış olmadığından bu başvuru "CopyLocal" değildir.
         Birincil başvuru: "System.Net, Version=4.0.0.0, Culture=neutral, PublicKeyToken=b03f5f7f11d50a3a".
             Çözümlenmiş dosya yolu: "C:\Users\mrkfk\.nuget\packages\microsoft.netcore.app.ref\9.0.11\ref\net9.0\System.Net.dll".
             Başvuru, "{RawFileName}" arama yolu konumunda bulundu.
             En az bir kaynak öğesi için "Private" "false" olarak ayarlanmış olduğundan ve "Private", herhangi bir kaynak öğesi için "true" olarak ayarlanmış olmadığından bu başvuru "CopyLocal" değildir.
         Birincil başvuru: "System.Numerics.Vectors, Version=9.0.0.0, Culture=neutral, PublicKeyToken=b03f5f7f11d50a3a".
             Çözümlenmiş dosya yolu: "C:\Users\mrkfk\.nuget\packages\microsoft.netcore.app.ref\9.0.11\ref\net9.0\System.Numerics.Vectors.dll".
             Başvuru, "{RawFileName}" arama yolu konumunda bulundu.
             En az bir kaynak öğesi için "Private" "false" olarak ayarlanmış olduğundan ve "Private", herhangi bir kaynak öğesi için "true" olarak ayarlanmış olmadığından bu başvuru "CopyLocal" değildir.
         Birincil başvuru: "System.Numerics, Version=4.0.0.0, Culture=neutral, PublicKeyToken=b77a5c561934e089".
             Çözümlenmiş dosya yolu: "C:\Users\mrkfk\.nuget\packages\microsoft.netcore.app.ref\9.0.11\ref\net9.0\System.Numerics.dll".
             Başvuru, "{RawFileName}" arama yolu konumunda bulundu.
             En az bir kaynak öğesi için "Private" "false" olarak ayarlanmış olduğundan ve "Private", herhangi bir kaynak öğesi için "true" olarak ayarlanmış olmadığından bu başvuru "CopyLocal" değildir.
         Birincil başvuru: "System.ObjectModel, Version=9.0.0.0, Culture=neutral, PublicKeyToken=b03f5f7f11d50a3a".
             Çözümlenmiş dosya yolu: "C:\Users\mrkfk\.nuget\packages\microsoft.netcore.app.ref\9.0.11\ref\net9.0\System.ObjectModel.dll".
             Başvuru, "{RawFileName}" arama yolu konumunda bulundu.
             En az bir kaynak öğesi için "Private" "false" olarak ayarlanmış olduğundan ve "Private", herhangi bir kaynak öğesi için "true" olarak ayarlanmış olmadığından bu başvuru "CopyLocal" değildir.
         Birincil başvuru: "System.Reflection.DispatchProxy, Version=9.0.0.0, Culture=neutral, PublicKeyToken=b03f5f7f11d50a3a".
             Çözümlenmiş dosya yolu: "C:\Users\mrkfk\.nuget\packages\microsoft.netcore.app.ref\9.0.11\ref\net9.0\System.Reflection.DispatchProxy.dll".
             Başvuru, "{RawFileName}" arama yolu konumunda bulundu.
             En az bir kaynak öğesi için "Private" "false" olarak ayarlanmış olduğundan ve "Private", herhangi bir kaynak öğesi için "true" olarak ayarlanmış olmadığından bu başvuru "CopyLocal" değildir.
         Birincil başvuru: "System.Reflection.Emit.ILGeneration, Version=9.0.0.0, Culture=neutral, PublicKeyToken=b03f5f7f11d50a3a".
             Çözümlenmiş dosya yolu: "C:\Users\mrkfk\.nuget\packages\microsoft.netcore.app.ref\9.0.11\ref\net9.0\System.Reflection.Emit.ILGeneration.dll".
             Başvuru, "{RawFileName}" arama yolu konumunda bulundu.
             En az bir kaynak öğesi için "Private" "false" olarak ayarlanmış olduğundan ve "Private", herhangi bir kaynak öğesi için "true" olarak ayarlanmış olmadığından bu başvuru "CopyLocal" değildir.
         Birincil başvuru: "System.Reflection.Emit.Lightweight, Version=9.0.0.0, Culture=neutral, PublicKeyToken=b03f5f7f11d50a3a".
             Çözümlenmiş dosya yolu: "C:\Users\mrkfk\.nuget\packages\microsoft.netcore.app.ref\9.0.11\ref\net9.0\System.Reflection.Emit.Lightweight.dll".
             Başvuru, "{RawFileName}" arama yolu konumunda bulundu.
             En az bir kaynak öğesi için "Private" "false" olarak ayarlanmış olduğundan ve "Private", herhangi bir kaynak öğesi için "true" olarak ayarlanmış olmadığından bu başvuru "CopyLocal" değildir.
         Birincil başvuru: "System.Reflection.Emit, Version=9.0.0.0, Culture=neutral, PublicKeyToken=b03f5f7f11d50a3a".
             Çözümlenmiş dosya yolu: "C:\Users\mrkfk\.nuget\packages\microsoft.netcore.app.ref\9.0.11\ref\net9.0\System.Reflection.Emit.dll".
             Başvuru, "{RawFileName}" arama yolu konumunda bulundu.
             En az bir kaynak öğesi için "Private" "false" olarak ayarlanmış olduğundan ve "Private", herhangi bir kaynak öğesi için "true" olarak ayarlanmış olmadığından bu başvuru "CopyLocal" değildir.
         Birincil başvuru: "System.Reflection.Extensions, Version=9.0.0.0, Culture=neutral, PublicKeyToken=b03f5f7f11d50a3a".
             Çözümlenmiş dosya yolu: "C:\Users\mrkfk\.nuget\packages\microsoft.netcore.app.ref\9.0.11\ref\net9.0\System.Reflection.Extensions.dll".
             Başvuru, "{RawFileName}" arama yolu konumunda bulundu.
             En az bir kaynak öğesi için "Private" "false" olarak ayarlanmış olduğundan ve "Private", herhangi bir kaynak öğesi için "true" olarak ayarlanmış olmadığından bu başvuru "CopyLocal" değildir.
         Birincil başvuru: "System.Reflection.Metadata, Version=9.0.0.0, Culture=neutral, PublicKeyToken=b03f5f7f11d50a3a".
             Çözümlenmiş dosya yolu: "C:\Users\mrkfk\.nuget\packages\microsoft.netcore.app.ref\9.0.11\ref\net9.0\System.Reflection.Metadata.dll".
             Başvuru, "{RawFileName}" arama yolu konumunda bulundu.
             En az bir kaynak öğesi için "Private" "false" olarak ayarlanmış olduğundan ve "Private", herhangi bir kaynak öğesi için "true" olarak ayarlanmış olmadığından bu başvuru "CopyLocal" değildir.
         Birincil başvuru: "System.Reflection.Primitives, Version=9.0.0.0, Culture=neutral, PublicKeyToken=b03f5f7f11d50a3a".
             Çözümlenmiş dosya yolu: "C:\Users\mrkfk\.nuget\packages\microsoft.netcore.app.ref\9.0.11\ref\net9.0\System.Reflection.Primitives.dll".
             Başvuru, "{RawFileName}" arama yolu konumunda bulundu.
             En az bir kaynak öğesi için "Private" "false" olarak ayarlanmış olduğundan ve "Private", herhangi bir kaynak öğesi için "true" olarak ayarlanmış olmadığından bu başvuru "CopyLocal" değildir.
         Birincil başvuru: "System.Reflection.TypeExtensions, Version=9.0.0.0, Culture=neutral, PublicKeyToken=b03f5f7f11d50a3a".
             Çözümlenmiş dosya yolu: "C:\Users\mrkfk\.nuget\packages\microsoft.netcore.app.ref\9.0.11\ref\net9.0\System.Reflection.TypeExtensions.dll".
             Başvuru, "{RawFileName}" arama yolu konumunda bulundu.
             En az bir kaynak öğesi için "Private" "false" olarak ayarlanmış olduğundan ve "Private", herhangi bir kaynak öğesi için "true" olarak ayarlanmış olmadığından bu başvuru "CopyLocal" değildir.
         Birincil başvuru: "System.Reflection, Version=9.0.0.0, Culture=neutral, PublicKeyToken=b03f5f7f11d50a3a".
             Çözümlenmiş dosya yolu: "C:\Users\mrkfk\.nuget\packages\microsoft.netcore.app.ref\9.0.11\ref\net9.0\System.Reflection.dll".
             Başvuru, "{RawFileName}" arama yolu konumunda bulundu.
             En az bir kaynak öğesi için "Private" "false" olarak ayarlanmış olduğundan ve "Private", herhangi bir kaynak öğesi için "true" olarak ayarlanmış olmadığından bu başvuru "CopyLocal" değildir.
         Birincil başvuru: "System.Resources.Reader, Version=9.0.0.0, Culture=neutral, PublicKeyToken=b03f5f7f11d50a3a".
             Çözümlenmiş dosya yolu: "C:\Users\mrkfk\.nuget\packages\microsoft.netcore.app.ref\9.0.11\ref\net9.0\System.Resources.Reader.dll".
             Başvuru, "{RawFileName}" arama yolu konumunda bulundu.
             En az bir kaynak öğesi için "Private" "false" olarak ayarlanmış olduğundan ve "Private", herhangi bir kaynak öğesi için "true" olarak ayarlanmış olmadığından bu başvuru "CopyLocal" değildir.
         Birincil başvuru: "System.Resources.ResourceManager, Version=9.0.0.0, Culture=neutral, PublicKeyToken=b03f5f7f11d50a3a".
             Çözümlenmiş dosya yolu: "C:\Users\mrkfk\.nuget\packages\microsoft.netcore.app.ref\9.0.11\ref\net9.0\System.Resources.ResourceManager.dll".
             Başvuru, "{RawFileName}" arama yolu konumunda bulundu.
             En az bir kaynak öğesi için "Private" "false" olarak ayarlanmış olduğundan ve "Private", herhangi bir kaynak öğesi için "true" olarak ayarlanmış olmadığından bu başvuru "CopyLocal" değildir.
         Birincil başvuru: "System.Resources.Writer, Version=9.0.0.0, Culture=neutral, PublicKeyToken=b03f5f7f11d50a3a".
             Çözümlenmiş dosya yolu: "C:\Users\mrkfk\.nuget\packages\microsoft.netcore.app.ref\9.0.11\ref\net9.0\System.Resources.Writer.dll".
             Başvuru, "{RawFileName}" arama yolu konumunda bulundu.
             En az bir kaynak öğesi için "Private" "false" olarak ayarlanmış olduğundan ve "Private", herhangi bir kaynak öğesi için "true" olarak ayarlanmış olmadığından bu başvuru "CopyLocal" değildir.
         Birincil başvuru: "System.Runtime.CompilerServices.Unsafe, Version=9.0.0.0, Culture=neutral, PublicKeyToken=b03f5f7f11d50a3a".
             Çözümlenmiş dosya yolu: "C:\Users\mrkfk\.nuget\packages\microsoft.netcore.app.ref\9.0.11\ref\net9.0\System.Runtime.CompilerServices.Unsafe.dll".
             Başvuru, "{RawFileName}" arama yolu konumunda bulundu.
             En az bir kaynak öğesi için "Private" "false" olarak ayarlanmış olduğundan ve "Private", herhangi bir kaynak öğesi için "true" olarak ayarlanmış olmadığından bu başvuru "CopyLocal" değildir.
         Birincil başvuru: "System.Runtime.CompilerServices.VisualC, Version=9.0.0.0, Culture=neutral, PublicKeyToken=b03f5f7f11d50a3a".
             Çözümlenmiş dosya yolu: "C:\Users\mrkfk\.nuget\packages\microsoft.netcore.app.ref\9.0.11\ref\net9.0\System.Runtime.CompilerServices.VisualC.dll".
             Başvuru, "{RawFileName}" arama yolu konumunda bulundu.
             En az bir kaynak öğesi için "Private" "false" olarak ayarlanmış olduğundan ve "Private", herhangi bir kaynak öğesi için "true" olarak ayarlanmış olmadığından bu başvuru "CopyLocal" değildir.
         Birincil başvuru: "System.Runtime.Extensions, Version=9.0.0.0, Culture=neutral, PublicKeyToken=b03f5f7f11d50a3a".
             Çözümlenmiş dosya yolu: "C:\Users\mrkfk\.nuget\packages\microsoft.netcore.app.ref\9.0.11\ref\net9.0\System.Runtime.Extensions.dll".
             Başvuru, "{RawFileName}" arama yolu konumunda bulundu.
             En az bir kaynak öğesi için "Private" "false" olarak ayarlanmış olduğundan ve "Private", herhangi bir kaynak öğesi için "true" olarak ayarlanmış olmadığından bu başvuru "CopyLocal" değildir.
         Birincil başvuru: "System.Runtime.Handles, Version=9.0.0.0, Culture=neutral, PublicKeyToken=b03f5f7f11d50a3a".
             Çözümlenmiş dosya yolu: "C:\Users\mrkfk\.nuget\packages\microsoft.netcore.app.ref\9.0.11\ref\net9.0\System.Runtime.Handles.dll".
             Başvuru, "{RawFileName}" arama yolu konumunda bulundu.
             En az bir kaynak öğesi için "Private" "false" olarak ayarlanmış olduğundan ve "Private", herhangi bir kaynak öğesi için "true" olarak ayarlanmış olmadığından bu başvuru "CopyLocal" değildir.
         Birincil başvuru: "System.Runtime.InteropServices.JavaScript, Version=9.0.0.0, Culture=neutral, PublicKeyToken=b03f5f7f11d50a3a".
             Çözümlenmiş dosya yolu: "C:\Users\mrkfk\.nuget\packages\microsoft.netcore.app.ref\9.0.11\ref\net9.0\System.Runtime.InteropServices.JavaScript.dll".
             Başvuru, "{RawFileName}" arama yolu konumunda bulundu.
             En az bir kaynak öğesi için "Private" "false" olarak ayarlanmış olduğundan ve "Private", herhangi bir kaynak öğesi için "true" olarak ayarlanmış olmadığından bu başvuru "CopyLocal" değildir.
         Birincil başvuru: "System.Runtime.InteropServices.RuntimeInformation, Version=9.0.0.0, Culture=neutral, PublicKeyToken=b03f5f7f11d50a3a".
             Çözümlenmiş dosya yolu: "C:\Users\mrkfk\.nuget\packages\microsoft.netcore.app.ref\9.0.11\ref\net9.0\System.Runtime.InteropServices.RuntimeInformation.dll".
             Başvuru, "{RawFileName}" arama yolu konumunda bulundu.
             En az bir kaynak öğesi için "Private" "false" olarak ayarlanmış olduğundan ve "Private", herhangi bir kaynak öğesi için "true" olarak ayarlanmış olmadığından bu başvuru "CopyLocal" değildir.
         Birincil başvuru: "System.Runtime.InteropServices, Version=9.0.0.0, Culture=neutral, PublicKeyToken=b03f5f7f11d50a3a".
             Çözümlenmiş dosya yolu: "C:\Users\mrkfk\.nuget\packages\microsoft.netcore.app.ref\9.0.11\ref\net9.0\System.Runtime.InteropServices.dll".
             Başvuru, "{RawFileName}" arama yolu konumunda bulundu.
             En az bir kaynak öğesi için "Private" "false" olarak ayarlanmış olduğundan ve "Private", herhangi bir kaynak öğesi için "true" olarak ayarlanmış olmadığından bu başvuru "CopyLocal" değildir.
         Birincil başvuru: "System.Runtime.Intrinsics, Version=9.0.0.0, Culture=neutral, PublicKeyToken=cc7b13ffcd2ddd51".
             Çözümlenmiş dosya yolu: "C:\Users\mrkfk\.nuget\packages\microsoft.netcore.app.ref\9.0.11\ref\net9.0\System.Runtime.Intrinsics.dll".
             Başvuru, "{RawFileName}" arama yolu konumunda bulundu.
             En az bir kaynak öğesi için "Private" "false" olarak ayarlanmış olduğundan ve "Private", herhangi bir kaynak öğesi için "true" olarak ayarlanmış olmadığından bu başvuru "CopyLocal" değildir.
         Birincil başvuru: "System.Runtime.Loader, Version=9.0.0.0, Culture=neutral, PublicKeyToken=b03f5f7f11d50a3a".
             Çözümlenmiş dosya yolu: "C:\Users\mrkfk\.nuget\packages\microsoft.netcore.app.ref\9.0.11\ref\net9.0\System.Runtime.Loader.dll".
             Başvuru, "{RawFileName}" arama yolu konumunda bulundu.
             En az bir kaynak öğesi için "Private" "false" olarak ayarlanmış olduğundan ve "Private", herhangi bir kaynak öğesi için "true" olarak ayarlanmış olmadığından bu başvuru "CopyLocal" değildir.
         Birincil başvuru: "System.Runtime.Numerics, Version=9.0.0.0, Culture=neutral, PublicKeyToken=b03f5f7f11d50a3a".
             Çözümlenmiş dosya yolu: "C:\Users\mrkfk\.nuget\packages\microsoft.netcore.app.ref\9.0.11\ref\net9.0\System.Runtime.Numerics.dll".
             Başvuru, "{RawFileName}" arama yolu konumunda bulundu.
             En az bir kaynak öğesi için "Private" "false" olarak ayarlanmış olduğundan ve "Private", herhangi bir kaynak öğesi için "true" olarak ayarlanmış olmadığından bu başvuru "CopyLocal" değildir.
         Birincil başvuru: "System.Runtime.Serialization.Formatters, Version=8.1.0.0, Culture=neutral, PublicKeyToken=b03f5f7f11d50a3a".
             Çözümlenmiş dosya yolu: "C:\Users\mrkfk\.nuget\packages\microsoft.netcore.app.ref\9.0.11\ref\net9.0\System.Runtime.Serialization.Formatters.dll".
             Başvuru, "{RawFileName}" arama yolu konumunda bulundu.
             En az bir kaynak öğesi için "Private" "false" olarak ayarlanmış olduğundan ve "Private", herhangi bir kaynak öğesi için "true" olarak ayarlanmış olmadığından bu başvuru "CopyLocal" değildir.
         Birincil başvuru: "System.Runtime.Serialization.Json, Version=9.0.0.0, Culture=neutral, PublicKeyToken=b03f5f7f11d50a3a".
             Çözümlenmiş dosya yolu: "C:\Users\mrkfk\.nuget\packages\microsoft.netcore.app.ref\9.0.11\ref\net9.0\System.Runtime.Serialization.Json.dll".
             Başvuru, "{RawFileName}" arama yolu konumunda bulundu.
             En az bir kaynak öğesi için "Private" "false" olarak ayarlanmış olduğundan ve "Private", herhangi bir kaynak öğesi için "true" olarak ayarlanmış olmadığından bu başvuru "CopyLocal" değildir.
         Birincil başvuru: "System.Runtime.Serialization.Primitives, Version=9.0.0.0, Culture=neutral, PublicKeyToken=b03f5f7f11d50a3a".
             Çözümlenmiş dosya yolu: "C:\Users\mrkfk\.nuget\packages\microsoft.netcore.app.ref\9.0.11\ref\net9.0\System.Runtime.Serialization.Primitives.dll".
             Başvuru, "{RawFileName}" arama yolu konumunda bulundu.
             En az bir kaynak öğesi için "Private" "false" olarak ayarlanmış olduğundan ve "Private", herhangi bir kaynak öğesi için "true" olarak ayarlanmış olmadığından bu başvuru "CopyLocal" değildir.
         Birincil başvuru: "System.Runtime.Serialization.Xml, Version=9.0.0.0, Culture=neutral, PublicKeyToken=b03f5f7f11d50a3a".
             Çözümlenmiş dosya yolu: "C:\Users\mrkfk\.nuget\packages\microsoft.netcore.app.ref\9.0.11\ref\net9.0\System.Runtime.Serialization.Xml.dll".
             Başvuru, "{RawFileName}" arama yolu konumunda bulundu.
             En az bir kaynak öğesi için "Private" "false" olarak ayarlanmış olduğundan ve "Private", herhangi bir kaynak öğesi için "true" olarak ayarlanmış olmadığından bu başvuru "CopyLocal" değildir.
         Birincil başvuru: "System.Runtime.Serialization, Version=4.0.0.0, Culture=neutral, PublicKeyToken=b77a5c561934e089".
             Çözümlenmiş dosya yolu: "C:\Users\mrkfk\.nuget\packages\microsoft.netcore.app.ref\9.0.11\ref\net9.0\System.Runtime.Serialization.dll".
             Başvuru, "{RawFileName}" arama yolu konumunda bulundu.
             En az bir kaynak öğesi için "Private" "false" olarak ayarlanmış olduğundan ve "Private", herhangi bir kaynak öğesi için "true" olarak ayarlanmış olmadığından bu başvuru "CopyLocal" değildir.
         Birincil başvuru: "System.Runtime, Version=9.0.0.0, Culture=neutral, PublicKeyToken=b03f5f7f11d50a3a".
             Çözümlenmiş dosya yolu: "C:\Users\mrkfk\.nuget\packages\microsoft.netcore.app.ref\9.0.11\ref\net9.0\System.Runtime.dll".
             Başvuru, "{RawFileName}" arama yolu konumunda bulundu.
             En az bir kaynak öğesi için "Private" "false" olarak ayarlanmış olduğundan ve "Private", herhangi bir kaynak öğesi için "true" olarak ayarlanmış olmadığından bu başvuru "CopyLocal" değildir.
         Birincil başvuru: "System.Security.AccessControl, Version=9.0.0.0, Culture=neutral, PublicKeyToken=b03f5f7f11d50a3a".
             Çözümlenmiş dosya yolu: "C:\Users\mrkfk\.nuget\packages\microsoft.netcore.app.ref\9.0.11\ref\net9.0\System.Security.AccessControl.dll".
             Başvuru, "{RawFileName}" arama yolu konumunda bulundu.
             En az bir kaynak öğesi için "Private" "false" olarak ayarlanmış olduğundan ve "Private", herhangi bir kaynak öğesi için "true" olarak ayarlanmış olmadığından bu başvuru "CopyLocal" değildir.
         Birincil başvuru: "System.Security.Claims, Version=9.0.0.0, Culture=neutral, PublicKeyToken=b03f5f7f11d50a3a".
             Çözümlenmiş dosya yolu: "C:\Users\mrkfk\.nuget\packages\microsoft.netcore.app.ref\9.0.11\ref\net9.0\System.Security.Claims.dll".
             Başvuru, "{RawFileName}" arama yolu konumunda bulundu.
             En az bir kaynak öğesi için "Private" "false" olarak ayarlanmış olduğundan ve "Private", herhangi bir kaynak öğesi için "true" olarak ayarlanmış olmadığından bu başvuru "CopyLocal" değildir.
         Birincil başvuru: "System.Security.Cryptography.Algorithms, Version=9.0.0.0, Culture=neutral, PublicKeyToken=b03f5f7f11d50a3a".
             Çözümlenmiş dosya yolu: "C:\Users\mrkfk\.nuget\packages\microsoft.netcore.app.ref\9.0.11\ref\net9.0\System.Security.Cryptography.Algorithms.dll".
             Başvuru, "{RawFileName}" arama yolu konumunda bulundu.
             En az bir kaynak öğesi için "Private" "false" olarak ayarlanmış olduğundan ve "Private", herhangi bir kaynak öğesi için "true" olarak ayarlanmış olmadığından bu başvuru "CopyLocal" değildir.
         Birincil başvuru: "System.Security.Cryptography.Cng, Version=9.0.0.0, Culture=neutral, PublicKeyToken=b03f5f7f11d50a3a".
             Çözümlenmiş dosya yolu: "C:\Users\mrkfk\.nuget\packages\microsoft.netcore.app.ref\9.0.11\ref\net9.0\System.Security.Cryptography.Cng.dll".
             Başvuru, "{RawFileName}" arama yolu konumunda bulundu.
             En az bir kaynak öğesi için "Private" "false" olarak ayarlanmış olduğundan ve "Private", herhangi bir kaynak öğesi için "true" olarak ayarlanmış olmadığından bu başvuru "CopyLocal" değildir.
         Birincil başvuru: "System.Security.Cryptography.Csp, Version=9.0.0.0, Culture=neutral, PublicKeyToken=b03f5f7f11d50a3a".
             Çözümlenmiş dosya yolu: "C:\Users\mrkfk\.nuget\packages\microsoft.netcore.app.ref\9.0.11\ref\net9.0\System.Security.Cryptography.Csp.dll".
             Başvuru, "{RawFileName}" arama yolu konumunda bulundu.
             En az bir kaynak öğesi için "Private" "false" olarak ayarlanmış olduğundan ve "Private", herhangi bir kaynak öğesi için "true" olarak ayarlanmış olmadığından bu başvuru "CopyLocal" değildir.
         Birincil başvuru: "System.Security.Cryptography.Encoding, Version=9.0.0.0, Culture=neutral, PublicKeyToken=b03f5f7f11d50a3a".
             Çözümlenmiş dosya yolu: "C:\Users\mrkfk\.nuget\packages\microsoft.netcore.app.ref\9.0.11\ref\net9.0\System.Security.Cryptography.Encoding.dll".
             Başvuru, "{RawFileName}" arama yolu konumunda bulundu.
             En az bir kaynak öğesi için "Private" "false" olarak ayarlanmış olduğundan ve "Private", herhangi bir kaynak öğesi için "true" olarak ayarlanmış olmadığından bu başvuru "CopyLocal" değildir.
         Birincil başvuru: "System.Security.Cryptography.OpenSsl, Version=9.0.0.0, Culture=neutral, PublicKeyToken=b03f5f7f11d50a3a".
             Çözümlenmiş dosya yolu: "C:\Users\mrkfk\.nuget\packages\microsoft.netcore.app.ref\9.0.11\ref\net9.0\System.Security.Cryptography.OpenSsl.dll".
             Başvuru, "{RawFileName}" arama yolu konumunda bulundu.
             En az bir kaynak öğesi için "Private" "false" olarak ayarlanmış olduğundan ve "Private", herhangi bir kaynak öğesi için "true" olarak ayarlanmış olmadığından bu başvuru "CopyLocal" değildir.
         Birincil başvuru: "System.Security.Cryptography.Primitives, Version=9.0.0.0, Culture=neutral, PublicKeyToken=b03f5f7f11d50a3a".
             Çözümlenmiş dosya yolu: "C:\Users\mrkfk\.nuget\packages\microsoft.netcore.app.ref\9.0.11\ref\net9.0\System.Security.Cryptography.Primitives.dll".
             Başvuru, "{RawFileName}" arama yolu konumunda bulundu.
             En az bir kaynak öğesi için "Private" "false" olarak ayarlanmış olduğundan ve "Private", herhangi bir kaynak öğesi için "true" olarak ayarlanmış olmadığından bu başvuru "CopyLocal" değildir.
         Birincil başvuru: "System.Security.Cryptography.X509Certificates, Version=9.0.0.0, Culture=neutral, PublicKeyToken=b03f5f7f11d50a3a".
             Çözümlenmiş dosya yolu: "C:\Users\mrkfk\.nuget\packages\microsoft.netcore.app.ref\9.0.11\ref\net9.0\System.Security.Cryptography.X509Certificates.dll".
             Başvuru, "{RawFileName}" arama yolu konumunda bulundu.
             En az bir kaynak öğesi için "Private" "false" olarak ayarlanmış olduğundan ve "Private", herhangi bir kaynak öğesi için "true" olarak ayarlanmış olmadığından bu başvuru "CopyLocal" değildir.
         Birincil başvuru: "System.Security.Cryptography, Version=9.0.0.0, Culture=neutral, PublicKeyToken=b03f5f7f11d50a3a".
             Çözümlenmiş dosya yolu: "C:\Users\mrkfk\.nuget\packages\microsoft.netcore.app.ref\9.0.11\ref\net9.0\System.Security.Cryptography.dll".
             Başvuru, "{RawFileName}" arama yolu konumunda bulundu.
             En az bir kaynak öğesi için "Private" "false" olarak ayarlanmış olduğundan ve "Private", herhangi bir kaynak öğesi için "true" olarak ayarlanmış olmadığından bu başvuru "CopyLocal" değildir.
         Birincil başvuru: "System.Security.Principal.Windows, Version=9.0.0.0, Culture=neutral, PublicKeyToken=b03f5f7f11d50a3a".
             Çözümlenmiş dosya yolu: "C:\Users\mrkfk\.nuget\packages\microsoft.netcore.app.ref\9.0.11\ref\net9.0\System.Security.Principal.Windows.dll".
             Başvuru, "{RawFileName}" arama yolu konumunda bulundu.
             En az bir kaynak öğesi için "Private" "false" olarak ayarlanmış olduğundan ve "Private", herhangi bir kaynak öğesi için "true" olarak ayarlanmış olmadığından bu başvuru "CopyLocal" değildir.
         Birincil başvuru: "System.Security.Principal, Version=9.0.0.0, Culture=neutral, PublicKeyToken=b03f5f7f11d50a3a".
             Çözümlenmiş dosya yolu: "C:\Users\mrkfk\.nuget\packages\microsoft.netcore.app.ref\9.0.11\ref\net9.0\System.Security.Principal.dll".
             Başvuru, "{RawFileName}" arama yolu konumunda bulundu.
             En az bir kaynak öğesi için "Private" "false" olarak ayarlanmış olduğundan ve "Private", herhangi bir kaynak öğesi için "true" olarak ayarlanmış olmadığından bu başvuru "CopyLocal" değildir.
         Birincil başvuru: "System.Security.SecureString, Version=9.0.0.0, Culture=neutral, PublicKeyToken=b03f5f7f11d50a3a".
             Çözümlenmiş dosya yolu: "C:\Users\mrkfk\.nuget\packages\microsoft.netcore.app.ref\9.0.11\ref\net9.0\System.Security.SecureString.dll".
             Başvuru, "{RawFileName}" arama yolu konumunda bulundu.
             En az bir kaynak öğesi için "Private" "false" olarak ayarlanmış olduğundan ve "Private", herhangi bir kaynak öğesi için "true" olarak ayarlanmış olmadığından bu başvuru "CopyLocal" değildir.
         Birincil başvuru: "System.Security, Version=4.0.0.0, Culture=neutral, PublicKeyToken=b03f5f7f11d50a3a".
             Çözümlenmiş dosya yolu: "C:\Users\mrkfk\.nuget\packages\microsoft.netcore.app.ref\9.0.11\ref\net9.0\System.Security.dll".
             Başvuru, "{RawFileName}" arama yolu konumunda bulundu.
             En az bir kaynak öğesi için "Private" "false" olarak ayarlanmış olduğundan ve "Private", herhangi bir kaynak öğesi için "true" olarak ayarlanmış olmadığından bu başvuru "CopyLocal" değildir.
         Birincil başvuru: "System.ServiceModel.Web, Version=4.0.0.0, Culture=neutral, PublicKeyToken=31bf3856ad364e35".
             Çözümlenmiş dosya yolu: "C:\Users\mrkfk\.nuget\packages\microsoft.netcore.app.ref\9.0.11\ref\net9.0\System.ServiceModel.Web.dll".
             Başvuru, "{RawFileName}" arama yolu konumunda bulundu.
             En az bir kaynak öğesi için "Private" "false" olarak ayarlanmış olduğundan ve "Private", herhangi bir kaynak öğesi için "true" olarak ayarlanmış olmadığından bu başvuru "CopyLocal" değildir.
         Birincil başvuru: "System.ServiceProcess, Version=4.0.0.0, Culture=neutral, PublicKeyToken=b03f5f7f11d50a3a".
             Çözümlenmiş dosya yolu: "C:\Users\mrkfk\.nuget\packages\microsoft.netcore.app.ref\9.0.11\ref\net9.0\System.ServiceProcess.dll".
             Başvuru, "{RawFileName}" arama yolu konumunda bulundu.
             En az bir kaynak öğesi için "Private" "false" olarak ayarlanmış olduğundan ve "Private", herhangi bir kaynak öğesi için "true" olarak ayarlanmış olmadığından bu başvuru "CopyLocal" değildir.
         Birincil başvuru: "System.Text.Encoding.CodePages, Version=9.0.0.0, Culture=neutral, PublicKeyToken=b03f5f7f11d50a3a".
             Çözümlenmiş dosya yolu: "C:\Users\mrkfk\.nuget\packages\microsoft.netcore.app.ref\9.0.11\ref\net9.0\System.Text.Encoding.CodePages.dll".
             Başvuru, "{RawFileName}" arama yolu konumunda bulundu.
             En az bir kaynak öğesi için "Private" "false" olarak ayarlanmış olduğundan ve "Private", herhangi bir kaynak öğesi için "true" olarak ayarlanmış olmadığından bu başvuru "CopyLocal" değildir.
         Birincil başvuru: "System.Text.Encoding.Extensions, Version=9.0.0.0, Culture=neutral, PublicKeyToken=b03f5f7f11d50a3a".
             Çözümlenmiş dosya yolu: "C:\Users\mrkfk\.nuget\packages\microsoft.netcore.app.ref\9.0.11\ref\net9.0\System.Text.Encoding.Extensions.dll".
             Başvuru, "{RawFileName}" arama yolu konumunda bulundu.
             En az bir kaynak öğesi için "Private" "false" olarak ayarlanmış olduğundan ve "Private", herhangi bir kaynak öğesi için "true" olarak ayarlanmış olmadığından bu başvuru "CopyLocal" değildir.
         Birincil başvuru: "System.Text.Encoding, Version=9.0.0.0, Culture=neutral, PublicKeyToken=b03f5f7f11d50a3a".
             Çözümlenmiş dosya yolu: "C:\Users\mrkfk\.nuget\packages\microsoft.netcore.app.ref\9.0.11\ref\net9.0\System.Text.Encoding.dll".
             Başvuru, "{RawFileName}" arama yolu konumunda bulundu.
             En az bir kaynak öğesi için "Private" "false" olarak ayarlanmış olduğundan ve "Private", herhangi bir kaynak öğesi için "true" olarak ayarlanmış olmadığından bu başvuru "CopyLocal" değildir.
         Birincil başvuru: "System.Text.Encodings.Web, Version=9.0.0.0, Culture=neutral, PublicKeyToken=cc7b13ffcd2ddd51".
             Çözümlenmiş dosya yolu: "C:\Users\mrkfk\.nuget\packages\microsoft.netcore.app.ref\9.0.11\ref\net9.0\System.Text.Encodings.Web.dll".
             Başvuru, "{RawFileName}" arama yolu konumunda bulundu.
             En az bir kaynak öğesi için "Private" "false" olarak ayarlanmış olduğundan ve "Private", herhangi bir kaynak öğesi için "true" olarak ayarlanmış olmadığından bu başvuru "CopyLocal" değildir.
         Birincil başvuru: "System.Text.Json, Version=9.0.0.0, Culture=neutral, PublicKeyToken=cc7b13ffcd2ddd51".
             Çözümlenmiş dosya yolu: "C:\Users\mrkfk\.nuget\packages\microsoft.netcore.app.ref\9.0.11\ref\net9.0\System.Text.Json.dll".
             Başvuru, "{RawFileName}" arama yolu konumunda bulundu.
             En az bir kaynak öğesi için "Private" "false" olarak ayarlanmış olduğundan ve "Private", herhangi bir kaynak öğesi için "true" olarak ayarlanmış olmadığından bu başvuru "CopyLocal" değildir.
         Birincil başvuru: "System.Text.RegularExpressions, Version=9.0.0.0, Culture=neutral, PublicKeyToken=b03f5f7f11d50a3a".
             Çözümlenmiş dosya yolu: "C:\Users\mrkfk\.nuget\packages\microsoft.netcore.app.ref\9.0.11\ref\net9.0\System.Text.RegularExpressions.dll".
             Başvuru, "{RawFileName}" arama yolu konumunda bulundu.
             En az bir kaynak öğesi için "Private" "false" olarak ayarlanmış olduğundan ve "Private", herhangi bir kaynak öğesi için "true" olarak ayarlanmış olmadığından bu başvuru "CopyLocal" değildir.
         Birincil başvuru: "System.Threading.Channels, Version=9.0.0.0, Culture=neutral, PublicKeyToken=cc7b13ffcd2ddd51".
             Çözümlenmiş dosya yolu: "C:\Users\mrkfk\.nuget\packages\microsoft.netcore.app.ref\9.0.11\ref\net9.0\System.Threading.Channels.dll".
             Başvuru, "{RawFileName}" arama yolu konumunda bulundu.
             En az bir kaynak öğesi için "Private" "false" olarak ayarlanmış olduğundan ve "Private", herhangi bir kaynak öğesi için "true" olarak ayarlanmış olmadığından bu başvuru "CopyLocal" değildir.
         Birincil başvuru: "System.Threading.Overlapped, Version=9.0.0.0, Culture=neutral, PublicKeyToken=b03f5f7f11d50a3a".
             Çözümlenmiş dosya yolu: "C:\Users\mrkfk\.nuget\packages\microsoft.netcore.app.ref\9.0.11\ref\net9.0\System.Threading.Overlapped.dll".
             Başvuru, "{RawFileName}" arama yolu konumunda bulundu.
             En az bir kaynak öğesi için "Private" "false" olarak ayarlanmış olduğundan ve "Private", herhangi bir kaynak öğesi için "true" olarak ayarlanmış olmadığından bu başvuru "CopyLocal" değildir.
         Birincil başvuru: "System.Threading.Tasks.Dataflow, Version=9.0.0.0, Culture=neutral, PublicKeyToken=b03f5f7f11d50a3a".
             Çözümlenmiş dosya yolu: "C:\Users\mrkfk\.nuget\packages\microsoft.netcore.app.ref\9.0.11\ref\net9.0\System.Threading.Tasks.Dataflow.dll".
             Başvuru, "{RawFileName}" arama yolu konumunda bulundu.
             En az bir kaynak öğesi için "Private" "false" olarak ayarlanmış olduğundan ve "Private", herhangi bir kaynak öğesi için "true" olarak ayarlanmış olmadığından bu başvuru "CopyLocal" değildir.
         Birincil başvuru: "System.Threading.Tasks.Extensions, Version=9.0.0.0, Culture=neutral, PublicKeyToken=cc7b13ffcd2ddd51".
             Çözümlenmiş dosya yolu: "C:\Users\mrkfk\.nuget\packages\microsoft.netcore.app.ref\9.0.11\ref\net9.0\System.Threading.Tasks.Extensions.dll".
             Başvuru, "{RawFileName}" arama yolu konumunda bulundu.
             En az bir kaynak öğesi için "Private" "false" olarak ayarlanmış olduğundan ve "Private", herhangi bir kaynak öğesi için "true" olarak ayarlanmış olmadığından bu başvuru "CopyLocal" değildir.
         Birincil başvuru: "System.Threading.Tasks.Parallel, Version=9.0.0.0, Culture=neutral, PublicKeyToken=b03f5f7f11d50a3a".
             Çözümlenmiş dosya yolu: "C:\Users\mrkfk\.nuget\packages\microsoft.netcore.app.ref\9.0.11\ref\net9.0\System.Threading.Tasks.Parallel.dll".
             Başvuru, "{RawFileName}" arama yolu konumunda bulundu.
             En az bir kaynak öğesi için "Private" "false" olarak ayarlanmış olduğundan ve "Private", herhangi bir kaynak öğesi için "true" olarak ayarlanmış olmadığından bu başvuru "CopyLocal" değildir.
         Birincil başvuru: "System.Threading.Tasks, Version=9.0.0.0, Culture=neutral, PublicKeyToken=b03f5f7f11d50a3a".
             Çözümlenmiş dosya yolu: "C:\Users\mrkfk\.nuget\packages\microsoft.netcore.app.ref\9.0.11\ref\net9.0\System.Threading.Tasks.dll".
             Başvuru, "{RawFileName}" arama yolu konumunda bulundu.
             En az bir kaynak öğesi için "Private" "false" olarak ayarlanmış olduğundan ve "Private", herhangi bir kaynak öğesi için "true" olarak ayarlanmış olmadığından bu başvuru "CopyLocal" değildir.
         Birincil başvuru: "System.Threading.Thread, Version=9.0.0.0, Culture=neutral, PublicKeyToken=b03f5f7f11d50a3a".
             Çözümlenmiş dosya yolu: "C:\Users\mrkfk\.nuget\packages\microsoft.netcore.app.ref\9.0.11\ref\net9.0\System.Threading.Thread.dll".
             Başvuru, "{RawFileName}" arama yolu konumunda bulundu.
             En az bir kaynak öğesi için "Private" "false" olarak ayarlanmış olduğundan ve "Private", herhangi bir kaynak öğesi için "true" olarak ayarlanmış olmadığından bu başvuru "CopyLocal" değildir.
         Birincil başvuru: "System.Threading.ThreadPool, Version=9.0.0.0, Culture=neutral, PublicKeyToken=b03f5f7f11d50a3a".
             Çözümlenmiş dosya yolu: "C:\Users\mrkfk\.nuget\packages\microsoft.netcore.app.ref\9.0.11\ref\net9.0\System.Threading.ThreadPool.dll".
             Başvuru, "{RawFileName}" arama yolu konumunda bulundu.
             En az bir kaynak öğesi için "Private" "false" olarak ayarlanmış olduğundan ve "Private", herhangi bir kaynak öğesi için "true" olarak ayarlanmış olmadığından bu başvuru "CopyLocal" değildir.
         Birincil başvuru: "System.Threading.Timer, Version=9.0.0.0, Culture=neutral, PublicKeyToken=b03f5f7f11d50a3a".
             Çözümlenmiş dosya yolu: "C:\Users\mrkfk\.nuget\packages\microsoft.netcore.app.ref\9.0.11\ref\net9.0\System.Threading.Timer.dll".
             Başvuru, "{RawFileName}" arama yolu konumunda bulundu.
             En az bir kaynak öğesi için "Private" "false" olarak ayarlanmış olduğundan ve "Private", herhangi bir kaynak öğesi için "true" olarak ayarlanmış olmadığından bu başvuru "CopyLocal" değildir.
         Birincil başvuru: "System.Threading, Version=9.0.0.0, Culture=neutral, PublicKeyToken=b03f5f7f11d50a3a".
             Çözümlenmiş dosya yolu: "C:\Users\mrkfk\.nuget\packages\microsoft.netcore.app.ref\9.0.11\ref\net9.0\System.Threading.dll".
             Başvuru, "{RawFileName}" arama yolu konumunda bulundu.
             En az bir kaynak öğesi için "Private" "false" olarak ayarlanmış olduğundan ve "Private", herhangi bir kaynak öğesi için "true" olarak ayarlanmış olmadığından bu başvuru "CopyLocal" değildir.
         Birincil başvuru: "System.Transactions.Local, Version=9.0.0.0, Culture=neutral, PublicKeyToken=cc7b13ffcd2ddd51".
             Çözümlenmiş dosya yolu: "C:\Users\mrkfk\.nuget\packages\microsoft.netcore.app.ref\9.0.11\ref\net9.0\System.Transactions.Local.dll".
             Başvuru, "{RawFileName}" arama yolu konumunda bulundu.
             En az bir kaynak öğesi için "Private" "false" olarak ayarlanmış olduğundan ve "Private", herhangi bir kaynak öğesi için "true" olarak ayarlanmış olmadığından bu başvuru "CopyLocal" değildir.
         Birincil başvuru: "System.Transactions, Version=4.0.0.0, Culture=neutral, PublicKeyToken=b77a5c561934e089".
             Çözümlenmiş dosya yolu: "C:\Users\mrkfk\.nuget\packages\microsoft.netcore.app.ref\9.0.11\ref\net9.0\System.Transactions.dll".
             Başvuru, "{RawFileName}" arama yolu konumunda bulundu.
             En az bir kaynak öğesi için "Private" "false" olarak ayarlanmış olduğundan ve "Private", herhangi bir kaynak öğesi için "true" olarak ayarlanmış olmadığından bu başvuru "CopyLocal" değildir.
         Birincil başvuru: "System.ValueTuple, Version=9.0.0.0, Culture=neutral, PublicKeyToken=cc7b13ffcd2ddd51".
             Çözümlenmiş dosya yolu: "C:\Users\mrkfk\.nuget\packages\microsoft.netcore.app.ref\9.0.11\ref\net9.0\System.ValueTuple.dll".
             Başvuru, "{RawFileName}" arama yolu konumunda bulundu.
             En az bir kaynak öğesi için "Private" "false" olarak ayarlanmış olduğundan ve "Private", herhangi bir kaynak öğesi için "true" olarak ayarlanmış olmadığından bu başvuru "CopyLocal" değildir.
         Birincil başvuru: "System.Web.HttpUtility, Version=9.0.0.0, Culture=neutral, PublicKeyToken=cc7b13ffcd2ddd51".
             Çözümlenmiş dosya yolu: "C:\Users\mrkfk\.nuget\packages\microsoft.netcore.app.ref\9.0.11\ref\net9.0\System.Web.HttpUtility.dll".
             Başvuru, "{RawFileName}" arama yolu konumunda bulundu.
             En az bir kaynak öğesi için "Private" "false" olarak ayarlanmış olduğundan ve "Private", herhangi bir kaynak öğesi için "true" olarak ayarlanmış olmadığından bu başvuru "CopyLocal" değildir.
         Birincil başvuru: "System.Web, Version=4.0.0.0, Culture=neutral, PublicKeyToken=b03f5f7f11d50a3a".
             Çözümlenmiş dosya yolu: "C:\Users\mrkfk\.nuget\packages\microsoft.netcore.app.ref\9.0.11\ref\net9.0\System.Web.dll".
             Başvuru, "{RawFileName}" arama yolu konumunda bulundu.
             En az bir kaynak öğesi için "Private" "false" olarak ayarlanmış olduğundan ve "Private", herhangi bir kaynak öğesi için "true" olarak ayarlanmış olmadığından bu başvuru "CopyLocal" değildir.
         Birincil başvuru: "System.Windows, Version=4.0.0.0, Culture=neutral, PublicKeyToken=b03f5f7f11d50a3a".
             Çözümlenmiş dosya yolu: "C:\Users\mrkfk\.nuget\packages\microsoft.netcore.app.ref\9.0.11\ref\net9.0\System.Windows.dll".
             Başvuru, "{RawFileName}" arama yolu konumunda bulundu.
             En az bir kaynak öğesi için "Private" "false" olarak ayarlanmış olduğundan ve "Private", herhangi bir kaynak öğesi için "true" olarak ayarlanmış olmadığından bu başvuru "CopyLocal" değildir.
         Birincil başvuru: "System.Xml.Linq, Version=4.0.0.0, Culture=neutral, PublicKeyToken=b77a5c561934e089".
             Çözümlenmiş dosya yolu: "C:\Users\mrkfk\.nuget\packages\microsoft.netcore.app.ref\9.0.11\ref\net9.0\System.Xml.Linq.dll".
             Başvuru, "{RawFileName}" arama yolu konumunda bulundu.
             En az bir kaynak öğesi için "Private" "false" olarak ayarlanmış olduğundan ve "Private", herhangi bir kaynak öğesi için "true" olarak ayarlanmış olmadığından bu başvuru "CopyLocal" değildir.
         Birincil başvuru: "System.Xml.ReaderWriter, Version=9.0.0.0, Culture=neutral, PublicKeyToken=b03f5f7f11d50a3a".
             Çözümlenmiş dosya yolu: "C:\Users\mrkfk\.nuget\packages\microsoft.netcore.app.ref\9.0.11\ref\net9.0\System.Xml.ReaderWriter.dll".
             Başvuru, "{RawFileName}" arama yolu konumunda bulundu.
             En az bir kaynak öğesi için "Private" "false" olarak ayarlanmış olduğundan ve "Private", herhangi bir kaynak öğesi için "true" olarak ayarlanmış olmadığından bu başvuru "CopyLocal" değildir.
         Birincil başvuru: "System.Xml.Serialization, Version=4.0.0.0, Culture=neutral, PublicKeyToken=b77a5c561934e089".
             Çözümlenmiş dosya yolu: "C:\Users\mrkfk\.nuget\packages\microsoft.netcore.app.ref\9.0.11\ref\net9.0\System.Xml.Serialization.dll".
             Başvuru, "{RawFileName}" arama yolu konumunda bulundu.
             En az bir kaynak öğesi için "Private" "false" olarak ayarlanmış olduğundan ve "Private", herhangi bir kaynak öğesi için "true" olarak ayarlanmış olmadığından bu başvuru "CopyLocal" değildir.
         Birincil başvuru: "System.Xml.XDocument, Version=9.0.0.0, Culture=neutral, PublicKeyToken=b03f5f7f11d50a3a".
             Çözümlenmiş dosya yolu: "C:\Users\mrkfk\.nuget\packages\microsoft.netcore.app.ref\9.0.11\ref\net9.0\System.Xml.XDocument.dll".
             Başvuru, "{RawFileName}" arama yolu konumunda bulundu.
             En az bir kaynak öğesi için "Private" "false" olarak ayarlanmış olduğundan ve "Private", herhangi bir kaynak öğesi için "true" olarak ayarlanmış olmadığından bu başvuru "CopyLocal" değildir.
         Birincil başvuru: "System.Xml.XPath.XDocument, Version=9.0.0.0, Culture=neutral, PublicKeyToken=b03f5f7f11d50a3a".
             Çözümlenmiş dosya yolu: "C:\Users\mrkfk\.nuget\packages\microsoft.netcore.app.ref\9.0.11\ref\net9.0\System.Xml.XPath.XDocument.dll".
             Başvuru, "{RawFileName}" arama yolu konumunda bulundu.
             En az bir kaynak öğesi için "Private" "false" olarak ayarlanmış olduğundan ve "Private", herhangi bir kaynak öğesi için "true" olarak ayarlanmış olmadığından bu başvuru "CopyLocal" değildir.
         Birincil başvuru: "System.Xml.XPath, Version=9.0.0.0, Culture=neutral, PublicKeyToken=b03f5f7f11d50a3a".
             Çözümlenmiş dosya yolu: "C:\Users\mrkfk\.nuget\packages\microsoft.netcore.app.ref\9.0.11\ref\net9.0\System.Xml.XPath.dll".
             Başvuru, "{RawFileName}" arama yolu konumunda bulundu.
             En az bir kaynak öğesi için "Private" "false" olarak ayarlanmış olduğundan ve "Private", herhangi bir kaynak öğesi için "true" olarak ayarlanmış olmadığından bu başvuru "CopyLocal" değildir.
         Birincil başvuru: "System.Xml.XmlDocument, Version=9.0.0.0, Culture=neutral, PublicKeyToken=b03f5f7f11d50a3a".
             Çözümlenmiş dosya yolu: "C:\Users\mrkfk\.nuget\packages\microsoft.netcore.app.ref\9.0.11\ref\net9.0\System.Xml.XmlDocument.dll".
             Başvuru, "{RawFileName}" arama yolu konumunda bulundu.
             En az bir kaynak öğesi için "Private" "false" olarak ayarlanmış olduğundan ve "Private", herhangi bir kaynak öğesi için "true" olarak ayarlanmış olmadığından bu başvuru "CopyLocal" değildir.
         Birincil başvuru: "System.Xml.XmlSerializer, Version=9.0.0.0, Culture=neutral, PublicKeyToken=b03f5f7f11d50a3a".
             Çözümlenmiş dosya yolu: "C:\Users\mrkfk\.nuget\packages\microsoft.netcore.app.ref\9.0.11\ref\net9.0\System.Xml.XmlSerializer.dll".
             Başvuru, "{RawFileName}" arama yolu konumunda bulundu.
             En az bir kaynak öğesi için "Private" "false" olarak ayarlanmış olduğundan ve "Private", herhangi bir kaynak öğesi için "true" olarak ayarlanmış olmadığından bu başvuru "CopyLocal" değildir.
         Birincil başvuru: "System.Xml, Version=4.0.0.0, Culture=neutral, PublicKeyToken=b77a5c561934e089".
             Çözümlenmiş dosya yolu: "C:\Users\mrkfk\.nuget\packages\microsoft.netcore.app.ref\9.0.11\ref\net9.0\System.Xml.dll".
             Başvuru, "{RawFileName}" arama yolu konumunda bulundu.
             En az bir kaynak öğesi için "Private" "false" olarak ayarlanmış olduğundan ve "Private", herhangi bir kaynak öğesi için "true" olarak ayarlanmış olmadığından bu başvuru "CopyLocal" değildir.
         Birincil başvuru: "System, Version=4.0.0.0, Culture=neutral, PublicKeyToken=b77a5c561934e089".
             Çözümlenmiş dosya yolu: "C:\Users\mrkfk\.nuget\packages\microsoft.netcore.app.ref\9.0.11\ref\net9.0\System.dll".
             Başvuru, "{RawFileName}" arama yolu konumunda bulundu.
             En az bir kaynak öğesi için "Private" "false" olarak ayarlanmış olduğundan ve "Private", herhangi bir kaynak öğesi için "true" olarak ayarlanmış olmadığından bu başvuru "CopyLocal" değildir.
         Birincil başvuru: "WindowsBase, Version=4.0.0.0, Culture=neutral, PublicKeyToken=31bf3856ad364e35".
             Çözümlenmiş dosya yolu: "C:\Users\mrkfk\.nuget\packages\microsoft.netcore.app.ref\9.0.11\ref\net9.0\WindowsBase.dll".
             Başvuru, "{RawFileName}" arama yolu konumunda bulundu.
             En az bir kaynak öğesi için "Private" "false" olarak ayarlanmış olduğundan ve "Private", herhangi bir kaynak öğesi için "true" olarak ayarlanmış olmadığından bu başvuru "CopyLocal" değildir.
         Birincil başvuru: "mscorlib, Version=4.0.0.0, Culture=neutral, PublicKeyToken=b77a5c561934e089".
             Çözümlenmiş dosya yolu: "C:\Users\mrkfk\.nuget\packages\microsoft.netcore.app.ref\9.0.11\ref\net9.0\mscorlib.dll".
             Başvuru, "{RawFileName}" arama yolu konumunda bulundu.
             En az bir kaynak öğesi için "Private" "false" olarak ayarlanmış olduğundan ve "Private", herhangi bir kaynak öğesi için "true" olarak ayarlanmış olmadığından bu başvuru "CopyLocal" değildir.
         Birincil başvuru: "netstandard, Version=2.1.0.0, Culture=neutral, PublicKeyToken=cc7b13ffcd2ddd51".
             Çözümlenmiş dosya yolu: "C:\Users\mrkfk\.nuget\packages\microsoft.netcore.app.ref\9.0.11\ref\net9.0\netstandard.dll".
             Başvuru, "{RawFileName}" arama yolu konumunda bulundu.
             En az bir kaynak öğesi için "Private" "false" olarak ayarlanmış olduğundan ve "Private", herhangi bir kaynak öğesi için "true" olarak ayarlanmış olmadığından bu başvuru "CopyLocal" değildir.
         Birincil başvuru: "Microsoft.AspNetCore.Antiforgery, Version=9.0.0.0, Culture=neutral, PublicKeyToken=adb9793829ddae60".
             Çözümlenmiş dosya yolu: "C:\Users\mrkfk\.nuget\packages\microsoft.aspnetcore.app.ref\9.0.11\ref\net9.0\Microsoft.AspNetCore.Antiforgery.dll".
             Başvuru, "{RawFileName}" arama yolu konumunda bulundu.
             En az bir kaynak öğesi için "Private" "false" olarak ayarlanmış olduğundan ve "Private", herhangi bir kaynak öğesi için "true" olarak ayarlanmış olmadığından bu başvuru "CopyLocal" değildir.
         Birincil başvuru: "Microsoft.AspNetCore.Authentication.Abstractions, Version=9.0.0.0, Culture=neutral, PublicKeyToken=adb9793829ddae60".
             Çözümlenmiş dosya yolu: "C:\Users\mrkfk\.nuget\packages\microsoft.aspnetcore.app.ref\9.0.11\ref\net9.0\Microsoft.AspNetCore.Authentication.Abstractions.dll".
             Başvuru, "{RawFileName}" arama yolu konumunda bulundu.
             En az bir kaynak öğesi için "Private" "false" olarak ayarlanmış olduğundan ve "Private", herhangi bir kaynak öğesi için "true" olarak ayarlanmış olmadığından bu başvuru "CopyLocal" değildir.
         Birincil başvuru: "Microsoft.AspNetCore.Authentication.BearerToken, Version=9.0.0.0, Culture=neutral, PublicKeyToken=adb9793829ddae60".
             Çözümlenmiş dosya yolu: "C:\Users\mrkfk\.nuget\packages\microsoft.aspnetcore.app.ref\9.0.11\ref\net9.0\Microsoft.AspNetCore.Authentication.BearerToken.dll".
             Başvuru, "{RawFileName}" arama yolu konumunda bulundu.
             En az bir kaynak öğesi için "Private" "false" olarak ayarlanmış olduğundan ve "Private", herhangi bir kaynak öğesi için "true" olarak ayarlanmış olmadığından bu başvuru "CopyLocal" değildir.
         Birincil başvuru: "Microsoft.AspNetCore.Authentication.Cookies, Version=9.0.0.0, Culture=neutral, PublicKeyToken=adb9793829ddae60".
             Çözümlenmiş dosya yolu: "C:\Users\mrkfk\.nuget\packages\microsoft.aspnetcore.app.ref\9.0.11\ref\net9.0\Microsoft.AspNetCore.Authentication.Cookies.dll".
             Başvuru, "{RawFileName}" arama yolu konumunda bulundu.
             En az bir kaynak öğesi için "Private" "false" olarak ayarlanmış olduğundan ve "Private", herhangi bir kaynak öğesi için "true" olarak ayarlanmış olmadığından bu başvuru "CopyLocal" değildir.
         Birincil başvuru: "Microsoft.AspNetCore.Authentication.Core, Version=9.0.0.0, Culture=neutral, PublicKeyToken=adb9793829ddae60".
             Çözümlenmiş dosya yolu: "C:\Users\mrkfk\.nuget\packages\microsoft.aspnetcore.app.ref\9.0.11\ref\net9.0\Microsoft.AspNetCore.Authentication.Core.dll".
             Başvuru, "{RawFileName}" arama yolu konumunda bulundu.
             En az bir kaynak öğesi için "Private" "false" olarak ayarlanmış olduğundan ve "Private", herhangi bir kaynak öğesi için "true" olarak ayarlanmış olmadığından bu başvuru "CopyLocal" değildir.
         Birincil başvuru: "Microsoft.AspNetCore.Authentication.OAuth, Version=9.0.0.0, Culture=neutral, PublicKeyToken=adb9793829ddae60".
             Çözümlenmiş dosya yolu: "C:\Users\mrkfk\.nuget\packages\microsoft.aspnetcore.app.ref\9.0.11\ref\net9.0\Microsoft.AspNetCore.Authentication.OAuth.dll".
             Başvuru, "{RawFileName}" arama yolu konumunda bulundu.
             En az bir kaynak öğesi için "Private" "false" olarak ayarlanmış olduğundan ve "Private", herhangi bir kaynak öğesi için "true" olarak ayarlanmış olmadığından bu başvuru "CopyLocal" değildir.
         Birincil başvuru: "Microsoft.AspNetCore.Authentication, Version=9.0.0.0, Culture=neutral, PublicKeyToken=adb9793829ddae60".
             Çözümlenmiş dosya yolu: "C:\Users\mrkfk\.nuget\packages\microsoft.aspnetcore.app.ref\9.0.11\ref\net9.0\Microsoft.AspNetCore.Authentication.dll".
             Başvuru, "{RawFileName}" arama yolu konumunda bulundu.
             En az bir kaynak öğesi için "Private" "false" olarak ayarlanmış olduğundan ve "Private", herhangi bir kaynak öğesi için "true" olarak ayarlanmış olmadığından bu başvuru "CopyLocal" değildir.
         Birincil başvuru: "Microsoft.AspNetCore.Authorization.Policy, Version=9.0.0.0, Culture=neutral, PublicKeyToken=adb9793829ddae60".
             Çözümlenmiş dosya yolu: "C:\Users\mrkfk\.nuget\packages\microsoft.aspnetcore.app.ref\9.0.11\ref\net9.0\Microsoft.AspNetCore.Authorization.Policy.dll".
             Başvuru, "{RawFileName}" arama yolu konumunda bulundu.
             En az bir kaynak öğesi için "Private" "false" olarak ayarlanmış olduğundan ve "Private", herhangi bir kaynak öğesi için "true" olarak ayarlanmış olmadığından bu başvuru "CopyLocal" değildir.
         Birincil başvuru: "Microsoft.AspNetCore.Authorization, Version=9.0.0.0, Culture=neutral, PublicKeyToken=adb9793829ddae60".
             Çözümlenmiş dosya yolu: "C:\Users\mrkfk\.nuget\packages\microsoft.aspnetcore.app.ref\9.0.11\ref\net9.0\Microsoft.AspNetCore.Authorization.dll".
             Başvuru, "{RawFileName}" arama yolu konumunda bulundu.
             En az bir kaynak öğesi için "Private" "false" olarak ayarlanmış olduğundan ve "Private", herhangi bir kaynak öğesi için "true" olarak ayarlanmış olmadığından bu başvuru "CopyLocal" değildir.
         Birincil başvuru: "Microsoft.AspNetCore.Components.Authorization, Version=9.0.0.0, Culture=neutral, PublicKeyToken=adb9793829ddae60".
             Çözümlenmiş dosya yolu: "C:\Users\mrkfk\.nuget\packages\microsoft.aspnetcore.app.ref\9.0.11\ref\net9.0\Microsoft.AspNetCore.Components.Authorization.dll".
             Başvuru, "{RawFileName}" arama yolu konumunda bulundu.
             En az bir kaynak öğesi için "Private" "false" olarak ayarlanmış olduğundan ve "Private", herhangi bir kaynak öğesi için "true" olarak ayarlanmış olmadığından bu başvuru "CopyLocal" değildir.
         Birincil başvuru: "Microsoft.AspNetCore.Components.Endpoints, Version=9.0.0.0, Culture=neutral, PublicKeyToken=adb9793829ddae60".
             Çözümlenmiş dosya yolu: "C:\Users\mrkfk\.nuget\packages\microsoft.aspnetcore.app.ref\9.0.11\ref\net9.0\Microsoft.AspNetCore.Components.Endpoints.dll".
             Başvuru, "{RawFileName}" arama yolu konumunda bulundu.
             En az bir kaynak öğesi için "Private" "false" olarak ayarlanmış olduğundan ve "Private", herhangi bir kaynak öğesi için "true" olarak ayarlanmış olmadığından bu başvuru "CopyLocal" değildir.
         Birincil başvuru: "Microsoft.AspNetCore.Components.Forms, Version=9.0.0.0, Culture=neutral, PublicKeyToken=adb9793829ddae60".
             Çözümlenmiş dosya yolu: "C:\Users\mrkfk\.nuget\packages\microsoft.aspnetcore.app.ref\9.0.11\ref\net9.0\Microsoft.AspNetCore.Components.Forms.dll".
             Başvuru, "{RawFileName}" arama yolu konumunda bulundu.
             En az bir kaynak öğesi için "Private" "false" olarak ayarlanmış olduğundan ve "Private", herhangi bir kaynak öğesi için "true" olarak ayarlanmış olmadığından bu başvuru "CopyLocal" değildir.
         Birincil başvuru: "Microsoft.AspNetCore.Components.Server, Version=9.0.0.0, Culture=neutral, PublicKeyToken=adb9793829ddae60".
             Çözümlenmiş dosya yolu: "C:\Users\mrkfk\.nuget\packages\microsoft.aspnetcore.app.ref\9.0.11\ref\net9.0\Microsoft.AspNetCore.Components.Server.dll".
             Başvuru, "{RawFileName}" arama yolu konumunda bulundu.
             En az bir kaynak öğesi için "Private" "false" olarak ayarlanmış olduğundan ve "Private", herhangi bir kaynak öğesi için "true" olarak ayarlanmış olmadığından bu başvuru "CopyLocal" değildir.
         Birincil başvuru: "Microsoft.AspNetCore.Components.Web, Version=9.0.0.0, Culture=neutral, PublicKeyToken=adb9793829ddae60".
             Çözümlenmiş dosya yolu: "C:\Users\mrkfk\.nuget\packages\microsoft.aspnetcore.app.ref\9.0.11\ref\net9.0\Microsoft.AspNetCore.Components.Web.dll".
             Başvuru, "{RawFileName}" arama yolu konumunda bulundu.
             En az bir kaynak öğesi için "Private" "false" olarak ayarlanmış olduğundan ve "Private", herhangi bir kaynak öğesi için "true" olarak ayarlanmış olmadığından bu başvuru "CopyLocal" değildir.
         Birincil başvuru: "Microsoft.AspNetCore.Components, Version=9.0.0.0, Culture=neutral, PublicKeyToken=adb9793829ddae60".
             Çözümlenmiş dosya yolu: "C:\Users\mrkfk\.nuget\packages\microsoft.aspnetcore.app.ref\9.0.11\ref\net9.0\Microsoft.AspNetCore.Components.dll".
             Başvuru, "{RawFileName}" arama yolu konumunda bulundu.
             En az bir kaynak öğesi için "Private" "false" olarak ayarlanmış olduğundan ve "Private", herhangi bir kaynak öğesi için "true" olarak ayarlanmış olmadığından bu başvuru "CopyLocal" değildir.
         Birincil başvuru: "Microsoft.AspNetCore.Connections.Abstractions, Version=9.0.0.0, Culture=neutral, PublicKeyToken=adb9793829ddae60".
             Çözümlenmiş dosya yolu: "C:\Users\mrkfk\.nuget\packages\microsoft.aspnetcore.app.ref\9.0.11\ref\net9.0\Microsoft.AspNetCore.Connections.Abstractions.dll".
             Başvuru, "{RawFileName}" arama yolu konumunda bulundu.
             En az bir kaynak öğesi için "Private" "false" olarak ayarlanmış olduğundan ve "Private", herhangi bir kaynak öğesi için "true" olarak ayarlanmış olmadığından bu başvuru "CopyLocal" değildir.
         Birincil başvuru: "Microsoft.AspNetCore.CookiePolicy, Version=9.0.0.0, Culture=neutral, PublicKeyToken=adb9793829ddae60".
             Çözümlenmiş dosya yolu: "C:\Users\mrkfk\.nuget\packages\microsoft.aspnetcore.app.ref\9.0.11\ref\net9.0\Microsoft.AspNetCore.CookiePolicy.dll".
             Başvuru, "{RawFileName}" arama yolu konumunda bulundu.
             En az bir kaynak öğesi için "Private" "false" olarak ayarlanmış olduğundan ve "Private", herhangi bir kaynak öğesi için "true" olarak ayarlanmış olmadığından bu başvuru "CopyLocal" değildir.
         Birincil başvuru: "Microsoft.AspNetCore.Cors, Version=9.0.0.0, Culture=neutral, PublicKeyToken=adb9793829ddae60".
             Çözümlenmiş dosya yolu: "C:\Users\mrkfk\.nuget\packages\microsoft.aspnetcore.app.ref\9.0.11\ref\net9.0\Microsoft.AspNetCore.Cors.dll".
             Başvuru, "{RawFileName}" arama yolu konumunda bulundu.
             En az bir kaynak öğesi için "Private" "false" olarak ayarlanmış olduğundan ve "Private", herhangi bir kaynak öğesi için "true" olarak ayarlanmış olmadığından bu başvuru "CopyLocal" değildir.
         Birincil başvuru: "Microsoft.AspNetCore.Cryptography.Internal, Version=9.0.0.0, Culture=neutral, PublicKeyToken=adb9793829ddae60".
             Çözümlenmiş dosya yolu: "C:\Users\mrkfk\.nuget\packages\microsoft.aspnetcore.app.ref\9.0.11\ref\net9.0\Microsoft.AspNetCore.Cryptography.Internal.dll".
             Başvuru, "{RawFileName}" arama yolu konumunda bulundu.
             En az bir kaynak öğesi için "Private" "false" olarak ayarlanmış olduğundan ve "Private", herhangi bir kaynak öğesi için "true" olarak ayarlanmış olmadığından bu başvuru "CopyLocal" değildir.
         Birincil başvuru: "Microsoft.AspNetCore.Cryptography.KeyDerivation, Version=9.0.0.0, Culture=neutral, PublicKeyToken=adb9793829ddae60".
             Çözümlenmiş dosya yolu: "C:\Users\mrkfk\.nuget\packages\microsoft.aspnetcore.app.ref\9.0.11\ref\net9.0\Microsoft.AspNetCore.Cryptography.KeyDerivation.dll".
             Başvuru, "{RawFileName}" arama yolu konumunda bulundu.
             En az bir kaynak öğesi için "Private" "false" olarak ayarlanmış olduğundan ve "Private", herhangi bir kaynak öğesi için "true" olarak ayarlanmış olmadığından bu başvuru "CopyLocal" değildir.
         Birincil başvuru: "Microsoft.AspNetCore.DataProtection.Abstractions, Version=9.0.0.0, Culture=neutral, PublicKeyToken=adb9793829ddae60".
             Çözümlenmiş dosya yolu: "C:\Users\mrkfk\.nuget\packages\microsoft.aspnetcore.app.ref\9.0.11\ref\net9.0\Microsoft.AspNetCore.DataProtection.Abstractions.dll".
             Başvuru, "{RawFileName}" arama yolu konumunda bulundu.
             En az bir kaynak öğesi için "Private" "false" olarak ayarlanmış olduğundan ve "Private", herhangi bir kaynak öğesi için "true" olarak ayarlanmış olmadığından bu başvuru "CopyLocal" değildir.
         Birincil başvuru: "Microsoft.AspNetCore.DataProtection.Extensions, Version=9.0.0.0, Culture=neutral, PublicKeyToken=adb9793829ddae60".
             Çözümlenmiş dosya yolu: "C:\Users\mrkfk\.nuget\packages\microsoft.aspnetcore.app.ref\9.0.11\ref\net9.0\Microsoft.AspNetCore.DataProtection.Extensions.dll".
             Başvuru, "{RawFileName}" arama yolu konumunda bulundu.
             En az bir kaynak öğesi için "Private" "false" olarak ayarlanmış olduğundan ve "Private", herhangi bir kaynak öğesi için "true" olarak ayarlanmış olmadığından bu başvuru "CopyLocal" değildir.
         Birincil başvuru: "Microsoft.AspNetCore.DataProtection, Version=9.0.0.0, Culture=neutral, PublicKeyToken=adb9793829ddae60".
             Çözümlenmiş dosya yolu: "C:\Users\mrkfk\.nuget\packages\microsoft.aspnetcore.app.ref\9.0.11\ref\net9.0\Microsoft.AspNetCore.DataProtection.dll".
             Başvuru, "{RawFileName}" arama yolu konumunda bulundu.
             En az bir kaynak öğesi için "Private" "false" olarak ayarlanmış olduğundan ve "Private", herhangi bir kaynak öğesi için "true" olarak ayarlanmış olmadığından bu başvuru "CopyLocal" değildir.
         Birincil başvuru: "Microsoft.AspNetCore.Diagnostics.Abstractions, Version=9.0.0.0, Culture=neutral, PublicKeyToken=adb9793829ddae60".
             Çözümlenmiş dosya yolu: "C:\Users\mrkfk\.nuget\packages\microsoft.aspnetcore.app.ref\9.0.11\ref\net9.0\Microsoft.AspNetCore.Diagnostics.Abstractions.dll".
             Başvuru, "{RawFileName}" arama yolu konumunda bulundu.
             En az bir kaynak öğesi için "Private" "false" olarak ayarlanmış olduğundan ve "Private", herhangi bir kaynak öğesi için "true" olarak ayarlanmış olmadığından bu başvuru "CopyLocal" değildir.
         Birincil başvuru: "Microsoft.AspNetCore.Diagnostics.HealthChecks, Version=9.0.0.0, Culture=neutral, PublicKeyToken=adb9793829ddae60".
             Çözümlenmiş dosya yolu: "C:\Users\mrkfk\.nuget\packages\microsoft.aspnetcore.app.ref\9.0.11\ref\net9.0\Microsoft.AspNetCore.Diagnostics.HealthChecks.dll".
             Başvuru, "{RawFileName}" arama yolu konumunda bulundu.
             En az bir kaynak öğesi için "Private" "false" olarak ayarlanmış olduğundan ve "Private", herhangi bir kaynak öğesi için "true" olarak ayarlanmış olmadığından bu başvuru "CopyLocal" değildir.
         Birincil başvuru: "Microsoft.AspNetCore.Diagnostics, Version=9.0.0.0, Culture=neutral, PublicKeyToken=adb9793829ddae60".
             Çözümlenmiş dosya yolu: "C:\Users\mrkfk\.nuget\packages\microsoft.aspnetcore.app.ref\9.0.11\ref\net9.0\Microsoft.AspNetCore.Diagnostics.dll".
             Başvuru, "{RawFileName}" arama yolu konumunda bulundu.
             En az bir kaynak öğesi için "Private" "false" olarak ayarlanmış olduğundan ve "Private", herhangi bir kaynak öğesi için "true" olarak ayarlanmış olmadığından bu başvuru "CopyLocal" değildir.
         Birincil başvuru: "Microsoft.AspNetCore.HostFiltering, Version=9.0.0.0, Culture=neutral, PublicKeyToken=adb9793829ddae60".
             Çözümlenmiş dosya yolu: "C:\Users\mrkfk\.nuget\packages\microsoft.aspnetcore.app.ref\9.0.11\ref\net9.0\Microsoft.AspNetCore.HostFiltering.dll".
             Başvuru, "{RawFileName}" arama yolu konumunda bulundu.
             En az bir kaynak öğesi için "Private" "false" olarak ayarlanmış olduğundan ve "Private", herhangi bir kaynak öğesi için "true" olarak ayarlanmış olmadığından bu başvuru "CopyLocal" değildir.
         Birincil başvuru: "Microsoft.AspNetCore.Hosting.Abstractions, Version=9.0.0.0, Culture=neutral, PublicKeyToken=adb9793829ddae60".
             Çözümlenmiş dosya yolu: "C:\Users\mrkfk\.nuget\packages\microsoft.aspnetcore.app.ref\9.0.11\ref\net9.0\Microsoft.AspNetCore.Hosting.Abstractions.dll".
             Başvuru, "{RawFileName}" arama yolu konumunda bulundu.
             En az bir kaynak öğesi için "Private" "false" olarak ayarlanmış olduğundan ve "Private", herhangi bir kaynak öğesi için "true" olarak ayarlanmış olmadığından bu başvuru "CopyLocal" değildir.
         Birincil başvuru: "Microsoft.AspNetCore.Hosting.Server.Abstractions, Version=9.0.0.0, Culture=neutral, PublicKeyToken=adb9793829ddae60".
             Çözümlenmiş dosya yolu: "C:\Users\mrkfk\.nuget\packages\microsoft.aspnetcore.app.ref\9.0.11\ref\net9.0\Microsoft.AspNetCore.Hosting.Server.Abstractions.dll".
             Başvuru, "{RawFileName}" arama yolu konumunda bulundu.
             En az bir kaynak öğesi için "Private" "false" olarak ayarlanmış olduğundan ve "Private", herhangi bir kaynak öğesi için "true" olarak ayarlanmış olmadığından bu başvuru "CopyLocal" değildir.
         Birincil başvuru: "Microsoft.AspNetCore.Hosting, Version=9.0.0.0, Culture=neutral, PublicKeyToken=adb9793829ddae60".
             Çözümlenmiş dosya yolu: "C:\Users\mrkfk\.nuget\packages\microsoft.aspnetcore.app.ref\9.0.11\ref\net9.0\Microsoft.AspNetCore.Hosting.dll".
             Başvuru, "{RawFileName}" arama yolu konumunda bulundu.
             En az bir kaynak öğesi için "Private" "false" olarak ayarlanmış olduğundan ve "Private", herhangi bir kaynak öğesi için "true" olarak ayarlanmış olmadığından bu başvuru "CopyLocal" değildir.
         Birincil başvuru: "Microsoft.AspNetCore.Html.Abstractions, Version=9.0.0.0, Culture=neutral, PublicKeyToken=adb9793829ddae60".
             Çözümlenmiş dosya yolu: "C:\Users\mrkfk\.nuget\packages\microsoft.aspnetcore.app.ref\9.0.11\ref\net9.0\Microsoft.AspNetCore.Html.Abstractions.dll".
             Başvuru, "{RawFileName}" arama yolu konumunda bulundu.
             En az bir kaynak öğesi için "Private" "false" olarak ayarlanmış olduğundan ve "Private", herhangi bir kaynak öğesi için "true" olarak ayarlanmış olmadığından bu başvuru "CopyLocal" değildir.
         Birincil başvuru: "Microsoft.AspNetCore.Http.Abstractions, Version=9.0.0.0, Culture=neutral, PublicKeyToken=adb9793829ddae60".
             Çözümlenmiş dosya yolu: "C:\Users\mrkfk\.nuget\packages\microsoft.aspnetcore.app.ref\9.0.11\ref\net9.0\Microsoft.AspNetCore.Http.Abstractions.dll".
             Başvuru, "{RawFileName}" arama yolu konumunda bulundu.
             En az bir kaynak öğesi için "Private" "false" olarak ayarlanmış olduğundan ve "Private", herhangi bir kaynak öğesi için "true" olarak ayarlanmış olmadığından bu başvuru "CopyLocal" değildir.
         Birincil başvuru: "Microsoft.AspNetCore.Http.Connections.Common, Version=9.0.0.0, Culture=neutral, PublicKeyToken=adb9793829ddae60".
             Çözümlenmiş dosya yolu: "C:\Users\mrkfk\.nuget\packages\microsoft.aspnetcore.app.ref\9.0.11\ref\net9.0\Microsoft.AspNetCore.Http.Connections.Common.dll".
             Başvuru, "{RawFileName}" arama yolu konumunda bulundu.
             En az bir kaynak öğesi için "Private" "false" olarak ayarlanmış olduğundan ve "Private", herhangi bir kaynak öğesi için "true" olarak ayarlanmış olmadığından bu başvuru "CopyLocal" değildir.
         Birincil başvuru: "Microsoft.AspNetCore.Http.Connections, Version=9.0.0.0, Culture=neutral, PublicKeyToken=adb9793829ddae60".
             Çözümlenmiş dosya yolu: "C:\Users\mrkfk\.nuget\packages\microsoft.aspnetcore.app.ref\9.0.11\ref\net9.0\Microsoft.AspNetCore.Http.Connections.dll".
             Başvuru, "{RawFileName}" arama yolu konumunda bulundu.
             En az bir kaynak öğesi için "Private" "false" olarak ayarlanmış olduğundan ve "Private", herhangi bir kaynak öğesi için "true" olarak ayarlanmış olmadığından bu başvuru "CopyLocal" değildir.
         Birincil başvuru: "Microsoft.AspNetCore.Http.Extensions, Version=9.0.0.0, Culture=neutral, PublicKeyToken=adb9793829ddae60".
             Çözümlenmiş dosya yolu: "C:\Users\mrkfk\.nuget\packages\microsoft.aspnetcore.app.ref\9.0.11\ref\net9.0\Microsoft.AspNetCore.Http.Extensions.dll".
             Başvuru, "{RawFileName}" arama yolu konumunda bulundu.
             En az bir kaynak öğesi için "Private" "false" olarak ayarlanmış olduğundan ve "Private", herhangi bir kaynak öğesi için "true" olarak ayarlanmış olmadığından bu başvuru "CopyLocal" değildir.
         Birincil başvuru: "Microsoft.AspNetCore.Http.Features, Version=9.0.0.0, Culture=neutral, PublicKeyToken=adb9793829ddae60".
             Çözümlenmiş dosya yolu: "C:\Users\mrkfk\.nuget\packages\microsoft.aspnetcore.app.ref\9.0.11\ref\net9.0\Microsoft.AspNetCore.Http.Features.dll".
             Başvuru, "{RawFileName}" arama yolu konumunda bulundu.
             En az bir kaynak öğesi için "Private" "false" olarak ayarlanmış olduğundan ve "Private", herhangi bir kaynak öğesi için "true" olarak ayarlanmış olmadığından bu başvuru "CopyLocal" değildir.
         Birincil başvuru: "Microsoft.AspNetCore.Http.Results, Version=9.0.0.0, Culture=neutral, PublicKeyToken=adb9793829ddae60".
             Çözümlenmiş dosya yolu: "C:\Users\mrkfk\.nuget\packages\microsoft.aspnetcore.app.ref\9.0.11\ref\net9.0\Microsoft.AspNetCore.Http.Results.dll".
             Başvuru, "{RawFileName}" arama yolu konumunda bulundu.
             En az bir kaynak öğesi için "Private" "false" olarak ayarlanmış olduğundan ve "Private", herhangi bir kaynak öğesi için "true" olarak ayarlanmış olmadığından bu başvuru "CopyLocal" değildir.
         Birincil başvuru: "Microsoft.AspNetCore.Http, Version=9.0.0.0, Culture=neutral, PublicKeyToken=adb9793829ddae60".
             Çözümlenmiş dosya yolu: "C:\Users\mrkfk\.nuget\packages\microsoft.aspnetcore.app.ref\9.0.11\ref\net9.0\Microsoft.AspNetCore.Http.dll".
             Başvuru, "{RawFileName}" arama yolu konumunda bulundu.
             En az bir kaynak öğesi için "Private" "false" olarak ayarlanmış olduğundan ve "Private", herhangi bir kaynak öğesi için "true" olarak ayarlanmış olmadığından bu başvuru "CopyLocal" değildir.
         Birincil başvuru: "Microsoft.AspNetCore.HttpLogging, Version=9.0.0.0, Culture=neutral, PublicKeyToken=adb9793829ddae60".
             Çözümlenmiş dosya yolu: "C:\Users\mrkfk\.nuget\packages\microsoft.aspnetcore.app.ref\9.0.11\ref\net9.0\Microsoft.AspNetCore.HttpLogging.dll".
             Başvuru, "{RawFileName}" arama yolu konumunda bulundu.
             En az bir kaynak öğesi için "Private" "false" olarak ayarlanmış olduğundan ve "Private", herhangi bir kaynak öğesi için "true" olarak ayarlanmış olmadığından bu başvuru "CopyLocal" değildir.
         Birincil başvuru: "Microsoft.AspNetCore.HttpOverrides, Version=9.0.0.0, Culture=neutral, PublicKeyToken=adb9793829ddae60".
             Çözümlenmiş dosya yolu: "C:\Users\mrkfk\.nuget\packages\microsoft.aspnetcore.app.ref\9.0.11\ref\net9.0\Microsoft.AspNetCore.HttpOverrides.dll".
             Başvuru, "{RawFileName}" arama yolu konumunda bulundu.
             En az bir kaynak öğesi için "Private" "false" olarak ayarlanmış olduğundan ve "Private", herhangi bir kaynak öğesi için "true" olarak ayarlanmış olmadığından bu başvuru "CopyLocal" değildir.
         Birincil başvuru: "Microsoft.AspNetCore.HttpsPolicy, Version=9.0.0.0, Culture=neutral, PublicKeyToken=adb9793829ddae60".
             Çözümlenmiş dosya yolu: "C:\Users\mrkfk\.nuget\packages\microsoft.aspnetcore.app.ref\9.0.11\ref\net9.0\Microsoft.AspNetCore.HttpsPolicy.dll".
             Başvuru, "{RawFileName}" arama yolu konumunda bulundu.
             En az bir kaynak öğesi için "Private" "false" olarak ayarlanmış olduğundan ve "Private", herhangi bir kaynak öğesi için "true" olarak ayarlanmış olmadığından bu başvuru "CopyLocal" değildir.
         Birincil başvuru: "Microsoft.AspNetCore.Identity, Version=9.0.0.0, Culture=neutral, PublicKeyToken=adb9793829ddae60".
             Çözümlenmiş dosya yolu: "C:\Users\mrkfk\.nuget\packages\microsoft.aspnetcore.app.ref\9.0.11\ref\net9.0\Microsoft.AspNetCore.Identity.dll".
             Başvuru, "{RawFileName}" arama yolu konumunda bulundu.
             En az bir kaynak öğesi için "Private" "false" olarak ayarlanmış olduğundan ve "Private", herhangi bir kaynak öğesi için "true" olarak ayarlanmış olmadığından bu başvuru "CopyLocal" değildir.
         Birincil başvuru: "Microsoft.AspNetCore.Localization.Routing, Version=9.0.0.0, Culture=neutral, PublicKeyToken=adb9793829ddae60".
             Çözümlenmiş dosya yolu: "C:\Users\mrkfk\.nuget\packages\microsoft.aspnetcore.app.ref\9.0.11\ref\net9.0\Microsoft.AspNetCore.Localization.Routing.dll".
             Başvuru, "{RawFileName}" arama yolu konumunda bulundu.
             En az bir kaynak öğesi için "Private" "false" olarak ayarlanmış olduğundan ve "Private", herhangi bir kaynak öğesi için "true" olarak ayarlanmış olmadığından bu başvuru "CopyLocal" değildir.
         Birincil başvuru: "Microsoft.AspNetCore.Localization, Version=9.0.0.0, Culture=neutral, PublicKeyToken=adb9793829ddae60".
             Çözümlenmiş dosya yolu: "C:\Users\mrkfk\.nuget\packages\microsoft.aspnetcore.app.ref\9.0.11\ref\net9.0\Microsoft.AspNetCore.Localization.dll".
             Başvuru, "{RawFileName}" arama yolu konumunda bulundu.
             En az bir kaynak öğesi için "Private" "false" olarak ayarlanmış olduğundan ve "Private", herhangi bir kaynak öğesi için "true" olarak ayarlanmış olmadığından bu başvuru "CopyLocal" değildir.
         Birincil başvuru: "Microsoft.AspNetCore.Metadata, Version=9.0.0.0, Culture=neutral, PublicKeyToken=adb9793829ddae60".
             Çözümlenmiş dosya yolu: "C:\Users\mrkfk\.nuget\packages\microsoft.aspnetcore.app.ref\9.0.11\ref\net9.0\Microsoft.AspNetCore.Metadata.dll".
             Başvuru, "{RawFileName}" arama yolu konumunda bulundu.
             En az bir kaynak öğesi için "Private" "false" olarak ayarlanmış olduğundan ve "Private", herhangi bir kaynak öğesi için "true" olarak ayarlanmış olmadığından bu başvuru "CopyLocal" değildir.
         Birincil başvuru: "Microsoft.AspNetCore.Mvc.Abstractions, Version=9.0.0.0, Culture=neutral, PublicKeyToken=adb9793829ddae60".
             Çözümlenmiş dosya yolu: "C:\Users\mrkfk\.nuget\packages\microsoft.aspnetcore.app.ref\9.0.11\ref\net9.0\Microsoft.AspNetCore.Mvc.Abstractions.dll".
             Başvuru, "{RawFileName}" arama yolu konumunda bulundu.
             En az bir kaynak öğesi için "Private" "false" olarak ayarlanmış olduğundan ve "Private", herhangi bir kaynak öğesi için "true" olarak ayarlanmış olmadığından bu başvuru "CopyLocal" değildir.
         Birincil başvuru: "Microsoft.AspNetCore.Mvc.ApiExplorer, Version=9.0.0.0, Culture=neutral, PublicKeyToken=adb9793829ddae60".
             Çözümlenmiş dosya yolu: "C:\Users\mrkfk\.nuget\packages\microsoft.aspnetcore.app.ref\9.0.11\ref\net9.0\Microsoft.AspNetCore.Mvc.ApiExplorer.dll".
             Başvuru, "{RawFileName}" arama yolu konumunda bulundu.
             En az bir kaynak öğesi için "Private" "false" olarak ayarlanmış olduğundan ve "Private", herhangi bir kaynak öğesi için "true" olarak ayarlanmış olmadığından bu başvuru "CopyLocal" değildir.
         Birincil başvuru: "Microsoft.AspNetCore.Mvc.Core, Version=9.0.0.0, Culture=neutral, PublicKeyToken=adb9793829ddae60".
             Çözümlenmiş dosya yolu: "C:\Users\mrkfk\.nuget\packages\microsoft.aspnetcore.app.ref\9.0.11\ref\net9.0\Microsoft.AspNetCore.Mvc.Core.dll".
             Başvuru, "{RawFileName}" arama yolu konumunda bulundu.
             En az bir kaynak öğesi için "Private" "false" olarak ayarlanmış olduğundan ve "Private", herhangi bir kaynak öğesi için "true" olarak ayarlanmış olmadığından bu başvuru "CopyLocal" değildir.
         Birincil başvuru: "Microsoft.AspNetCore.Mvc.Cors, Version=9.0.0.0, Culture=neutral, PublicKeyToken=adb9793829ddae60".
             Çözümlenmiş dosya yolu: "C:\Users\mrkfk\.nuget\packages\microsoft.aspnetcore.app.ref\9.0.11\ref\net9.0\Microsoft.AspNetCore.Mvc.Cors.dll".
             Başvuru, "{RawFileName}" arama yolu konumunda bulundu.
             En az bir kaynak öğesi için "Private" "false" olarak ayarlanmış olduğundan ve "Private", herhangi bir kaynak öğesi için "true" olarak ayarlanmış olmadığından bu başvuru "CopyLocal" değildir.
         Birincil başvuru: "Microsoft.AspNetCore.Mvc.DataAnnotations, Version=9.0.0.0, Culture=neutral, PublicKeyToken=adb9793829ddae60".
             Çözümlenmiş dosya yolu: "C:\Users\mrkfk\.nuget\packages\microsoft.aspnetcore.app.ref\9.0.11\ref\net9.0\Microsoft.AspNetCore.Mvc.DataAnnotations.dll".
             Başvuru, "{RawFileName}" arama yolu konumunda bulundu.
             En az bir kaynak öğesi için "Private" "false" olarak ayarlanmış olduğundan ve "Private", herhangi bir kaynak öğesi için "true" olarak ayarlanmış olmadığından bu başvuru "CopyLocal" değildir.
         Birincil başvuru: "Microsoft.AspNetCore.Mvc.Formatters.Json, Version=9.0.0.0, Culture=neutral, PublicKeyToken=adb9793829ddae60".
             Çözümlenmiş dosya yolu: "C:\Users\mrkfk\.nuget\packages\microsoft.aspnetcore.app.ref\9.0.11\ref\net9.0\Microsoft.AspNetCore.Mvc.Formatters.Json.dll".
             Başvuru, "{RawFileName}" arama yolu konumunda bulundu.
             En az bir kaynak öğesi için "Private" "false" olarak ayarlanmış olduğundan ve "Private", herhangi bir kaynak öğesi için "true" olarak ayarlanmış olmadığından bu başvuru "CopyLocal" değildir.
         Birincil başvuru: "Microsoft.AspNetCore.Mvc.Formatters.Xml, Version=9.0.0.0, Culture=neutral, PublicKeyToken=adb9793829ddae60".
             Çözümlenmiş dosya yolu: "C:\Users\mrkfk\.nuget\packages\microsoft.aspnetcore.app.ref\9.0.11\ref\net9.0\Microsoft.AspNetCore.Mvc.Formatters.Xml.dll".
             Başvuru, "{RawFileName}" arama yolu konumunda bulundu.
             En az bir kaynak öğesi için "Private" "false" olarak ayarlanmış olduğundan ve "Private", herhangi bir kaynak öğesi için "true" olarak ayarlanmış olmadığından bu başvuru "CopyLocal" değildir.
         Birincil başvuru: "Microsoft.AspNetCore.Mvc.Localization, Version=9.0.0.0, Culture=neutral, PublicKeyToken=adb9793829ddae60".
             Çözümlenmiş dosya yolu: "C:\Users\mrkfk\.nuget\packages\microsoft.aspnetcore.app.ref\9.0.11\ref\net9.0\Microsoft.AspNetCore.Mvc.Localization.dll".
             Başvuru, "{RawFileName}" arama yolu konumunda bulundu.
             En az bir kaynak öğesi için "Private" "false" olarak ayarlanmış olduğundan ve "Private", herhangi bir kaynak öğesi için "true" olarak ayarlanmış olmadığından bu başvuru "CopyLocal" değildir.
         Birincil başvuru: "Microsoft.AspNetCore.Mvc.Razor, Version=9.0.0.0, Culture=neutral, PublicKeyToken=adb9793829ddae60".
             Çözümlenmiş dosya yolu: "C:\Users\mrkfk\.nuget\packages\microsoft.aspnetcore.app.ref\9.0.11\ref\net9.0\Microsoft.AspNetCore.Mvc.Razor.dll".
             Başvuru, "{RawFileName}" arama yolu konumunda bulundu.
             En az bir kaynak öğesi için "Private" "false" olarak ayarlanmış olduğundan ve "Private", herhangi bir kaynak öğesi için "true" olarak ayarlanmış olmadığından bu başvuru "CopyLocal" değildir.
         Birincil başvuru: "Microsoft.AspNetCore.Mvc.RazorPages, Version=9.0.0.0, Culture=neutral, PublicKeyToken=adb9793829ddae60".
             Çözümlenmiş dosya yolu: "C:\Users\mrkfk\.nuget\packages\microsoft.aspnetcore.app.ref\9.0.11\ref\net9.0\Microsoft.AspNetCore.Mvc.RazorPages.dll".
             Başvuru, "{RawFileName}" arama yolu konumunda bulundu.
             En az bir kaynak öğesi için "Private" "false" olarak ayarlanmış olduğundan ve "Private", herhangi bir kaynak öğesi için "true" olarak ayarlanmış olmadığından bu başvuru "CopyLocal" değildir.
         Birincil başvuru: "Microsoft.AspNetCore.Mvc.TagHelpers, Version=9.0.0.0, Culture=neutral, PublicKeyToken=adb9793829ddae60".
             Çözümlenmiş dosya yolu: "C:\Users\mrkfk\.nuget\packages\microsoft.aspnetcore.app.ref\9.0.11\ref\net9.0\Microsoft.AspNetCore.Mvc.TagHelpers.dll".
             Başvuru, "{RawFileName}" arama yolu konumunda bulundu.
             En az bir kaynak öğesi için "Private" "false" olarak ayarlanmış olduğundan ve "Private", herhangi bir kaynak öğesi için "true" olarak ayarlanmış olmadığından bu başvuru "CopyLocal" değildir.
         Birincil başvuru: "Microsoft.AspNetCore.Mvc.ViewFeatures, Version=9.0.0.0, Culture=neutral, PublicKeyToken=adb9793829ddae60".
             Çözümlenmiş dosya yolu: "C:\Users\mrkfk\.nuget\packages\microsoft.aspnetcore.app.ref\9.0.11\ref\net9.0\Microsoft.AspNetCore.Mvc.ViewFeatures.dll".
             Başvuru, "{RawFileName}" arama yolu konumunda bulundu.
             En az bir kaynak öğesi için "Private" "false" olarak ayarlanmış olduğundan ve "Private", herhangi bir kaynak öğesi için "true" olarak ayarlanmış olmadığından bu başvuru "CopyLocal" değildir.
         Birincil başvuru: "Microsoft.AspNetCore.Mvc, Version=9.0.0.0, Culture=neutral, PublicKeyToken=adb9793829ddae60".
             Çözümlenmiş dosya yolu: "C:\Users\mrkfk\.nuget\packages\microsoft.aspnetcore.app.ref\9.0.11\ref\net9.0\Microsoft.AspNetCore.Mvc.dll".
             Başvuru, "{RawFileName}" arama yolu konumunda bulundu.
             En az bir kaynak öğesi için "Private" "false" olarak ayarlanmış olduğundan ve "Private", herhangi bir kaynak öğesi için "true" olarak ayarlanmış olmadığından bu başvuru "CopyLocal" değildir.
         Birincil başvuru: "Microsoft.AspNetCore.OutputCaching, Version=9.0.0.0, Culture=neutral, PublicKeyToken=adb9793829ddae60".
             Çözümlenmiş dosya yolu: "C:\Users\mrkfk\.nuget\packages\microsoft.aspnetcore.app.ref\9.0.11\ref\net9.0\Microsoft.AspNetCore.OutputCaching.dll".
             Başvuru, "{RawFileName}" arama yolu konumunda bulundu.
             En az bir kaynak öğesi için "Private" "false" olarak ayarlanmış olduğundan ve "Private", herhangi bir kaynak öğesi için "true" olarak ayarlanmış olmadığından bu başvuru "CopyLocal" değildir.
         Birincil başvuru: "Microsoft.AspNetCore.RateLimiting, Version=9.0.0.0, Culture=neutral, PublicKeyToken=adb9793829ddae60".
             Çözümlenmiş dosya yolu: "C:\Users\mrkfk\.nuget\packages\microsoft.aspnetcore.app.ref\9.0.11\ref\net9.0\Microsoft.AspNetCore.RateLimiting.dll".
             Başvuru, "{RawFileName}" arama yolu konumunda bulundu.
             En az bir kaynak öğesi için "Private" "false" olarak ayarlanmış olduğundan ve "Private", herhangi bir kaynak öğesi için "true" olarak ayarlanmış olmadığından bu başvuru "CopyLocal" değildir.
         Birincil başvuru: "Microsoft.AspNetCore.Razor.Runtime, Version=9.0.0.0, Culture=neutral, PublicKeyToken=adb9793829ddae60".
             Çözümlenmiş dosya yolu: "C:\Users\mrkfk\.nuget\packages\microsoft.aspnetcore.app.ref\9.0.11\ref\net9.0\Microsoft.AspNetCore.Razor.Runtime.dll".
             Başvuru, "{RawFileName}" arama yolu konumunda bulundu.
             En az bir kaynak öğesi için "Private" "false" olarak ayarlanmış olduğundan ve "Private", herhangi bir kaynak öğesi için "true" olarak ayarlanmış olmadığından bu başvuru "CopyLocal" değildir.
         Birincil başvuru: "Microsoft.AspNetCore.Razor, Version=9.0.0.0, Culture=neutral, PublicKeyToken=adb9793829ddae60".
             Çözümlenmiş dosya yolu: "C:\Users\mrkfk\.nuget\packages\microsoft.aspnetcore.app.ref\9.0.11\ref\net9.0\Microsoft.AspNetCore.Razor.dll".
             Başvuru, "{RawFileName}" arama yolu konumunda bulundu.
             En az bir kaynak öğesi için "Private" "false" olarak ayarlanmış olduğundan ve "Private", herhangi bir kaynak öğesi için "true" olarak ayarlanmış olmadığından bu başvuru "CopyLocal" değildir.
         Birincil başvuru: "Microsoft.AspNetCore.RequestDecompression, Version=9.0.0.0, Culture=neutral, PublicKeyToken=adb9793829ddae60".
             Çözümlenmiş dosya yolu: "C:\Users\mrkfk\.nuget\packages\microsoft.aspnetcore.app.ref\9.0.11\ref\net9.0\Microsoft.AspNetCore.RequestDecompression.dll".
             Başvuru, "{RawFileName}" arama yolu konumunda bulundu.
             En az bir kaynak öğesi için "Private" "false" olarak ayarlanmış olduğundan ve "Private", herhangi bir kaynak öğesi için "true" olarak ayarlanmış olmadığından bu başvuru "CopyLocal" değildir.
         Birincil başvuru: "Microsoft.AspNetCore.ResponseCaching.Abstractions, Version=9.0.0.0, Culture=neutral, PublicKeyToken=adb9793829ddae60".
             Çözümlenmiş dosya yolu: "C:\Users\mrkfk\.nuget\packages\microsoft.aspnetcore.app.ref\9.0.11\ref\net9.0\Microsoft.AspNetCore.ResponseCaching.Abstractions.dll".
             Başvuru, "{RawFileName}" arama yolu konumunda bulundu.
             En az bir kaynak öğesi için "Private" "false" olarak ayarlanmış olduğundan ve "Private", herhangi bir kaynak öğesi için "true" olarak ayarlanmış olmadığından bu başvuru "CopyLocal" değildir.
         Birincil başvuru: "Microsoft.AspNetCore.ResponseCaching, Version=9.0.0.0, Culture=neutral, PublicKeyToken=adb9793829ddae60".
             Çözümlenmiş dosya yolu: "C:\Users\mrkfk\.nuget\packages\microsoft.aspnetcore.app.ref\9.0.11\ref\net9.0\Microsoft.AspNetCore.ResponseCaching.dll".
             Başvuru, "{RawFileName}" arama yolu konumunda bulundu.
             En az bir kaynak öğesi için "Private" "false" olarak ayarlanmış olduğundan ve "Private", herhangi bir kaynak öğesi için "true" olarak ayarlanmış olmadığından bu başvuru "CopyLocal" değildir.
         Birincil başvuru: "Microsoft.AspNetCore.ResponseCompression, Version=9.0.0.0, Culture=neutral, PublicKeyToken=adb9793829ddae60".
             Çözümlenmiş dosya yolu: "C:\Users\mrkfk\.nuget\packages\microsoft.aspnetcore.app.ref\9.0.11\ref\net9.0\Microsoft.AspNetCore.ResponseCompression.dll".
             Başvuru, "{RawFileName}" arama yolu konumunda bulundu.
             En az bir kaynak öğesi için "Private" "false" olarak ayarlanmış olduğundan ve "Private", herhangi bir kaynak öğesi için "true" olarak ayarlanmış olmadığından bu başvuru "CopyLocal" değildir.
         Birincil başvuru: "Microsoft.AspNetCore.Rewrite, Version=9.0.0.0, Culture=neutral, PublicKeyToken=adb9793829ddae60".
             Çözümlenmiş dosya yolu: "C:\Users\mrkfk\.nuget\packages\microsoft.aspnetcore.app.ref\9.0.11\ref\net9.0\Microsoft.AspNetCore.Rewrite.dll".
             Başvuru, "{RawFileName}" arama yolu konumunda bulundu.
             En az bir kaynak öğesi için "Private" "false" olarak ayarlanmış olduğundan ve "Private", herhangi bir kaynak öğesi için "true" olarak ayarlanmış olmadığından bu başvuru "CopyLocal" değildir.
         Birincil başvuru: "Microsoft.AspNetCore.Routing.Abstractions, Version=9.0.0.0, Culture=neutral, PublicKeyToken=adb9793829ddae60".
             Çözümlenmiş dosya yolu: "C:\Users\mrkfk\.nuget\packages\microsoft.aspnetcore.app.ref\9.0.11\ref\net9.0\Microsoft.AspNetCore.Routing.Abstractions.dll".
             Başvuru, "{RawFileName}" arama yolu konumunda bulundu.
             En az bir kaynak öğesi için "Private" "false" olarak ayarlanmış olduğundan ve "Private", herhangi bir kaynak öğesi için "true" olarak ayarlanmış olmadığından bu başvuru "CopyLocal" değildir.
         Birincil başvuru: "Microsoft.AspNetCore.Routing, Version=9.0.0.0, Culture=neutral, PublicKeyToken=adb9793829ddae60".
             Çözümlenmiş dosya yolu: "C:\Users\mrkfk\.nuget\packages\microsoft.aspnetcore.app.ref\9.0.11\ref\net9.0\Microsoft.AspNetCore.Routing.dll".
             Başvuru, "{RawFileName}" arama yolu konumunda bulundu.
             En az bir kaynak öğesi için "Private" "false" olarak ayarlanmış olduğundan ve "Private", herhangi bir kaynak öğesi için "true" olarak ayarlanmış olmadığından bu başvuru "CopyLocal" değildir.
         Birincil başvuru: "Microsoft.AspNetCore.Server.HttpSys, Version=9.0.0.0, Culture=neutral, PublicKeyToken=adb9793829ddae60".
             Çözümlenmiş dosya yolu: "C:\Users\mrkfk\.nuget\packages\microsoft.aspnetcore.app.ref\9.0.11\ref\net9.0\Microsoft.AspNetCore.Server.HttpSys.dll".
             Başvuru, "{RawFileName}" arama yolu konumunda bulundu.
             En az bir kaynak öğesi için "Private" "false" olarak ayarlanmış olduğundan ve "Private", herhangi bir kaynak öğesi için "true" olarak ayarlanmış olmadığından bu başvuru "CopyLocal" değildir.
         Birincil başvuru: "Microsoft.AspNetCore.Server.IIS, Version=9.0.0.0, Culture=neutral, PublicKeyToken=adb9793829ddae60".
             Çözümlenmiş dosya yolu: "C:\Users\mrkfk\.nuget\packages\microsoft.aspnetcore.app.ref\9.0.11\ref\net9.0\Microsoft.AspNetCore.Server.IIS.dll".
             Başvuru, "{RawFileName}" arama yolu konumunda bulundu.
             En az bir kaynak öğesi için "Private" "false" olarak ayarlanmış olduğundan ve "Private", herhangi bir kaynak öğesi için "true" olarak ayarlanmış olmadığından bu başvuru "CopyLocal" değildir.
         Birincil başvuru: "Microsoft.AspNetCore.Server.IISIntegration, Version=9.0.0.0, Culture=neutral, PublicKeyToken=adb9793829ddae60".
             Çözümlenmiş dosya yolu: "C:\Users\mrkfk\.nuget\packages\microsoft.aspnetcore.app.ref\9.0.11\ref\net9.0\Microsoft.AspNetCore.Server.IISIntegration.dll".
             Başvuru, "{RawFileName}" arama yolu konumunda bulundu.
             En az bir kaynak öğesi için "Private" "false" olarak ayarlanmış olduğundan ve "Private", herhangi bir kaynak öğesi için "true" olarak ayarlanmış olmadığından bu başvuru "CopyLocal" değildir.
         Birincil başvuru: "Microsoft.AspNetCore.Server.Kestrel.Core, Version=9.0.0.0, Culture=neutral, PublicKeyToken=adb9793829ddae60".
             Çözümlenmiş dosya yolu: "C:\Users\mrkfk\.nuget\packages\microsoft.aspnetcore.app.ref\9.0.11\ref\net9.0\Microsoft.AspNetCore.Server.Kestrel.Core.dll".
             Başvuru, "{RawFileName}" arama yolu konumunda bulundu.
             En az bir kaynak öğesi için "Private" "false" olarak ayarlanmış olduğundan ve "Private", herhangi bir kaynak öğesi için "true" olarak ayarlanmış olmadığından bu başvuru "CopyLocal" değildir.
         Birincil başvuru: "Microsoft.AspNetCore.Server.Kestrel.Transport.NamedPipes, Version=9.0.0.0, Culture=neutral, PublicKeyToken=adb9793829ddae60".
             Çözümlenmiş dosya yolu: "C:\Users\mrkfk\.nuget\packages\microsoft.aspnetcore.app.ref\9.0.11\ref\net9.0\Microsoft.AspNetCore.Server.Kestrel.Transport.NamedPipes.dll".
             Başvuru, "{RawFileName}" arama yolu konumunda bulundu.
             En az bir kaynak öğesi için "Private" "false" olarak ayarlanmış olduğundan ve "Private", herhangi bir kaynak öğesi için "true" olarak ayarlanmış olmadığından bu başvuru "CopyLocal" değildir.
         Birincil başvuru: "Microsoft.AspNetCore.Server.Kestrel.Transport.Quic, Version=9.0.0.0, Culture=neutral, PublicKeyToken=adb9793829ddae60".
             Çözümlenmiş dosya yolu: "C:\Users\mrkfk\.nuget\packages\microsoft.aspnetcore.app.ref\9.0.11\ref\net9.0\Microsoft.AspNetCore.Server.Kestrel.Transport.Quic.dll".
             Başvuru, "{RawFileName}" arama yolu konumunda bulundu.
             En az bir kaynak öğesi için "Private" "false" olarak ayarlanmış olduğundan ve "Private", herhangi bir kaynak öğesi için "true" olarak ayarlanmış olmadığından bu başvuru "CopyLocal" değildir.
         Birincil başvuru: "Microsoft.AspNetCore.Server.Kestrel.Transport.Sockets, Version=9.0.0.0, Culture=neutral, PublicKeyToken=adb9793829ddae60".
             Çözümlenmiş dosya yolu: "C:\Users\mrkfk\.nuget\packages\microsoft.aspnetcore.app.ref\9.0.11\ref\net9.0\Microsoft.AspNetCore.Server.Kestrel.Transport.Sockets.dll".
             Başvuru, "{RawFileName}" arama yolu konumunda bulundu.
             En az bir kaynak öğesi için "Private" "false" olarak ayarlanmış olduğundan ve "Private", herhangi bir kaynak öğesi için "true" olarak ayarlanmış olmadığından bu başvuru "CopyLocal" değildir.
         Birincil başvuru: "Microsoft.AspNetCore.Server.Kestrel, Version=9.0.0.0, Culture=neutral, PublicKeyToken=adb9793829ddae60".
             Çözümlenmiş dosya yolu: "C:\Users\mrkfk\.nuget\packages\microsoft.aspnetcore.app.ref\9.0.11\ref\net9.0\Microsoft.AspNetCore.Server.Kestrel.dll".
             Başvuru, "{RawFileName}" arama yolu konumunda bulundu.
             En az bir kaynak öğesi için "Private" "false" olarak ayarlanmış olduğundan ve "Private", herhangi bir kaynak öğesi için "true" olarak ayarlanmış olmadığından bu başvuru "CopyLocal" değildir.
         Birincil başvuru: "Microsoft.AspNetCore.Session, Version=9.0.0.0, Culture=neutral, PublicKeyToken=adb9793829ddae60".
             Çözümlenmiş dosya yolu: "C:\Users\mrkfk\.nuget\packages\microsoft.aspnetcore.app.ref\9.0.11\ref\net9.0\Microsoft.AspNetCore.Session.dll".
             Başvuru, "{RawFileName}" arama yolu konumunda bulundu.
             En az bir kaynak öğesi için "Private" "false" olarak ayarlanmış olduğundan ve "Private", herhangi bir kaynak öğesi için "true" olarak ayarlanmış olmadığından bu başvuru "CopyLocal" değildir.
         Birincil başvuru: "Microsoft.AspNetCore.SignalR.Common, Version=9.0.0.0, Culture=neutral, PublicKeyToken=adb9793829ddae60".
             Çözümlenmiş dosya yolu: "C:\Users\mrkfk\.nuget\packages\microsoft.aspnetcore.app.ref\9.0.11\ref\net9.0\Microsoft.AspNetCore.SignalR.Common.dll".
             Başvuru, "{RawFileName}" arama yolu konumunda bulundu.
             En az bir kaynak öğesi için "Private" "false" olarak ayarlanmış olduğundan ve "Private", herhangi bir kaynak öğesi için "true" olarak ayarlanmış olmadığından bu başvuru "CopyLocal" değildir.
         Birincil başvuru: "Microsoft.AspNetCore.SignalR.Core, Version=9.0.0.0, Culture=neutral, PublicKeyToken=adb9793829ddae60".
             Çözümlenmiş dosya yolu: "C:\Users\mrkfk\.nuget\packages\microsoft.aspnetcore.app.ref\9.0.11\ref\net9.0\Microsoft.AspNetCore.SignalR.Core.dll".
             Başvuru, "{RawFileName}" arama yolu konumunda bulundu.
             En az bir kaynak öğesi için "Private" "false" olarak ayarlanmış olduğundan ve "Private", herhangi bir kaynak öğesi için "true" olarak ayarlanmış olmadığından bu başvuru "CopyLocal" değildir.
         Birincil başvuru: "Microsoft.AspNetCore.SignalR.Protocols.Json, Version=9.0.0.0, Culture=neutral, PublicKeyToken=adb9793829ddae60".
             Çözümlenmiş dosya yolu: "C:\Users\mrkfk\.nuget\packages\microsoft.aspnetcore.app.ref\9.0.11\ref\net9.0\Microsoft.AspNetCore.SignalR.Protocols.Json.dll".
             Başvuru, "{RawFileName}" arama yolu konumunda bulundu.
             En az bir kaynak öğesi için "Private" "false" olarak ayarlanmış olduğundan ve "Private", herhangi bir kaynak öğesi için "true" olarak ayarlanmış olmadığından bu başvuru "CopyLocal" değildir.
         Birincil başvuru: "Microsoft.AspNetCore.SignalR, Version=9.0.0.0, Culture=neutral, PublicKeyToken=adb9793829ddae60".
             Çözümlenmiş dosya yolu: "C:\Users\mrkfk\.nuget\packages\microsoft.aspnetcore.app.ref\9.0.11\ref\net9.0\Microsoft.AspNetCore.SignalR.dll".
             Başvuru, "{RawFileName}" arama yolu konumunda bulundu.
             En az bir kaynak öğesi için "Private" "false" olarak ayarlanmış olduğundan ve "Private", herhangi bir kaynak öğesi için "true" olarak ayarlanmış olmadığından bu başvuru "CopyLocal" değildir.
         Birincil başvuru: "Microsoft.AspNetCore.StaticAssets, Version=9.0.0.0, Culture=neutral, PublicKeyToken=adb9793829ddae60".
             Çözümlenmiş dosya yolu: "C:\Users\mrkfk\.nuget\packages\microsoft.aspnetcore.app.ref\9.0.11\ref\net9.0\Microsoft.AspNetCore.StaticAssets.dll".
             Başvuru, "{RawFileName}" arama yolu konumunda bulundu.
             En az bir kaynak öğesi için "Private" "false" olarak ayarlanmış olduğundan ve "Private", herhangi bir kaynak öğesi için "true" olarak ayarlanmış olmadığından bu başvuru "CopyLocal" değildir.
         Birincil başvuru: "Microsoft.AspNetCore.StaticFiles, Version=9.0.0.0, Culture=neutral, PublicKeyToken=adb9793829ddae60".
             Çözümlenmiş dosya yolu: "C:\Users\mrkfk\.nuget\packages\microsoft.aspnetcore.app.ref\9.0.11\ref\net9.0\Microsoft.AspNetCore.StaticFiles.dll".
             Başvuru, "{RawFileName}" arama yolu konumunda bulundu.
             En az bir kaynak öğesi için "Private" "false" olarak ayarlanmış olduğundan ve "Private", herhangi bir kaynak öğesi için "true" olarak ayarlanmış olmadığından bu başvuru "CopyLocal" değildir.
         Birincil başvuru: "Microsoft.AspNetCore.WebSockets, Version=9.0.0.0, Culture=neutral, PublicKeyToken=adb9793829ddae60".
             Çözümlenmiş dosya yolu: "C:\Users\mrkfk\.nuget\packages\microsoft.aspnetcore.app.ref\9.0.11\ref\net9.0\Microsoft.AspNetCore.WebSockets.dll".
             Başvuru, "{RawFileName}" arama yolu konumunda bulundu.
             En az bir kaynak öğesi için "Private" "false" olarak ayarlanmış olduğundan ve "Private", herhangi bir kaynak öğesi için "true" olarak ayarlanmış olmadığından bu başvuru "CopyLocal" değildir.
         Birincil başvuru: "Microsoft.AspNetCore.WebUtilities, Version=9.0.0.0, Culture=neutral, PublicKeyToken=adb9793829ddae60".
             Çözümlenmiş dosya yolu: "C:\Users\mrkfk\.nuget\packages\microsoft.aspnetcore.app.ref\9.0.11\ref\net9.0\Microsoft.AspNetCore.WebUtilities.dll".
             Başvuru, "{RawFileName}" arama yolu konumunda bulundu.
             En az bir kaynak öğesi için "Private" "false" olarak ayarlanmış olduğundan ve "Private", herhangi bir kaynak öğesi için "true" olarak ayarlanmış olmadığından bu başvuru "CopyLocal" değildir.
         Birincil başvuru: "Microsoft.AspNetCore, Version=9.0.0.0, Culture=neutral, PublicKeyToken=adb9793829ddae60".
             Çözümlenmiş dosya yolu: "C:\Users\mrkfk\.nuget\packages\microsoft.aspnetcore.app.ref\9.0.11\ref\net9.0\Microsoft.AspNetCore.dll".
             Başvuru, "{RawFileName}" arama yolu konumunda bulundu.
             En az bir kaynak öğesi için "Private" "false" olarak ayarlanmış olduğundan ve "Private", herhangi bir kaynak öğesi için "true" olarak ayarlanmış olmadığından bu başvuru "CopyLocal" değildir.
         Birincil başvuru: "Microsoft.Extensions.Caching.Abstractions, Version=9.0.0.0, Culture=neutral, PublicKeyToken=adb9793829ddae60".
             Çözümlenmiş dosya yolu: "C:\Users\mrkfk\.nuget\packages\microsoft.aspnetcore.app.ref\9.0.11\ref\net9.0\Microsoft.Extensions.Caching.Abstractions.dll".
             Başvuru, "{RawFileName}" arama yolu konumunda bulundu.
             En az bir kaynak öğesi için "Private" "false" olarak ayarlanmış olduğundan ve "Private", herhangi bir kaynak öğesi için "true" olarak ayarlanmış olmadığından bu başvuru "CopyLocal" değildir.
         Birincil başvuru: "Microsoft.Extensions.Caching.Memory, Version=9.0.0.0, Culture=neutral, PublicKeyToken=adb9793829ddae60".
             Çözümlenmiş dosya yolu: "C:\Users\mrkfk\.nuget\packages\microsoft.aspnetcore.app.ref\9.0.11\ref\net9.0\Microsoft.Extensions.Caching.Memory.dll".
             Başvuru, "{RawFileName}" arama yolu konumunda bulundu.
             En az bir kaynak öğesi için "Private" "false" olarak ayarlanmış olduğundan ve "Private", herhangi bir kaynak öğesi için "true" olarak ayarlanmış olmadığından bu başvuru "CopyLocal" değildir.
         Birincil başvuru: "Microsoft.Extensions.Configuration.Abstractions, Version=9.0.0.0, Culture=neutral, PublicKeyToken=adb9793829ddae60".
             Çözümlenmiş dosya yolu: "C:\Users\mrkfk\.nuget\packages\microsoft.aspnetcore.app.ref\9.0.11\ref\net9.0\Microsoft.Extensions.Configuration.Abstractions.dll".
             Başvuru, "{RawFileName}" arama yolu konumunda bulundu.
             En az bir kaynak öğesi için "Private" "false" olarak ayarlanmış olduğundan ve "Private", herhangi bir kaynak öğesi için "true" olarak ayarlanmış olmadığından bu başvuru "CopyLocal" değildir.
         Birincil başvuru: "Microsoft.Extensions.Configuration.Binder, Version=9.0.0.0, Culture=neutral, PublicKeyToken=adb9793829ddae60".
             Çözümlenmiş dosya yolu: "C:\Users\mrkfk\.nuget\packages\microsoft.aspnetcore.app.ref\9.0.11\ref\net9.0\Microsoft.Extensions.Configuration.Binder.dll".
             Başvuru, "{RawFileName}" arama yolu konumunda bulundu.
             En az bir kaynak öğesi için "Private" "false" olarak ayarlanmış olduğundan ve "Private", herhangi bir kaynak öğesi için "true" olarak ayarlanmış olmadığından bu başvuru "CopyLocal" değildir.
         Birincil başvuru: "Microsoft.Extensions.Configuration.CommandLine, Version=9.0.0.0, Culture=neutral, PublicKeyToken=adb9793829ddae60".
             Çözümlenmiş dosya yolu: "C:\Users\mrkfk\.nuget\packages\microsoft.aspnetcore.app.ref\9.0.11\ref\net9.0\Microsoft.Extensions.Configuration.CommandLine.dll".
             Başvuru, "{RawFileName}" arama yolu konumunda bulundu.
             En az bir kaynak öğesi için "Private" "false" olarak ayarlanmış olduğundan ve "Private", herhangi bir kaynak öğesi için "true" olarak ayarlanmış olmadığından bu başvuru "CopyLocal" değildir.
         Birincil başvuru: "Microsoft.Extensions.Configuration.EnvironmentVariables, Version=9.0.0.0, Culture=neutral, PublicKeyToken=adb9793829ddae60".
             Çözümlenmiş dosya yolu: "C:\Users\mrkfk\.nuget\packages\microsoft.aspnetcore.app.ref\9.0.11\ref\net9.0\Microsoft.Extensions.Configuration.EnvironmentVariables.dll".
             Başvuru, "{RawFileName}" arama yolu konumunda bulundu.
             En az bir kaynak öğesi için "Private" "false" olarak ayarlanmış olduğundan ve "Private", herhangi bir kaynak öğesi için "true" olarak ayarlanmış olmadığından bu başvuru "CopyLocal" değildir.
         Birincil başvuru: "Microsoft.Extensions.Configuration.FileExtensions, Version=9.0.0.0, Culture=neutral, PublicKeyToken=adb9793829ddae60".
             Çözümlenmiş dosya yolu: "C:\Users\mrkfk\.nuget\packages\microsoft.aspnetcore.app.ref\9.0.11\ref\net9.0\Microsoft.Extensions.Configuration.FileExtensions.dll".
             Başvuru, "{RawFileName}" arama yolu konumunda bulundu.
             En az bir kaynak öğesi için "Private" "false" olarak ayarlanmış olduğundan ve "Private", herhangi bir kaynak öğesi için "true" olarak ayarlanmış olmadığından bu başvuru "CopyLocal" değildir.
         Birincil başvuru: "Microsoft.Extensions.Configuration.Ini, Version=9.0.0.0, Culture=neutral, PublicKeyToken=adb9793829ddae60".
             Çözümlenmiş dosya yolu: "C:\Users\mrkfk\.nuget\packages\microsoft.aspnetcore.app.ref\9.0.11\ref\net9.0\Microsoft.Extensions.Configuration.Ini.dll".
             Başvuru, "{RawFileName}" arama yolu konumunda bulundu.
             En az bir kaynak öğesi için "Private" "false" olarak ayarlanmış olduğundan ve "Private", herhangi bir kaynak öğesi için "true" olarak ayarlanmış olmadığından bu başvuru "CopyLocal" değildir.
         Birincil başvuru: "Microsoft.Extensions.Configuration.Json, Version=9.0.0.0, Culture=neutral, PublicKeyToken=adb9793829ddae60".
             Çözümlenmiş dosya yolu: "C:\Users\mrkfk\.nuget\packages\microsoft.aspnetcore.app.ref\9.0.11\ref\net9.0\Microsoft.Extensions.Configuration.Json.dll".
             Başvuru, "{RawFileName}" arama yolu konumunda bulundu.
             En az bir kaynak öğesi için "Private" "false" olarak ayarlanmış olduğundan ve "Private", herhangi bir kaynak öğesi için "true" olarak ayarlanmış olmadığından bu başvuru "CopyLocal" değildir.
         Birincil başvuru: "Microsoft.Extensions.Configuration.KeyPerFile, Version=9.0.0.0, Culture=neutral, PublicKeyToken=adb9793829ddae60".
             Çözümlenmiş dosya yolu: "C:\Users\mrkfk\.nuget\packages\microsoft.aspnetcore.app.ref\9.0.11\ref\net9.0\Microsoft.Extensions.Configuration.KeyPerFile.dll".
             Başvuru, "{RawFileName}" arama yolu konumunda bulundu.
             En az bir kaynak öğesi için "Private" "false" olarak ayarlanmış olduğundan ve "Private", herhangi bir kaynak öğesi için "true" olarak ayarlanmış olmadığından bu başvuru "CopyLocal" değildir.
         Birincil başvuru: "Microsoft.Extensions.Configuration.UserSecrets, Version=9.0.0.0, Culture=neutral, PublicKeyToken=adb9793829ddae60".
             Çözümlenmiş dosya yolu: "C:\Users\mrkfk\.nuget\packages\microsoft.aspnetcore.app.ref\9.0.11\ref\net9.0\Microsoft.Extensions.Configuration.UserSecrets.dll".
             Başvuru, "{RawFileName}" arama yolu konumunda bulundu.
             En az bir kaynak öğesi için "Private" "false" olarak ayarlanmış olduğundan ve "Private", herhangi bir kaynak öğesi için "true" olarak ayarlanmış olmadığından bu başvuru "CopyLocal" değildir.
         Birincil başvuru: "Microsoft.Extensions.Configuration.Xml, Version=9.0.0.0, Culture=neutral, PublicKeyToken=adb9793829ddae60".
             Çözümlenmiş dosya yolu: "C:\Users\mrkfk\.nuget\packages\microsoft.aspnetcore.app.ref\9.0.11\ref\net9.0\Microsoft.Extensions.Configuration.Xml.dll".
             Başvuru, "{RawFileName}" arama yolu konumunda bulundu.
             En az bir kaynak öğesi için "Private" "false" olarak ayarlanmış olduğundan ve "Private", herhangi bir kaynak öğesi için "true" olarak ayarlanmış olmadığından bu başvuru "CopyLocal" değildir.
         Birincil başvuru: "Microsoft.Extensions.Configuration, Version=9.0.0.0, Culture=neutral, PublicKeyToken=adb9793829ddae60".
             Çözümlenmiş dosya yolu: "C:\Users\mrkfk\.nuget\packages\microsoft.aspnetcore.app.ref\9.0.11\ref\net9.0\Microsoft.Extensions.Configuration.dll".
             Başvuru, "{RawFileName}" arama yolu konumunda bulundu.
             En az bir kaynak öğesi için "Private" "false" olarak ayarlanmış olduğundan ve "Private", herhangi bir kaynak öğesi için "true" olarak ayarlanmış olmadığından bu başvuru "CopyLocal" değildir.
         Birincil başvuru: "Microsoft.Extensions.DependencyInjection.Abstractions, Version=9.0.0.0, Culture=neutral, PublicKeyToken=adb9793829ddae60".
             Çözümlenmiş dosya yolu: "C:\Users\mrkfk\.nuget\packages\microsoft.aspnetcore.app.ref\9.0.11\ref\net9.0\Microsoft.Extensions.DependencyInjection.Abstractions.dll".
             Başvuru, "{RawFileName}" arama yolu konumunda bulundu.
             En az bir kaynak öğesi için "Private" "false" olarak ayarlanmış olduğundan ve "Private", herhangi bir kaynak öğesi için "true" olarak ayarlanmış olmadığından bu başvuru "CopyLocal" değildir.
         Birincil başvuru: "Microsoft.Extensions.DependencyInjection, Version=9.0.0.0, Culture=neutral, PublicKeyToken=adb9793829ddae60".
             Çözümlenmiş dosya yolu: "C:\Users\mrkfk\.nuget\packages\microsoft.aspnetcore.app.ref\9.0.11\ref\net9.0\Microsoft.Extensions.DependencyInjection.dll".
             Başvuru, "{RawFileName}" arama yolu konumunda bulundu.
             En az bir kaynak öğesi için "Private" "false" olarak ayarlanmış olduğundan ve "Private", herhangi bir kaynak öğesi için "true" olarak ayarlanmış olmadığından bu başvuru "CopyLocal" değildir.
         Birincil başvuru: "Microsoft.Extensions.Diagnostics.Abstractions, Version=9.0.0.0, Culture=neutral, PublicKeyToken=adb9793829ddae60".
             Çözümlenmiş dosya yolu: "C:\Users\mrkfk\.nuget\packages\microsoft.aspnetcore.app.ref\9.0.11\ref\net9.0\Microsoft.Extensions.Diagnostics.Abstractions.dll".
             Başvuru, "{RawFileName}" arama yolu konumunda bulundu.
             En az bir kaynak öğesi için "Private" "false" olarak ayarlanmış olduğundan ve "Private", herhangi bir kaynak öğesi için "true" olarak ayarlanmış olmadığından bu başvuru "CopyLocal" değildir.
         Birincil başvuru: "Microsoft.Extensions.Diagnostics.HealthChecks.Abstractions, Version=9.0.0.0, Culture=neutral, PublicKeyToken=adb9793829ddae60".
             Çözümlenmiş dosya yolu: "C:\Users\mrkfk\.nuget\packages\microsoft.aspnetcore.app.ref\9.0.11\ref\net9.0\Microsoft.Extensions.Diagnostics.HealthChecks.Abstractions.dll".
             Başvuru, "{RawFileName}" arama yolu konumunda bulundu.
             En az bir kaynak öğesi için "Private" "false" olarak ayarlanmış olduğundan ve "Private", herhangi bir kaynak öğesi için "true" olarak ayarlanmış olmadığından bu başvuru "CopyLocal" değildir.
         Birincil başvuru: "Microsoft.Extensions.Diagnostics.HealthChecks, Version=9.0.0.0, Culture=neutral, PublicKeyToken=adb9793829ddae60".
             Çözümlenmiş dosya yolu: "C:\Users\mrkfk\.nuget\packages\microsoft.aspnetcore.app.ref\9.0.11\ref\net9.0\Microsoft.Extensions.Diagnostics.HealthChecks.dll".
             Başvuru, "{RawFileName}" arama yolu konumunda bulundu.
             En az bir kaynak öğesi için "Private" "false" olarak ayarlanmış olduğundan ve "Private", herhangi bir kaynak öğesi için "true" olarak ayarlanmış olmadığından bu başvuru "CopyLocal" değildir.
         Birincil başvuru: "Microsoft.Extensions.Diagnostics, Version=9.0.0.0, Culture=neutral, PublicKeyToken=adb9793829ddae60".
             Çözümlenmiş dosya yolu: "C:\Users\mrkfk\.nuget\packages\microsoft.aspnetcore.app.ref\9.0.11\ref\net9.0\Microsoft.Extensions.Diagnostics.dll".
             Başvuru, "{RawFileName}" arama yolu konumunda bulundu.
             En az bir kaynak öğesi için "Private" "false" olarak ayarlanmış olduğundan ve "Private", herhangi bir kaynak öğesi için "true" olarak ayarlanmış olmadığından bu başvuru "CopyLocal" değildir.
         Birincil başvuru: "Microsoft.Extensions.Features, Version=9.0.0.0, Culture=neutral, PublicKeyToken=adb9793829ddae60".
             Çözümlenmiş dosya yolu: "C:\Users\mrkfk\.nuget\packages\microsoft.aspnetcore.app.ref\9.0.11\ref\net9.0\Microsoft.Extensions.Features.dll".
             Başvuru, "{RawFileName}" arama yolu konumunda bulundu.
             En az bir kaynak öğesi için "Private" "false" olarak ayarlanmış olduğundan ve "Private", herhangi bir kaynak öğesi için "true" olarak ayarlanmış olmadığından bu başvuru "CopyLocal" değildir.
         Birincil başvuru: "Microsoft.Extensions.FileProviders.Abstractions, Version=9.0.0.0, Culture=neutral, PublicKeyToken=adb9793829ddae60".
             Çözümlenmiş dosya yolu: "C:\Users\mrkfk\.nuget\packages\microsoft.aspnetcore.app.ref\9.0.11\ref\net9.0\Microsoft.Extensions.FileProviders.Abstractions.dll".
             Başvuru, "{RawFileName}" arama yolu konumunda bulundu.
             En az bir kaynak öğesi için "Private" "false" olarak ayarlanmış olduğundan ve "Private", herhangi bir kaynak öğesi için "true" olarak ayarlanmış olmadığından bu başvuru "CopyLocal" değildir.
         Birincil başvuru: "Microsoft.Extensions.FileProviders.Composite, Version=9.0.0.0, Culture=neutral, PublicKeyToken=adb9793829ddae60".
             Çözümlenmiş dosya yolu: "C:\Users\mrkfk\.nuget\packages\microsoft.aspnetcore.app.ref\9.0.11\ref\net9.0\Microsoft.Extensions.FileProviders.Composite.dll".
             Başvuru, "{RawFileName}" arama yolu konumunda bulundu.
             En az bir kaynak öğesi için "Private" "false" olarak ayarlanmış olduğundan ve "Private", herhangi bir kaynak öğesi için "true" olarak ayarlanmış olmadığından bu başvuru "CopyLocal" değildir.
         Birincil başvuru: "Microsoft.Extensions.FileProviders.Embedded, Version=9.0.0.0, Culture=neutral, PublicKeyToken=adb9793829ddae60".
             Çözümlenmiş dosya yolu: "C:\Users\mrkfk\.nuget\packages\microsoft.aspnetcore.app.ref\9.0.11\ref\net9.0\Microsoft.Extensions.FileProviders.Embedded.dll".
             Başvuru, "{RawFileName}" arama yolu konumunda bulundu.
             En az bir kaynak öğesi için "Private" "false" olarak ayarlanmış olduğundan ve "Private", herhangi bir kaynak öğesi için "true" olarak ayarlanmış olmadığından bu başvuru "CopyLocal" değildir.
         Birincil başvuru: "Microsoft.Extensions.FileProviders.Physical, Version=9.0.0.0, Culture=neutral, PublicKeyToken=adb9793829ddae60".
             Çözümlenmiş dosya yolu: "C:\Users\mrkfk\.nuget\packages\microsoft.aspnetcore.app.ref\9.0.11\ref\net9.0\Microsoft.Extensions.FileProviders.Physical.dll".
             Başvuru, "{RawFileName}" arama yolu konumunda bulundu.
             En az bir kaynak öğesi için "Private" "false" olarak ayarlanmış olduğundan ve "Private", herhangi bir kaynak öğesi için "true" olarak ayarlanmış olmadığından bu başvuru "CopyLocal" değildir.
         Birincil başvuru: "Microsoft.Extensions.FileSystemGlobbing, Version=9.0.0.0, Culture=neutral, PublicKeyToken=adb9793829ddae60".
             Çözümlenmiş dosya yolu: "C:\Users\mrkfk\.nuget\packages\microsoft.aspnetcore.app.ref\9.0.11\ref\net9.0\Microsoft.Extensions.FileSystemGlobbing.dll".
             Başvuru, "{RawFileName}" arama yolu konumunda bulundu.
             En az bir kaynak öğesi için "Private" "false" olarak ayarlanmış olduğundan ve "Private", herhangi bir kaynak öğesi için "true" olarak ayarlanmış olmadığından bu başvuru "CopyLocal" değildir.
         Birincil başvuru: "Microsoft.Extensions.Hosting.Abstractions, Version=9.0.0.0, Culture=neutral, PublicKeyToken=adb9793829ddae60".
             Çözümlenmiş dosya yolu: "C:\Users\mrkfk\.nuget\packages\microsoft.aspnetcore.app.ref\9.0.11\ref\net9.0\Microsoft.Extensions.Hosting.Abstractions.dll".
             Başvuru, "{RawFileName}" arama yolu konumunda bulundu.
             En az bir kaynak öğesi için "Private" "false" olarak ayarlanmış olduğundan ve "Private", herhangi bir kaynak öğesi için "true" olarak ayarlanmış olmadığından bu başvuru "CopyLocal" değildir.
         Birincil başvuru: "Microsoft.Extensions.Hosting, Version=9.0.0.0, Culture=neutral, PublicKeyToken=adb9793829ddae60".
             Çözümlenmiş dosya yolu: "C:\Users\mrkfk\.nuget\packages\microsoft.aspnetcore.app.ref\9.0.11\ref\net9.0\Microsoft.Extensions.Hosting.dll".
             Başvuru, "{RawFileName}" arama yolu konumunda bulundu.
             En az bir kaynak öğesi için "Private" "false" olarak ayarlanmış olduğundan ve "Private", herhangi bir kaynak öğesi için "true" olarak ayarlanmış olmadığından bu başvuru "CopyLocal" değildir.
         Birincil başvuru: "Microsoft.Extensions.Http, Version=9.0.0.0, Culture=neutral, PublicKeyToken=adb9793829ddae60".
             Çözümlenmiş dosya yolu: "C:\Users\mrkfk\.nuget\packages\microsoft.aspnetcore.app.ref\9.0.11\ref\net9.0\Microsoft.Extensions.Http.dll".
             Başvuru, "{RawFileName}" arama yolu konumunda bulundu.
             En az bir kaynak öğesi için "Private" "false" olarak ayarlanmış olduğundan ve "Private", herhangi bir kaynak öğesi için "true" olarak ayarlanmış olmadığından bu başvuru "CopyLocal" değildir.
         Birincil başvuru: "Microsoft.Extensions.Identity.Core, Version=9.0.0.0, Culture=neutral, PublicKeyToken=adb9793829ddae60".
             Çözümlenmiş dosya yolu: "C:\Users\mrkfk\.nuget\packages\microsoft.aspnetcore.app.ref\9.0.11\ref\net9.0\Microsoft.Extensions.Identity.Core.dll".
             Başvuru, "{RawFileName}" arama yolu konumunda bulundu.
             En az bir kaynak öğesi için "Private" "false" olarak ayarlanmış olduğundan ve "Private", herhangi bir kaynak öğesi için "true" olarak ayarlanmış olmadığından bu başvuru "CopyLocal" değildir.
         Birincil başvuru: "Microsoft.Extensions.Identity.Stores, Version=9.0.0.0, Culture=neutral, PublicKeyToken=adb9793829ddae60".
             Çözümlenmiş dosya yolu: "C:\Users\mrkfk\.nuget\packages\microsoft.aspnetcore.app.ref\9.0.11\ref\net9.0\Microsoft.Extensions.Identity.Stores.dll".
             Başvuru, "{RawFileName}" arama yolu konumunda bulundu.
             En az bir kaynak öğesi için "Private" "false" olarak ayarlanmış olduğundan ve "Private", herhangi bir kaynak öğesi için "true" olarak ayarlanmış olmadığından bu başvuru "CopyLocal" değildir.
         Birincil başvuru: "Microsoft.Extensions.Localization.Abstractions, Version=9.0.0.0, Culture=neutral, PublicKeyToken=adb9793829ddae60".
             Çözümlenmiş dosya yolu: "C:\Users\mrkfk\.nuget\packages\microsoft.aspnetcore.app.ref\9.0.11\ref\net9.0\Microsoft.Extensions.Localization.Abstractions.dll".
             Başvuru, "{RawFileName}" arama yolu konumunda bulundu.
             En az bir kaynak öğesi için "Private" "false" olarak ayarlanmış olduğundan ve "Private", herhangi bir kaynak öğesi için "true" olarak ayarlanmış olmadığından bu başvuru "CopyLocal" değildir.
         Birincil başvuru: "Microsoft.Extensions.Localization, Version=9.0.0.0, Culture=neutral, PublicKeyToken=adb9793829ddae60".
             Çözümlenmiş dosya yolu: "C:\Users\mrkfk\.nuget\packages\microsoft.aspnetcore.app.ref\9.0.11\ref\net9.0\Microsoft.Extensions.Localization.dll".
             Başvuru, "{RawFileName}" arama yolu konumunda bulundu.
             En az bir kaynak öğesi için "Private" "false" olarak ayarlanmış olduğundan ve "Private", herhangi bir kaynak öğesi için "true" olarak ayarlanmış olmadığından bu başvuru "CopyLocal" değildir.
         Birincil başvuru: "Microsoft.Extensions.Logging.Abstractions, Version=9.0.0.0, Culture=neutral, PublicKeyToken=adb9793829ddae60".
             Çözümlenmiş dosya yolu: "C:\Users\mrkfk\.nuget\packages\microsoft.aspnetcore.app.ref\9.0.11\ref\net9.0\Microsoft.Extensions.Logging.Abstractions.dll".
             Başvuru, "{RawFileName}" arama yolu konumunda bulundu.
             En az bir kaynak öğesi için "Private" "false" olarak ayarlanmış olduğundan ve "Private", herhangi bir kaynak öğesi için "true" olarak ayarlanmış olmadığından bu başvuru "CopyLocal" değildir.
         Birincil başvuru: "Microsoft.Extensions.Logging.Configuration, Version=9.0.0.0, Culture=neutral, PublicKeyToken=adb9793829ddae60".
             Çözümlenmiş dosya yolu: "C:\Users\mrkfk\.nuget\packages\microsoft.aspnetcore.app.ref\9.0.11\ref\net9.0\Microsoft.Extensions.Logging.Configuration.dll".
             Başvuru, "{RawFileName}" arama yolu konumunda bulundu.
             En az bir kaynak öğesi için "Private" "false" olarak ayarlanmış olduğundan ve "Private", herhangi bir kaynak öğesi için "true" olarak ayarlanmış olmadığından bu başvuru "CopyLocal" değildir.
         Birincil başvuru: "Microsoft.Extensions.Logging.Console, Version=9.0.0.0, Culture=neutral, PublicKeyToken=adb9793829ddae60".
             Çözümlenmiş dosya yolu: "C:\Users\mrkfk\.nuget\packages\microsoft.aspnetcore.app.ref\9.0.11\ref\net9.0\Microsoft.Extensions.Logging.Console.dll".
             Başvuru, "{RawFileName}" arama yolu konumunda bulundu.
             En az bir kaynak öğesi için "Private" "false" olarak ayarlanmış olduğundan ve "Private", herhangi bir kaynak öğesi için "true" olarak ayarlanmış olmadığından bu başvuru "CopyLocal" değildir.
         Birincil başvuru: "Microsoft.Extensions.Logging.Debug, Version=9.0.0.0, Culture=neutral, PublicKeyToken=adb9793829ddae60".
             Çözümlenmiş dosya yolu: "C:\Users\mrkfk\.nuget\packages\microsoft.aspnetcore.app.ref\9.0.11\ref\net9.0\Microsoft.Extensions.Logging.Debug.dll".
             Başvuru, "{RawFileName}" arama yolu konumunda bulundu.
             En az bir kaynak öğesi için "Private" "false" olarak ayarlanmış olduğundan ve "Private", herhangi bir kaynak öğesi için "true" olarak ayarlanmış olmadığından bu başvuru "CopyLocal" değildir.
         Birincil başvuru: "Microsoft.Extensions.Logging.EventLog, Version=9.0.0.0, Culture=neutral, PublicKeyToken=adb9793829ddae60".
             Çözümlenmiş dosya yolu: "C:\Users\mrkfk\.nuget\packages\microsoft.aspnetcore.app.ref\9.0.11\ref\net9.0\Microsoft.Extensions.Logging.EventLog.dll".
             Başvuru, "{RawFileName}" arama yolu konumunda bulundu.
             En az bir kaynak öğesi için "Private" "false" olarak ayarlanmış olduğundan ve "Private", herhangi bir kaynak öğesi için "true" olarak ayarlanmış olmadığından bu başvuru "CopyLocal" değildir.
         Birincil başvuru: "Microsoft.Extensions.Logging.EventSource, Version=9.0.0.0, Culture=neutral, PublicKeyToken=adb9793829ddae60".
             Çözümlenmiş dosya yolu: "C:\Users\mrkfk\.nuget\packages\microsoft.aspnetcore.app.ref\9.0.11\ref\net9.0\Microsoft.Extensions.Logging.EventSource.dll".
             Başvuru, "{RawFileName}" arama yolu konumunda bulundu.
             En az bir kaynak öğesi için "Private" "false" olarak ayarlanmış olduğundan ve "Private", herhangi bir kaynak öğesi için "true" olarak ayarlanmış olmadığından bu başvuru "CopyLocal" değildir.
         Birincil başvuru: "Microsoft.Extensions.Logging.TraceSource, Version=9.0.0.0, Culture=neutral, PublicKeyToken=adb9793829ddae60".
             Çözümlenmiş dosya yolu: "C:\Users\mrkfk\.nuget\packages\microsoft.aspnetcore.app.ref\9.0.11\ref\net9.0\Microsoft.Extensions.Logging.TraceSource.dll".
             Başvuru, "{RawFileName}" arama yolu konumunda bulundu.
             En az bir kaynak öğesi için "Private" "false" olarak ayarlanmış olduğundan ve "Private", herhangi bir kaynak öğesi için "true" olarak ayarlanmış olmadığından bu başvuru "CopyLocal" değildir.
         Birincil başvuru: "Microsoft.Extensions.Logging, Version=9.0.0.0, Culture=neutral, PublicKeyToken=adb9793829ddae60".
             Çözümlenmiş dosya yolu: "C:\Users\mrkfk\.nuget\packages\microsoft.aspnetcore.app.ref\9.0.11\ref\net9.0\Microsoft.Extensions.Logging.dll".
             Başvuru, "{RawFileName}" arama yolu konumunda bulundu.
             En az bir kaynak öğesi için "Private" "false" olarak ayarlanmış olduğundan ve "Private", herhangi bir kaynak öğesi için "true" olarak ayarlanmış olmadığından bu başvuru "CopyLocal" değildir.
         Birincil başvuru: "Microsoft.Extensions.ObjectPool, Version=9.0.0.0, Culture=neutral, PublicKeyToken=adb9793829ddae60".
             Çözümlenmiş dosya yolu: "C:\Users\mrkfk\.nuget\packages\microsoft.aspnetcore.app.ref\9.0.11\ref\net9.0\Microsoft.Extensions.ObjectPool.dll".
             Başvuru, "{RawFileName}" arama yolu konumunda bulundu.
             En az bir kaynak öğesi için "Private" "false" olarak ayarlanmış olduğundan ve "Private", herhangi bir kaynak öğesi için "true" olarak ayarlanmış olmadığından bu başvuru "CopyLocal" değildir.
         Birincil başvuru: "Microsoft.Extensions.Options.ConfigurationExtensions, Version=9.0.0.0, Culture=neutral, PublicKeyToken=adb9793829ddae60".
             Çözümlenmiş dosya yolu: "C:\Users\mrkfk\.nuget\packages\microsoft.aspnetcore.app.ref\9.0.11\ref\net9.0\Microsoft.Extensions.Options.ConfigurationExtensions.dll".
             Başvuru, "{RawFileName}" arama yolu konumunda bulundu.
             En az bir kaynak öğesi için "Private" "false" olarak ayarlanmış olduğundan ve "Private", herhangi bir kaynak öğesi için "true" olarak ayarlanmış olmadığından bu başvuru "CopyLocal" değildir.
         Birincil başvuru: "Microsoft.Extensions.Options.DataAnnotations, Version=9.0.0.0, Culture=neutral, PublicKeyToken=adb9793829ddae60".
             Çözümlenmiş dosya yolu: "C:\Users\mrkfk\.nuget\packages\microsoft.aspnetcore.app.ref\9.0.11\ref\net9.0\Microsoft.Extensions.Options.DataAnnotations.dll".
             Başvuru, "{RawFileName}" arama yolu konumunda bulundu.
             En az bir kaynak öğesi için "Private" "false" olarak ayarlanmış olduğundan ve "Private", herhangi bir kaynak öğesi için "true" olarak ayarlanmış olmadığından bu başvuru "CopyLocal" değildir.
         Birincil başvuru: "Microsoft.Extensions.Options, Version=9.0.0.0, Culture=neutral, PublicKeyToken=adb9793829ddae60".
             Çözümlenmiş dosya yolu: "C:\Users\mrkfk\.nuget\packages\microsoft.aspnetcore.app.ref\9.0.11\ref\net9.0\Microsoft.Extensions.Options.dll".
             Başvuru, "{RawFileName}" arama yolu konumunda bulundu.
             En az bir kaynak öğesi için "Private" "false" olarak ayarlanmış olduğundan ve "Private", herhangi bir kaynak öğesi için "true" olarak ayarlanmış olmadığından bu başvuru "CopyLocal" değildir.
         Birincil başvuru: "Microsoft.Extensions.Primitives, Version=9.0.0.0, Culture=neutral, PublicKeyToken=adb9793829ddae60".
             Çözümlenmiş dosya yolu: "C:\Users\mrkfk\.nuget\packages\microsoft.aspnetcore.app.ref\9.0.11\ref\net9.0\Microsoft.Extensions.Primitives.dll".
             Başvuru, "{RawFileName}" arama yolu konumunda bulundu.
             En az bir kaynak öğesi için "Private" "false" olarak ayarlanmış olduğundan ve "Private", herhangi bir kaynak öğesi için "true" olarak ayarlanmış olmadığından bu başvuru "CopyLocal" değildir.
         Birincil başvuru: "Microsoft.Extensions.WebEncoders, Version=9.0.0.0, Culture=neutral, PublicKeyToken=adb9793829ddae60".
             Çözümlenmiş dosya yolu: "C:\Users\mrkfk\.nuget\packages\microsoft.aspnetcore.app.ref\9.0.11\ref\net9.0\Microsoft.Extensions.WebEncoders.dll".
             Başvuru, "{RawFileName}" arama yolu konumunda bulundu.
             En az bir kaynak öğesi için "Private" "false" olarak ayarlanmış olduğundan ve "Private", herhangi bir kaynak öğesi için "true" olarak ayarlanmış olmadığından bu başvuru "CopyLocal" değildir.
         Birincil başvuru: "Microsoft.JSInterop, Version=9.0.0.0, Culture=neutral, PublicKeyToken=adb9793829ddae60".
             Çözümlenmiş dosya yolu: "C:\Users\mrkfk\.nuget\packages\microsoft.aspnetcore.app.ref\9.0.11\ref\net9.0\Microsoft.JSInterop.dll".
             Başvuru, "{RawFileName}" arama yolu konumunda bulundu.
             En az bir kaynak öğesi için "Private" "false" olarak ayarlanmış olduğundan ve "Private", herhangi bir kaynak öğesi için "true" olarak ayarlanmış olmadığından bu başvuru "CopyLocal" değildir.
         Birincil başvuru: "Microsoft.Net.Http.Headers, Version=9.0.0.0, Culture=neutral, PublicKeyToken=adb9793829ddae60".
             Çözümlenmiş dosya yolu: "C:\Users\mrkfk\.nuget\packages\microsoft.aspnetcore.app.ref\9.0.11\ref\net9.0\Microsoft.Net.Http.Headers.dll".
             Başvuru, "{RawFileName}" arama yolu konumunda bulundu.
             En az bir kaynak öğesi için "Private" "false" olarak ayarlanmış olduğundan ve "Private", herhangi bir kaynak öğesi için "true" olarak ayarlanmış olmadığından bu başvuru "CopyLocal" değildir.
         Birincil başvuru: "System.Diagnostics.EventLog, Version=9.0.0.0, Culture=neutral, PublicKeyToken=cc7b13ffcd2ddd51".
             Çözümlenmiş dosya yolu: "C:\Users\mrkfk\.nuget\packages\microsoft.aspnetcore.app.ref\9.0.11\ref\net9.0\System.Diagnostics.EventLog.dll".
             Başvuru, "{RawFileName}" arama yolu konumunda bulundu.
             En az bir kaynak öğesi için "Private" "false" olarak ayarlanmış olduğundan ve "Private", herhangi bir kaynak öğesi için "true" olarak ayarlanmış olmadığından bu başvuru "CopyLocal" değildir.
         Birincil başvuru: "System.Security.Cryptography.Xml, Version=9.0.0.0, Culture=neutral, PublicKeyToken=cc7b13ffcd2ddd51".
             Çözümlenmiş dosya yolu: "C:\Users\mrkfk\.nuget\packages\microsoft.aspnetcore.app.ref\9.0.11\ref\net9.0\System.Security.Cryptography.Xml.dll".
             Başvuru, "{RawFileName}" arama yolu konumunda bulundu.
             En az bir kaynak öğesi için "Private" "false" olarak ayarlanmış olduğundan ve "Private", herhangi bir kaynak öğesi için "true" olarak ayarlanmış olmadığından bu başvuru "CopyLocal" değildir.
         Birincil başvuru: "System.Threading.RateLimiting, Version=9.0.0.0, Culture=neutral, PublicKeyToken=cc7b13ffcd2ddd51".
             Çözümlenmiş dosya yolu: "C:\Users\mrkfk\.nuget\packages\microsoft.aspnetcore.app.ref\9.0.11\ref\net9.0\System.Threading.RateLimiting.dll".
             Başvuru, "{RawFileName}" arama yolu konumunda bulundu.
             En az bir kaynak öğesi için "Private" "false" olarak ayarlanmış olduğundan ve "Private", herhangi bir kaynak öğesi için "true" olarak ayarlanmış olmadığından bu başvuru "CopyLocal" değildir.
       "ResolveAssemblyReference" görevini yürütme tamamlandı.
   1:7>"ECommerce.Infrastructure.csproj" projesinde "ResolveAssemblyReferences" hedefini oluşturma tamamlandı.
   1:7>"C:\Users\mrkfk\OneDrive\Desktop\Projelerim\ECommerce\src\Infrastructure\ECommerce.Infrastructure\ECommerce.Infrastructure.csproj" projesinin "C:\Program Files\dotnet\sdk\10.0.100\Microsoft.Common.CurrentVersion.targets" dosyasındaki "AfterResolveReferences" hedefi ("ResolveReferences" hedefi buna bağımlı):
   1:7>"ECommerce.Infrastructure.csproj" projesinde "AfterResolveReferences" hedefini oluşturma tamamlandı.
   1:7>"C:\Users\mrkfk\OneDrive\Desktop\Projelerim\ECommerce\src\Infrastructure\ECommerce.Infrastructure\ECommerce.Infrastructure.csproj" projesinin "C:\Program Files\dotnet\sdk\10.0.100\Microsoft.Common.CurrentVersion.targets" dosyasındaki "ResolveReferences" hedefi ("_BlockWinMDsOnUnsupportedTFMs" hedefi buna bağımlı):
   1:7>"ECommerce.Infrastructure.csproj" projesinde "ResolveReferences" hedefini oluşturma tamamlandı.
   1:7>"C:\Users\mrkfk\OneDrive\Desktop\Projelerim\ECommerce\src\Infrastructure\ECommerce.Infrastructure\ECommerce.Infrastructure.csproj" projesinin "C:\Program Files\dotnet\sdk\10.0.100\Sdks\Microsoft.NET.Sdk\targets\Microsoft.NET.Sdk.targets" dosyasındaki "_BlockWinMDsOnUnsupportedTFMs" hedefi ("CoreBuild" hedefi buna bağımlı):
       "C:\Program Files\dotnet\sdk\10.0.100\Sdks\Microsoft.NET.Sdk\targets\..\tools\net10.0\Microsoft.NET.Build.Tasks.dll" derlemesindeki "CheckForUnsupportedWinMDReferences" görevi kullanılıyor.
       "CheckForUnsupportedWinMDReferences" görevi
       "CheckForUnsupportedWinMDReferences" görevini yürütme tamamlandı.
   1:7>"ECommerce.Infrastructure.csproj" projesinde "_BlockWinMDsOnUnsupportedTFMs" hedefini oluşturma tamamlandı.
       "ResolveReferences" hedefi atlandı. Önceden başarılı bir şekilde derlenmişti.
       "ResolvePackageDependenciesForBuild" hedefi atlandı. Önceden başarılı bir şekilde derlenmişti.
       "_HandlePackageFileConflicts" hedefi atlandı. Önceden başarılı bir şekilde derlenmişti.
   1:7>"C:\Users\mrkfk\OneDrive\Desktop\Projelerim\ECommerce\src\Infrastructure\ECommerce.Infrastructure\ECommerce.Infrastructure.csproj" projesinin "C:\Program Files\dotnet\sdk\10.0.100\Roslyn\Microsoft.Managed.Core.targets" dosyasındaki "CopyAdditionalFiles" hedefi ("AssignTargetPaths" hedefi buna bağımlı):
   1:7>"ECommerce.Infrastructure.csproj" projesinde "CopyAdditionalFiles" hedefini oluşturma tamamlandı.
   1:7>"C:\Users\mrkfk\OneDrive\Desktop\Projelerim\ECommerce\src\Infrastructure\ECommerce.Infrastructure\ECommerce.Infrastructure.csproj" projesinin "C:\Program Files\dotnet\sdk\10.0.100\Sdks\Microsoft.NET.Sdk\targets\Microsoft.NET.Sdk.targets" dosyasındaki "_ComputeNETCoreBuildOutputFiles" hedefi ("AssignTargetPaths" hedefi buna bağımlı):
   1:7>"ECommerce.Infrastructure.csproj" projesinde "_ComputeNETCoreBuildOutputFiles" hedefini oluşturma tamamlandı.
   1:7>"C:\Users\mrkfk\OneDrive\Desktop\Projelerim\ECommerce\src\Infrastructure\ECommerce.Infrastructure\ECommerce.Infrastructure.csproj" projesinin "C:\Program Files\dotnet\sdk\10.0.100\Microsoft.Common.CurrentVersion.targets" dosyasındaki "AssignTargetPaths" hedefi ("PrepareResourceNames" hedefi buna bağımlı):
       "AssignTargetPath" görevi
       "AssignTargetPath" görevini yürütme tamamlandı.
       "AssignTargetPath" görevi
       "AssignTargetPath" görevini yürütme tamamlandı.
       "AssignTargetPath" görevi
       "AssignTargetPath" görevini yürütme tamamlandı.
       "AssignTargetPath" görevi
       "AssignTargetPath" görevini yürütme tamamlandı.
   1:7>"ECommerce.Infrastructure.csproj" projesinde "AssignTargetPaths" hedefini oluşturma tamamlandı.
       "AssignTargetPaths" hedefi atlandı. Önceden başarılı bir şekilde derlenmişti.
   1:7>"C:\Users\mrkfk\OneDrive\Desktop\Projelerim\ECommerce\src\Infrastructure\ECommerce.Infrastructure\ECommerce.Infrastructure.csproj" projesinin "C:\Program Files\dotnet\sdk\10.0.100\Microsoft.Common.CurrentVersion.targets" dosyasındaki "SplitResourcesByCulture" hedefi ("PrepareResourceNames" hedefi buna bağımlı):
       "AssignCulture" görevi
       "AssignCulture" görevini yürütme tamamlandı.
   1:7>"ECommerce.Infrastructure.csproj" projesinde "SplitResourcesByCulture" hedefini oluşturma tamamlandı.
   1:7>"C:\Users\mrkfk\OneDrive\Desktop\Projelerim\ECommerce\src\Infrastructure\ECommerce.Infrastructure\ECommerce.Infrastructure.csproj" projesinin "C:\Program Files\dotnet\sdk\10.0.100\Microsoft.Common.CurrentVersion.targets" dosyasındaki "CreateCustomManifestResourceNames" hedefi ("PrepareResourceNames" hedefi buna bağımlı):
   1:7>"ECommerce.Infrastructure.csproj" projesinde "CreateCustomManifestResourceNames" hedefini oluşturma tamamlandı.
   1:7>"C:\Users\mrkfk\OneDrive\Desktop\Projelerim\ECommerce\src\Infrastructure\ECommerce.Infrastructure\ECommerce.Infrastructure.csproj" projesinin "C:\Program Files\dotnet\sdk\10.0.100\Microsoft.Common.CurrentVersion.targets" dosyasındaki "PrepareResourceNames" hedefi ("PrepareResources" hedefi buna bağımlı):
   1:7>"ECommerce.Infrastructure.csproj" projesinde "PrepareResourceNames" hedefini oluşturma tamamlandı.
       "ResolveAssemblyReferences" hedefi atlandı. Önceden başarılı bir şekilde derlenmişti.
       "SplitResourcesByCulture" hedefi atlandı. Önceden başarılı bir şekilde derlenmişti.
   1:7>"C:\Users\mrkfk\OneDrive\Desktop\Projelerim\ECommerce\src\Infrastructure\ECommerce.Infrastructure\ECommerce.Infrastructure.csproj" projesinin "C:\Program Files\dotnet\sdk\10.0.100\Microsoft.Common.CurrentVersion.targets" dosyasındaki "BeforeResGen" hedefi ("ResGen" hedefi buna bağımlı):
   1:7>"ECommerce.Infrastructure.csproj" projesinde "BeforeResGen" hedefini oluşturma tamamlandı.
       "ResolveReferences" hedefi atlandı. Önceden başarılı bir şekilde derlenmişti.
   1:7>"C:\Users\mrkfk\OneDrive\Desktop\Projelerim\ECommerce\src\Infrastructure\ECommerce.Infrastructure\ECommerce.Infrastructure.csproj" projesinin "C:\Program Files\dotnet\sdk\10.0.100\Microsoft.Common.CurrentVersion.targets" dosyasındaki "FindReferenceAssembliesForReferences" hedefi ("CoreResGen" hedefi buna bağımlı):
   1:7>"ECommerce.Infrastructure.csproj" projesinde "FindReferenceAssembliesForReferences" hedefini oluşturma tamamlandı.
   1:7>"C:\Users\mrkfk\OneDrive\Desktop\Projelerim\ECommerce\src\Infrastructure\ECommerce.Infrastructure\ECommerce.Infrastructure.csproj" projesinin "C:\Program Files\dotnet\sdk\10.0.100\Microsoft.Common.CurrentVersion.targets" dosyasındaki "CoreResGen" hedefi ("ResGen" hedefi buna bağımlı):
   1:7>"ECommerce.Infrastructure.csproj" projesinde "CoreResGen" hedefini oluşturma tamamlandı.
   1:7>"C:\Users\mrkfk\OneDrive\Desktop\Projelerim\ECommerce\src\Infrastructure\ECommerce.Infrastructure\ECommerce.Infrastructure.csproj" projesinin "C:\Program Files\dotnet\sdk\10.0.100\Microsoft.Common.CurrentVersion.targets" dosyasındaki "AfterResGen" hedefi ("ResGen" hedefi buna bağımlı):
   1:7>"ECommerce.Infrastructure.csproj" projesinde "AfterResGen" hedefini oluşturma tamamlandı.
   1:7>"C:\Users\mrkfk\OneDrive\Desktop\Projelerim\ECommerce\src\Infrastructure\ECommerce.Infrastructure\ECommerce.Infrastructure.csproj" projesinin "C:\Program Files\dotnet\sdk\10.0.100\Microsoft.Common.CurrentVersion.targets" dosyasındaki "ResGen" hedefi ("PrepareResources" hedefi buna bağımlı):
   1:7>"ECommerce.Infrastructure.csproj" projesinde "ResGen" hedefini oluşturma tamamlandı.
   1:7>"C:\Users\mrkfk\OneDrive\Desktop\Projelerim\ECommerce\src\Infrastructure\ECommerce.Infrastructure\ECommerce.Infrastructure.csproj" projesinin "C:\Program Files\dotnet\sdk\10.0.100\Microsoft.Common.CurrentVersion.targets" dosyasındaki "PrepareResources" hedefi ("CoreBuild" hedefi buna bağımlı):
   1:7>"ECommerce.Infrastructure.csproj" projesinde "PrepareResources" hedefini oluşturma tamamlandı.
       "ResolveReferences" hedefi atlandı. Önceden başarılı bir şekilde derlenmişti.
   1:7>"C:\Users\mrkfk\OneDrive\Desktop\Projelerim\ECommerce\src\Infrastructure\ECommerce.Infrastructure\ECommerce.Infrastructure.csproj" projesinin "C:\Program Files\dotnet\sdk\10.0.100\Microsoft.Common.CurrentVersion.targets" dosyasındaki "_SetEmbeddedWin32ManifestProperties" hedefi ("SetWin32ManifestProperties" hedefi buna bağımlı):
       "GetFrameworkPath" görevi
       "GetFrameworkPath" görevini yürütme tamamlandı.
   1:7>"ECommerce.Infrastructure.csproj" projesinde "_SetEmbeddedWin32ManifestProperties" hedefini oluşturma tamamlandı.
   1:7>"C:\Users\mrkfk\OneDrive\Desktop\Projelerim\ECommerce\src\Infrastructure\ECommerce.Infrastructure\ECommerce.Infrastructure.csproj" projesinin "C:\Program Files\dotnet\sdk\10.0.100\Microsoft.Common.CurrentVersion.targets" dosyasındaki "SetWin32ManifestProperties" hedefi ("Compile" hedefi buna bağımlı):
   1:7>"ECommerce.Infrastructure.csproj" projesinde "SetWin32ManifestProperties" hedefini oluşturma tamamlandı.
       "FindReferenceAssembliesForReferences" hedefi atlandı. Önceden başarılı bir şekilde derlenmişti.
   1:7>"C:\Users\mrkfk\OneDrive\Desktop\Projelerim\ECommerce\src\Infrastructure\ECommerce.Infrastructure\ECommerce.Infrastructure.csproj" projesinin "C:\Program Files\dotnet\sdk\10.0.100\Microsoft.Common.CurrentVersion.targets" dosyasındaki "_GenerateCompileInputs" hedefi ("Compile" hedefi buna bağımlı):
   1:7>"ECommerce.Infrastructure.csproj" projesinde "_GenerateCompileInputs" hedefini oluşturma tamamlandı.
       "PrepareForBuild" hedefi atlandı. Önceden başarılı bir şekilde derlenmişti.
   1:7>"C:\Users\mrkfk\OneDrive\Desktop\Projelerim\ECommerce\src\Infrastructure\ECommerce.Infrastructure\ECommerce.Infrastructure.csproj" projesinin "C:\Program Files\dotnet\sdk\10.0.100\Roslyn\Microsoft.Managed.Core.targets" dosyasındaki "GenerateMSBuildEditorConfigFileShouldRun" hedefi ("GenerateMSBuildEditorConfigFile" hedefi buna bağımlı):
   1:7>"ECommerce.Infrastructure.csproj" projesinde "GenerateMSBuildEditorConfigFileShouldRun" hedefini oluşturma tamamlandı.
   1:7>"C:\Users\mrkfk\OneDrive\Desktop\Projelerim\ECommerce\src\Infrastructure\ECommerce.Infrastructure\ECommerce.Infrastructure.csproj" projesinin "C:\Program Files\dotnet\sdk\10.0.100\Sdks\Microsoft.NET.Sdk\codestyle\cs\build\Microsoft.CodeAnalysis.CSharp.CodeStyle.targets" dosyasındaki "AddGlobalAnalyzerConfigForPackage_MicrosoftCodeAnalysisCSharpCodeStyle" hedefi ("GenerateMSBuildEditorConfigFileCore" hedefi buna bağımlı):
   1:7>"ECommerce.Infrastructure.csproj" projesinde "AddGlobalAnalyzerConfigForPackage_MicrosoftCodeAnalysisCSharpCodeStyle" hedefini oluşturma tamamlandı.
   1:7>"C:\Users\mrkfk\OneDrive\Desktop\Projelerim\ECommerce\src\Infrastructure\ECommerce.Infrastructure\ECommerce.Infrastructure.csproj" projesinin "C:\Program Files\dotnet\sdk\10.0.100\Roslyn\Microsoft.Managed.Core.targets" dosyasındaki "GenerateMSBuildEditorConfigFileCore" hedefi ("GenerateMSBuildEditorConfigFile" hedefi buna bağımlı):
       "GenerateMSBuildEditorConfigFileCore" hedefi tam olarak oluşturuluyor.
       Giriş dosyası belirtilmedi.
       "C:\Program Files\dotnet\sdk\10.0.100\Sdks\Microsoft.NET.Sdk\targets\..\..\..\Roslyn\Microsoft.Build.Tasks.CodeAnalysis.dll" derlemesindeki "GenerateMSBuildEditorConfig" görevi kullanılıyor.
       "GenerateMSBuildEditorConfig" görevi
       "GenerateMSBuildEditorConfig" görevini yürütme tamamlandı.
   1:7>"ECommerce.Infrastructure.csproj" projesinde "GenerateMSBuildEditorConfigFileCore" hedefini oluşturma tamamlandı.
   1:7>"C:\Users\mrkfk\OneDrive\Desktop\Projelerim\ECommerce\src\Infrastructure\ECommerce.Infrastructure\ECommerce.Infrastructure.csproj" projesinin "C:\Program Files\dotnet\sdk\10.0.100\Roslyn\Microsoft.Managed.Core.targets" dosyasındaki "GenerateMSBuildEditorConfigFile" hedefi ("BeforeCompile" hedefi buna bağımlı):
   1:7>"ECommerce.Infrastructure.csproj" projesinde "GenerateMSBuildEditorConfigFile" hedefini oluşturma tamamlandı.
       "PrepareForBuild" hedefi atlandı. Önceden başarılı bir şekilde derlenmişti.
       "GetReferenceAssemblyPaths" hedefi atlandı. Önceden başarılı bir şekilde derlenmişti.
   1:7>"C:\Users\mrkfk\OneDrive\Desktop\Projelerim\ECommerce\src\Infrastructure\ECommerce.Infrastructure\ECommerce.Infrastructure.csproj" projesinin "C:\Program Files\dotnet\sdk\10.0.100\Microsoft.CSharp.CurrentVersion.targets" dosyasındaki "_SetTargetFrameworkMonikerAttribute" hedefi ("GenerateTargetFrameworkMonikerAttribute" hedefi buna bağımlı):
   1:7>"ECommerce.Infrastructure.csproj" projesinde "_SetTargetFrameworkMonikerAttribute" hedefini oluşturma tamamlandı.
   1:7>"C:\Users\mrkfk\OneDrive\Desktop\Projelerim\ECommerce\src\Infrastructure\ECommerce.Infrastructure\ECommerce.Infrastructure.csproj" projesinin "C:\Program Files\dotnet\sdk\10.0.100\Microsoft.Common.CurrentVersion.targets" dosyasındaki "GenerateTargetFrameworkMonikerAttribute" hedefi ("BeforeCompile" hedefi buna bağımlı):
       Tüm çıkış dosyaları, giriş dosyalarına göre güncel durumda olduğundan "GenerateTargetFrameworkMonikerAttribute" hedefi atlanıyor.
       Giriş dosyaları: C:\Program Files\dotnet\sdk\10.0.100\Microsoft.Common.targets
       Çıkış dosyaları: obj\Debug\net9.0\.NETCoreApp,Version=v9.0.AssemblyAttributes.cs
   1:7>"ECommerce.Infrastructure.csproj" projesinde "GenerateTargetFrameworkMonikerAttribute" hedefini oluşturma tamamlandı.
       "PrepareForBuild" hedefi atlandı. Önceden başarılı bir şekilde derlenmişti.
   1:7>"C:\Users\mrkfk\OneDrive\Desktop\Projelerim\ECommerce\src\Infrastructure\ECommerce.Infrastructure\ECommerce.Infrastructure.csproj" projesinin "C:\Program Files\dotnet\sdk\10.0.100\Sdks\Microsoft.NET.Sdk\targets\Microsoft.NET.GenerateAssemblyInfo.targets" dosyasındaki "GetAssemblyVersion" hedefi ("GetAssemblyAttributes" hedefi buna bağımlı):
       "C:\Program Files\dotnet\sdk\10.0.100\Sdks\Microsoft.NET.Sdk\targets\..\tools\net10.0\Microsoft.NET.Build.Tasks.dll" derlemesindeki "GetAssemblyVersion" görevi kullanılıyor.
       "GetAssemblyVersion" görevi
       "GetAssemblyVersion" görevini yürütme tamamlandı.
   1:7>"ECommerce.Infrastructure.csproj" projesinde "GetAssemblyVersion" hedefini oluşturma tamamlandı.
   1:7>"C:\Users\mrkfk\OneDrive\Desktop\Projelerim\ECommerce\src\Infrastructure\ECommerce.Infrastructure\ECommerce.Infrastructure.csproj" projesinin "C:\Program Files\dotnet\sdk\10.0.100\Sdks\Microsoft.Build.Tasks.Git\build\Microsoft.Build.Tasks.Git.targets" dosyasındaki "InitializeSourceControlInformationFromSourceControlManager" hedefi ("_InitializeSourceControlInformationFromSourceControlManager" hedefi buna bağımlı):
       "C:\Program Files\dotnet\sdk\10.0.100\Sdks\Microsoft.Build.Tasks.Git\build\..\tools\net\Microsoft.Build.Tasks.Git.dll" derlemesindeki "Microsoft.Build.Tasks.Git.LocateRepository" görevi kullanılıyor.
       "Microsoft.Build.Tasks.Git.LocateRepository" görevi
         SourceLink: Reusing cached git repository information.
       "Microsoft.Build.Tasks.Git.LocateRepository" görevini yürütme tamamlandı.
   1:7>"ECommerce.Infrastructure.csproj" projesinde "InitializeSourceControlInformationFromSourceControlManager" hedefini oluşturma tamamlandı.
   1:7>"C:\Users\mrkfk\OneDrive\Desktop\Projelerim\ECommerce\src\Infrastructure\ECommerce.Infrastructure\ECommerce.Infrastructure.csproj" projesinin "C:\Program Files\dotnet\sdk\10.0.100\Sdks\Microsoft.SourceLink.Common\build\InitializeSourceControlInformation.targets" dosyasındaki "_SourceLinkHasSingleProvider" hedefi ("_InitializeSourceControlInformationFromSourceControlManager" hedefi buna bağımlı):
       "C:\Program Files\dotnet\sdk\10.0.100\Sdks\Microsoft.SourceLink.Common\build\..\tools\net\Microsoft.SourceLink.Common.dll" derlemesindeki "Microsoft.SourceLink.Common.SourceLinkHasSingleProvider" görevi kullanılıyor.
       "Microsoft.SourceLink.Common.SourceLinkHasSingleProvider" görevi
       "Microsoft.SourceLink.Common.SourceLinkHasSingleProvider" görevini yürütme tamamlandı.
   1:7>"ECommerce.Infrastructure.csproj" projesinde "_SourceLinkHasSingleProvider" hedefini oluşturma tamamlandı.
   1:7>"C:\Users\mrkfk\OneDrive\Desktop\Projelerim\ECommerce\src\Infrastructure\ECommerce.Infrastructure\ECommerce.Infrastructure.csproj" projesinin "C:\Program Files\dotnet\sdk\10.0.100\Sdks\Microsoft.SourceLink.GitHub\build\Microsoft.SourceLink.GitHub.targets" dosyasındaki "TranslateGitHubUrlsInSourceControlInformation" hedefi ("_InitializeSourceControlInformationFromSourceControlManager" hedefi buna bağımlı):
       "C:\Program Files\dotnet\sdk\10.0.100\Sdks\Microsoft.SourceLink.GitHub\build\..\tools\net\Microsoft.SourceLink.GitHub.dll" derlemesindeki "Microsoft.SourceLink.GitHub.TranslateRepositoryUrls" görevi kullanılıyor.
       "Microsoft.SourceLink.GitHub.TranslateRepositoryUrls" görevi
       "Microsoft.SourceLink.GitHub.TranslateRepositoryUrls" görevini yürütme tamamlandı.
   1:7>"ECommerce.Infrastructure.csproj" projesinde "TranslateGitHubUrlsInSourceControlInformation" hedefini oluşturma tamamlandı.
   1:7>"C:\Users\mrkfk\OneDrive\Desktop\Projelerim\ECommerce\src\Infrastructure\ECommerce.Infrastructure\ECommerce.Infrastructure.csproj" projesinin "C:\Program Files\dotnet\sdk\10.0.100\Sdks\Microsoft.SourceLink.GitLab\build\Microsoft.SourceLink.GitLab.targets" dosyasındaki "TranslateGitLabUrlsInSourceControlInformation" hedefi ("_InitializeSourceControlInformationFromSourceControlManager" hedefi buna bağımlı):
       "C:\Program Files\dotnet\sdk\10.0.100\Sdks\Microsoft.SourceLink.GitLab\build\..\tools\net\Microsoft.SourceLink.GitLab.dll" derlemesindeki "Microsoft.SourceLink.GitLab.TranslateRepositoryUrls" görevi kullanılıyor.
       "Microsoft.SourceLink.GitLab.TranslateRepositoryUrls" görevi
       "Microsoft.SourceLink.GitLab.TranslateRepositoryUrls" görevini yürütme tamamlandı.
   1:7>"ECommerce.Infrastructure.csproj" projesinde "TranslateGitLabUrlsInSourceControlInformation" hedefini oluşturma tamamlandı.
   1:7>"C:\Users\mrkfk\OneDrive\Desktop\Projelerim\ECommerce\src\Infrastructure\ECommerce.Infrastructure\ECommerce.Infrastructure.csproj" projesinin "C:\Program Files\dotnet\sdk\10.0.100\Sdks\Microsoft.SourceLink.AzureRepos.Git\build\Microsoft.SourceLink.AzureRepos.Git.targets" dosyasındaki "TranslateAzureReposGitUrlsInSourceControlInformation" hedefi ("_InitializeSourceControlInformationFromSourceControlManager" hedefi buna bağımlı):
       "C:\Program Files\dotnet\sdk\10.0.100\Sdks\Microsoft.SourceLink.AzureRepos.Git\build\..\tools\net\Microsoft.SourceLink.AzureRepos.Git.dll" derlemesindeki "Microsoft.SourceLink.AzureRepos.Git.TranslateRepositoryUrls" görevi kullanılıyor.
       "Microsoft.SourceLink.AzureRepos.Git.TranslateRepositoryUrls" görevi
       "Microsoft.SourceLink.AzureRepos.Git.TranslateRepositoryUrls" görevini yürütme tamamlandı.
   1:7>"ECommerce.Infrastructure.csproj" projesinde "TranslateAzureReposGitUrlsInSourceControlInformation" hedefini oluşturma tamamlandı.
   1:7>"C:\Users\mrkfk\OneDrive\Desktop\Projelerim\ECommerce\src\Infrastructure\ECommerce.Infrastructure\ECommerce.Infrastructure.csproj" projesinin "C:\Program Files\dotnet\sdk\10.0.100\Sdks\Microsoft.SourceLink.Bitbucket.Git\build\Microsoft.SourceLink.Bitbucket.Git.targets" dosyasındaki "TranslateBitbucketGitUrlsInSourceControlInformation" hedefi ("_InitializeSourceControlInformationFromSourceControlManager" hedefi buna bağımlı):
       "C:\Program Files\dotnet\sdk\10.0.100\Sdks\Microsoft.SourceLink.Bitbucket.Git\build\..\tools\net\Microsoft.SourceLink.Bitbucket.Git.dll" derlemesindeki "Microsoft.SourceLink.Bitbucket.Git.TranslateRepositoryUrls" görevi kullanılıyor.
       "Microsoft.SourceLink.Bitbucket.Git.TranslateRepositoryUrls" görevi
       "Microsoft.SourceLink.Bitbucket.Git.TranslateRepositoryUrls" görevini yürütme tamamlandı.
   1:7>"ECommerce.Infrastructure.csproj" projesinde "TranslateBitbucketGitUrlsInSourceControlInformation" hedefini oluşturma tamamlandı.
   1:7>"C:\Users\mrkfk\OneDrive\Desktop\Projelerim\ECommerce\src\Infrastructure\ECommerce.Infrastructure\ECommerce.Infrastructure.csproj" projesinin "C:\Program Files\dotnet\sdk\10.0.100\Sdks\Microsoft.SourceLink.Common\build\InitializeSourceControlInformation.targets" dosyasındaki "SourceControlManagerPublishTranslatedUrls" hedefi ("_InitializeSourceControlInformationFromSourceControlManager" hedefi buna bağımlı):
   1:7>"ECommerce.Infrastructure.csproj" projesinde "SourceControlManagerPublishTranslatedUrls" hedefini oluşturma tamamlandı.
   1:7>"C:\Users\mrkfk\OneDrive\Desktop\Projelerim\ECommerce\src\Infrastructure\ECommerce.Infrastructure\ECommerce.Infrastructure.csproj" projesinin "C:\Program Files\dotnet\sdk\10.0.100\Sdks\Microsoft.SourceLink.Common\build\InitializeSourceControlInformation.targets" dosyasındaki "_InitializeSourceControlInformationFromSourceControlManager" hedefi ("InitializeSourceControlInformation" hedefi buna bağımlı):
   1:7>"ECommerce.Infrastructure.csproj" projesinde "_InitializeSourceControlInformationFromSourceControlManager" hedefini oluşturma tamamlandı.
   1:7>"C:\Users\mrkfk\OneDrive\Desktop\Projelerim\ECommerce\src\Infrastructure\ECommerce.Infrastructure\ECommerce.Infrastructure.csproj" projesinin "C:\Program Files\dotnet\sdk\10.0.100\Microsoft.Common.CurrentVersion.targets" dosyasındaki "InitializeSourceControlInformation" hedefi ("GetAssemblyAttributes" hedefi buna bağımlı):
   1:7>"ECommerce.Infrastructure.csproj" projesinde "InitializeSourceControlInformation" hedefini oluşturma tamamlandı.
       "GetAssemblyVersion" hedefi atlandı. Önceden başarılı bir şekilde derlenmişti.
       "InitializeSourceControlInformation" hedefi atlandı. Önceden başarılı bir şekilde derlenmişti.
   1:7>"C:\Users\mrkfk\OneDrive\Desktop\Projelerim\ECommerce\src\Infrastructure\ECommerce.Infrastructure\ECommerce.Infrastructure.csproj" projesinin "C:\Program Files\dotnet\sdk\10.0.100\Sdks\Microsoft.NET.Sdk\targets\Microsoft.NET.GenerateAssemblyInfo.targets" dosyasındaki "AddSourceRevisionToInformationalVersion" hedefi ("GetAssemblyAttributes" hedefi buna bağımlı):
       C:\Program Files\dotnet\sdk\10.0.100\Sdks\Microsoft.NET.Sdk\targets\Microsoft.NET.GenerateAssemblyInfo.targets(70,7): message : Özellik yeniden ataması: $(InformationalVersion)="1.0.0+b31692038cd7204c9ac3d7885e7c29e0a8a8615d" (önceki değer: "1.0.0") konum: C:\Program Files\dotnet\sdk\10.0.100\Sdks\Microsoft.NET.Sdk\targets\Microsoft.NET.GenerateAssemblyInfo.targets (70,7) [C:\Users\mrkfk\OneDrive\Desktop\Projelerim\ECommerce\src\Infrastructure\ECommerce.Infrastructure\ECommerce.Infrastructure.csproj]
   1:7>"ECommerce.Infrastructure.csproj" projesinde "AddSourceRevisionToInformationalVersion" hedefini oluşturma tamamlandı.
   1:7>"C:\Users\mrkfk\OneDrive\Desktop\Projelerim\ECommerce\src\Infrastructure\ECommerce.Infrastructure\ECommerce.Infrastructure.csproj" projesinin "C:\Program Files\dotnet\sdk\10.0.100\Sdks\Microsoft.NET.Sdk\targets\Microsoft.NET.GenerateAssemblyInfo.targets" dosyasındaki "GetAssemblyAttributes" hedefi ("CreateGeneratedAssemblyInfoInputsCacheFile" hedefi buna bağımlı):
   1:7>"ECommerce.Infrastructure.csproj" projesinde "GetAssemblyAttributes" hedefini oluşturma tamamlandı.
   1:7>"C:\Users\mrkfk\OneDrive\Desktop\Projelerim\ECommerce\src\Infrastructure\ECommerce.Infrastructure\ECommerce.Infrastructure.csproj" projesinin "C:\Program Files\dotnet\sdk\10.0.100\Sdks\Microsoft.NET.Sdk\targets\Microsoft.NET.GenerateAssemblyInfo.targets" dosyasındaki "CreateGeneratedAssemblyInfoInputsCacheFile" hedefi ("CoreGenerateAssemblyInfo" hedefi buna bağımlı):
       "Hash" görevi
       "Hash" görevini yürütme tamamlandı.
       "WriteLinesToFile" görevi
         İçerik değişmeyeceğinden "obj\Debug\net9.0\ECommerce.Infrastructure.AssemblyInfoInputs.cache" dosyası üzerine yazma işlemi atlanacak.
       "WriteLinesToFile" görevini yürütme tamamlandı.
   1:7>"ECommerce.Infrastructure.csproj" projesinde "CreateGeneratedAssemblyInfoInputsCacheFile" hedefini oluşturma tamamlandı.
   1:7>"C:\Users\mrkfk\OneDrive\Desktop\Projelerim\ECommerce\src\Infrastructure\ECommerce.Infrastructure\ECommerce.Infrastructure.csproj" projesinin "C:\Program Files\dotnet\sdk\10.0.100\Sdks\Microsoft.NET.Sdk\targets\Microsoft.NET.GenerateAssemblyInfo.targets" dosyasındaki "CoreGenerateAssemblyInfo" hedefi ("GenerateAssemblyInfo" hedefi buna bağımlı):
       Tüm çıkış dosyaları, giriş dosyalarına göre güncel durumda olduğundan "CoreGenerateAssemblyInfo" hedefi atlanıyor.
       Giriş dosyaları: obj\Debug\net9.0\ECommerce.Infrastructure.AssemblyInfoInputs.cache
       Çıkış dosyaları: obj\Debug\net9.0\ECommerce.Infrastructure.AssemblyInfo.cs
   1:7>"ECommerce.Infrastructure.csproj" projesinde "CoreGenerateAssemblyInfo" hedefini oluşturma tamamlandı.
   1:7>"C:\Users\mrkfk\OneDrive\Desktop\Projelerim\ECommerce\src\Infrastructure\ECommerce.Infrastructure\ECommerce.Infrastructure.csproj" projesinin "C:\Program Files\dotnet\sdk\10.0.100\Sdks\Microsoft.NET.Sdk\targets\Microsoft.NET.GenerateAssemblyInfo.targets" dosyasındaki "GenerateAssemblyInfo" hedefi ("BeforeCompile" hedefi buna bağımlı):
   1:7>"ECommerce.Infrastructure.csproj" projesinde "GenerateAssemblyInfo" hedefini oluşturma tamamlandı.
   1:7>"C:\Users\mrkfk\OneDrive\Desktop\Projelerim\ECommerce\src\Infrastructure\ECommerce.Infrastructure\ECommerce.Infrastructure.csproj" projesinin "C:\Program Files\dotnet\sdk\10.0.100\Microsoft.Common.CurrentVersion.targets" dosyasındaki "BeforeCompile" hedefi ("Compile" hedefi buna bağımlı):
   1:7>"ECommerce.Infrastructure.csproj" projesinde "BeforeCompile" hedefini oluşturma tamamlandı.
       "ResolveAssemblyReferences" hedefi atlandı. Önceden başarılı bir şekilde derlenmişti.
       "_GenerateCompileInputs" hedefi atlandı. Önceden başarılı bir şekilde derlenmişti.
   1:7>"C:\Users\mrkfk\OneDrive\Desktop\Projelerim\ECommerce\src\Infrastructure\ECommerce.Infrastructure\ECommerce.Infrastructure.csproj" projesinin "C:\Program Files\dotnet\sdk\10.0.100\Microsoft.Common.CurrentVersion.targets" dosyasındaki "_GenerateCompileDependencyCache" hedefi ("Compile" hedefi buna bağımlı):
       "Hash" görevi
       "Hash" görevini yürütme tamamlandı.
       "WriteLinesToFile" görevi
         İçerik değişmeyeceğinden "obj\Debug\net9.0\ECommerce.Infrastructure.csproj.CoreCompileInputs.cache" dosyası üzerine yazma işlemi atlanacak.
       "WriteLinesToFile" görevini yürütme tamamlandı.
   1:7>"ECommerce.Infrastructure.csproj" projesinde "_GenerateCompileDependencyCache" hedefini oluşturma tamamlandı.
   1:7>"C:\Users\mrkfk\OneDrive\Desktop\Projelerim\ECommerce\src\Infrastructure\ECommerce.Infrastructure\ECommerce.Infrastructure.csproj" projesinin "C:\Program Files\dotnet\sdk\10.0.100\Roslyn\Microsoft.Managed.Core.targets" dosyasındaki "_BeforeVBCSCoreCompile" hedefi ("CoreCompile" hedefi buna bağımlı):
   1:7>"ECommerce.Infrastructure.csproj" projesinde "_BeforeVBCSCoreCompile" hedefini oluşturma tamamlandı.
   1:7>"C:\Users\mrkfk\OneDrive\Desktop\Projelerim\ECommerce\src\Infrastructure\ECommerce.Infrastructure\ECommerce.Infrastructure.csproj" projesinin "C:\Program Files\dotnet\sdk\10.0.100\Roslyn\Microsoft.Managed.Core.targets" dosyasındaki "_ComputeSkipAnalyzers" hedefi ("CoreCompile" hedefi buna bağımlı):
   1:7>"ECommerce.Infrastructure.csproj" projesinde "_ComputeSkipAnalyzers" hedefini oluşturma tamamlandı.
   1:7>"C:\Users\mrkfk\OneDrive\Desktop\Projelerim\ECommerce\src\Infrastructure\ECommerce.Infrastructure\ECommerce.Infrastructure.csproj" projesinin "C:\Users\mrkfk\.nuget\packages\microsoft.codeanalysis.analyzers\3.3.4\buildTransitive\Microsoft.CodeAnalysis.Analyzers.targets" dosyasındaki "AddGlobalAnalyzerConfigForPackage_MicrosoftCodeAnalysisAnalyzers" hedefi ("CoreCompile" hedefi buna bağımlı):
   1:7>"ECommerce.Infrastructure.csproj" projesinde "AddGlobalAnalyzerConfigForPackage_MicrosoftCodeAnalysisAnalyzers" hedefini oluşturma tamamlandı.
       "BeforeCompile" hedefi atlandı. Önceden başarılı bir şekilde derlenmişti.
       "InitializeSourceControlInformationFromSourceControlManager" hedefi atlandı. Önceden başarılı bir şekilde derlenmişti.
   1:7>"C:\Users\mrkfk\OneDrive\Desktop\Projelerim\ECommerce\src\Infrastructure\ECommerce.Infrastructure\ECommerce.Infrastructure.csproj" projesinin "C:\Program Files\dotnet\sdk\10.0.100\Sdks\Microsoft.Build.Tasks.Git\build\Microsoft.Build.Tasks.Git.targets" dosyasındaki "SetEmbeddedFilesFromSourceControlManagerUntrackedFiles" hedefi ("_SetEmbeddedFilesFromSourceControlManagerUntrackedFiles" hedefi buna bağımlı):
       "C:\Program Files\dotnet\sdk\10.0.100\Sdks\Microsoft.Build.Tasks.Git\build\..\tools\net\Microsoft.Build.Tasks.Git.dll" derlemesindeki "Microsoft.Build.Tasks.Git.GetUntrackedFiles" görevi kullanılıyor.
       "Microsoft.Build.Tasks.Git.GetUntrackedFiles" görevi
         SourceLink: Reusing cached git repository information.
       "Microsoft.Build.Tasks.Git.GetUntrackedFiles" görevini yürütme tamamlandı.
   1:7>"ECommerce.Infrastructure.csproj" projesinde "SetEmbeddedFilesFromSourceControlManagerUntrackedFiles" hedefini oluşturma tamamlandı.
   1:7>"C:\Users\mrkfk\OneDrive\Desktop\Projelerim\ECommerce\src\Infrastructure\ECommerce.Infrastructure\ECommerce.Infrastructure.csproj" projesinin "C:\Program Files\dotnet\sdk\10.0.100\Sdks\Microsoft.SourceLink.Common\build\Microsoft.SourceLink.Common.targets" dosyasındaki "_SetEmbeddedFilesFromSourceControlManagerUntrackedFiles" hedefi ("CoreCompile" hedefi buna bağımlı):
   1:7>"ECommerce.Infrastructure.csproj" projesinde "_SetEmbeddedFilesFromSourceControlManagerUntrackedFiles" hedefini oluşturma tamamlandı.
       "InitializeSourceControlInformation" hedefi atlandı. Önceden başarılı bir şekilde derlenmişti.
   1:7>"C:\Users\mrkfk\OneDrive\Desktop\Projelerim\ECommerce\src\Infrastructure\ECommerce.Infrastructure\ECommerce.Infrastructure.csproj" projesinin "C:\Program Files\dotnet\sdk\10.0.100\Sdks\Microsoft.SourceLink.Common\build\Microsoft.SourceLink.Common.targets" dosyasındaki "_SetSourceLinkFilePath" hedefi ("_GenerateSourceLinkFile" hedefi buna bağımlı):
   1:7>"ECommerce.Infrastructure.csproj" projesinde "_SetSourceLinkFilePath" hedefini oluşturma tamamlandı.
       "InitializeSourceControlInformation" hedefi atlandı. Önceden başarılı bir şekilde derlenmişti.
   1:7>"C:\Users\mrkfk\OneDrive\Desktop\Projelerim\ECommerce\src\Infrastructure\ECommerce.Infrastructure\ECommerce.Infrastructure.csproj" projesinin "C:\Program Files\dotnet\sdk\10.0.100\Roslyn\Microsoft.Managed.Core.targets" dosyasındaki "_InitializeSourceRootMappedPathsFromSourceControl" hedefi ("InitializeSourceRootMappedPaths" hedefi buna bağımlı):
   1:7>"ECommerce.Infrastructure.csproj" projesinde "_InitializeSourceRootMappedPathsFromSourceControl" hedefini oluşturma tamamlandı.
   1:7>"C:\Users\mrkfk\OneDrive\Desktop\Projelerim\ECommerce\src\Infrastructure\ECommerce.Infrastructure\ECommerce.Infrastructure.csproj" projesinin "C:\Program Files\dotnet\sdk\10.0.100\Roslyn\Microsoft.Managed.Core.targets" dosyasındaki "InitializeSourceRootMappedPaths" hedefi ("_InitializeSourceRootMappedPathsOpt" hedefi buna bağımlı):
       "C:\Program Files\dotnet\sdk\10.0.100\Sdks\Microsoft.NET.Sdk\targets\..\..\..\Roslyn\Microsoft.Build.Tasks.CodeAnalysis.dll" derlemesindeki "Microsoft.CodeAnalysis.BuildTasks.MapSourceRoots" görevi kullanılıyor.
       "Microsoft.CodeAnalysis.BuildTasks.MapSourceRoots" görevi
       "Microsoft.CodeAnalysis.BuildTasks.MapSourceRoots" görevini yürütme tamamlandı.
   1:7>"ECommerce.Infrastructure.csproj" projesinde "InitializeSourceRootMappedPaths" hedefini oluşturma tamamlandı.
   1:7>"C:\Users\mrkfk\OneDrive\Desktop\Projelerim\ECommerce\src\Infrastructure\ECommerce.Infrastructure\ECommerce.Infrastructure.csproj" projesinin "C:\Program Files\dotnet\sdk\10.0.100\Sdks\Microsoft.SourceLink.Common\build\Microsoft.SourceLink.Common.targets" dosyasındaki "_InitializeSourceRootMappedPathsOpt" hedefi ("_GenerateSourceLinkFile" hedefi buna bağımlı):
   1:7>"ECommerce.Infrastructure.csproj" projesinde "_InitializeSourceRootMappedPathsOpt" hedefini oluşturma tamamlandı.
   1:7>"C:\Users\mrkfk\OneDrive\Desktop\Projelerim\ECommerce\src\Infrastructure\ECommerce.Infrastructure\ECommerce.Infrastructure.csproj" projesinin "C:\Program Files\dotnet\sdk\10.0.100\Sdks\Microsoft.SourceLink.GitHub\build\Microsoft.SourceLink.GitHub.targets" dosyasındaki "_InitializeGitHubSourceLinkUrl" hedefi ("_GenerateSourceLinkFile" hedefi buna bağımlı):
       "_InitializeGitHubSourceLinkUrl" hedefi tam olarak oluşturuluyor.
       Giriş dosyası belirtilmedi.
       "C:\Program Files\dotnet\sdk\10.0.100\Sdks\Microsoft.SourceLink.GitHub\build\..\tools\net\Microsoft.SourceLink.GitHub.dll" derlemesindeki "Microsoft.SourceLink.GitHub.GetSourceLinkUrl" görevi kullanılıyor.
       "Microsoft.SourceLink.GitHub.GetSourceLinkUrl" görevi
       "Microsoft.SourceLink.GitHub.GetSourceLinkUrl" görevini yürütme tamamlandı.
   1:7>"ECommerce.Infrastructure.csproj" projesinde "_InitializeGitHubSourceLinkUrl" hedefini oluşturma tamamlandı.
   1:7>"C:\Users\mrkfk\OneDrive\Desktop\Projelerim\ECommerce\src\Infrastructure\ECommerce.Infrastructure\ECommerce.Infrastructure.csproj" projesinin "C:\Program Files\dotnet\sdk\10.0.100\Sdks\Microsoft.SourceLink.GitHub\build\Microsoft.SourceLink.GitHub.targets" dosyasındaki "_InitializeGitHubSourceLinkUrl" hedefi ("_GenerateSourceLinkFile" hedefi buna bağımlı):
       "_InitializeGitHubSourceLinkUrl" hedefi tam olarak oluşturuluyor.
       Giriş dosyası belirtilmedi.
       "Microsoft.SourceLink.GitHub.GetSourceLinkUrl" görevi
       "Microsoft.SourceLink.GitHub.GetSourceLinkUrl" görevini yürütme tamamlandı.
   1:7>"ECommerce.Infrastructure.csproj" projesinde "_InitializeGitHubSourceLinkUrl" hedefini oluşturma tamamlandı.
   1:7>"C:\Users\mrkfk\OneDrive\Desktop\Projelerim\ECommerce\src\Infrastructure\ECommerce.Infrastructure\ECommerce.Infrastructure.csproj" projesinin "C:\Program Files\dotnet\sdk\10.0.100\Sdks\Microsoft.SourceLink.GitHub\build\Microsoft.SourceLink.GitHub.targets" dosyasındaki "_InitializeGitHubSourceLinkUrl" hedefi ("_GenerateSourceLinkFile" hedefi buna bağımlı):
       "_InitializeGitHubSourceLinkUrl" hedefi tam olarak oluşturuluyor.
       Giriş dosyası belirtilmedi.
       "Microsoft.SourceLink.GitHub.GetSourceLinkUrl" görevi
       "Microsoft.SourceLink.GitHub.GetSourceLinkUrl" görevini yürütme tamamlandı.
   1:7>"ECommerce.Infrastructure.csproj" projesinde "_InitializeGitHubSourceLinkUrl" hedefini oluşturma tamamlandı.
   1:7>"C:\Users\mrkfk\OneDrive\Desktop\Projelerim\ECommerce\src\Infrastructure\ECommerce.Infrastructure\ECommerce.Infrastructure.csproj" projesinin "C:\Program Files\dotnet\sdk\10.0.100\Sdks\Microsoft.SourceLink.GitLab\build\Microsoft.SourceLink.GitLab.targets" dosyasındaki "_InitializeGitLabSourceLinkUrl" hedefi ("_GenerateSourceLinkFile" hedefi buna bağımlı):
       "_InitializeGitLabSourceLinkUrl" hedefi tam olarak oluşturuluyor.
       Giriş dosyası belirtilmedi.
       "C:\Program Files\dotnet\sdk\10.0.100\Sdks\Microsoft.SourceLink.GitLab\build\..\tools\net\Microsoft.SourceLink.GitLab.dll" derlemesindeki "Microsoft.SourceLink.GitLab.GetSourceLinkUrl" görevi kullanılıyor.
       "Microsoft.SourceLink.GitLab.GetSourceLinkUrl" görevi
       C:\Program Files\dotnet\sdk\10.0.100\Sdks\Microsoft.SourceLink.GitLab\build\Microsoft.SourceLink.GitLab.targets(37,7): message : Özellik yeniden ataması: $(_SourceLinkUrlToUpdate)="N/A" (önceki değer: "https://raw.githubusercontent.com/mrkfks/ECommerce/b31692038cd7204c9ac3d7885e7c29e0a8a8615d/*") konum: C:\Program Files\dotnet\sdk\10.0.100\Sdks\Microsoft.SourceLink.GitLab\build\Microsoft.SourceLink.GitLab.targets (37,7) [C:\Users\mrkfk\OneDrive\Desktop\Projelerim\ECommerce\src\Infrastructure\ECommerce.Infrastructure\ECommerce.Infrastructure.csproj]
       "Microsoft.SourceLink.GitLab.GetSourceLinkUrl" görevini yürütme tamamlandı.
   1:7>"ECommerce.Infrastructure.csproj" projesinde "_InitializeGitLabSourceLinkUrl" hedefini oluşturma tamamlandı.
   1:7>"C:\Users\mrkfk\OneDrive\Desktop\Projelerim\ECommerce\src\Infrastructure\ECommerce.Infrastructure\ECommerce.Infrastructure.csproj" projesinin "C:\Program Files\dotnet\sdk\10.0.100\Sdks\Microsoft.SourceLink.GitLab\build\Microsoft.SourceLink.GitLab.targets" dosyasındaki "_InitializeGitLabSourceLinkUrl" hedefi ("_GenerateSourceLinkFile" hedefi buna bağımlı):
       "_InitializeGitLabSourceLinkUrl" hedefi tam olarak oluşturuluyor.
       Giriş dosyası belirtilmedi.
       "Microsoft.SourceLink.GitLab.GetSourceLinkUrl" görevi
       C:\Program Files\dotnet\sdk\10.0.100\Sdks\Microsoft.SourceLink.GitLab\build\Microsoft.SourceLink.GitLab.targets(37,7): message : Özellik yeniden ataması: $(_SourceLinkUrlToUpdate)="N/A" (önceki değer: "https://raw.githubusercontent.com/mrkfks/ECommerce/b31692038cd7204c9ac3d7885e7c29e0a8a8615d/*") konum: C:\Program Files\dotnet\sdk\10.0.100\Sdks\Microsoft.SourceLink.GitLab\build\Microsoft.SourceLink.GitLab.targets (37,7) [C:\Users\mrkfk\OneDrive\Desktop\Projelerim\ECommerce\src\Infrastructure\ECommerce.Infrastructure\ECommerce.Infrastructure.csproj]
       "Microsoft.SourceLink.GitLab.GetSourceLinkUrl" görevini yürütme tamamlandı.
   1:7>"ECommerce.Infrastructure.csproj" projesinde "_InitializeGitLabSourceLinkUrl" hedefini oluşturma tamamlandı.
   1:7>"C:\Users\mrkfk\OneDrive\Desktop\Projelerim\ECommerce\src\Infrastructure\ECommerce.Infrastructure\ECommerce.Infrastructure.csproj" projesinin "C:\Program Files\dotnet\sdk\10.0.100\Sdks\Microsoft.SourceLink.GitLab\build\Microsoft.SourceLink.GitLab.targets" dosyasındaki "_InitializeGitLabSourceLinkUrl" hedefi ("_GenerateSourceLinkFile" hedefi buna bağımlı):
       "_InitializeGitLabSourceLinkUrl" hedefi tam olarak oluşturuluyor.
       Giriş dosyası belirtilmedi.
       "Microsoft.SourceLink.GitLab.GetSourceLinkUrl" görevi
       C:\Program Files\dotnet\sdk\10.0.100\Sdks\Microsoft.SourceLink.GitLab\build\Microsoft.SourceLink.GitLab.targets(37,7): message : Özellik yeniden ataması: $(_SourceLinkUrlToUpdate)="N/A" (önceki değer: "https://raw.githubusercontent.com/mrkfks/ECommerce/b31692038cd7204c9ac3d7885e7c29e0a8a8615d/*") konum: C:\Program Files\dotnet\sdk\10.0.100\Sdks\Microsoft.SourceLink.GitLab\build\Microsoft.SourceLink.GitLab.targets (37,7) [C:\Users\mrkfk\OneDrive\Desktop\Projelerim\ECommerce\src\Infrastructure\ECommerce.Infrastructure\ECommerce.Infrastructure.csproj]
       "Microsoft.SourceLink.GitLab.GetSourceLinkUrl" görevini yürütme tamamlandı.
   1:7>"ECommerce.Infrastructure.csproj" projesinde "_InitializeGitLabSourceLinkUrl" hedefini oluşturma tamamlandı.
   1:7>"C:\Users\mrkfk\OneDrive\Desktop\Projelerim\ECommerce\src\Infrastructure\ECommerce.Infrastructure\ECommerce.Infrastructure.csproj" projesinin "C:\Program Files\dotnet\sdk\10.0.100\Sdks\Microsoft.SourceLink.AzureRepos.Git\build\Microsoft.SourceLink.AzureRepos.Git.targets" dosyasındaki "_InitializeAzureReposGitSourceLinkUrl" hedefi ("_GenerateSourceLinkFile" hedefi buna bağımlı):
       "_InitializeAzureReposGitSourceLinkUrl" hedefi tam olarak oluşturuluyor.
       Giriş dosyası belirtilmedi.
       "C:\Program Files\dotnet\sdk\10.0.100\Sdks\Microsoft.SourceLink.AzureRepos.Git\build\..\tools\net\Microsoft.SourceLink.AzureRepos.Git.dll" derlemesindeki "Microsoft.SourceLink.AzureRepos.Git.GetSourceLinkUrl" görevi kullanılıyor.
       "Microsoft.SourceLink.AzureRepos.Git.GetSourceLinkUrl" görevi
       "Microsoft.SourceLink.AzureRepos.Git.GetSourceLinkUrl" görevini yürütme tamamlandı.
   1:7>"ECommerce.Infrastructure.csproj" projesinde "_InitializeAzureReposGitSourceLinkUrl" hedefini oluşturma tamamlandı.
   1:7>"C:\Users\mrkfk\OneDrive\Desktop\Projelerim\ECommerce\src\Infrastructure\ECommerce.Infrastructure\ECommerce.Infrastructure.csproj" projesinin "C:\Program Files\dotnet\sdk\10.0.100\Sdks\Microsoft.SourceLink.AzureRepos.Git\build\Microsoft.SourceLink.AzureRepos.Git.targets" dosyasındaki "_InitializeAzureReposGitSourceLinkUrl" hedefi ("_GenerateSourceLinkFile" hedefi buna bağımlı):
       "_InitializeAzureReposGitSourceLinkUrl" hedefi tam olarak oluşturuluyor.
       Giriş dosyası belirtilmedi.
       "Microsoft.SourceLink.AzureRepos.Git.GetSourceLinkUrl" görevi
       "Microsoft.SourceLink.AzureRepos.Git.GetSourceLinkUrl" görevini yürütme tamamlandı.
   1:7>"ECommerce.Infrastructure.csproj" projesinde "_InitializeAzureReposGitSourceLinkUrl" hedefini oluşturma tamamlandı.
   1:7>"C:\Users\mrkfk\OneDrive\Desktop\Projelerim\ECommerce\src\Infrastructure\ECommerce.Infrastructure\ECommerce.Infrastructure.csproj" projesinin "C:\Program Files\dotnet\sdk\10.0.100\Sdks\Microsoft.SourceLink.AzureRepos.Git\build\Microsoft.SourceLink.AzureRepos.Git.targets" dosyasındaki "_InitializeAzureReposGitSourceLinkUrl" hedefi ("_GenerateSourceLinkFile" hedefi buna bağımlı):
       "_InitializeAzureReposGitSourceLinkUrl" hedefi tam olarak oluşturuluyor.
       Giriş dosyası belirtilmedi.
       "Microsoft.SourceLink.AzureRepos.Git.GetSourceLinkUrl" görevi
       "Microsoft.SourceLink.AzureRepos.Git.GetSourceLinkUrl" görevini yürütme tamamlandı.
   1:7>"ECommerce.Infrastructure.csproj" projesinde "_InitializeAzureReposGitSourceLinkUrl" hedefini oluşturma tamamlandı.
   1:7>"C:\Users\mrkfk\OneDrive\Desktop\Projelerim\ECommerce\src\Infrastructure\ECommerce.Infrastructure\ECommerce.Infrastructure.csproj" projesinin "C:\Program Files\dotnet\sdk\10.0.100\Sdks\Microsoft.SourceLink.Bitbucket.Git\build\Microsoft.SourceLink.Bitbucket.Git.targets" dosyasındaki "_InitializeBitbucketGitSourceLinkUrl" hedefi ("_GenerateSourceLinkFile" hedefi buna bağımlı):
       "_InitializeBitbucketGitSourceLinkUrl" hedefi tam olarak oluşturuluyor.
       Giriş dosyası belirtilmedi.
       "C:\Program Files\dotnet\sdk\10.0.100\Sdks\Microsoft.SourceLink.Bitbucket.Git\build\..\tools\net\Microsoft.SourceLink.Bitbucket.Git.dll" derlemesindeki "Microsoft.SourceLink.Bitbucket.Git.GetSourceLinkUrl" görevi kullanılıyor.
       "Microsoft.SourceLink.Bitbucket.Git.GetSourceLinkUrl" görevi
       "Microsoft.SourceLink.Bitbucket.Git.GetSourceLinkUrl" görevini yürütme tamamlandı.
   1:7>"ECommerce.Infrastructure.csproj" projesinde "_InitializeBitbucketGitSourceLinkUrl" hedefini oluşturma tamamlandı.
   1:7>"C:\Users\mrkfk\OneDrive\Desktop\Projelerim\ECommerce\src\Infrastructure\ECommerce.Infrastructure\ECommerce.Infrastructure.csproj" projesinin "C:\Program Files\dotnet\sdk\10.0.100\Sdks\Microsoft.SourceLink.Bitbucket.Git\build\Microsoft.SourceLink.Bitbucket.Git.targets" dosyasındaki "_InitializeBitbucketGitSourceLinkUrl" hedefi ("_GenerateSourceLinkFile" hedefi buna bağımlı):
       "_InitializeBitbucketGitSourceLinkUrl" hedefi tam olarak oluşturuluyor.
       Giriş dosyası belirtilmedi.
       "Microsoft.SourceLink.Bitbucket.Git.GetSourceLinkUrl" görevi
       "Microsoft.SourceLink.Bitbucket.Git.GetSourceLinkUrl" görevini yürütme tamamlandı.
   1:7>"ECommerce.Infrastructure.csproj" projesinde "_InitializeBitbucketGitSourceLinkUrl" hedefini oluşturma tamamlandı.
   1:7>"C:\Users\mrkfk\OneDrive\Desktop\Projelerim\ECommerce\src\Infrastructure\ECommerce.Infrastructure\ECommerce.Infrastructure.csproj" projesinin "C:\Program Files\dotnet\sdk\10.0.100\Sdks\Microsoft.SourceLink.Bitbucket.Git\build\Microsoft.SourceLink.Bitbucket.Git.targets" dosyasındaki "_InitializeBitbucketGitSourceLinkUrl" hedefi ("_GenerateSourceLinkFile" hedefi buna bağımlı):
       "_InitializeBitbucketGitSourceLinkUrl" hedefi tam olarak oluşturuluyor.
       Giriş dosyası belirtilmedi.
       "Microsoft.SourceLink.Bitbucket.Git.GetSourceLinkUrl" görevi
       "Microsoft.SourceLink.Bitbucket.Git.GetSourceLinkUrl" görevini yürütme tamamlandı.
   1:7>"ECommerce.Infrastructure.csproj" projesinde "_InitializeBitbucketGitSourceLinkUrl" hedefini oluşturma tamamlandı.
   1:7>"C:\Users\mrkfk\OneDrive\Desktop\Projelerim\ECommerce\src\Infrastructure\ECommerce.Infrastructure\ECommerce.Infrastructure.csproj" projesinin "C:\Program Files\dotnet\sdk\10.0.100\Sdks\Microsoft.SourceLink.Common\build\Microsoft.SourceLink.Common.targets" dosyasındaki "_GenerateSourceLinkFile" hedefi ("GenerateSourceLinkFile" hedefi buna bağımlı):
       "_GenerateSourceLinkFile" hedefi tam olarak oluşturuluyor.
       Giriş dosyası belirtilmedi.
       "C:\Program Files\dotnet\sdk\10.0.100\Sdks\Microsoft.SourceLink.Common\build\..\tools\net\Microsoft.SourceLink.Common.dll" derlemesindeki "Microsoft.SourceLink.Common.GenerateSourceLinkFile" görevi kullanılıyor.
       "Microsoft.SourceLink.Common.GenerateSourceLinkFile" görevi
         'obj\Debug\net9.0\ECommerce.Infrastructure.sourcelink.json' Source Link dosyası güncel.
       "Microsoft.SourceLink.Common.GenerateSourceLinkFile" görevini yürütme tamamlandı.
   1:7>"ECommerce.Infrastructure.csproj" projesinde "_GenerateSourceLinkFile" hedefini oluşturma tamamlandı.
   1:7>"C:\Users\mrkfk\OneDrive\Desktop\Projelerim\ECommerce\src\Infrastructure\ECommerce.Infrastructure\ECommerce.Infrastructure.csproj" projesinin "C:\Program Files\dotnet\sdk\10.0.100\Sdks\Microsoft.SourceLink.Common\build\Microsoft.SourceLink.Common.targets" dosyasındaki "GenerateSourceLinkFile" hedefi ("CoreCompile" hedefi buna bağımlı):
   1:7>"ECommerce.Infrastructure.csproj" projesinde "GenerateSourceLinkFile" hedefini oluşturma tamamlandı.
   1:7>"C:\Users\mrkfk\OneDrive\Desktop\Projelerim\ECommerce\src\Infrastructure\ECommerce.Infrastructure\ECommerce.Infrastructure.csproj" projesinin "C:\Program Files\dotnet\sdk\10.0.100\Sdks\Microsoft.NET.Sdk\analyzers\build\Microsoft.CodeAnalysis.NetAnalyzers.targets" dosyasındaki "AddGlobalAnalyzerConfigForPackage_MicrosoftCodeAnalysisNetAnalyzers" hedefi ("CoreCompile" hedefi buna bağımlı):
   1:7>"ECommerce.Infrastructure.csproj" projesinde "AddGlobalAnalyzerConfigForPackage_MicrosoftCodeAnalysisNetAnalyzers" hedefini oluşturma tamamlandı.
   1:7>"C:\Users\mrkfk\OneDrive\Desktop\Projelerim\ECommerce\src\Infrastructure\ECommerce.Infrastructure\ECommerce.Infrastructure.csproj" projesinin "C:\Program Files\dotnet\sdk\10.0.100\Roslyn\Microsoft.CSharp.Core.targets" dosyasındaki "CoreCompile" hedefi ("Compile" hedefi buna bağımlı):
       "CoreCompile" hedefi tam olarak oluşturuluyor.
       "obj\Debug\net9.0\ECommerce.Infrastructure.dll" çıkış dosyası yok.
       C:\Program Files\dotnet\sdk\10.0.100\Roslyn\Microsoft.CSharp.Core.targets(66,7): message : Özellik yeniden ataması: $(NoWarn)="1701;1702;1701;1702" (önceki değer: "1701;1702") konum: C:\Program Files\dotnet\sdk\10.0.100\Roslyn\Microsoft.CSharp.Core.targets (66,7) [C:\Users\mrkfk\OneDrive\Desktop\Projelerim\ECommerce\src\Infrastructure\ECommerce.Infrastructure\ECommerce.Infrastructure.csproj]
       "C:\Program Files\dotnet\sdk\10.0.100\Sdks\Microsoft.NET.Sdk\targets\..\..\..\Roslyn\Microsoft.Build.Tasks.CodeAnalysis.dll" derlemesindeki "Csc" görevi kullanılıyor.
       "Csc" görevi
         Setting DOTNET_ROOT to 'C:\Program Files\dotnet'
         Araca geçirilen Ortam Değişkenleri:
           DOTNET_ROOT=C:\Program Files\dotnet
         C:\Program Files\dotnet\sdk\10.0.100\Roslyn\bincore\csc.exe /noconfig /unsafe- /checked- /nowarn:1701,1702,1701,1702 /fullpaths /nostdlib+ /errorreport:prompt /warn:9 /define:TRACE;DEBUG;NET;NET9_0;NETCOREAPP;NET5_0_OR_GREATER;NET6_0_OR_GREATER;NET7_0_OR_GREATER;NET8_0_OR_GREATER;NET9_0_OR_GREATER;NETCOREAPP1_0_OR_GREATER;NETCOREAPP1_1_OR_GREATER;NETCOREAPP2_0_OR_GREATER;NETCOREAPP2_1_OR_GREATER;NETCOREAPP2_2_OR_GREATER;NETCOREAPP3_0_OR_GREATER;NETCOREAPP3_1_OR_GREATER /highentropyva+ /nullable:enable /reference:C:\Users\mrkfk\.nuget\packages\automapper\12.0.1\lib\netstandard2.1\AutoMapper.dll /reference:C:\Users\mrkfk\.nuget\packages\automapper.extensions.microsoft.dependencyinjection\12.0.1\lib\netstandard2.1\AutoMapper.Extensions.Microsoft.DependencyInjection.dll /reference:C:\Users\mrkfk\.nuget\packages\azure.core\1.38.0\lib\net6.0\Azure.Core.dll /reference:C:\Users\mrkfk\.nuget\packages\azure.identity\1.11.4\lib\netstandard2.0\Azure.Identity.dll /reference:C:\Users\mrkfk\.nuget\packages\bcrypt.net-next\4.0.3\lib\net6.0\BCrypt.Net-Next.dll /reference:C:\Users\mrkfk\OneDrive\Desktop\Projelerim\ECommerce\src\Core\ECommerce.Application\obj\Debug\net9.0\ref\ECommerce.Application.dll /reference:C:\Users\mrkfk\OneDrive\Desktop\Projelerim\ECommerce\src\Core\ECommerce.Domain\obj\Debug\net9.0\ref\ECommerce.Domain.dll /reference:C:\Users\mrkfk\.nuget\packages\elasticsearch.net\7.17.5\lib\netstandard2.1\Elasticsearch.Net.dll /reference:C:\Users\mrkfk\.nuget\packages\fluentvalidation.dependencyinjectionextensions\11.11.0\lib\netstandard2.1\FluentValidation.DependencyInjectionExtensions.dll /reference:C:\Users\mrkfk\.nuget\packages\fluentvalidation\11.11.0\lib\net8.0\FluentValidation.dll /reference:C:\Users\mrkfk\.nuget\packages\microsoft.aspnetcore.app.ref\9.0.11\ref\net9.0\Microsoft.AspNetCore.Antiforgery.dll /reference:C:\Users\mrkfk\.nuget\packages\microsoft.aspnetcore.app.ref\9.0.11\ref\net9.0\Microsoft.AspNetCore.Authentication.Abstractions.dll /reference:C:\Users\mrkfk\.nuget\packages\microsoft.aspnetcore.app.ref\9.0.11\ref\net9.0\Microsoft.AspNetCore.Authentication.BearerToken.dll /reference:C:\Users\mrkfk\.nuget\packages\microsoft.aspnetcore.app.ref\9.0.11\ref\net9.0\Microsoft.AspNetCore.Authentication.Cookies.dll /reference:C:\Users\mrkfk\.nuget\packages\microsoft.aspnetcore.app.ref\9.0.11\ref\net9.0\Microsoft.AspNetCore.Authentication.Core.dll /reference:C:\Users\mrkfk\.nuget\packages\microsoft.aspnetcore.app.ref\9.0.11\ref\net9.0\Microsoft.AspNetCore.Authentication.dll /reference:C:\Users\mrkfk\.nuget\packages\microsoft.aspnetcore.app.ref\9.0.11\ref\net9.0\Microsoft.AspNetCore.Authentication.OAuth.dll /reference:C:\Users\mrkfk\.nuget\packages\microsoft.aspnetcore.app.ref\9.0.11\ref\net9.0\Microsoft.AspNetCore.Authorization.dll /reference:C:\Users\mrkfk\.nuget\packages\microsoft.aspnetcore.app.ref\9.0.11\ref\net9.0\Microsoft.AspNetCore.Authorization.Policy.dll /reference:C:\Users\mrkfk\.nuget\packages\microsoft.aspnetcore.app.ref\9.0.11\ref\net9.0\Microsoft.AspNetCore.Components.Authorization.dll /reference:C:\Users\mrkfk\.nuget\packages\microsoft.aspnetcore.app.ref\9.0.11\ref\net9.0\Microsoft.AspNetCore.Components.dll /reference:C:\Users\mrkfk\.nuget\packages\microsoft.aspnetcore.app.ref\9.0.11\ref\net9.0\Microsoft.AspNetCore.Components.Endpoints.dll /reference:C:\Users\mrkfk\.nuget\packages\microsoft.aspnetcore.app.ref\9.0.11\ref\net9.0\Microsoft.AspNetCore.Components.Forms.dll /reference:C:\Users\mrkfk\.nuget\packages\microsoft.aspnetcore.app.ref\9.0.11\ref\net9.0\Microsoft.AspNetCore.Components.Server.dll /reference:C:\Users\mrkfk\.nuget\packages\microsoft.aspnetcore.app.ref\9.0.11\ref\net9.0\Microsoft.AspNetCore.Components.Web.dll /reference:C:\Users\mrkfk\.nuget\packages\microsoft.aspnetcore.app.ref\9.0.11\ref\net9.0\Microsoft.AspNetCore.Connections.Abstractions.dll /reference:C:\Users\mrkfk\.nuget\packages\microsoft.aspnetcore.app.ref\9.0.11\ref\net9.0\Microsoft.AspNetCore.CookiePolicy.dll /reference:C:\Users\mrkfk\.nuget\packages\microsoft.aspnetcore.app.ref\9.0.11\ref\net9.0\Microsoft.AspNetCore.Cors.dll /reference:C:\Users\mrkfk\.nuget\packages\microsoft.aspnetcore.app.ref\9.0.11\ref\net9.0\Microsoft.AspNetCore.Cryptography.Internal.dll /reference:C:\Users\mrkfk\.nuget\packages\microsoft.aspnetcore.app.ref\9.0.11\ref\net9.0\Microsoft.AspNetCore.Cryptography.KeyDerivation.dll /reference:C:\Users\mrkfk\.nuget\packages\microsoft.aspnetcore.app.ref\9.0.11\ref\net9.0\Microsoft.AspNetCore.DataProtection.Abstractions.dll /reference:C:\Users\mrkfk\.nuget\packages\microsoft.aspnetcore.app.ref\9.0.11\ref\net9.0\Microsoft.AspNetCore.DataProtection.dll /reference:C:\Users\mrkfk\.nuget\packages\microsoft.aspnetcore.app.ref\9.0.11\ref\net9.0\Microsoft.AspNetCore.DataProtection.Extensions.dll /reference:C:\Users\mrkfk\.nuget\packages\microsoft.aspnetcore.app.ref\9.0.11\ref\net9.0\Microsoft.AspNetCore.Diagnostics.Abstractions.dll /reference:C:\Users\mrkfk\.nuget\packages\microsoft.aspnetcore.app.ref\9.0.11\ref\net9.0\Microsoft.AspNetCore.Diagnostics.dll /reference:C:\Users\mrkfk\.nuget\packages\microsoft.aspnetcore.app.ref\9.0.11\ref\net9.0\Microsoft.AspNetCore.Diagnostics.HealthChecks.dll /reference:C:\Users\mrkfk\.nuget\packages\microsoft.aspnetcore.app.ref\9.0.11\ref\net9.0\Microsoft.AspNetCore.dll /reference:C:\Users\mrkfk\.nuget\packages\microsoft.aspnetcore.app.ref\9.0.11\ref\net9.0\Microsoft.AspNetCore.HostFiltering.dll /reference:C:\Users\mrkfk\.nuget\packages\microsoft.aspnetcore.app.ref\9.0.11\ref\net9.0\Microsoft.AspNetCore.Hosting.Abstractions.dll /reference:C:\Users\mrkfk\.nuget\packages\microsoft.aspnetcore.app.ref\9.0.11\ref\net9.0\Microsoft.AspNetCore.Hosting.dll /reference:C:\Users\mrkfk\.nuget\packages\microsoft.aspnetcore.app.ref\9.0.11\ref\net9.0\Microsoft.AspNetCore.Hosting.Server.Abstractions.dll /reference:C:\Users\mrkfk\.nuget\packages\microsoft.aspnetcore.app.ref\9.0.11\ref\net9.0\Microsoft.AspNetCore.Html.Abstractions.dll /reference:C:\Users\mrkfk\.nuget\packages\microsoft.aspnetcore.app.ref\9.0.11\ref\net9.0\Microsoft.AspNetCore.Http.Abstractions.dll /reference:C:\Users\mrkfk\.nuget\packages\microsoft.aspnetcore.app.ref\9.0.11\ref\net9.0\Microsoft.AspNetCore.Http.Connections.Common.dll /reference:C:\Users\mrkfk\.nuget\packages\microsoft.aspnetcore.app.ref\9.0.11\ref\net9.0\Microsoft.AspNetCore.Http.Connections.dll /reference:C:\Users\mrkfk\.nuget\packages\microsoft.aspnetcore.app.ref\9.0.11\ref\net9.0\Microsoft.AspNetCore.Http.dll /reference:C:\Users\mrkfk\.nuget\packages\microsoft.aspnetcore.app.ref\9.0.11\ref\net9.0\Microsoft.AspNetCore.Http.Extensions.dll /reference:C:\Users\mrkfk\.nuget\packages\microsoft.aspnetcore.app.ref\9.0.11\ref\net9.0\Microsoft.AspNetCore.Http.Features.dll /reference:C:\Users\mrkfk\.nuget\packages\microsoft.aspnetcore.app.ref\9.0.11\ref\net9.0\Microsoft.AspNetCore.Http.Results.dll /reference:C:\Users\mrkfk\.nuget\packages\microsoft.aspnetcore.app.ref\9.0.11\ref\net9.0\Microsoft.AspNetCore.HttpLogging.dll /reference:C:\Users\mrkfk\.nuget\packages\microsoft.aspnetcore.app.ref\9.0.11\ref\net9.0\Microsoft.AspNetCore.HttpOverrides.dll /reference:C:\Users\mrkfk\.nuget\packages\microsoft.aspnetcore.app.ref\9.0.11\ref\net9.0\Microsoft.AspNetCore.HttpsPolicy.dll /reference:C:\Users\mrkfk\.nuget\packages\microsoft.aspnetcore.app.ref\9.0.11\ref\net9.0\Microsoft.AspNetCore.Identity.dll /reference:C:\Users\mrkfk\.nuget\packages\microsoft.aspnetcore.app.ref\9.0.11\ref\net9.0\Microsoft.AspNetCore.Localization.dll /reference:C:\Users\mrkfk\.nuget\packages\microsoft.aspnetcore.app.ref\9.0.11\ref\net9.0\Microsoft.AspNetCore.Localization.Routing.dll /reference:C:\Users\mrkfk\.nuget\packages\microsoft.aspnetcore.app.ref\9.0.11\ref\net9.0\Microsoft.AspNetCore.Metadata.dll /reference:C:\Users\mrkfk\.nuget\packages\microsoft.aspnetcore.app.ref\9.0.11\ref\net9.0\Microsoft.AspNetCore.Mvc.Abstractions.dll /reference:C:\Users\mrkfk\.nuget\packages\microsoft.aspnetcore.app.ref\9.0.11\ref\net9.0\Microsoft.AspNetCore.Mvc.ApiExplorer.dll /reference:C:\Users\mrkfk\.nuget\packages\microsoft.aspnetcore.app.ref\9.0.11\ref\net9.0\Microsoft.AspNetCore.Mvc.Core.dll /reference:C:\Users\mrkfk\.nuget\packages\microsoft.aspnetcore.app.ref\9.0.11\ref\net9.0\Microsoft.AspNetCore.Mvc.Cors.dll /reference:C:\Users\mrkfk\.nuget\packages\microsoft.aspnetcore.app.ref\9.0.11\ref\net9.0\Microsoft.AspNetCore.Mvc.DataAnnotations.dll /reference:C:\Users\mrkfk\.nuget\packages\microsoft.aspnetcore.app.ref\9.0.11\ref\net9.0\Microsoft.AspNetCore.Mvc.dll /reference:C:\Users\mrkfk\.nuget\packages\microsoft.aspnetcore.app.ref\9.0.11\ref\net9.0\Microsoft.AspNetCore.Mvc.Formatters.Json.dll /reference:C:\Users\mrkfk\.nuget\packages\microsoft.aspnetcore.app.ref\9.0.11\ref\net9.0\Microsoft.AspNetCore.Mvc.Formatters.Xml.dll /reference:C:\Users\mrkfk\.nuget\packages\microsoft.aspnetcore.app.ref\9.0.11\ref\net9.0\Microsoft.AspNetCore.Mvc.Localization.dll /reference:C:\Users\mrkfk\.nuget\packages\microsoft.aspnetcore.app.ref\9.0.11\ref\net9.0\Microsoft.AspNetCore.Mvc.Razor.dll /reference:C:\Users\mrkfk\.nuget\packages\microsoft.aspnetcore.app.ref\9.0.11\ref\net9.0\Microsoft.AspNetCore.Mvc.RazorPages.dll /reference:C:\Users\mrkfk\.nuget\packages\microsoft.aspnetcore.app.ref\9.0.11\ref\net9.0\Microsoft.AspNetCore.Mvc.TagHelpers.dll /reference:C:\Users\mrkfk\.nuget\packages\microsoft.aspnetcore.app.ref\9.0.11\ref\net9.0\Microsoft.AspNetCore.Mvc.ViewFeatures.dll /reference:C:\Users\mrkfk\.nuget\packages\microsoft.aspnetcore.app.ref\9.0.11\ref\net9.0\Microsoft.AspNetCore.OutputCaching.dll /reference:C:\Users\mrkfk\.nuget\packages\microsoft.aspnetcore.app.ref\9.0.11\ref\net9.0\Microsoft.AspNetCore.RateLimiting.dll /reference:C:\Users\mrkfk\.nuget\packages\microsoft.aspnetcore.app.ref\9.0.11\ref\net9.0\Microsoft.AspNetCore.Razor.dll /reference:C:\Users\mrkfk\.nuget\packages\microsoft.aspnetcore.app.ref\9.0.11\ref\net9.0\Microsoft.AspNetCore.Razor.Runtime.dll /reference:C:\Users\mrkfk\.nuget\packages\microsoft.aspnetcore.app.ref\9.0.11\ref\net9.0\Microsoft.AspNetCore.RequestDecompression.dll /reference:C:\Users\mrkfk\.nuget\packages\microsoft.aspnetcore.app.ref\9.0.11\ref\net9.0\Microsoft.AspNetCore.ResponseCaching.Abstractions.dll /reference:C:\Users\mrkfk\.nuget\packages\microsoft.aspnetcore.app.ref\9.0.11\ref\net9.0\Microsoft.AspNetCore.ResponseCaching.dll /reference:C:\Users\mrkfk\.nuget\packages\microsoft.aspnetcore.app.ref\9.0.11\ref\net9.0\Microsoft.AspNetCore.ResponseCompression.dll /reference:C:\Users\mrkfk\.nuget\packages\microsoft.aspnetcore.app.ref\9.0.11\ref\net9.0\Microsoft.AspNetCore.Rewrite.dll /reference:C:\Users\mrkfk\.nuget\packages\microsoft.aspnetcore.app.ref\9.0.11\ref\net9.0\Microsoft.AspNetCore.Routing.Abstractions.dll /reference:C:\Users\mrkfk\.nuget\packages\microsoft.aspnetcore.app.ref\9.0.11\ref\net9.0\Microsoft.AspNetCore.Routing.dll /reference:C:\Users\mrkfk\.nuget\packages\microsoft.aspnetcore.app.ref\9.0.11\ref\net9.0\Microsoft.AspNetCore.Server.HttpSys.dll /reference:C:\Users\mrkfk\.nuget\packages\microsoft.aspnetcore.app.ref\9.0.11\ref\net9.0\Microsoft.AspNetCore.Server.IIS.dll /reference:C:\Users\mrkfk\.nuget\packages\microsoft.aspnetcore.app.ref\9.0.11\ref\net9.0\Microsoft.AspNetCore.Server.IISIntegration.dll /reference:C:\Users\mrkfk\.nuget\packages\microsoft.aspnetcore.app.ref\9.0.11\ref\net9.0\Microsoft.AspNetCore.Server.Kestrel.Core.dll /reference:C:\Users\mrkfk\.nuget\packages\microsoft.aspnetcore.app.ref\9.0.11\ref\net9.0\Microsoft.AspNetCore.Server.Kestrel.dll /reference:C:\Users\mrkfk\.nuget\packages\microsoft.aspnetcore.app.ref\9.0.11\ref\net9.0\Microsoft.AspNetCore.Server.Kestrel.Transport.NamedPipes.dll /reference:C:\Users\mrkfk\.nuget\packages\microsoft.aspnetcore.app.ref\9.0.11\ref\net9.0\Microsoft.AspNetCore.Server.Kestrel.Transport.Quic.dll /reference:C:\Users\mrkfk\.nuget\packages\microsoft.aspnetcore.app.ref\9.0.11\ref\net9.0\Microsoft.AspNetCore.Server.Kestrel.Transport.Sockets.dll /reference:C:\Users\mrkfk\.nuget\packages\microsoft.aspnetcore.app.ref\9.0.11\ref\net9.0\Microsoft.AspNetCore.Session.dll /reference:C:\Users\mrkfk\.nuget\packages\microsoft.aspnetcore.app.ref\9.0.11\ref\net9.0\Microsoft.AspNetCore.SignalR.Common.dll /reference:C:\Users\mrkfk\.nuget\packages\microsoft.aspnetcore.app.ref\9.0.11\ref\net9.0\Microsoft.AspNetCore.SignalR.Core.dll /reference:C:\Users\mrkfk\.nuget\packages\microsoft.aspnetcore.app.ref\9.0.11\ref\net9.0\Microsoft.AspNetCore.SignalR.dll /reference:C:\Users\mrkfk\.nuget\packages\microsoft.aspnetcore.app.ref\9.0.11\ref\net9.0\Microsoft.AspNetCore.SignalR.Protocols.Json.dll /reference:C:\Users\mrkfk\.nuget\packages\microsoft.aspnetcore.app.ref\9.0.11\ref\net9.0\Microsoft.AspNetCore.StaticAssets.dll /reference:C:\Users\mrkfk\.nuget\packages\microsoft.aspnetcore.app.ref\9.0.11\ref\net9.0\Microsoft.AspNetCore.StaticFiles.dll /reference:C:\Users\mrkfk\.nuget\packages\microsoft.aspnetcore.app.ref\9.0.11\ref\net9.0\Microsoft.AspNetCore.WebSockets.dll /reference:C:\Users\mrkfk\.nuget\packages\microsoft.aspnetcore.app.ref\9.0.11\ref\net9.0\Microsoft.AspNetCore.WebUtilities.dll /reference:C:\Users\mrkfk\.nuget\packages\microsoft.bcl.asyncinterfaces\7.0.0\lib\netstandard2.1\Microsoft.Bcl.AsyncInterfaces.dll /reference:C:\Users\mrkfk\.nuget\packages\microsoft.netcore.app.ref\9.0.11\ref\net9.0\Microsoft.CSharp.dll /reference:C:\Users\mrkfk\.nuget\packages\microsoft.data.sqlclient\5.1.6\ref\net6.0\Microsoft.Data.SqlClient.dll /reference:C:\Users\mrkfk\.nuget\packages\microsoft.data.sqlite.core\9.0.0\lib\net8.0\Microsoft.Data.Sqlite.dll /reference:C:\Users\mrkfk\.nuget\packages\microsoft.entityframeworkcore.abstractions\9.0.0\lib\net8.0\Microsoft.EntityFrameworkCore.Abstractions.dll /reference:C:\Users\mrkfk\.nuget\packages\microsoft.entityframeworkcore\9.0.0\lib\net8.0\Microsoft.EntityFrameworkCore.dll /reference:C:\Users\mrkfk\.nuget\packages\microsoft.entityframeworkcore.relational\9.0.0\lib\net8.0\Microsoft.EntityFrameworkCore.Relational.dll /reference:C:\Users\mrkfk\.nuget\packages\microsoft.entityframeworkcore.sqlite.core\9.0.0\lib\net8.0\Microsoft.EntityFrameworkCore.Sqlite.dll /reference:C:\Users\mrkfk\.nuget\packages\microsoft.entityframeworkcore.sqlserver\9.0.0\lib\net8.0\Microsoft.EntityFrameworkCore.SqlServer.dll /reference:C:\Users\mrkfk\.nuget\packages\microsoft.aspnetcore.app.ref\9.0.11\ref\net9.0\Microsoft.Extensions.Caching.Abstractions.dll /reference:C:\Users\mrkfk\.nuget\packages\microsoft.aspnetcore.app.ref\9.0.11\ref\net9.0\Microsoft.Extensions.Caching.Memory.dll /reference:C:\Users\mrkfk\.nuget\packages\microsoft.aspnetcore.app.ref\9.0.11\ref\net9.0\Microsoft.Extensions.Configuration.Abstractions.dll /reference:C:\Users\mrkfk\.nuget\packages\microsoft.aspnetcore.app.ref\9.0.11\ref\net9.0\Microsoft.Extensions.Configuration.Binder.dll /reference:C:\Users\mrkfk\.nuget\packages\microsoft.aspnetcore.app.ref\9.0.11\ref\net9.0\Microsoft.Extensions.Configuration.CommandLine.dll /reference:C:\Users\mrkfk\.nuget\packages\microsoft.aspnetcore.app.ref\9.0.11\ref\net9.0\Microsoft.Extensions.Configuration.dll /reference:C:\Users\mrkfk\.nuget\packages\microsoft.aspnetcore.app.ref\9.0.11\ref\net9.0\Microsoft.Extensions.Configuration.EnvironmentVariables.dll /reference:C:\Users\mrkfk\.nuget\packages\microsoft.aspnetcore.app.ref\9.0.11\ref\net9.0\Microsoft.Extensions.Configuration.FileExtensions.dll /reference:C:\Users\mrkfk\.nuget\packages\microsoft.aspnetcore.app.ref\9.0.11\ref\net9.0\Microsoft.Extensions.Configuration.Ini.dll /reference:C:\Users\mrkfk\.nuget\packages\microsoft.aspnetcore.app.ref\9.0.11\ref\net9.0\Microsoft.Extensions.Configuration.Json.dll /reference:C:\Users\mrkfk\.nuget\packages\microsoft.aspnetcore.app.ref\9.0.11\ref\net9.0\Microsoft.Extensions.Configuration.KeyPerFile.dll /reference:C:\Users\mrkfk\.nuget\packages\microsoft.aspnetcore.app.ref\9.0.11\ref\net9.0\Microsoft.Extensions.Configuration.UserSecrets.dll /reference:C:\Users\mrkfk\.nuget\packages\microsoft.aspnetcore.app.ref\9.0.11\ref\net9.0\Microsoft.Extensions.Configuration.Xml.dll /reference:C:\Users\mrkfk\.nuget\packages\microsoft.aspnetcore.app.ref\9.0.11\ref\net9.0\Microsoft.Extensions.DependencyInjection.Abstractions.dll /reference:C:\Users\mrkfk\.nuget\packages\microsoft.aspnetcore.app.ref\9.0.11\ref\net9.0\Microsoft.Extensions.DependencyInjection.dll /reference:C:\Users\mrkfk\.nuget\packages\microsoft.extensions.dependencymodel\9.0.0\lib\net9.0\Microsoft.Extensions.DependencyModel.dll /reference:C:\Users\mrkfk\.nuget\packages\microsoft.aspnetcore.app.ref\9.0.11\ref\net9.0\Microsoft.Extensions.Diagnostics.Abstractions.dll /reference:C:\Users\mrkfk\.nuget\packages\microsoft.aspnetcore.app.ref\9.0.11\ref\net9.0\Microsoft.Extensions.Diagnostics.dll /reference:C:\Users\mrkfk\.nuget\packages\microsoft.aspnetcore.app.ref\9.0.11\ref\net9.0\Microsoft.Extensions.Diagnostics.HealthChecks.Abstractions.dll /reference:C:\Users\mrkfk\.nuget\packages\microsoft.aspnetcore.app.ref\9.0.11\ref\net9.0\Microsoft.Extensions.Diagnostics.HealthChecks.dll /reference:C:\Users\mrkfk\.nuget\packages\microsoft.aspnetcore.app.ref\9.0.11\ref\net9.0\Microsoft.Extensions.Features.dll /reference:C:\Users\mrkfk\.nuget\packages\microsoft.aspnetcore.app.ref\9.0.11\ref\net9.0\Microsoft.Extensions.FileProviders.Abstractions.dll /reference:C:\Users\mrkfk\.nuget\packages\microsoft.aspnetcore.app.ref\9.0.11\ref\net9.0\Microsoft.Extensions.FileProviders.Composite.dll /reference:C:\Users\mrkfk\.nuget\packages\microsoft.aspnetcore.app.ref\9.0.11\ref\net9.0\Microsoft.Extensions.FileProviders.Embedded.dll /reference:C:\Users\mrkfk\.nuget\packages\microsoft.aspnetcore.app.ref\9.0.11\ref\net9.0\Microsoft.Extensions.FileProviders.Physical.dll /reference:C:\Users\mrkfk\.nuget\packages\microsoft.aspnetcore.app.ref\9.0.11\ref\net9.0\Microsoft.Extensions.FileSystemGlobbing.dll /reference:C:\Users\mrkfk\.nuget\packages\microsoft.aspnetcore.app.ref\9.0.11\ref\net9.0\Microsoft.Extensions.Hosting.Abstractions.dll /reference:C:\Users\mrkfk\.nuget\packages\microsoft.aspnetcore.app.ref\9.0.11\ref\net9.0\Microsoft.Extensions.Hosting.dll /reference:C:\Users\mrkfk\.nuget\packages\microsoft.aspnetcore.app.ref\9.0.11\ref\net9.0\Microsoft.Extensions.Http.dll /reference:C:\Users\mrkfk\.nuget\packages\microsoft.aspnetcore.app.ref\9.0.11\ref\net9.0\Microsoft.Extensions.Identity.Core.dll /reference:C:\Users\mrkfk\.nuget\packages\microsoft.aspnetcore.app.ref\9.0.11\ref\net9.0\Microsoft.Extensions.Identity.Stores.dll /reference:C:\Users\mrkfk\.nuget\packages\microsoft.aspnetcore.app.ref\9.0.11\ref\net9.0\Microsoft.Extensions.Localization.Abstractions.dll /reference:C:\Users\mrkfk\.nuget\packages\microsoft.aspnetcore.app.ref\9.0.11\ref\net9.0\Microsoft.Extensions.Localization.dll /reference:C:\Users\mrkfk\.nuget\packages\microsoft.aspnetcore.app.ref\9.0.11\ref\net9.0\Microsoft.Extensions.Logging.Abstractions.dll /reference:C:\Users\mrkfk\.nuget\packages\microsoft.aspnetcore.app.ref\9.0.11\ref\net9.0\Microsoft.Extensions.Logging.Configuration.dll /reference:C:\Users\mrkfk\.nuget\packages\microsoft.aspnetcore.app.ref\9.0.11\ref\net9.0\Microsoft.Extensions.Logging.Console.dll /reference:C:\Users\mrkfk\.nuget\packages\microsoft.aspnetcore.app.ref\9.0.11\ref\net9.0\Microsoft.Extensions.Logging.Debug.dll /reference:C:\Users\mrkfk\.nuget\packages\microsoft.aspnetcore.app.ref\9.0.11\ref\net9.0\Microsoft.Extensions.Logging.dll /reference:C:\Users\mrkfk\.nuget\packages\microsoft.aspnetcore.app.ref\9.0.11\ref\net9.0\Microsoft.Extensions.Logging.EventLog.dll /reference:C:\Users\mrkfk\.nuget\packages\microsoft.aspnetcore.app.ref\9.0.11\ref\net9.0\Microsoft.Extensions.Logging.EventSource.dll /reference:C:\Users\mrkfk\.nuget\packages\microsoft.aspnetcore.app.ref\9.0.11\ref\net9.0\Microsoft.Extensions.Logging.TraceSource.dll /reference:C:\Users\mrkfk\.nuget\packages\microsoft.aspnetcore.app.ref\9.0.11\ref\net9.0\Microsoft.Extensions.ObjectPool.dll /reference:C:\Users\mrkfk\.nuget\packages\microsoft.aspnetcore.app.ref\9.0.11\ref\net9.0\Microsoft.Extensions.Options.ConfigurationExtensions.dll /reference:C:\Users\mrkfk\.nuget\packages\microsoft.aspnetcore.app.ref\9.0.11\ref\net9.0\Microsoft.Extensions.Options.DataAnnotations.dll /reference:C:\Users\mrkfk\.nuget\packages\microsoft.aspnetcore.app.ref\9.0.11\ref\net9.0\Microsoft.Extensions.Options.dll /reference:C:\Users\mrkfk\.nuget\packages\microsoft.aspnetcore.app.ref\9.0.11\ref\net9.0\Microsoft.Extensions.Primitives.dll /reference:C:\Users\mrkfk\.nuget\packages\microsoft.aspnetcore.app.ref\9.0.11\ref\net9.0\Microsoft.Extensions.WebEncoders.dll /reference:C:\Users\mrkfk\.nuget\packages\microsoft.identity.client\4.61.3\lib\net6.0\Microsoft.Identity.Client.dll /reference:C:\Users\mrkfk\.nuget\packages\microsoft.identity.client.extensions.msal\4.61.3\lib\net6.0\Microsoft.Identity.Client.Extensions.Msal.dll /reference:C:\Users\mrkfk\.nuget\packages\microsoft.identitymodel.abstractions\8.2.1\lib\net9.0\Microsoft.IdentityModel.Abstractions.dll /reference:C:\Users\mrkfk\.nuget\packages\microsoft.identitymodel.jsonwebtokens\8.2.1\lib\net9.0\Microsoft.IdentityModel.JsonWebTokens.dll /reference:C:\Users\mrkfk\.nuget\packages\microsoft.identitymodel.logging\8.2.1\lib\net9.0\Microsoft.IdentityModel.Logging.dll /reference:C:\Users\mrkfk\.nuget\packages\microsoft.identitymodel.protocols\6.35.0\lib\net6.0\Microsoft.IdentityModel.Protocols.dll /reference:C:\Users\mrkfk\.nuget\packages\microsoft.identitymodel.protocols.openidconnect\6.35.0\lib\net6.0\Microsoft.IdentityModel.Protocols.OpenIdConnect.dll /reference:C:\Users\mrkfk\.nuget\packages\microsoft.identitymodel.tokens\8.2.1\lib\net9.0\Microsoft.IdentityModel.Tokens.dll /reference:C:\Users\mrkfk\.nuget\packages\microsoft.io.recyclablememorystream\3.0.1\lib\net6.0\Microsoft.IO.RecyclableMemoryStream.dll /reference:C:\Users\mrkfk\.nuget\packages\microsoft.aspnetcore.app.ref\9.0.11\ref\net9.0\Microsoft.JSInterop.dll /reference:C:\Users\mrkfk\.nuget\packages\microsoft.aspnetcore.app.ref\9.0.11\ref\net9.0\Microsoft.Net.Http.Headers.dll /reference:C:\Users\mrkfk\.nuget\packages\microsoft.sqlserver.server\1.0.0\lib\netstandard2.0\Microsoft.SqlServer.Server.dll /reference:C:\Users\mrkfk\.nuget\packages\microsoft.netcore.app.ref\9.0.11\ref\net9.0\Microsoft.VisualBasic.Core.dll /reference:C:\Users\mrkfk\.nuget\packages\microsoft.netcore.app.ref\9.0.11\ref\net9.0\Microsoft.VisualBasic.dll /reference:C:\Users\mrkfk\.nuget\packages\microsoft.netcore.app.ref\9.0.11\ref\net9.0\Microsoft.Win32.Primitives.dll /reference:C:\Users\mrkfk\.nuget\packages\microsoft.netcore.app.ref\9.0.11\ref\net9.0\Microsoft.Win32.Registry.dll /reference:C:\Users\mrkfk\.nuget\packages\microsoft.netcore.app.ref\9.0.11\ref\net9.0\mscorlib.dll /reference:C:\Users\mrkfk\.nuget\packages\nest\7.17.5\lib\netstandard2.0\Nest.dll /reference:C:\Users\mrkfk\.nuget\packages\microsoft.netcore.app.ref\9.0.11\ref\net9.0\netstandard.dll /reference:C:\Users\mrkfk\.nuget\packages\sixlabors.imagesharp\3.1.12\lib\net6.0\SixLabors.ImageSharp.dll /reference:C:\Users\mrkfk\.nuget\packages\sixlabors.imagesharp.web\3.2.0\lib\net6.0\SixLabors.ImageSharp.Web.dll /reference:C:\Users\mrkfk\.nuget\packages\sqlitepclraw.bundle_e_sqlite3\2.1.10\lib\netstandard2.0\SQLitePCLRaw.batteries_v2.dll /reference:C:\Users\mrkfk\.nuget\packages\sqlitepclraw.core\2.1.10\lib\netstandard2.0\SQLitePCLRaw.core.dll /reference:C:\Users\mrkfk\.nuget\packages\sqlitepclraw.provider.e_sqlite3\2.1.10\lib\net6.0\SQLitePCLRaw.provider.e_sqlite3.dll /reference:C:\Users\mrkfk\.nuget\packages\microsoft.netcore.app.ref\9.0.11\ref\net9.0\System.AppContext.dll /reference:C:\Users\mrkfk\.nuget\packages\microsoft.netcore.app.ref\9.0.11\ref\net9.0\System.Buffers.dll /reference:C:\Users\mrkfk\.nuget\packages\system.clientmodel\1.0.0\lib\net6.0\System.ClientModel.dll /reference:C:\Users\mrkfk\.nuget\packages\microsoft.netcore.app.ref\9.0.11\ref\net9.0\System.Collections.Concurrent.dll /reference:C:\Users\mrkfk\.nuget\packages\microsoft.netcore.app.ref\9.0.11\ref\net9.0\System.Collections.dll /reference:C:\Users\mrkfk\.nuget\packages\microsoft.netcore.app.ref\9.0.11\ref\net9.0\System.Collections.Immutable.dll /reference:C:\Users\mrkfk\.nuget\packages\microsoft.netcore.app.ref\9.0.11\ref\net9.0\System.Collections.NonGeneric.dll /reference:C:\Users\mrkfk\.nuget\packages\microsoft.netcore.app.ref\9.0.11\ref\net9.0\System.Collections.Specialized.dll /reference:C:\Users\mrkfk\.nuget\packages\microsoft.netcore.app.ref\9.0.11\ref\net9.0\System.ComponentModel.Annotations.dll /reference:C:\Users\mrkfk\.nuget\packages\microsoft.netcore.app.ref\9.0.11\ref\net9.0\System.ComponentModel.DataAnnotations.dll /reference:C:\Users\mrkfk\.nuget\packages\microsoft.netcore.app.ref\9.0.11\ref\net9.0\System.ComponentModel.dll /reference:C:\Users\mrkfk\.nuget\packages\microsoft.netcore.app.ref\9.0.11\ref\net9.0\System.ComponentModel.EventBasedAsync.dll /reference:C:\Users\mrkfk\.nuget\packages\microsoft.netcore.app.ref\9.0.11\ref\net9.0\System.ComponentModel.Primitives.dll /reference:C:\Users\mrkfk\.nuget\packages\microsoft.netcore.app.ref\9.0.11\ref\net9.0\System.ComponentModel.TypeConverter.dll /reference:C:\Users\mrkfk\.nuget\packages\microsoft.netcore.app.ref\9.0.11\ref\net9.0\System.Configuration.dll /reference:C:\Users\mrkfk\.nuget\packages\microsoft.netcore.app.ref\9.0.11\ref\net9.0\System.Console.dll /reference:C:\Users\mrkfk\.nuget\packages\microsoft.netcore.app.ref\9.0.11\ref\net9.0\System.Core.dll /reference:C:\Users\mrkfk\.nuget\packages\microsoft.netcore.app.ref\9.0.11\ref\net9.0\System.Data.Common.dll /reference:C:\Users\mrkfk\.nuget\packages\microsoft.netcore.app.ref\9.0.11\ref\net9.0\System.Data.DataSetExtensions.dll /reference:C:\Users\mrkfk\.nuget\packages\microsoft.netcore.app.ref\9.0.11\ref\net9.0\System.Data.dll /reference:C:\Users\mrkfk\.nuget\packages\microsoft.netcore.app.ref\9.0.11\ref\net9.0\System.Diagnostics.Contracts.dll /reference:C:\Users\mrkfk\.nuget\packages\microsoft.netcore.app.ref\9.0.11\ref\net9.0\System.Diagnostics.Debug.dll /reference:C:\Users\mrkfk\.nuget\packages\microsoft.netcore.app.ref\9.0.11\ref\net9.0\System.Diagnostics.DiagnosticSource.dll /reference:C:\Users\mrkfk\.nuget\packages\microsoft.aspnetcore.app.ref\9.0.11\ref\net9.0\System.Diagnostics.EventLog.dll /reference:C:\Users\mrkfk\.nuget\packages\microsoft.netcore.app.ref\9.0.11\ref\net9.0\System.Diagnostics.FileVersionInfo.dll /reference:C:\Users\mrkfk\.nuget\packages\microsoft.netcore.app.ref\9.0.11\ref\net9.0\System.Diagnostics.Process.dll /reference:C:\Users\mrkfk\.nuget\packages\microsoft.netcore.app.ref\9.0.11\ref\net9.0\System.Diagnostics.StackTrace.dll /reference:C:\Users\mrkfk\.nuget\packages\microsoft.netcore.app.ref\9.0.11\ref\net9.0\System.Diagnostics.TextWriterTraceListener.dll /reference:C:\Users\mrkfk\.nuget\packages\microsoft.netcore.app.ref\9.0.11\ref\net9.0\System.Diagnostics.Tools.dll /reference:C:\Users\mrkfk\.nuget\packages\microsoft.netcore.app.ref\9.0.11\ref\net9.0\System.Diagnostics.TraceSource.dll /reference:C:\Users\mrkfk\.nuget\packages\microsoft.netcore.app.ref\9.0.11\ref\net9.0\System.Diagnostics.Tracing.dll /reference:C:\Users\mrkfk\.nuget\packages\microsoft.netcore.app.ref\9.0.11\ref\net9.0\System.dll /reference:C:\Users\mrkfk\.nuget\packages\microsoft.netcore.app.ref\9.0.11\ref\net9.0\System.Drawing.dll /reference:C:\Users\mrkfk\.nuget\packages\microsoft.netcore.app.ref\9.0.11\ref\net9.0\System.Drawing.Primitives.dll /reference:C:\Users\mrkfk\.nuget\packages\microsoft.netcore.app.ref\9.0.11\ref\net9.0\System.Dynamic.Runtime.dll /reference:C:\Users\mrkfk\.nuget\packages\microsoft.netcore.app.ref\9.0.11\ref\net9.0\System.Formats.Asn1.dll /reference:C:\Users\mrkfk\.nuget\packages\microsoft.netcore.app.ref\9.0.11\ref\net9.0\System.Formats.Tar.dll /reference:C:\Users\mrkfk\.nuget\packages\microsoft.netcore.app.ref\9.0.11\ref\net9.0\System.Globalization.Calendars.dll /reference:C:\Users\mrkfk\.nuget\packages\microsoft.netcore.app.ref\9.0.11\ref\net9.0\System.Globalization.dll /reference:C:\Users\mrkfk\.nuget\packages\microsoft.netcore.app.ref\9.0.11\ref\net9.0\System.Globalization.Extensions.dll /reference:C:\Users\mrkfk\.nuget\packages\system.identitymodel.tokens.jwt\8.2.1\lib\net9.0\System.IdentityModel.Tokens.Jwt.dll /reference:C:\Users\mrkfk\.nuget\packages\microsoft.netcore.app.ref\9.0.11\ref\net9.0\System.IO.Compression.Brotli.dll /reference:C:\Users\mrkfk\.nuget\packages\microsoft.netcore.app.ref\9.0.11\ref\net9.0\System.IO.Compression.dll /reference:C:\Users\mrkfk\.nuget\packages\microsoft.netcore.app.ref\9.0.11\ref\net9.0\System.IO.Compression.FileSystem.dll /reference:C:\Users\mrkfk\.nuget\packages\microsoft.netcore.app.ref\9.0.11\ref\net9.0\System.IO.Compression.ZipFile.dll /reference:C:\Users\mrkfk\.nuget\packages\microsoft.netcore.app.ref\9.0.11\ref\net9.0\System.IO.dll /reference:C:\Users\mrkfk\.nuget\packages\microsoft.netcore.app.ref\9.0.11\ref\net9.0\System.IO.FileSystem.AccessControl.dll /reference:C:\Users\mrkfk\.nuget\packages\microsoft.netcore.app.ref\9.0.11\ref\net9.0\System.IO.FileSystem.dll /reference:C:\Users\mrkfk\.nuget\packages\microsoft.netcore.app.ref\9.0.11\ref\net9.0\System.IO.FileSystem.DriveInfo.dll /reference:C:\Users\mrkfk\.nuget\packages\microsoft.netcore.app.ref\9.0.11\ref\net9.0\System.IO.FileSystem.Primitives.dll /reference:C:\Users\mrkfk\.nuget\packages\microsoft.netcore.app.ref\9.0.11\ref\net9.0\System.IO.FileSystem.Watcher.dll /reference:C:\Users\mrkfk\.nuget\packages\microsoft.netcore.app.ref\9.0.11\ref\net9.0\System.IO.IsolatedStorage.dll /reference:C:\Users\mrkfk\.nuget\packages\microsoft.netcore.app.ref\9.0.11\ref\net9.0\System.IO.MemoryMappedFiles.dll /reference:C:\Users\mrkfk\.nuget\packages\microsoft.netcore.app.ref\9.0.11\ref\net9.0\System.IO.Pipelines.dll /reference:C:\Users\mrkfk\.nuget\packages\microsoft.netcore.app.ref\9.0.11\ref\net9.0\System.IO.Pipes.AccessControl.dll /reference:C:\Users\mrkfk\.nuget\packages\microsoft.netcore.app.ref\9.0.11\ref\net9.0\System.IO.Pipes.dll /reference:C:\Users\mrkfk\.nuget\packages\microsoft.netcore.app.ref\9.0.11\ref\net9.0\System.IO.UnmanagedMemoryStream.dll /reference:C:\Users\mrkfk\.nuget\packages\microsoft.netcore.app.ref\9.0.11\ref\net9.0\System.Linq.dll /reference:C:\Users\mrkfk\.nuget\packages\microsoft.netcore.app.ref\9.0.11\ref\net9.0\System.Linq.Expressions.dll /reference:C:\Users\mrkfk\.nuget\packages\microsoft.netcore.app.ref\9.0.11\ref\net9.0\System.Linq.Parallel.dll /reference:C:\Users\mrkfk\.nuget\packages\microsoft.netcore.app.ref\9.0.11\ref\net9.0\System.Linq.Queryable.dll /reference:C:\Users\mrkfk\.nuget\packages\system.memory.data\1.0.2\lib\netstandard2.0\System.Memory.Data.dll /reference:C:\Users\mrkfk\.nuget\packages\microsoft.netcore.app.ref\9.0.11\ref\net9.0\System.Memory.dll /reference:C:\Users\mrkfk\.nuget\packages\microsoft.netcore.app.ref\9.0.11\ref\net9.0\System.Net.dll /reference:C:\Users\mrkfk\.nuget\packages\microsoft.netcore.app.ref\9.0.11\ref\net9.0\System.Net.Http.dll /reference:C:\Users\mrkfk\.nuget\packages\microsoft.netcore.app.ref\9.0.11\ref\net9.0\System.Net.Http.Json.dll /reference:C:\Users\mrkfk\.nuget\packages\microsoft.netcore.app.ref\9.0.11\ref\net9.0\System.Net.HttpListener.dll /reference:C:\Users\mrkfk\.nuget\packages\microsoft.netcore.app.ref\9.0.11\ref\net9.0\System.Net.Mail.dll /reference:C:\Users\mrkfk\.nuget\packages\microsoft.netcore.app.ref\9.0.11\ref\net9.0\System.Net.NameResolution.dll /reference:C:\Users\mrkfk\.nuget\packages\microsoft.netcore.app.ref\9.0.11\ref\net9.0\System.Net.NetworkInformation.dll /reference:C:\Users\mrkfk\.nuget\packages\microsoft.netcore.app.ref\9.0.11\ref\net9.0\System.Net.Ping.dll /reference:C:\Users\mrkfk\.nuget\packages\microsoft.netcore.app.ref\9.0.11\ref\net9.0\System.Net.Primitives.dll /reference:C:\Users\mrkfk\.nuget\packages\microsoft.netcore.app.ref\9.0.11\ref\net9.0\System.Net.Quic.dll /reference:C:\Users\mrkfk\.nuget\packages\microsoft.netcore.app.ref\9.0.11\ref\net9.0\System.Net.Requests.dll /reference:C:\Users\mrkfk\.nuget\packages\microsoft.netcore.app.ref\9.0.11\ref\net9.0\System.Net.Security.dll /reference:C:\Users\mrkfk\.nuget\packages\microsoft.netcore.app.ref\9.0.11\ref\net9.0\System.Net.ServicePoint.dll /reference:C:\Users\mrkfk\.nuget\packages\microsoft.netcore.app.ref\9.0.11\ref\net9.0\System.Net.Sockets.dll /reference:C:\Users\mrkfk\.nuget\packages\microsoft.netcore.app.ref\9.0.11\ref\net9.0\System.Net.WebClient.dll /reference:C:\Users\mrkfk\.nuget\packages\microsoft.netcore.app.ref\9.0.11\ref\net9.0\System.Net.WebHeaderCollection.dll /reference:C:\Users\mrkfk\.nuget\packages\microsoft.netcore.app.ref\9.0.11\ref\net9.0\System.Net.WebProxy.dll /reference:C:\Users\mrkfk\.nuget\packages\microsoft.netcore.app.ref\9.0.11\ref\net9.0\System.Net.WebSockets.Client.dll /reference:C:\Users\mrkfk\.nuget\packages\microsoft.netcore.app.ref\9.0.11\ref\net9.0\System.Net.WebSockets.dll /reference:C:\Users\mrkfk\.nuget\packages\microsoft.netcore.app.ref\9.0.11\ref\net9.0\System.Numerics.dll /reference:C:\Users\mrkfk\.nuget\packages\microsoft.netcore.app.ref\9.0.11\ref\net9.0\System.Numerics.Vectors.dll /reference:C:\Users\mrkfk\.nuget\packages\microsoft.netcore.app.ref\9.0.11\ref\net9.0\System.ObjectModel.dll /reference:C:\Users\mrkfk\.nuget\packages\microsoft.netcore.app.ref\9.0.11\ref\net9.0\System.Reflection.DispatchProxy.dll /reference:C:\Users\mrkfk\.nuget\packages\microsoft.netcore.app.ref\9.0.11\ref\net9.0\System.Reflection.dll /reference:C:\Users\mrkfk\.nuget\packages\microsoft.netcore.app.ref\9.0.11\ref\net9.0\System.Reflection.Emit.dll /reference:C:\Users\mrkfk\.nuget\packages\microsoft.netcore.app.ref\9.0.11\ref\net9.0\System.Reflection.Emit.ILGeneration.dll /reference:C:\Users\mrkfk\.nuget\packages\microsoft.netcore.app.ref\9.0.11\ref\net9.0\System.Reflection.Emit.Lightweight.dll /reference:C:\Users\mrkfk\.nuget\packages\microsoft.netcore.app.ref\9.0.11\ref\net9.0\System.Reflection.Extensions.dll /reference:C:\Users\mrkfk\.nuget\packages\microsoft.netcore.app.ref\9.0.11\ref\net9.0\System.Reflection.Metadata.dll /reference:C:\Users\mrkfk\.nuget\packages\microsoft.netcore.app.ref\9.0.11\ref\net9.0\System.Reflection.Primitives.dll /reference:C:\Users\mrkfk\.nuget\packages\microsoft.netcore.app.ref\9.0.11\ref\net9.0\System.Reflection.TypeExtensions.dll /reference:C:\Users\mrkfk\.nuget\packages\microsoft.netcore.app.ref\9.0.11\ref\net9.0\System.Resources.Reader.dll /reference:C:\Users\mrkfk\.nuget\packages\microsoft.netcore.app.ref\9.0.11\ref\net9.0\System.Resources.ResourceManager.dll /reference:C:\Users\mrkfk\.nuget\packages\microsoft.netcore.app.ref\9.0.11\ref\net9.0\System.Resources.Writer.dll /reference:C:\Users\mrkfk\.nuget\packages\microsoft.netcore.app.ref\9.0.11\ref\net9.0\System.Runtime.CompilerServices.Unsafe.dll /reference:C:\Users\mrkfk\.nuget\packages\microsoft.netcore.app.ref\9.0.11\ref\net9.0\System.Runtime.CompilerServices.VisualC.dll /reference:C:\Users\mrkfk\.nuget\packages\microsoft.netcore.app.ref\9.0.11\ref\net9.0\System.Runtime.dll /reference:C:\Users\mrkfk\.nuget\packages\microsoft.netcore.app.ref\9.0.11\ref\net9.0\System.Runtime.Extensions.dll /reference:C:\Users\mrkfk\.nuget\packages\microsoft.netcore.app.ref\9.0.11\ref\net9.0\System.Runtime.Handles.dll /reference:C:\Users\mrkfk\.nuget\packages\microsoft.netcore.app.ref\9.0.11\ref\net9.0\System.Runtime.InteropServices.dll /reference:C:\Users\mrkfk\.nuget\packages\microsoft.netcore.app.ref\9.0.11\ref\net9.0\System.Runtime.InteropServices.JavaScript.dll /reference:C:\Users\mrkfk\.nuget\packages\microsoft.netcore.app.ref\9.0.11\ref\net9.0\System.Runtime.InteropServices.RuntimeInformation.dll /reference:C:\Users\mrkfk\.nuget\packages\microsoft.netcore.app.ref\9.0.11\ref\net9.0\System.Runtime.Intrinsics.dll /reference:C:\Users\mrkfk\.nuget\packages\microsoft.netcore.app.ref\9.0.11\ref\net9.0\System.Runtime.Loader.dll /reference:C:\Users\mrkfk\.nuget\packages\microsoft.netcore.app.ref\9.0.11\ref\net9.0\System.Runtime.Numerics.dll /reference:C:\Users\mrkfk\.nuget\packages\microsoft.netcore.app.ref\9.0.11\ref\net9.0\System.Runtime.Serialization.dll /reference:C:\Users\mrkfk\.nuget\packages\microsoft.netcore.app.ref\9.0.11\ref\net9.0\System.Runtime.Serialization.Formatters.dll /reference:C:\Users\mrkfk\.nuget\packages\microsoft.netcore.app.ref\9.0.11\ref\net9.0\System.Runtime.Serialization.Json.dll /reference:C:\Users\mrkfk\.nuget\packages\microsoft.netcore.app.ref\9.0.11\ref\net9.0\System.Runtime.Serialization.Primitives.dll /reference:C:\Users\mrkfk\.nuget\packages\microsoft.netcore.app.ref\9.0.11\ref\net9.0\System.Runtime.Serialization.Xml.dll /reference:C:\Users\mrkfk\.nuget\packages\microsoft.netcore.app.ref\9.0.11\ref\net9.0\System.Security.AccessControl.dll /reference:C:\Users\mrkfk\.nuget\packages\microsoft.netcore.app.ref\9.0.11\ref\net9.0\System.Security.Claims.dll /reference:C:\Users\mrkfk\.nuget\packages\microsoft.netcore.app.ref\9.0.11\ref\net9.0\System.Security.Cryptography.Algorithms.dll /reference:C:\Users\mrkfk\.nuget\packages\microsoft.netcore.app.ref\9.0.11\ref\net9.0\System.Security.Cryptography.Cng.dll /reference:C:\Users\mrkfk\.nuget\packages\microsoft.netcore.app.ref\9.0.11\ref\net9.0\System.Security.Cryptography.Csp.dll /reference:C:\Users\mrkfk\.nuget\packages\microsoft.netcore.app.ref\9.0.11\ref\net9.0\System.Security.Cryptography.dll /reference:C:\Users\mrkfk\.nuget\packages\microsoft.netcore.app.ref\9.0.11\ref\net9.0\System.Security.Cryptography.Encoding.dll /reference:C:\Users\mrkfk\.nuget\packages\microsoft.netcore.app.ref\9.0.11\ref\net9.0\System.Security.Cryptography.OpenSsl.dll /reference:C:\Users\mrkfk\.nuget\packages\microsoft.netcore.app.ref\9.0.11\ref\net9.0\System.Security.Cryptography.Primitives.dll /reference:C:\Users\mrkfk\.nuget\packages\system.security.cryptography.protecteddata\6.0.0\lib\net6.0\System.Security.Cryptography.ProtectedData.dll /reference:C:\Users\mrkfk\.nuget\packages\microsoft.netcore.app.ref\9.0.11\ref\net9.0\System.Security.Cryptography.X509Certificates.dll /reference:C:\Users\mrkfk\.nuget\packages\microsoft.aspnetcore.app.ref\9.0.11\ref\net9.0\System.Security.Cryptography.Xml.dll /reference:C:\Users\mrkfk\.nuget\packages\microsoft.netcore.app.ref\9.0.11\ref\net9.0\System.Security.dll /reference:C:\Users\mrkfk\.nuget\packages\microsoft.netcore.app.ref\9.0.11\ref\net9.0\System.Security.Principal.dll /reference:C:\Users\mrkfk\.nuget\packages\microsoft.netcore.app.ref\9.0.11\ref\net9.0\System.Security.Principal.Windows.dll /reference:C:\Users\mrkfk\.nuget\packages\microsoft.netcore.app.ref\9.0.11\ref\net9.0\System.Security.SecureString.dll /reference:C:\Users\mrkfk\.nuget\packages\microsoft.netcore.app.ref\9.0.11\ref\net9.0\System.ServiceModel.Web.dll /reference:C:\Users\mrkfk\.nuget\packages\microsoft.netcore.app.ref\9.0.11\ref\net9.0\System.ServiceProcess.dll /reference:C:\Users\mrkfk\.nuget\packages\microsoft.netcore.app.ref\9.0.11\ref\net9.0\System.Text.Encoding.CodePages.dll /reference:C:\Users\mrkfk\.nuget\packages\microsoft.netcore.app.ref\9.0.11\ref\net9.0\System.Text.Encoding.dll /reference:C:\Users\mrkfk\.nuget\packages\microsoft.netcore.app.ref\9.0.11\ref\net9.0\System.Text.Encoding.Extensions.dll /reference:C:\Users\mrkfk\.nuget\packages\microsoft.netcore.app.ref\9.0.11\ref\net9.0\System.Text.Encodings.Web.dll /reference:C:\Users\mrkfk\.nuget\packages\microsoft.netcore.app.ref\9.0.11\ref\net9.0\System.Text.Json.dll /reference:C:\Users\mrkfk\.nuget\packages\microsoft.netcore.app.ref\9.0.11\ref\net9.0\System.Text.RegularExpressions.dll /reference:C:\Users\mrkfk\.nuget\packages\microsoft.netcore.app.ref\9.0.11\ref\net9.0\System.Threading.Channels.dll /reference:C:\Users\mrkfk\.nuget\packages\microsoft.netcore.app.ref\9.0.11\ref\net9.0\System.Threading.dll /reference:C:\Users\mrkfk\.nuget\packages\microsoft.netcore.app.ref\9.0.11\ref\net9.0\System.Threading.Overlapped.dll /reference:C:\Users\mrkfk\.nuget\packages\microsoft.aspnetcore.app.ref\9.0.11\ref\net9.0\System.Threading.RateLimiting.dll /reference:C:\Users\mrkfk\.nuget\packages\microsoft.netcore.app.ref\9.0.11\ref\net9.0\System.Threading.Tasks.Dataflow.dll /reference:C:\Users\mrkfk\.nuget\packages\microsoft.netcore.app.ref\9.0.11\ref\net9.0\System.Threading.Tasks.dll /reference:C:\Users\mrkfk\.nuget\packages\microsoft.netcore.app.ref\9.0.11\ref\net9.0\System.Threading.Tasks.Extensions.dll /reference:C:\Users\mrkfk\.nuget\packages\microsoft.netcore.app.ref\9.0.11\ref\net9.0\System.Threading.Tasks.Parallel.dll /reference:C:\Users\mrkfk\.nuget\packages\microsoft.netcore.app.ref\9.0.11\ref\net9.0\System.Threading.Thread.dll /reference:C:\Users\mrkfk\.nuget\packages\microsoft.netcore.app.ref\9.0.11\ref\net9.0\System.Threading.ThreadPool.dll /reference:C:\Users\mrkfk\.nuget\packages\microsoft.netcore.app.ref\9.0.11\ref\net9.0\System.Threading.Timer.dll /reference:C:\Users\mrkfk\.nuget\packages\microsoft.netcore.app.ref\9.0.11\ref\net9.0\System.Transactions.dll /reference:C:\Users\mrkfk\.nuget\packages\microsoft.netcore.app.ref\9.0.11\ref\net9.0\System.Transactions.Local.dll /reference:C:\Users\mrkfk\.nuget\packages\microsoft.netcore.app.ref\9.0.11\ref\net9.0\System.ValueTuple.dll /reference:C:\Users\mrkfk\.nuget\packages\microsoft.netcore.app.ref\9.0.11\ref\net9.0\System.Web.dll /reference:C:\Users\mrkfk\.nuget\packages\microsoft.netcore.app.ref\9.0.11\ref\net9.0\System.Web.HttpUtility.dll /reference:C:\Users\mrkfk\.nuget\packages\microsoft.netcore.app.ref\9.0.11\ref\net9.0\System.Windows.dll /reference:C:\Users\mrkfk\.nuget\packages\microsoft.netcore.app.ref\9.0.11\ref\net9.0\System.Xml.dll /reference:C:\Users\mrkfk\.nuget\packages\microsoft.netcore.app.ref\9.0.11\ref\net9.0\System.Xml.Linq.dll /reference:C:\Users\mrkfk\.nuget\packages\microsoft.netcore.app.ref\9.0.11\ref\net9.0\System.Xml.ReaderWriter.dll /reference:C:\Users\mrkfk\.nuget\packages\microsoft.netcore.app.ref\9.0.11\ref\net9.0\System.Xml.Serialization.dll /reference:C:\Users\mrkfk\.nuget\packages\microsoft.netcore.app.ref\9.0.11\ref\net9.0\System.Xml.XDocument.dll /reference:C:\Users\mrkfk\.nuget\packages\microsoft.netcore.app.ref\9.0.11\ref\net9.0\System.Xml.XmlDocument.dll /reference:C:\Users\mrkfk\.nuget\packages\microsoft.netcore.app.ref\9.0.11\ref\net9.0\System.Xml.XmlSerializer.dll /reference:C:\Users\mrkfk\.nuget\packages\microsoft.netcore.app.ref\9.0.11\ref\net9.0\System.Xml.XPath.dll /reference:C:\Users\mrkfk\.nuget\packages\microsoft.netcore.app.ref\9.0.11\ref\net9.0\System.Xml.XPath.XDocument.dll /reference:C:\Users\mrkfk\.nuget\packages\microsoft.netcore.app.ref\9.0.11\ref\net9.0\WindowsBase.dll /debug+ /debug:portable /filealign:512 /optimize- /out:obj\Debug\net9.0\ECommerce.Infrastructure.dll /refout:obj\Debug\net9.0\refint\ECommerce.Infrastructure.dll /target:library /warnaserror- /utf8output /deterministic+ /sourcelink:obj\Debug\net9.0\ECommerce.Infrastructure.sourcelink.json /langversion:13.0 /embed:Data\AppDbContext.cs /embed:Data\AppDbContextFactory.cs /embed:Data\Configurations\AddressConfiguration.cs /embed:Data\Configurations\AttributeConfiguration.cs /embed:Data\Configurations\AttributeValueConfiguration.cs /embed:Data\Configurations\BannerConfiguration.cs /embed:Data\Configurations\BrandConfiguration.cs /embed:Data\Configurations\CategoryAttributeConfiguration.cs /embed:Data\Configurations\CategoryAttributeValueConfiguration.cs /embed:Data\Configurations\CategoryConfiguration.cs /embed:Data\Configurations\CompanyConfiguration.cs /embed:Data\Configurations\CustomerConfiguration.cs /embed:Data\Configurations\GlobalAttributeConfiguration.cs /embed:Data\Configurations\ModelConfiguration.cs /embed:Data\Configurations\OrderConfiguration.cs /embed:Data\Configurations\OrderItemConfiguration.cs /embed:Data\Configurations\ProductConfiguration.cs /embed:Data\Configurations\ProductImageConfiguration.cs /embed:Data\Configurations\ProductSpecificationConfiguration.cs /embed:Data\Configurations\ProductVariantAttributeConfiguration.cs /embed:Data\Configurations\ProductVariantConfiguration.cs /embed:Data\Configurations\RequestConfiguration.cs /embed:Data\Configurations\ReviewConfiguration.cs /embed:Data\Configurations\RoleConfiguration.cs /embed:Data\Configurations\UserConfiguration.cs /embed:Data\Configurations\UserRoleConfiguration.cs /embed:obj\Debug\net9.0\ECommerce.Infrastructure.GlobalUsings.g.cs /embed:"obj\Debug\net9.0\.NETCoreApp,Version=v9.0.AssemblyAttributes.cs" /embed:obj\Debug\net9.0\ECommerce.Infrastructure.AssemblyInfo.cs /analyzerconfig:obj\Debug\net9.0\ECommerce.Infrastructure.GeneratedMSBuildEditorConfig.editorconfig /analyzerconfig:"C:\Program Files\dotnet\sdk\10.0.100\Sdks\Microsoft.NET.Sdk\analyzers\build\config\analysislevel_9_default.globalconfig" /analyzer:"C:\Program Files\dotnet\sdk\10.0.100\Sdks\Microsoft.NET.Sdk\targets\..\analyzers\Microsoft.CodeAnalysis.CSharp.NetAnalyzers.dll" /analyzer:"C:\Program Files\dotnet\sdk\10.0.100\Sdks\Microsoft.NET.Sdk\targets\..\analyzers\Microsoft.CodeAnalysis.NetAnalyzers.dll" /analyzer:C:\Users\mrkfk\.nuget\packages\microsoft.codeanalysis.analyzers\3.3.4\analyzers\dotnet\cs\Microsoft.CodeAnalysis.Analyzers.dll /analyzer:C:\Users\mrkfk\.nuget\packages\microsoft.codeanalysis.analyzers\3.3.4\analyzers\dotnet\cs\Microsoft.CodeAnalysis.CSharp.Analyzers.dll /analyzer:C:\Users\mrkfk\.nuget\packages\microsoft.entityframeworkcore.analyzers\9.0.0\analyzers\dotnet\cs\Microsoft.EntityFrameworkCore.Analyzers.dll /analyzer:C:\Users\mrkfk\.nuget\packages\microsoft.netcore.app.ref\9.0.11\analyzers/dotnet/cs/Microsoft.Interop.ComInterfaceGenerator.dll /analyzer:C:\Users\mrkfk\.nuget\packages\microsoft.netcore.app.ref\9.0.11\analyzers/dotnet/cs/Microsoft.Interop.JavaScript.JSImportGenerator.dll /analyzer:C:\Users\mrkfk\.nuget\packages\microsoft.netcore.app.ref\9.0.11\analyzers/dotnet/cs/Microsoft.Interop.LibraryImportGenerator.dll /analyzer:C:\Users\mrkfk\.nuget\packages\microsoft.netcore.app.ref\9.0.11\analyzers/dotnet/cs/Microsoft.Interop.SourceGeneration.dll /analyzer:C:\Users\mrkfk\.nuget\packages\microsoft.netcore.app.ref\9.0.11\analyzers/dotnet/cs/System.Text.Json.SourceGeneration.dll /analyzer:C:\Users\mrkfk\.nuget\packages\microsoft.netcore.app.ref\9.0.11\analyzers/dotnet/cs/System.Text.RegularExpressions.Generator.dll /analyzer:C:\Users\mrkfk\.nuget\packages\microsoft.aspnetcore.app.ref\9.0.11\analyzers/dotnet/cs/Microsoft.AspNetCore.App.Analyzers.dll /analyzer:C:\Users\mrkfk\.nuget\packages\microsoft.aspnetcore.app.ref\9.0.11\analyzers/dotnet/cs/Microsoft.AspNetCore.App.CodeFixes.dll /analyzer:C:\Users\mrkfk\.nuget\packages\microsoft.aspnetcore.app.ref\9.0.11\analyzers/dotnet/cs/Microsoft.AspNetCore.Components.Analyzers.dll /analyzer:C:\Users\mrkfk\.nuget\packages\microsoft.aspnetcore.app.ref\9.0.11\analyzers/dotnet/roslyn4.4/cs/Microsoft.Extensions.Logging.Generators.dll /analyzer:C:\Users\mrkfk\.nuget\packages\microsoft.aspnetcore.app.ref\9.0.11\analyzers/dotnet/roslyn4.4/cs/Microsoft.Extensions.Options.SourceGeneration.dll Data\AppDbContext.cs Data\AppDbContextFactory.cs Data\Configurations\AddressConfiguration.cs Data\Configurations\AttributeConfiguration.cs Data\Configurations\AttributeValueConfiguration.cs Data\Configurations\BannerConfiguration.cs Data\Configurations\BrandConfiguration.cs Data\Configurations\CategoryAttributeConfiguration.cs Data\Configurations\CategoryAttributeValueConfiguration.cs Data\Configurations\CategoryConfiguration.cs Data\Configurations\CompanyConfiguration.cs Data\Configurations\CustomerConfiguration.cs Data\Configurations\GlobalAttributeConfiguration.cs Data\Configurations\ModelConfiguration.cs Data\Configurations\OrderConfiguration.cs Data\Configurations\OrderItemConfiguration.cs Data\Configurations\ProductConfiguration.cs Data\Configurations\ProductImageConfiguration.cs Data\Configurations\ProductSpecificationConfiguration.cs Data\Configurations\ProductVariantAttributeConfiguration.cs Data\Configurations\ProductVariantConfiguration.cs Data\Configurations\RequestConfiguration.cs Data\Configurations\ReviewConfiguration.cs Data\Configurations\RoleConfiguration.cs Data\Configurations\UserConfiguration.cs Data\Configurations\UserRoleConfiguration.cs DependencyInjection.cs Hubs\NotificationHub.cs Migrations\20260111094433_InitialCreate.cs Migrations\20260111094433_InitialCreate.Designer.cs Migrations\20260111172910_AddProductImages.cs Migrations\20260111172910_AddProductImages.Designer.cs Migrations\20260113120026_AddCartTables.cs Migrations\20260113120026_AddCartTables.Designer.cs Migrations\20260118201938_AddCompanyBranding.cs Migrations\20260118201938_AddCompanyBranding.Designer.cs Migrations\AppDbContextModelSnapshot.cs Repositories\AddressRepository.cs Repositories\CompanyRepository.cs Repositories\CustomerRepository.cs Repositories\GenericRepository.cs Repositories\OrderRepository.cs Repositories\ProductRepository.cs Services\AuthService.cs Services\BannerService.cs Services\BrandService.cs Services\Caching\DistributedCacheService.cs Services\CampaignService.cs Services\CartService.cs Services\CategoryService.cs Services\CompanyService.cs Services\CustomerMessageService.cs Services\CustomerService.cs Services\DashboardService.cs Services\FakePaymentService.cs Services\FileUploadService.cs Services\GlobalAttributeService.cs Services\ImageService.cs Services\ModelService.cs Services\NotificationService.cs Services\Notifications\SignalRNotificationService.cs Services\OrderService.cs Services\ProductService.cs Services\RequestService.cs Services\ReviewService.cs Services\RoleService.cs Services\Search\DatabaseSearchService.cs Services\Search\ElasticsearchProductSearchService.cs Services\Storage\LocalStorageService.cs Services\TenantService.cs Services\UserService.cs obj\Debug\net9.0\ECommerce.Infrastructure.GlobalUsings.g.cs "obj\Debug\net9.0\.NETCoreApp,Version=v9.0.AssemblyAttributes.cs" obj\Debug\net9.0\ECommerce.Infrastructure.AssemblyInfo.cs /warnaserror+:NU1605,SYSLIB0011
         Compilation request ECommerce.Infrastructure (net9.0), PathToTool=C:\Program Files\dotnet\sdk\10.0.100\Roslyn\bincore\csc.exe
         CommandLine = ' /noconfig'
         BuildResponseFile = '/unsafe- /checked- /nowarn:1701,1702,1701,1702 /fullpaths /nostdlib+ /errorreport:prompt /warn:9 /define:TRACE;DEBUG;NET;NET9_0;NETCOREAPP;NET5_0_OR_GREATER;NET6_0_OR_GREATER;NET7_0_OR_GREATER;NET8_0_OR_GREATER;NET9_0_OR_GREATER;NETCOREAPP1_0_OR_GREATER;NETCOREAPP1_1_OR_GREATER;NETCOREAPP2_0_OR_GREATER;NETCOREAPP2_1_OR_GREATER;NETCOREAPP2_2_OR_GREATER;NETCOREAPP3_0_OR_GREATER;NETCOREAPP3_1_OR_GREATER /highentropyva+ /nullable:enable /reference:C:\Users\mrkfk\.nuget\packages\automapper\12.0.1\lib\netstandard2.1\AutoMapper.dll /reference:C:\Users\mrkfk\.nuget\packages\automapper.extensions.microsoft.dependencyinjection\12.0.1\lib\netstandard2.1\AutoMapper.Extensions.Microsoft.DependencyInjection.dll /reference:C:\Users\mrkfk\.nuget\packages\azure.core\1.38.0\lib\net6.0\Azure.Core.dll /reference:C:\Users\mrkfk\.nuget\packages\azure.identity\1.11.4\lib\netstandard2.0\Azure.Identity.dll /reference:C:\Users\mrkfk\.nuget\packages\bcrypt.net-next\4.0.3\lib\net6.0\BCrypt.Net-Next.dll /reference:C:\Users\mrkfk\OneDrive\Desktop\Projelerim\ECommerce\src\Core\ECommerce.Application\obj\Debug\net9.0\ref\ECommerce.Application.dll /reference:C:\Users\mrkfk\OneDrive\Desktop\Projelerim\ECommerce\src\Core\ECommerce.Domain\obj\Debug\net9.0\ref\ECommerce.Domain.dll /reference:C:\Users\mrkfk\.nuget\packages\elasticsearch.net\7.17.5\lib\netstandard2.1\Elasticsearch.Net.dll /reference:C:\Users\mrkfk\.nuget\packages\fluentvalidation.dependencyinjectionextensions\11.11.0\lib\netstandard2.1\FluentValidation.DependencyInjectionExtensions.dll /reference:C:\Users\mrkfk\.nuget\packages\fluentvalidation\11.11.0\lib\net8.0\FluentValidation.dll /reference:C:\Users\mrkfk\.nuget\packages\microsoft.aspnetcore.app.ref\9.0.11\ref\net9.0\Microsoft.AspNetCore.Antiforgery.dll /reference:C:\Users\mrkfk\.nuget\packages\microsoft.aspnetcore.app.ref\9.0.11\ref\net9.0\Microsoft.AspNetCore.Authentication.Abstractions.dll /reference:C:\Users\mrkfk\.nuget\packages\microsoft.aspnetcore.app.ref\9.0.11\ref\net9.0\Microsoft.AspNetCore.Authentication.BearerToken.dll /reference:C:\Users\mrkfk\.nuget\packages\microsoft.aspnetcore.app.ref\9.0.11\ref\net9.0\Microsoft.AspNetCore.Authentication.Cookies.dll /reference:C:\Users\mrkfk\.nuget\packages\microsoft.aspnetcore.app.ref\9.0.11\ref\net9.0\Microsoft.AspNetCore.Authentication.Core.dll /reference:C:\Users\mrkfk\.nuget\packages\microsoft.aspnetcore.app.ref\9.0.11\ref\net9.0\Microsoft.AspNetCore.Authentication.dll /reference:C:\Users\mrkfk\.nuget\packages\microsoft.aspnetcore.app.ref\9.0.11\ref\net9.0\Microsoft.AspNetCore.Authentication.OAuth.dll /reference:C:\Users\mrkfk\.nuget\packages\microsoft.aspnetcore.app.ref\9.0.11\ref\net9.0\Microsoft.AspNetCore.Authorization.dll /reference:C:\Users\mrkfk\.nuget\packages\microsoft.aspnetcore.app.ref\9.0.11\ref\net9.0\Microsoft.AspNetCore.Authorization.Policy.dll /reference:C:\Users\mrkfk\.nuget\packages\microsoft.aspnetcore.app.ref\9.0.11\ref\net9.0\Microsoft.AspNetCore.Components.Authorization.dll /reference:C:\Users\mrkfk\.nuget\packages\microsoft.aspnetcore.app.ref\9.0.11\ref\net9.0\Microsoft.AspNetCore.Components.dll /reference:C:\Users\mrkfk\.nuget\packages\microsoft.aspnetcore.app.ref\9.0.11\ref\net9.0\Microsoft.AspNetCore.Components.Endpoints.dll /reference:C:\Users\mrkfk\.nuget\packages\microsoft.aspnetcore.app.ref\9.0.11\ref\net9.0\Microsoft.AspNetCore.Components.Forms.dll /reference:C:\Users\mrkfk\.nuget\packages\microsoft.aspnetcore.app.ref\9.0.11\ref\net9.0\Microsoft.AspNetCore.Components.Server.dll /reference:C:\Users\mrkfk\.nuget\packages\microsoft.aspnetcore.app.ref\9.0.11\ref\net9.0\Microsoft.AspNetCore.Components.Web.dll /reference:C:\Users\mrkfk\.nuget\packages\microsoft.aspnetcore.app.ref\9.0.11\ref\net9.0\Microsoft.AspNetCore.Connections.Abstractions.dll /reference:C:\Users\mrkfk\.nuget\packages\microsoft.aspnetcore.app.ref\9.0.11\ref\net9.0\Microsoft.AspNetCore.CookiePolicy.dll /reference:C:\Users\mrkfk\.nuget\packages\microsoft.aspnetcore.app.ref\9.0.11\ref\net9.0\Microsoft.AspNetCore.Cors.dll /reference:C:\Users\mrkfk\.nuget\packages\microsoft.aspnetcore.app.ref\9.0.11\ref\net9.0\Microsoft.AspNetCore.Cryptography.Internal.dll /reference:C:\Users\mrkfk\.nuget\packages\microsoft.aspnetcore.app.ref\9.0.11\ref\net9.0\Microsoft.AspNetCore.Cryptography.KeyDerivation.dll /reference:C:\Users\mrkfk\.nuget\packages\microsoft.aspnetcore.app.ref\9.0.11\ref\net9.0\Microsoft.AspNetCore.DataProtection.Abstractions.dll /reference:C:\Users\mrkfk\.nuget\packages\microsoft.aspnetcore.app.ref\9.0.11\ref\net9.0\Microsoft.AspNetCore.DataProtection.dll /reference:C:\Users\mrkfk\.nuget\packages\microsoft.aspnetcore.app.ref\9.0.11\ref\net9.0\Microsoft.AspNetCore.DataProtection.Extensions.dll /reference:C:\Users\mrkfk\.nuget\packages\microsoft.aspnetcore.app.ref\9.0.11\ref\net9.0\Microsoft.AspNetCore.Diagnostics.Abstractions.dll /reference:C:\Users\mrkfk\.nuget\packages\microsoft.aspnetcore.app.ref\9.0.11\ref\net9.0\Microsoft.AspNetCore.Diagnostics.dll /reference:C:\Users\mrkfk\.nuget\packages\microsoft.aspnetcore.app.ref\9.0.11\ref\net9.0\Microsoft.AspNetCore.Diagnostics.HealthChecks.dll /reference:C:\Users\mrkfk\.nuget\packages\microsoft.aspnetcore.app.ref\9.0.11\ref\net9.0\Microsoft.AspNetCore.dll /reference:C:\Users\mrkfk\.nuget\packages\microsoft.aspnetcore.app.ref\9.0.11\ref\net9.0\Microsoft.AspNetCore.HostFiltering.dll /reference:C:\Users\mrkfk\.nuget\packages\microsoft.aspnetcore.app.ref\9.0.11\ref\net9.0\Microsoft.AspNetCore.Hosting.Abstractions.dll /reference:C:\Users\mrkfk\.nuget\packages\microsoft.aspnetcore.app.ref\9.0.11\ref\net9.0\Microsoft.AspNetCore.Hosting.dll /reference:C:\Users\mrkfk\.nuget\packages\microsoft.aspnetcore.app.ref\9.0.11\ref\net9.0\Microsoft.AspNetCore.Hosting.Server.Abstractions.dll /reference:C:\Users\mrkfk\.nuget\packages\microsoft.aspnetcore.app.ref\9.0.11\ref\net9.0\Microsoft.AspNetCore.Html.Abstractions.dll /reference:C:\Users\mrkfk\.nuget\packages\microsoft.aspnetcore.app.ref\9.0.11\ref\net9.0\Microsoft.AspNetCore.Http.Abstractions.dll /reference:C:\Users\mrkfk\.nuget\packages\microsoft.aspnetcore.app.ref\9.0.11\ref\net9.0\Microsoft.AspNetCore.Http.Connections.Common.dll /reference:C:\Users\mrkfk\.nuget\packages\microsoft.aspnetcore.app.ref\9.0.11\ref\net9.0\Microsoft.AspNetCore.Http.Connections.dll /reference:C:\Users\mrkfk\.nuget\packages\microsoft.aspnetcore.app.ref\9.0.11\ref\net9.0\Microsoft.AspNetCore.Http.dll /reference:C:\Users\mrkfk\.nuget\packages\microsoft.aspnetcore.app.ref\9.0.11\ref\net9.0\Microsoft.AspNetCore.Http.Extensions.dll /reference:C:\Users\mrkfk\.nuget\packages\microsoft.aspnetcore.app.ref\9.0.11\ref\net9.0\Microsoft.AspNetCore.Http.Features.dll /reference:C:\Users\mrkfk\.nuget\packages\microsoft.aspnetcore.app.ref\9.0.11\ref\net9.0\Microsoft.AspNetCore.Http.Results.dll /reference:C:\Users\mrkfk\.nuget\packages\microsoft.aspnetcore.app.ref\9.0.11\ref\net9.0\Microsoft.AspNetCore.HttpLogging.dll /reference:C:\Users\mrkfk\.nuget\packages\microsoft.aspnetcore.app.ref\9.0.11\ref\net9.0\Microsoft.AspNetCore.HttpOverrides.dll /reference:C:\Users\mrkfk\.nuget\packages\microsoft.aspnetcore.app.ref\9.0.11\ref\net9.0\Microsoft.AspNetCore.HttpsPolicy.dll /reference:C:\Users\mrkfk\.nuget\packages\microsoft.aspnetcore.app.ref\9.0.11\ref\net9.0\Microsoft.AspNetCore.Identity.dll /reference:C:\Users\mrkfk\.nuget\packages\microsoft.aspnetcore.app.ref\9.0.11\ref\net9.0\Microsoft.AspNetCore.Localization.dll /reference:C:\Users\mrkfk\.nuget\packages\microsoft.aspnetcore.app.ref\9.0.11\ref\net9.0\Microsoft.AspNetCore.Localization.Routing.dll /reference:C:\Users\mrkfk\.nuget\packages\microsoft.aspnetcore.app.ref\9.0.11\ref\net9.0\Microsoft.AspNetCore.Metadata.dll /reference:C:\Users\mrkfk\.nuget\packages\microsoft.aspnetcore.app.ref\9.0.11\ref\net9.0\Microsoft.AspNetCore.Mvc.Abstractions.dll /reference:C:\Users\mrkfk\.nuget\packages\microsoft.aspnetcore.app.ref\9.0.11\ref\net9.0\Microsoft.AspNetCore.Mvc.ApiExplorer.dll /reference:C:\Users\mrkfk\.nuget\packages\microsoft.aspnetcore.app.ref\9.0.11\ref\net9.0\Microsoft.AspNetCore.Mvc.Core.dll /reference:C:\Users\mrkfk\.nuget\packages\microsoft.aspnetcore.app.ref\9.0.11\ref\net9.0\Microsoft.AspNetCore.Mvc.Cors.dll /reference:C:\Users\mrkfk\.nuget\packages\microsoft.aspnetcore.app.ref\9.0.11\ref\net9.0\Microsoft.AspNetCore.Mvc.DataAnnotations.dll /reference:C:\Users\mrkfk\.nuget\packages\microsoft.aspnetcore.app.ref\9.0.11\ref\net9.0\Microsoft.AspNetCore.Mvc.dll /reference:C:\Users\mrkfk\.nuget\packages\microsoft.aspnetcore.app.ref\9.0.11\ref\net9.0\Microsoft.AspNetCore.Mvc.Formatters.Json.dll /reference:C:\Users\mrkfk\.nuget\packages\microsoft.aspnetcore.app.ref\9.0.11\ref\net9.0\Microsoft.AspNetCore.Mvc.Formatters.Xml.dll /reference:C:\Users\mrkfk\.nuget\packages\microsoft.aspnetcore.app.ref\9.0.11\ref\net9.0\Microsoft.AspNetCore.Mvc.Localization.dll /reference:C:\Users\mrkfk\.nuget\packages\microsoft.aspnetcore.app.ref\9.0.11\ref\net9.0\Microsoft.AspNetCore.Mvc.Razor.dll /reference:C:\Users\mrkfk\.nuget\packages\microsoft.aspnetcore.app.ref\9.0.11\ref\net9.0\Microsoft.AspNetCore.Mvc.RazorPages.dll /reference:C:\Users\mrkfk\.nuget\packages\microsoft.aspnetcore.app.ref\9.0.11\ref\net9.0\Microsoft.AspNetCore.Mvc.TagHelpers.dll /reference:C:\Users\mrkfk\.nuget\packages\microsoft.aspnetcore.app.ref\9.0.11\ref\net9.0\Microsoft.AspNetCore.Mvc.ViewFeatures.dll /reference:C:\Users\mrkfk\.nuget\packages\microsoft.aspnetcore.app.ref\9.0.11\ref\net9.0\Microsoft.AspNetCore.OutputCaching.dll /reference:C:\Users\mrkfk\.nuget\packages\microsoft.aspnetcore.app.ref\9.0.11\ref\net9.0\Microsoft.AspNetCore.RateLimiting.dll /reference:C:\Users\mrkfk\.nuget\packages\microsoft.aspnetcore.app.ref\9.0.11\ref\net9.0\Microsoft.AspNetCore.Razor.dll /reference:C:\Users\mrkfk\.nuget\packages\microsoft.aspnetcore.app.ref\9.0.11\ref\net9.0\Microsoft.AspNetCore.Razor.Runtime.dll /reference:C:\Users\mrkfk\.nuget\packages\microsoft.aspnetcore.app.ref\9.0.11\ref\net9.0\Microsoft.AspNetCore.RequestDecompression.dll /reference:C:\Users\mrkfk\.nuget\packages\microsoft.aspnetcore.app.ref\9.0.11\ref\net9.0\Microsoft.AspNetCore.ResponseCaching.Abstractions.dll /reference:C:\Users\mrkfk\.nuget\packages\microsoft.aspnetcore.app.ref\9.0.11\ref\net9.0\Microsoft.AspNetCore.ResponseCaching.dll /reference:C:\Users\mrkfk\.nuget\packages\microsoft.aspnetcore.app.ref\9.0.11\ref\net9.0\Microsoft.AspNetCore.ResponseCompression.dll /reference:C:\Users\mrkfk\.nuget\packages\microsoft.aspnetcore.app.ref\9.0.11\ref\net9.0\Microsoft.AspNetCore.Rewrite.dll /reference:C:\Users\mrkfk\.nuget\packages\microsoft.aspnetcore.app.ref\9.0.11\ref\net9.0\Microsoft.AspNetCore.Routing.Abstractions.dll /reference:C:\Users\mrkfk\.nuget\packages\microsoft.aspnetcore.app.ref\9.0.11\ref\net9.0\Microsoft.AspNetCore.Routing.dll /reference:C:\Users\mrkfk\.nuget\packages\microsoft.aspnetcore.app.ref\9.0.11\ref\net9.0\Microsoft.AspNetCore.Server.HttpSys.dll /reference:C:\Users\mrkfk\.nuget\packages\microsoft.aspnetcore.app.ref\9.0.11\ref\net9.0\Microsoft.AspNetCore.Server.IIS.dll /reference:C:\Users\mrkfk\.nuget\packages\microsoft.aspnetcore.app.ref\9.0.11\ref\net9.0\Microsoft.AspNetCore.Server.IISIntegration.dll /reference:C:\Users\mrkfk\.nuget\packages\microsoft.aspnetcore.app.ref\9.0.11\ref\net9.0\Microsoft.AspNetCore.Server.Kestrel.Core.dll /reference:C:\Users\mrkfk\.nuget\packages\microsoft.aspnetcore.app.ref\9.0.11\ref\net9.0\Microsoft.AspNetCore.Server.Kestrel.dll /reference:C:\Users\mrkfk\.nuget\packages\microsoft.aspnetcore.app.ref\9.0.11\ref\net9.0\Microsoft.AspNetCore.Server.Kestrel.Transport.NamedPipes.dll /reference:C:\Users\mrkfk\.nuget\packages\microsoft.aspnetcore.app.ref\9.0.11\ref\net9.0\Microsoft.AspNetCore.Server.Kestrel.Transport.Quic.dll /reference:C:\Users\mrkfk\.nuget\packages\microsoft.aspnetcore.app.ref\9.0.11\ref\net9.0\Microsoft.AspNetCore.Server.Kestrel.Transport.Sockets.dll /reference:C:\Users\mrkfk\.nuget\packages\microsoft.aspnetcore.app.ref\9.0.11\ref\net9.0\Microsoft.AspNetCore.Session.dll /reference:C:\Users\mrkfk\.nuget\packages\microsoft.aspnetcore.app.ref\9.0.11\ref\net9.0\Microsoft.AspNetCore.SignalR.Common.dll /reference:C:\Users\mrkfk\.nuget\packages\microsoft.aspnetcore.app.ref\9.0.11\ref\net9.0\Microsoft.AspNetCore.SignalR.Core.dll /reference:C:\Users\mrkfk\.nuget\packages\microsoft.aspnetcore.app.ref\9.0.11\ref\net9.0\Microsoft.AspNetCore.SignalR.dll /reference:C:\Users\mrkfk\.nuget\packages\microsoft.aspnetcore.app.ref\9.0.11\ref\net9.0\Microsoft.AspNetCore.SignalR.Protocols.Json.dll /reference:C:\Users\mrkfk\.nuget\packages\microsoft.aspnetcore.app.ref\9.0.11\ref\net9.0\Microsoft.AspNetCore.StaticAssets.dll /reference:C:\Users\mrkfk\.nuget\packages\microsoft.aspnetcore.app.ref\9.0.11\ref\net9.0\Microsoft.AspNetCore.StaticFiles.dll /reference:C:\Users\mrkfk\.nuget\packages\microsoft.aspnetcore.app.ref\9.0.11\ref\net9.0\Microsoft.AspNetCore.WebSockets.dll /reference:C:\Users\mrkfk\.nuget\packages\microsoft.aspnetcore.app.ref\9.0.11\ref\net9.0\Microsoft.AspNetCore.WebUtilities.dll /reference:C:\Users\mrkfk\.nuget\packages\microsoft.bcl.asyncinterfaces\7.0.0\lib\netstandard2.1\Microsoft.Bcl.AsyncInterfaces.dll /reference:C:\Users\mrkfk\.nuget\packages\microsoft.netcore.app.ref\9.0.11\ref\net9.0\Microsoft.CSharp.dll /reference:C:\Users\mrkfk\.nuget\packages\microsoft.data.sqlclient\5.1.6\ref\net6.0\Microsoft.Data.SqlClient.dll /reference:C:\Users\mrkfk\.nuget\packages\microsoft.data.sqlite.core\9.0.0\lib\net8.0\Microsoft.Data.Sqlite.dll /reference:C:\Users\mrkfk\.nuget\packages\microsoft.entityframeworkcore.abstractions\9.0.0\lib\net8.0\Microsoft.EntityFrameworkCore.Abstractions.dll /reference:C:\Users\mrkfk\.nuget\packages\microsoft.entityframeworkcore\9.0.0\lib\net8.0\Microsoft.EntityFrameworkCore.dll /reference:C:\Users\mrkfk\.nuget\packages\microsoft.entityframeworkcore.relational\9.0.0\lib\net8.0\Microsoft.EntityFrameworkCore.Relational.dll /reference:C:\Users\mrkfk\.nuget\packages\microsoft.entityframeworkcore.sqlite.core\9.0.0\lib\net8.0\Microsoft.EntityFrameworkCore.Sqlite.dll /reference:C:\Users\mrkfk\.nuget\packages\microsoft.entityframeworkcore.sqlserver\9.0.0\lib\net8.0\Microsoft.EntityFrameworkCore.SqlServer.dll /reference:C:\Users\mrkfk\.nuget\packages\microsoft.aspnetcore.app.ref\9.0.11\ref\net9.0\Microsoft.Extensions.Caching.Abstractions.dll /reference:C:\Users\mrkfk\.nuget\packages\microsoft.aspnetcore.app.ref\9.0.11\ref\net9.0\Microsoft.Extensions.Caching.Memory.dll /reference:C:\Users\mrkfk\.nuget\packages\microsoft.aspnetcore.app.ref\9.0.11\ref\net9.0\Microsoft.Extensions.Configuration.Abstractions.dll /reference:C:\Users\mrkfk\.nuget\packages\microsoft.aspnetcore.app.ref\9.0.11\ref\net9.0\Microsoft.Extensions.Configuration.Binder.dll /reference:C:\Users\mrkfk\.nuget\packages\microsoft.aspnetcore.app.ref\9.0.11\ref\net9.0\Microsoft.Extensions.Configuration.CommandLine.dll /reference:C:\Users\mrkfk\.nuget\packages\microsoft.aspnetcore.app.ref\9.0.11\ref\net9.0\Microsoft.Extensions.Configuration.dll /reference:C:\Users\mrkfk\.nuget\packages\microsoft.aspnetcore.app.ref\9.0.11\ref\net9.0\Microsoft.Extensions.Configuration.EnvironmentVariables.dll /reference:C:\Users\mrkfk\.nuget\packages\microsoft.aspnetcore.app.ref\9.0.11\ref\net9.0\Microsoft.Extensions.Configuration.FileExtensions.dll /reference:C:\Users\mrkfk\.nuget\packages\microsoft.aspnetcore.app.ref\9.0.11\ref\net9.0\Microsoft.Extensions.Configuration.Ini.dll /reference:C:\Users\mrkfk\.nuget\packages\microsoft.aspnetcore.app.ref\9.0.11\ref\net9.0\Microsoft.Extensions.Configuration.Json.dll /reference:C:\Users\mrkfk\.nuget\packages\microsoft.aspnetcore.app.ref\9.0.11\ref\net9.0\Microsoft.Extensions.Configuration.KeyPerFile.dll /reference:C:\Users\mrkfk\.nuget\packages\microsoft.aspnetcore.app.ref\9.0.11\ref\net9.0\Microsoft.Extensions.Configuration.UserSecrets.dll /reference:C:\Users\mrkfk\.nuget\packages\microsoft.aspnetcore.app.ref\9.0.11\ref\net9.0\Microsoft.Extensions.Configuration.Xml.dll /reference:C:\Users\mrkfk\.nuget\packages\microsoft.aspnetcore.app.ref\9.0.11\ref\net9.0\Microsoft.Extensions.DependencyInjection.Abstractions.dll /reference:C:\Users\mrkfk\.nuget\packages\microsoft.aspnetcore.app.ref\9.0.11\ref\net9.0\Microsoft.Extensions.DependencyInjection.dll /reference:C:\Users\mrkfk\.nuget\packages\microsoft.extensions.dependencymodel\9.0.0\lib\net9.0\Microsoft.Extensions.DependencyModel.dll /reference:C:\Users\mrkfk\.nuget\packages\microsoft.aspnetcore.app.ref\9.0.11\ref\net9.0\Microsoft.Extensions.Diagnostics.Abstractions.dll /reference:C:\Users\mrkfk\.nuget\packages\microsoft.aspnetcore.app.ref\9.0.11\ref\net9.0\Microsoft.Extensions.Diagnostics.dll /reference:C:\Users\mrkfk\.nuget\packages\microsoft.aspnetcore.app.ref\9.0.11\ref\net9.0\Microsoft.Extensions.Diagnostics.HealthChecks.Abstractions.dll /reference:C:\Users\mrkfk\.nuget\packages\microsoft.aspnetcore.app.ref\9.0.11\ref\net9.0\Microsoft.Extensions.Diagnostics.HealthChecks.dll /reference:C:\Users\mrkfk\.nuget\packages\microsoft.aspnetcore.app.ref\9.0.11\ref\net9.0\Microsoft.Extensions.Features.dll /reference:C:\Users\mrkfk\.nuget\packages\microsoft.aspnetcore.app.ref\9.0.11\ref\net9.0\Microsoft.Extensions.FileProviders.Abstractions.dll /reference:C:\Users\mrkfk\.nuget\packages\microsoft.aspnetcore.app.ref\9.0.11\ref\net9.0\Microsoft.Extensions.FileProviders.Composite.dll /reference:C:\Users\mrkfk\.nuget\packages\microsoft.aspnetcore.app.ref\9.0.11\ref\net9.0\Microsoft.Extensions.FileProviders.Embedded.dll /reference:C:\Users\mrkfk\.nuget\packages\microsoft.aspnetcore.app.ref\9.0.11\ref\net9.0\Microsoft.Extensions.FileProviders.Physical.dll /reference:C:\Users\mrkfk\.nuget\packages\microsoft.aspnetcore.app.ref\9.0.11\ref\net9.0\Microsoft.Extensions.FileSystemGlobbing.dll /reference:C:\Users\mrkfk\.nuget\packages\microsoft.aspnetcore.app.ref\9.0.11\ref\net9.0\Microsoft.Extensions.Hosting.Abstractions.dll /reference:C:\Users\mrkfk\.nuget\packages\microsoft.aspnetcore.app.ref\9.0.11\ref\net9.0\Microsoft.Extensions.Hosting.dll /reference:C:\Users\mrkfk\.nuget\packages\microsoft.aspnetcore.app.ref\9.0.11\ref\net9.0\Microsoft.Extensions.Http.dll /reference:C:\Users\mrkfk\.nuget\packages\microsoft.aspnetcore.app.ref\9.0.11\ref\net9.0\Microsoft.Extensions.Identity.Core.dll /reference:C:\Users\mrkfk\.nuget\packages\microsoft.aspnetcore.app.ref\9.0.11\ref\net9.0\Microsoft.Extensions.Identity.Stores.dll /reference:C:\Users\mrkfk\.nuget\packages\microsoft.aspnetcore.app.ref\9.0.11\ref\net9.0\Microsoft.Extensions.Localization.Abstractions.dll /reference:C:\Users\mrkfk\.nuget\packages\microsoft.aspnetcore.app.ref\9.0.11\ref\net9.0\Microsoft.Extensions.Localization.dll /reference:C:\Users\mrkfk\.nuget\packages\microsoft.aspnetcore.app.ref\9.0.11\ref\net9.0\Microsoft.Extensions.Logging.Abstractions.dll /reference:C:\Users\mrkfk\.nuget\packages\microsoft.aspnetcore.app.ref\9.0.11\ref\net9.0\Microsoft.Extensions.Logging.Configuration.dll /reference:C:\Users\mrkfk\.nuget\packages\microsoft.aspnetcore.app.ref\9.0.11\ref\net9.0\Microsoft.Extensions.Logging.Console.dll /reference:C:\Users\mrkfk\.nuget\packages\microsoft.aspnetcore.app.ref\9.0.11\ref\net9.0\Microsoft.Extensions.Logging.Debug.dll /reference:C:\Users\mrkfk\.nuget\packages\microsoft.aspnetcore.app.ref\9.0.11\ref\net9.0\Microsoft.Extensions.Logging.dll /reference:C:\Users\mrkfk\.nuget\packages\microsoft.aspnetcore.app.ref\9.0.11\ref\net9.0\Microsoft.Extensions.Logging.EventLog.dll /reference:C:\Users\mrkfk\.nuget\packages\microsoft.aspnetcore.app.ref\9.0.11\ref\net9.0\Microsoft.Extensions.Logging.EventSource.dll /reference:C:\Users\mrkfk\.nuget\packages\microsoft.aspnetcore.app.ref\9.0.11\ref\net9.0\Microsoft.Extensions.Logging.TraceSource.dll /reference:C:\Users\mrkfk\.nuget\packages\microsoft.aspnetcore.app.ref\9.0.11\ref\net9.0\Microsoft.Extensions.ObjectPool.dll /reference:C:\Users\mrkfk\.nuget\packages\microsoft.aspnetcore.app.ref\9.0.11\ref\net9.0\Microsoft.Extensions.Options.ConfigurationExtensions.dll /reference:C:\Users\mrkfk\.nuget\packages\microsoft.aspnetcore.app.ref\9.0.11\ref\net9.0\Microsoft.Extensions.Options.DataAnnotations.dll /reference:C:\Users\mrkfk\.nuget\packages\microsoft.aspnetcore.app.ref\9.0.11\ref\net9.0\Microsoft.Extensions.Options.dll /reference:C:\Users\mrkfk\.nuget\packages\microsoft.aspnetcore.app.ref\9.0.11\ref\net9.0\Microsoft.Extensions.Primitives.dll /reference:C:\Users\mrkfk\.nuget\packages\microsoft.aspnetcore.app.ref\9.0.11\ref\net9.0\Microsoft.Extensions.WebEncoders.dll /reference:C:\Users\mrkfk\.nuget\packages\microsoft.identity.client\4.61.3\lib\net6.0\Microsoft.Identity.Client.dll /reference:C:\Users\mrkfk\.nuget\packages\microsoft.identity.client.extensions.msal\4.61.3\lib\net6.0\Microsoft.Identity.Client.Extensions.Msal.dll /reference:C:\Users\mrkfk\.nuget\packages\microsoft.identitymodel.abstractions\8.2.1\lib\net9.0\Microsoft.IdentityModel.Abstractions.dll /reference:C:\Users\mrkfk\.nuget\packages\microsoft.identitymodel.jsonwebtokens\8.2.1\lib\net9.0\Microsoft.IdentityModel.JsonWebTokens.dll /reference:C:\Users\mrkfk\.nuget\packages\microsoft.identitymodel.logging\8.2.1\lib\net9.0\Microsoft.IdentityModel.Logging.dll /reference:C:\Users\mrkfk\.nuget\packages\microsoft.identitymodel.protocols\6.35.0\lib\net6.0\Microsoft.IdentityModel.Protocols.dll /reference:C:\Users\mrkfk\.nuget\packages\microsoft.identitymodel.protocols.openidconnect\6.35.0\lib\net6.0\Microsoft.IdentityModel.Protocols.OpenIdConnect.dll /reference:C:\Users\mrkfk\.nuget\packages\microsoft.identitymodel.tokens\8.2.1\lib\net9.0\Microsoft.IdentityModel.Tokens.dll /reference:C:\Users\mrkfk\.nuget\packages\microsoft.io.recyclablememorystream\3.0.1\lib\net6.0\Microsoft.IO.RecyclableMemoryStream.dll /reference:C:\Users\mrkfk\.nuget\packages\microsoft.aspnetcore.app.ref\9.0.11\ref\net9.0\Microsoft.JSInterop.dll /reference:C:\Users\mrkfk\.nuget\packages\microsoft.aspnetcore.app.ref\9.0.11\ref\net9.0\Microsoft.Net.Http.Headers.dll /reference:C:\Users\mrkfk\.nuget\packages\microsoft.sqlserver.server\1.0.0\lib\netstandard2.0\Microsoft.SqlServer.Server.dll /reference:C:\Users\mrkfk\.nuget\packages\microsoft.netcore.app.ref\9.0.11\ref\net9.0\Microsoft.VisualBasic.Core.dll /reference:C:\Users\mrkfk\.nuget\packages\microsoft.netcore.app.ref\9.0.11\ref\net9.0\Microsoft.VisualBasic.dll /reference:C:\Users\mrkfk\.nuget\packages\microsoft.netcore.app.ref\9.0.11\ref\net9.0\Microsoft.Win32.Primitives.dll /reference:C:\Users\mrkfk\.nuget\packages\microsoft.netcore.app.ref\9.0.11\ref\net9.0\Microsoft.Win32.Registry.dll /reference:C:\Users\mrkfk\.nuget\packages\microsoft.netcore.app.ref\9.0.11\ref\net9.0\mscorlib.dll /reference:C:\Users\mrkfk\.nuget\packages\nest\7.17.5\lib\netstandard2.0\Nest.dll /reference:C:\Users\mrkfk\.nuget\packages\microsoft.netcore.app.ref\9.0.11\ref\net9.0\netstandard.dll /reference:C:\Users\mrkfk\.nuget\packages\sixlabors.imagesharp\3.1.12\lib\net6.0\SixLabors.ImageSharp.dll /reference:C:\Users\mrkfk\.nuget\packages\sixlabors.imagesharp.web\3.2.0\lib\net6.0\SixLabors.ImageSharp.Web.dll /reference:C:\Users\mrkfk\.nuget\packages\sqlitepclraw.bundle_e_sqlite3\2.1.10\lib\netstandard2.0\SQLitePCLRaw.batteries_v2.dll /reference:C:\Users\mrkfk\.nuget\packages\sqlitepclraw.core\2.1.10\lib\netstandard2.0\SQLitePCLRaw.core.dll /reference:C:\Users\mrkfk\.nuget\packages\sqlitepclraw.provider.e_sqlite3\2.1.10\lib\net6.0\SQLitePCLRaw.provider.e_sqlite3.dll /reference:C:\Users\mrkfk\.nuget\packages\microsoft.netcore.app.ref\9.0.11\ref\net9.0\System.AppContext.dll /reference:C:\Users\mrkfk\.nuget\packages\microsoft.netcore.app.ref\9.0.11\ref\net9.0\System.Buffers.dll /reference:C:\Users\mrkfk\.nuget\packages\system.clientmodel\1.0.0\lib\net6.0\System.ClientModel.dll /reference:C:\Users\mrkfk\.nuget\packages\microsoft.netcore.app.ref\9.0.11\ref\net9.0\System.Collections.Concurrent.dll /reference:C:\Users\mrkfk\.nuget\packages\microsoft.netcore.app.ref\9.0.11\ref\net9.0\System.Collections.dll /reference:C:\Users\mrkfk\.nuget\packages\microsoft.netcore.app.ref\9.0.11\ref\net9.0\System.Collections.Immutable.dll /reference:C:\Users\mrkfk\.nuget\packages\microsoft.netcore.app.ref\9.0.11\ref\net9.0\System.Collections.NonGeneric.dll /reference:C:\Users\mrkfk\.nuget\packages\microsoft.netcore.app.ref\9.0.11\ref\net9.0\System.Collections.Specialized.dll /reference:C:\Users\mrkfk\.nuget\packages\microsoft.netcore.app.ref\9.0.11\ref\net9.0\System.ComponentModel.Annotations.dll /reference:C:\Users\mrkfk\.nuget\packages\microsoft.netcore.app.ref\9.0.11\ref\net9.0\System.ComponentModel.DataAnnotations.dll /reference:C:\Users\mrkfk\.nuget\packages\microsoft.netcore.app.ref\9.0.11\ref\net9.0\System.ComponentModel.dll /reference:C:\Users\mrkfk\.nuget\packages\microsoft.netcore.app.ref\9.0.11\ref\net9.0\System.ComponentModel.EventBasedAsync.dll /reference:C:\Users\mrkfk\.nuget\packages\microsoft.netcore.app.ref\9.0.11\ref\net9.0\System.ComponentModel.Primitives.dll /reference:C:\Users\mrkfk\.nuget\packages\microsoft.netcore.app.ref\9.0.11\ref\net9.0\System.ComponentModel.TypeConverter.dll /reference:C:\Users\mrkfk\.nuget\packages\microsoft.netcore.app.ref\9.0.11\ref\net9.0\System.Configuration.dll /reference:C:\Users\mrkfk\.nuget\packages\microsoft.netcore.app.ref\9.0.11\ref\net9.0\System.Console.dll /reference:C:\Users\mrkfk\.nuget\packages\microsoft.netcore.app.ref\9.0.11\ref\net9.0\System.Core.dll /reference:C:\Users\mrkfk\.nuget\packages\microsoft.netcore.app.ref\9.0.11\ref\net9.0\System.Data.Common.dll /reference:C:\Users\mrkfk\.nuget\packages\microsoft.netcore.app.ref\9.0.11\ref\net9.0\System.Data.DataSetExtensions.dll /reference:C:\Users\mrkfk\.nuget\packages\microsoft.netcore.app.ref\9.0.11\ref\net9.0\System.Data.dll /reference:C:\Users\mrkfk\.nuget\packages\microsoft.netcore.app.ref\9.0.11\ref\net9.0\System.Diagnostics.Contracts.dll /reference:C:\Users\mrkfk\.nuget\packages\microsoft.netcore.app.ref\9.0.11\ref\net9.0\System.Diagnostics.Debug.dll /reference:C:\Users\mrkfk\.nuget\packages\microsoft.netcore.app.ref\9.0.11\ref\net9.0\System.Diagnostics.DiagnosticSource.dll /reference:C:\Users\mrkfk\.nuget\packages\microsoft.aspnetcore.app.ref\9.0.11\ref\net9.0\System.Diagnostics.EventLog.dll /reference:C:\Users\mrkfk\.nuget\packages\microsoft.netcore.app.ref\9.0.11\ref\net9.0\System.Diagnostics.FileVersionInfo.dll /reference:C:\Users\mrkfk\.nuget\packages\microsoft.netcore.app.ref\9.0.11\ref\net9.0\System.Diagnostics.Process.dll /reference:C:\Users\mrkfk\.nuget\packages\microsoft.netcore.app.ref\9.0.11\ref\net9.0\System.Diagnostics.StackTrace.dll /reference:C:\Users\mrkfk\.nuget\packages\microsoft.netcore.app.ref\9.0.11\ref\net9.0\System.Diagnostics.TextWriterTraceListener.dll /reference:C:\Users\mrkfk\.nuget\packages\microsoft.netcore.app.ref\9.0.11\ref\net9.0\System.Diagnostics.Tools.dll /reference:C:\Users\mrkfk\.nuget\packages\microsoft.netcore.app.ref\9.0.11\ref\net9.0\System.Diagnostics.TraceSource.dll /reference:C:\Users\mrkfk\.nuget\packages\microsoft.netcore.app.ref\9.0.11\ref\net9.0\System.Diagnostics.Tracing.dll /reference:C:\Users\mrkfk\.nuget\packages\microsoft.netcore.app.ref\9.0.11\ref\net9.0\System.dll /reference:C:\Users\mrkfk\.nuget\packages\microsoft.netcore.app.ref\9.0.11\ref\net9.0\System.Drawing.dll /reference:C:\Users\mrkfk\.nuget\packages\microsoft.netcore.app.ref\9.0.11\ref\net9.0\System.Drawing.Primitives.dll /reference:C:\Users\mrkfk\.nuget\packages\microsoft.netcore.app.ref\9.0.11\ref\net9.0\System.Dynamic.Runtime.dll /reference:C:\Users\mrkfk\.nuget\packages\microsoft.netcore.app.ref\9.0.11\ref\net9.0\System.Formats.Asn1.dll /reference:C:\Users\mrkfk\.nuget\packages\microsoft.netcore.app.ref\9.0.11\ref\net9.0\System.Formats.Tar.dll /reference:C:\Users\mrkfk\.nuget\packages\microsoft.netcore.app.ref\9.0.11\ref\net9.0\System.Globalization.Calendars.dll /reference:C:\Users\mrkfk\.nuget\packages\microsoft.netcore.app.ref\9.0.11\ref\net9.0\System.Globalization.dll /reference:C:\Users\mrkfk\.nuget\packages\microsoft.netcore.app.ref\9.0.11\ref\net9.0\System.Globalization.Extensions.dll /reference:C:\Users\mrkfk\.nuget\packages\system.identitymodel.tokens.jwt\8.2.1\lib\net9.0\System.IdentityModel.Tokens.Jwt.dll /reference:C:\Users\mrkfk\.nuget\packages\microsoft.netcore.app.ref\9.0.11\ref\net9.0\System.IO.Compression.Brotli.dll /reference:C:\Users\mrkfk\.nuget\packages\microsoft.netcore.app.ref\9.0.11\ref\net9.0\System.IO.Compression.dll /reference:C:\Users\mrkfk\.nuget\packages\microsoft.netcore.app.ref\9.0.11\ref\net9.0\System.IO.Compression.FileSystem.dll /reference:C:\Users\mrkfk\.nuget\packages\microsoft.netcore.app.ref\9.0.11\ref\net9.0\System.IO.Compression.ZipFile.dll /reference:C:\Users\mrkfk\.nuget\packages\microsoft.netcore.app.ref\9.0.11\ref\net9.0\System.IO.dll /reference:C:\Users\mrkfk\.nuget\packages\microsoft.netcore.app.ref\9.0.11\ref\net9.0\System.IO.FileSystem.AccessControl.dll /reference:C:\Users\mrkfk\.nuget\packages\microsoft.netcore.app.ref\9.0.11\ref\net9.0\System.IO.FileSystem.dll /reference:C:\Users\mrkfk\.nuget\packages\microsoft.netcore.app.ref\9.0.11\ref\net9.0\System.IO.FileSystem.DriveInfo.dll /reference:C:\Users\mrkfk\.nuget\packages\microsoft.netcore.app.ref\9.0.11\ref\net9.0\System.IO.FileSystem.Primitives.dll /reference:C:\Users\mrkfk\.nuget\packages\microsoft.netcore.app.ref\9.0.11\ref\net9.0\System.IO.FileSystem.Watcher.dll /reference:C:\Users\mrkfk\.nuget\packages\microsoft.netcore.app.ref\9.0.11\ref\net9.0\System.IO.IsolatedStorage.dll /reference:C:\Users\mrkfk\.nuget\packages\microsoft.netcore.app.ref\9.0.11\ref\net9.0\System.IO.MemoryMappedFiles.dll /reference:C:\Users\mrkfk\.nuget\packages\microsoft.netcore.app.ref\9.0.11\ref\net9.0\System.IO.Pipelines.dll /reference:C:\Users\mrkfk\.nuget\packages\microsoft.netcore.app.ref\9.0.11\ref\net9.0\System.IO.Pipes.AccessControl.dll /reference:C:\Users\mrkfk\.nuget\packages\microsoft.netcore.app.ref\9.0.11\ref\net9.0\System.IO.Pipes.dll /reference:C:\Users\mrkfk\.nuget\packages\microsoft.netcore.app.ref\9.0.11\ref\net9.0\System.IO.UnmanagedMemoryStream.dll /reference:C:\Users\mrkfk\.nuget\packages\microsoft.netcore.app.ref\9.0.11\ref\net9.0\System.Linq.dll /reference:C:\Users\mrkfk\.nuget\packages\microsoft.netcore.app.ref\9.0.11\ref\net9.0\System.Linq.Expressions.dll /reference:C:\Users\mrkfk\.nuget\packages\microsoft.netcore.app.ref\9.0.11\ref\net9.0\System.Linq.Parallel.dll /reference:C:\Users\mrkfk\.nuget\packages\microsoft.netcore.app.ref\9.0.11\ref\net9.0\System.Linq.Queryable.dll /reference:C:\Users\mrkfk\.nuget\packages\system.memory.data\1.0.2\lib\netstandard2.0\System.Memory.Data.dll /reference:C:\Users\mrkfk\.nuget\packages\microsoft.netcore.app.ref\9.0.11\ref\net9.0\System.Memory.dll /reference:C:\Users\mrkfk\.nuget\packages\microsoft.netcore.app.ref\9.0.11\ref\net9.0\System.Net.dll /reference:C:\Users\mrkfk\.nuget\packages\microsoft.netcore.app.ref\9.0.11\ref\net9.0\System.Net.Http.dll /reference:C:\Users\mrkfk\.nuget\packages\microsoft.netcore.app.ref\9.0.11\ref\net9.0\System.Net.Http.Json.dll /reference:C:\Users\mrkfk\.nuget\packages\microsoft.netcore.app.ref\9.0.11\ref\net9.0\System.Net.HttpListener.dll /reference:C:\Users\mrkfk\.nuget\packages\microsoft.netcore.app.ref\9.0.11\ref\net9.0\System.Net.Mail.dll /reference:C:\Users\mrkfk\.nuget\packages\microsoft.netcore.app.ref\9.0.11\ref\net9.0\System.Net.NameResolution.dll /reference:C:\Users\mrkfk\.nuget\packages\microsoft.netcore.app.ref\9.0.11\ref\net9.0\System.Net.NetworkInformation.dll /reference:C:\Users\mrkfk\.nuget\packages\microsoft.netcore.app.ref\9.0.11\ref\net9.0\System.Net.Ping.dll /reference:C:\Users\mrkfk\.nuget\packages\microsoft.netcore.app.ref\9.0.11\ref\net9.0\System.Net.Primitives.dll /reference:C:\Users\mrkfk\.nuget\packages\microsoft.netcore.app.ref\9.0.11\ref\net9.0\System.Net.Quic.dll /reference:C:\Users\mrkfk\.nuget\packages\microsoft.netcore.app.ref\9.0.11\ref\net9.0\System.Net.Requests.dll /reference:C:\Users\mrkfk\.nuget\packages\microsoft.netcore.app.ref\9.0.11\ref\net9.0\System.Net.Security.dll /reference:C:\Users\mrkfk\.nuget\packages\microsoft.netcore.app.ref\9.0.11\ref\net9.0\System.Net.ServicePoint.dll /reference:C:\Users\mrkfk\.nuget\packages\microsoft.netcore.app.ref\9.0.11\ref\net9.0\System.Net.Sockets.dll /reference:C:\Users\mrkfk\.nuget\packages\microsoft.netcore.app.ref\9.0.11\ref\net9.0\System.Net.WebClient.dll /reference:C:\Users\mrkfk\.nuget\packages\microsoft.netcore.app.ref\9.0.11\ref\net9.0\System.Net.WebHeaderCollection.dll /reference:C:\Users\mrkfk\.nuget\packages\microsoft.netcore.app.ref\9.0.11\ref\net9.0\System.Net.WebProxy.dll /reference:C:\Users\mrkfk\.nuget\packages\microsoft.netcore.app.ref\9.0.11\ref\net9.0\System.Net.WebSockets.Client.dll /reference:C:\Users\mrkfk\.nuget\packages\microsoft.netcore.app.ref\9.0.11\ref\net9.0\System.Net.WebSockets.dll /reference:C:\Users\mrkfk\.nuget\packages\microsoft.netcore.app.ref\9.0.11\ref\net9.0\System.Numerics.dll /reference:C:\Users\mrkfk\.nuget\packages\microsoft.netcore.app.ref\9.0.11\ref\net9.0\System.Numerics.Vectors.dll /reference:C:\Users\mrkfk\.nuget\packages\microsoft.netcore.app.ref\9.0.11\ref\net9.0\System.ObjectModel.dll /reference:C:\Users\mrkfk\.nuget\packages\microsoft.netcore.app.ref\9.0.11\ref\net9.0\System.Reflection.DispatchProxy.dll /reference:C:\Users\mrkfk\.nuget\packages\microsoft.netcore.app.ref\9.0.11\ref\net9.0\System.Reflection.dll /reference:C:\Users\mrkfk\.nuget\packages\microsoft.netcore.app.ref\9.0.11\ref\net9.0\System.Reflection.Emit.dll /reference:C:\Users\mrkfk\.nuget\packages\microsoft.netcore.app.ref\9.0.11\ref\net9.0\System.Reflection.Emit.ILGeneration.dll /reference:C:\Users\mrkfk\.nuget\packages\microsoft.netcore.app.ref\9.0.11\ref\net9.0\System.Reflection.Emit.Lightweight.dll /reference:C:\Users\mrkfk\.nuget\packages\microsoft.netcore.app.ref\9.0.11\ref\net9.0\System.Reflection.Extensions.dll /reference:C:\Users\mrkfk\.nuget\packages\microsoft.netcore.app.ref\9.0.11\ref\net9.0\System.Reflection.Metadata.dll /reference:C:\Users\mrkfk\.nuget\packages\microsoft.netcore.app.ref\9.0.11\ref\net9.0\System.Reflection.Primitives.dll /reference:C:\Users\mrkfk\.nuget\packages\microsoft.netcore.app.ref\9.0.11\ref\net9.0\System.Reflection.TypeExtensions.dll /reference:C:\Users\mrkfk\.nuget\packages\microsoft.netcore.app.ref\9.0.11\ref\net9.0\System.Resources.Reader.dll /reference:C:\Users\mrkfk\.nuget\packages\microsoft.netcore.app.ref\9.0.11\ref\net9.0\System.Resources.ResourceManager.dll /reference:C:\Users\mrkfk\.nuget\packages\microsoft.netcore.app.ref\9.0.11\ref\net9.0\System.Resources.Writer.dll /reference:C:\Users\mrkfk\.nuget\packages\microsoft.netcore.app.ref\9.0.11\ref\net9.0\System.Runtime.CompilerServices.Unsafe.dll /reference:C:\Users\mrkfk\.nuget\packages\microsoft.netcore.app.ref\9.0.11\ref\net9.0\System.Runtime.CompilerServices.VisualC.dll /reference:C:\Users\mrkfk\.nuget\packages\microsoft.netcore.app.ref\9.0.11\ref\net9.0\System.Runtime.dll /reference:C:\Users\mrkfk\.nuget\packages\microsoft.netcore.app.ref\9.0.11\ref\net9.0\System.Runtime.Extensions.dll /reference:C:\Users\mrkfk\.nuget\packages\microsoft.netcore.app.ref\9.0.11\ref\net9.0\System.Runtime.Handles.dll /reference:C:\Users\mrkfk\.nuget\packages\microsoft.netcore.app.ref\9.0.11\ref\net9.0\System.Runtime.InteropServices.dll /reference:C:\Users\mrkfk\.nuget\packages\microsoft.netcore.app.ref\9.0.11\ref\net9.0\System.Runtime.InteropServices.JavaScript.dll /reference:C:\Users\mrkfk\.nuget\packages\microsoft.netcore.app.ref\9.0.11\ref\net9.0\System.Runtime.InteropServices.RuntimeInformation.dll /reference:C:\Users\mrkfk\.nuget\packages\microsoft.netcore.app.ref\9.0.11\ref\net9.0\System.Runtime.Intrinsics.dll /reference:C:\Users\mrkfk\.nuget\packages\microsoft.netcore.app.ref\9.0.11\ref\net9.0\System.Runtime.Loader.dll /reference:C:\Users\mrkfk\.nuget\packages\microsoft.netcore.app.ref\9.0.11\ref\net9.0\System.Runtime.Numerics.dll /reference:C:\Users\mrkfk\.nuget\packages\microsoft.netcore.app.ref\9.0.11\ref\net9.0\System.Runtime.Serialization.dll /reference:C:\Users\mrkfk\.nuget\packages\microsoft.netcore.app.ref\9.0.11\ref\net9.0\System.Runtime.Serialization.Formatters.dll /reference:C:\Users\mrkfk\.nuget\packages\microsoft.netcore.app.ref\9.0.11\ref\net9.0\System.Runtime.Serialization.Json.dll /reference:C:\Users\mrkfk\.nuget\packages\microsoft.netcore.app.ref\9.0.11\ref\net9.0\System.Runtime.Serialization.Primitives.dll /reference:C:\Users\mrkfk\.nuget\packages\microsoft.netcore.app.ref\9.0.11\ref\net9.0\System.Runtime.Serialization.Xml.dll /reference:C:\Users\mrkfk\.nuget\packages\microsoft.netcore.app.ref\9.0.11\ref\net9.0\System.Security.AccessControl.dll /reference:C:\Users\mrkfk\.nuget\packages\microsoft.netcore.app.ref\9.0.11\ref\net9.0\System.Security.Claims.dll /reference:C:\Users\mrkfk\.nuget\packages\microsoft.netcore.app.ref\9.0.11\ref\net9.0\System.Security.Cryptography.Algorithms.dll /reference:C:\Users\mrkfk\.nuget\packages\microsoft.netcore.app.ref\9.0.11\ref\net9.0\System.Security.Cryptography.Cng.dll /reference:C:\Users\mrkfk\.nuget\packages\microsoft.netcore.app.ref\9.0.11\ref\net9.0\System.Security.Cryptography.Csp.dll /reference:C:\Users\mrkfk\.nuget\packages\microsoft.netcore.app.ref\9.0.11\ref\net9.0\System.Security.Cryptography.dll /reference:C:\Users\mrkfk\.nuget\packages\microsoft.netcore.app.ref\9.0.11\ref\net9.0\System.Security.Cryptography.Encoding.dll /reference:C:\Users\mrkfk\.nuget\packages\microsoft.netcore.app.ref\9.0.11\ref\net9.0\System.Security.Cryptography.OpenSsl.dll /reference:C:\Users\mrkfk\.nuget\packages\microsoft.netcore.app.ref\9.0.11\ref\net9.0\System.Security.Cryptography.Primitives.dll /reference:C:\Users\mrkfk\.nuget\packages\system.security.cryptography.protecteddata\6.0.0\lib\net6.0\System.Security.Cryptography.ProtectedData.dll /reference:C:\Users\mrkfk\.nuget\packages\microsoft.netcore.app.ref\9.0.11\ref\net9.0\System.Security.Cryptography.X509Certificates.dll /reference:C:\Users\mrkfk\.nuget\packages\microsoft.aspnetcore.app.ref\9.0.11\ref\net9.0\System.Security.Cryptography.Xml.dll /reference:C:\Users\mrkfk\.nuget\packages\microsoft.netcore.app.ref\9.0.11\ref\net9.0\System.Security.dll /reference:C:\Users\mrkfk\.nuget\packages\microsoft.netcore.app.ref\9.0.11\ref\net9.0\System.Security.Principal.dll /reference:C:\Users\mrkfk\.nuget\packages\microsoft.netcore.app.ref\9.0.11\ref\net9.0\System.Security.Principal.Windows.dll /reference:C:\Users\mrkfk\.nuget\packages\microsoft.netcore.app.ref\9.0.11\ref\net9.0\System.Security.SecureString.dll /reference:C:\Users\mrkfk\.nuget\packages\microsoft.netcore.app.ref\9.0.11\ref\net9.0\System.ServiceModel.Web.dll /reference:C:\Users\mrkfk\.nuget\packages\microsoft.netcore.app.ref\9.0.11\ref\net9.0\System.ServiceProcess.dll /reference:C:\Users\mrkfk\.nuget\packages\microsoft.netcore.app.ref\9.0.11\ref\net9.0\System.Text.Encoding.CodePages.dll /reference:C:\Users\mrkfk\.nuget\packages\microsoft.netcore.app.ref\9.0.11\ref\net9.0\System.Text.Encoding.dll /reference:C:\Users\mrkfk\.nuget\packages\microsoft.netcore.app.ref\9.0.11\ref\net9.0\System.Text.Encoding.Extensions.dll /reference:C:\Users\mrkfk\.nuget\packages\microsoft.netcore.app.ref\9.0.11\ref\net9.0\System.Text.Encodings.Web.dll /reference:C:\Users\mrkfk\.nuget\packages\microsoft.netcore.app.ref\9.0.11\ref\net9.0\System.Text.Json.dll /reference:C:\Users\mrkfk\.nuget\packages\microsoft.netcore.app.ref\9.0.11\ref\net9.0\System.Text.RegularExpressions.dll /reference:C:\Users\mrkfk\.nuget\packages\microsoft.netcore.app.ref\9.0.11\ref\net9.0\System.Threading.Channels.dll /reference:C:\Users\mrkfk\.nuget\packages\microsoft.netcore.app.ref\9.0.11\ref\net9.0\System.Threading.dll /reference:C:\Users\mrkfk\.nuget\packages\microsoft.netcore.app.ref\9.0.11\ref\net9.0\System.Threading.Overlapped.dll /reference:C:\Users\mrkfk\.nuget\packages\microsoft.aspnetcore.app.ref\9.0.11\ref\net9.0\System.Threading.RateLimiting.dll /reference:C:\Users\mrkfk\.nuget\packages\microsoft.netcore.app.ref\9.0.11\ref\net9.0\System.Threading.Tasks.Dataflow.dll /reference:C:\Users\mrkfk\.nuget\packages\microsoft.netcore.app.ref\9.0.11\ref\net9.0\System.Threading.Tasks.dll /reference:C:\Users\mrkfk\.nuget\packages\microsoft.netcore.app.ref\9.0.11\ref\net9.0\System.Threading.Tasks.Extensions.dll /reference:C:\Users\mrkfk\.nuget\packages\microsoft.netcore.app.ref\9.0.11\ref\net9.0\System.Threading.Tasks.Parallel.dll /reference:C:\Users\mrkfk\.nuget\packages\microsoft.netcore.app.ref\9.0.11\ref\net9.0\System.Threading.Thread.dll /reference:C:\Users\mrkfk\.nuget\packages\microsoft.netcore.app.ref\9.0.11\ref\net9.0\System.Threading.ThreadPool.dll /reference:C:\Users\mrkfk\.nuget\packages\microsoft.netcore.app.ref\9.0.11\ref\net9.0\System.Threading.Timer.dll /reference:C:\Users\mrkfk\.nuget\packages\microsoft.netcore.app.ref\9.0.11\ref\net9.0\System.Transactions.dll /reference:C:\Users\mrkfk\.nuget\packages\microsoft.netcore.app.ref\9.0.11\ref\net9.0\System.Transactions.Local.dll /reference:C:\Users\mrkfk\.nuget\packages\microsoft.netcore.app.ref\9.0.11\ref\net9.0\System.ValueTuple.dll /reference:C:\Users\mrkfk\.nuget\packages\microsoft.netcore.app.ref\9.0.11\ref\net9.0\System.Web.dll /reference:C:\Users\mrkfk\.nuget\packages\microsoft.netcore.app.ref\9.0.11\ref\net9.0\System.Web.HttpUtility.dll /reference:C:\Users\mrkfk\.nuget\packages\microsoft.netcore.app.ref\9.0.11\ref\net9.0\System.Windows.dll /reference:C:\Users\mrkfk\.nuget\packages\microsoft.netcore.app.ref\9.0.11\ref\net9.0\System.Xml.dll /reference:C:\Users\mrkfk\.nuget\packages\microsoft.netcore.app.ref\9.0.11\ref\net9.0\System.Xml.Linq.dll /reference:C:\Users\mrkfk\.nuget\packages\microsoft.netcore.app.ref\9.0.11\ref\net9.0\System.Xml.ReaderWriter.dll /reference:C:\Users\mrkfk\.nuget\packages\microsoft.netcore.app.ref\9.0.11\ref\net9.0\System.Xml.Serialization.dll /reference:C:\Users\mrkfk\.nuget\packages\microsoft.netcore.app.ref\9.0.11\ref\net9.0\System.Xml.XDocument.dll /reference:C:\Users\mrkfk\.nuget\packages\microsoft.netcore.app.ref\9.0.11\ref\net9.0\System.Xml.XmlDocument.dll /reference:C:\Users\mrkfk\.nuget\packages\microsoft.netcore.app.ref\9.0.11\ref\net9.0\System.Xml.XmlSerializer.dll /reference:C:\Users\mrkfk\.nuget\packages\microsoft.netcore.app.ref\9.0.11\ref\net9.0\System.Xml.XPath.dll /reference:C:\Users\mrkfk\.nuget\packages\microsoft.netcore.app.ref\9.0.11\ref\net9.0\System.Xml.XPath.XDocument.dll /reference:C:\Users\mrkfk\.nuget\packages\microsoft.netcore.app.ref\9.0.11\ref\net9.0\WindowsBase.dll /debug+ /debug:portable /filealign:512 /optimize- /out:obj\Debug\net9.0\ECommerce.Infrastructure.dll /refout:obj\Debug\net9.0\refint\ECommerce.Infrastructure.dll /target:library /warnaserror- /utf8output /deterministic+ /sourcelink:obj\Debug\net9.0\ECommerce.Infrastructure.sourcelink.json /langversion:13.0 /embed:Data\AppDbContext.cs /embed:Data\AppDbContextFactory.cs /embed:Data\Configurations\AddressConfiguration.cs /embed:Data\Configurations\AttributeConfiguration.cs /embed:Data\Configurations\AttributeValueConfiguration.cs /embed:Data\Configurations\BannerConfiguration.cs /embed:Data\Configurations\BrandConfiguration.cs /embed:Data\Configurations\CategoryAttributeConfiguration.cs /embed:Data\Configurations\CategoryAttributeValueConfiguration.cs /embed:Data\Configurations\CategoryConfiguration.cs /embed:Data\Configurations\CompanyConfiguration.cs /embed:Data\Configurations\CustomerConfiguration.cs /embed:Data\Configurations\GlobalAttributeConfiguration.cs /embed:Data\Configurations\ModelConfiguration.cs /embed:Data\Configurations\OrderConfiguration.cs /embed:Data\Configurations\OrderItemConfiguration.cs /embed:Data\Configurations\ProductConfiguration.cs /embed:Data\Configurations\ProductImageConfiguration.cs /embed:Data\Configurations\ProductSpecificationConfiguration.cs /embed:Data\Configurations\ProductVariantAttributeConfiguration.cs /embed:Data\Configurations\ProductVariantConfiguration.cs /embed:Data\Configurations\RequestConfiguration.cs /embed:Data\Configurations\ReviewConfiguration.cs /embed:Data\Configurations\RoleConfiguration.cs /embed:Data\Configurations\UserConfiguration.cs /embed:Data\Configurations\UserRoleConfiguration.cs /embed:obj\Debug\net9.0\ECommerce.Infrastructure.GlobalUsings.g.cs /embed:"obj\Debug\net9.0\.NETCoreApp,Version=v9.0.AssemblyAttributes.cs" /embed:obj\Debug\net9.0\ECommerce.Infrastructure.AssemblyInfo.cs /analyzerconfig:obj\Debug\net9.0\ECommerce.Infrastructure.GeneratedMSBuildEditorConfig.editorconfig /analyzerconfig:"C:\Program Files\dotnet\sdk\10.0.100\Sdks\Microsoft.NET.Sdk\analyzers\build\config\analysislevel_9_default.globalconfig" /analyzer:"C:\Program Files\dotnet\sdk\10.0.100\Sdks\Microsoft.NET.Sdk\targets\..\analyzers\Microsoft.CodeAnalysis.CSharp.NetAnalyzers.dll" /analyzer:"C:\Program Files\dotnet\sdk\10.0.100\Sdks\Microsoft.NET.Sdk\targets\..\analyzers\Microsoft.CodeAnalysis.NetAnalyzers.dll" /analyzer:C:\Users\mrkfk\.nuget\packages\microsoft.codeanalysis.analyzers\3.3.4\analyzers\dotnet\cs\Microsoft.CodeAnalysis.Analyzers.dll /analyzer:C:\Users\mrkfk\.nuget\packages\microsoft.codeanalysis.analyzers\3.3.4\analyzers\dotnet\cs\Microsoft.CodeAnalysis.CSharp.Analyzers.dll /analyzer:C:\Users\mrkfk\.nuget\packages\microsoft.entityframeworkcore.analyzers\9.0.0\analyzers\dotnet\cs\Microsoft.EntityFrameworkCore.Analyzers.dll /analyzer:C:\Users\mrkfk\.nuget\packages\microsoft.netcore.app.ref\9.0.11\analyzers/dotnet/cs/Microsoft.Interop.ComInterfaceGenerator.dll /analyzer:C:\Users\mrkfk\.nuget\packages\microsoft.netcore.app.ref\9.0.11\analyzers/dotnet/cs/Microsoft.Interop.JavaScript.JSImportGenerator.dll /analyzer:C:\Users\mrkfk\.nuget\packages\microsoft.netcore.app.ref\9.0.11\analyzers/dotnet/cs/Microsoft.Interop.LibraryImportGenerator.dll /analyzer:C:\Users\mrkfk\.nuget\packages\microsoft.netcore.app.ref\9.0.11\analyzers/dotnet/cs/Microsoft.Interop.SourceGeneration.dll /analyzer:C:\Users\mrkfk\.nuget\packages\microsoft.netcore.app.ref\9.0.11\analyzers/dotnet/cs/System.Text.Json.SourceGeneration.dll /analyzer:C:\Users\mrkfk\.nuget\packages\microsoft.netcore.app.ref\9.0.11\analyzers/dotnet/cs/System.Text.RegularExpressions.Generator.dll /analyzer:C:\Users\mrkfk\.nuget\packages\microsoft.aspnetcore.app.ref\9.0.11\analyzers/dotnet/cs/Microsoft.AspNetCore.App.Analyzers.dll /analyzer:C:\Users\mrkfk\.nuget\packages\microsoft.aspnetcore.app.ref\9.0.11\analyzers/dotnet/cs/Microsoft.AspNetCore.App.CodeFixes.dll /analyzer:C:\Users\mrkfk\.nuget\packages\microsoft.aspnetcore.app.ref\9.0.11\analyzers/dotnet/cs/Microsoft.AspNetCore.Components.Analyzers.dll /analyzer:C:\Users\mrkfk\.nuget\packages\microsoft.aspnetcore.app.ref\9.0.11\analyzers/dotnet/roslyn4.4/cs/Microsoft.Extensions.Logging.Generators.dll /analyzer:C:\Users\mrkfk\.nuget\packages\microsoft.aspnetcore.app.ref\9.0.11\analyzers/dotnet/roslyn4.4/cs/Microsoft.Extensions.Options.SourceGeneration.dll Data\AppDbContext.cs Data\AppDbContextFactory.cs Data\Configurations\AddressConfiguration.cs Data\Configurations\AttributeConfiguration.cs Data\Configurations\AttributeValueConfiguration.cs Data\Configurations\BannerConfiguration.cs Data\Configurations\BrandConfiguration.cs Data\Configurations\CategoryAttributeConfiguration.cs Data\Configurations\CategoryAttributeValueConfiguration.cs Data\Configurations\CategoryConfiguration.cs Data\Configurations\CompanyConfiguration.cs Data\Configurations\CustomerConfiguration.cs Data\Configurations\GlobalAttributeConfiguration.cs Data\Configurations\ModelConfiguration.cs Data\Configurations\OrderConfiguration.cs Data\Configurations\OrderItemConfiguration.cs Data\Configurations\ProductConfiguration.cs Data\Configurations\ProductImageConfiguration.cs Data\Configurations\ProductSpecificationConfiguration.cs Data\Configurations\ProductVariantAttributeConfiguration.cs Data\Configurations\ProductVariantConfiguration.cs Data\Configurations\RequestConfiguration.cs Data\Configurations\ReviewConfiguration.cs Data\Configurations\RoleConfiguration.cs Data\Configurations\UserConfiguration.cs Data\Configurations\UserRoleConfiguration.cs DependencyInjection.cs Hubs\NotificationHub.cs Migrations\20260111094433_InitialCreate.cs Migrations\20260111094433_InitialCreate.Designer.cs Migrations\20260111172910_AddProductImages.cs Migrations\20260111172910_AddProductImages.Designer.cs Migrations\20260113120026_AddCartTables.cs Migrations\20260113120026_AddCartTables.Designer.cs Migrations\20260118201938_AddCompanyBranding.cs Migrations\20260118201938_AddCompanyBranding.Designer.cs Migrations\AppDbContextModelSnapshot.cs Repositories\AddressRepository.cs Repositories\CompanyRepository.cs Repositories\CustomerRepository.cs Repositories\GenericRepository.cs Repositories\OrderRepository.cs Repositories\ProductRepository.cs Services\AuthService.cs Services\BannerService.cs Services\BrandService.cs Services\Caching\DistributedCacheService.cs Services\CampaignService.cs Services\CartService.cs Services\CategoryService.cs Services\CompanyService.cs Services\CustomerMessageService.cs Services\CustomerService.cs Services\DashboardService.cs Services\FakePaymentService.cs Services\FileUploadService.cs Services\GlobalAttributeService.cs Services\ImageService.cs Services\ModelService.cs Services\NotificationService.cs Services\Notifications\SignalRNotificationService.cs Services\OrderService.cs Services\ProductService.cs Services\RequestService.cs Services\ReviewService.cs Services\RoleService.cs Services\Search\DatabaseSearchService.cs Services\Search\ElasticsearchProductSearchService.cs Services\Storage\LocalStorageService.cs Services\TenantService.cs Services\UserService.cs obj\Debug\net9.0\ECommerce.Infrastructure.GlobalUsings.g.cs "obj\Debug\net9.0\.NETCoreApp,Version=v9.0.AssemblyAttributes.cs" obj\Debug\net9.0\ECommerce.Infrastructure.AssemblyInfo.cs /warnaserror+:NU1605,SYSLIB0011'
         Attempt to open named pipe 'jmkt+l1LpYpUsVM28_jNvAFz8nhQc53wTWi0cykNZGY'
         Attempt to connect named pipe 'jmkt+l1LpYpUsVM28_jNvAFz8nhQc53wTWi0cykNZGY'
         Named pipe 'jmkt+l1LpYpUsVM28_jNvAFz8nhQc53wTWi0cykNZGY' connected
         Begin writing request for ECommerce.Infrastructure (net9.0)
         End writing request for ECommerce.Infrastructure (net9.0)
         Begin reading response for ECommerce.Infrastructure (net9.0)
         End reading response for ECommerce.Infrastructure (net9.0)
         Microsoft (R) Visual C# Derleyicisi sürüm 5.0.0-2.25523.111 (b0f34d51)
         Telif hakkı (C) Microsoft Corporation. Tüm hakları saklıdır.
         C:\Users\mrkfk\OneDrive\Desktop\Projelerim\ECommerce\src\Infrastructure\ECommerce.Infrastructure\Data\AppDbContext.cs(13,16): info SP0001: 'CS8618: Null atanamaz özellik 'Products', oluşturucudan çıkış yaparken null olmayan bir değer içermelidir. 'Gerekli' değiştiricisini ekleyin veya özellik değerini null atanabilir olarak bildirmeyi göz önünde bulundurun.' tanılaması, 'EFSPR1001' gizleme kimliği ve 'DbSet properties on DbContext subclasses are automatically populated by the DbContext constructor.' gerekçesi ile DiagnosticSuppressor tarafından programlama yoluyla gizlendi
         C:\Users\mrkfk\OneDrive\Desktop\Projelerim\ECommerce\src\Infrastructure\ECommerce.Infrastructure\Data\AppDbContext.cs(13,16): info SP0001: 'CS8618: Null atanamaz özellik 'Categories', oluşturucudan çıkış yaparken null olmayan bir değer içermelidir. 'Gerekli' değiştiricisini ekleyin veya özellik değerini null atanabilir olarak bildirmeyi göz önünde bulundurun.' tanılaması, 'EFSPR1001' gizleme kimliği ve 'DbSet properties on DbContext subclasses are automatically populated by the DbContext constructor.' gerekçesi ile DiagnosticSuppressor tarafından programlama yoluyla gizlendi
         C:\Users\mrkfk\OneDrive\Desktop\Projelerim\ECommerce\src\Infrastructure\ECommerce.Infrastructure\Data\AppDbContext.cs(13,16): info SP0001: 'CS8618: Null atanamaz özellik 'Brands', oluşturucudan çıkış yaparken null olmayan bir değer içermelidir. 'Gerekli' değiştiricisini ekleyin veya özellik değerini null atanabilir olarak bildirmeyi göz önünde bulundurun.' tanılaması, 'EFSPR1001' gizleme kimliği ve 'DbSet properties on DbContext subclasses are automatically populated by the DbContext constructor.' gerekçesi ile DiagnosticSuppressor tarafından programlama yoluyla gizlendi
         C:\Users\mrkfk\OneDrive\Desktop\Projelerim\ECommerce\src\Infrastructure\ECommerce.Infrastructure\Data\AppDbContext.cs(13,16): info SP0001: 'CS8618: Null atanamaz özellik 'Models', oluşturucudan çıkış yaparken null olmayan bir değer içermelidir. 'Gerekli' değiştiricisini ekleyin veya özellik değerini null atanabilir olarak bildirmeyi göz önünde bulundurun.' tanılaması, 'EFSPR1001' gizleme kimliği ve 'DbSet properties on DbContext subclasses are automatically populated by the DbContext constructor.' gerekçesi ile DiagnosticSuppressor tarafından programlama yoluyla gizlendi
         C:\Users\mrkfk\OneDrive\Desktop\Projelerim\ECommerce\src\Infrastructure\ECommerce.Infrastructure\Data\AppDbContext.cs(13,16): info SP0001: 'CS8618: Null atanamaz özellik 'ProductSpecifications', oluşturucudan çıkış yaparken null olmayan bir değer içermelidir. 'Gerekli' değiştiricisini ekleyin veya özellik değerini null atanabilir olarak bildirmeyi göz önünde bulundurun.' tanılaması, 'EFSPR1001' gizleme kimliği ve 'DbSet properties on DbContext subclasses are automatically populated by the DbContext constructor.' gerekçesi ile DiagnosticSuppressor tarafından programlama yoluyla gizlendi
         C:\Users\mrkfk\OneDrive\Desktop\Projelerim\ECommerce\src\Infrastructure\ECommerce.Infrastructure\Data\AppDbContext.cs(13,16): info SP0001: 'CS8618: Null atanamaz özellik 'ProductImages', oluşturucudan çıkış yaparken null olmayan bir değer içermelidir. 'Gerekli' değiştiricisini ekleyin veya özellik değerini null atanabilir olarak bildirmeyi göz önünde bulundurun.' tanılaması, 'EFSPR1001' gizleme kimliği ve 'DbSet properties on DbContext subclasses are automatically populated by the DbContext constructor.' gerekçesi ile DiagnosticSuppressor tarafından programlama yoluyla gizlendi
         C:\Users\mrkfk\OneDrive\Desktop\Projelerim\ECommerce\src\Infrastructure\ECommerce.Infrastructure\Data\AppDbContext.cs(13,16): info SP0001: 'CS8618: Null atanamaz özellik 'Attributes', oluşturucudan çıkış yaparken null olmayan bir değer içermelidir. 'Gerekli' değiştiricisini ekleyin veya özellik değerini null atanabilir olarak bildirmeyi göz önünde bulundurun.' tanılaması, 'EFSPR1001' gizleme kimliği ve 'DbSet properties on DbContext subclasses are automatically populated by the DbContext constructor.' gerekçesi ile DiagnosticSuppressor tarafından programlama yoluyla gizlendi
         C:\Users\mrkfk\OneDrive\Desktop\Projelerim\ECommerce\src\Infrastructure\ECommerce.Infrastructure\Data\AppDbContext.cs(13,16): info SP0001: 'CS8618: Null atanamaz özellik 'AttributeValues', oluşturucudan çıkış yaparken null olmayan bir değer içermelidir. 'Gerekli' değiştiricisini ekleyin veya özellik değerini null atanabilir olarak bildirmeyi göz önünde bulundurun.' tanılaması, 'EFSPR1001' gizleme kimliği ve 'DbSet properties on DbContext subclasses are automatically populated by the DbContext constructor.' gerekçesi ile DiagnosticSuppressor tarafından programlama yoluyla gizlendi
         C:\Users\mrkfk\OneDrive\Desktop\Projelerim\ECommerce\src\Infrastructure\ECommerce.Infrastructure\Data\AppDbContext.cs(13,16): info SP0001: 'CS8618: Null atanamaz özellik 'ProductVariants', oluşturucudan çıkış yaparken null olmayan bir değer içermelidir. 'Gerekli' değiştiricisini ekleyin veya özellik değerini null atanabilir olarak bildirmeyi göz önünde bulundurun.' tanılaması, 'EFSPR1001' gizleme kimliği ve 'DbSet properties on DbContext subclasses are automatically populated by the DbContext constructor.' gerekçesi ile DiagnosticSuppressor tarafından programlama yoluyla gizlendi
         C:\Users\mrkfk\OneDrive\Desktop\Projelerim\ECommerce\src\Infrastructure\ECommerce.Infrastructure\Data\AppDbContext.cs(13,16): info SP0001: 'CS8618: Null atanamaz özellik 'ProductVariantAttributes', oluşturucudan çıkış yaparken null olmayan bir değer içermelidir. 'Gerekli' değiştiricisini ekleyin veya özellik değerini null atanabilir olarak bildirmeyi göz önünde bulundurun.' tanılaması, 'EFSPR1001' gizleme kimliği ve 'DbSet properties on DbContext subclasses are automatically populated by the DbContext constructor.' gerekçesi ile DiagnosticSuppressor tarafından programlama yoluyla gizlendi
         C:\Users\mrkfk\OneDrive\Desktop\Projelerim\ECommerce\src\Infrastructure\ECommerce.Infrastructure\Data\AppDbContext.cs(13,16): info SP0001: 'CS8618: Null atanamaz özellik 'Customers', oluşturucudan çıkış yaparken null olmayan bir değer içermelidir. 'Gerekli' değiştiricisini ekleyin veya özellik değerini null atanabilir olarak bildirmeyi göz önünde bulundurun.' tanılaması, 'EFSPR1001' gizleme kimliği ve 'DbSet properties on DbContext subclasses are automatically populated by the DbContext constructor.' gerekçesi ile DiagnosticSuppressor tarafından programlama yoluyla gizlendi
         C:\Users\mrkfk\OneDrive\Desktop\Projelerim\ECommerce\src\Infrastructure\ECommerce.Infrastructure\Data\AppDbContext.cs(13,16): info SP0001: 'CS8618: Null atanamaz özellik 'Orders', oluşturucudan çıkış yaparken null olmayan bir değer içermelidir. 'Gerekli' değiştiricisini ekleyin veya özellik değerini null atanabilir olarak bildirmeyi göz önünde bulundurun.' tanılaması, 'EFSPR1001' gizleme kimliği ve 'DbSet properties on DbContext subclasses are automatically populated by the DbContext constructor.' gerekçesi ile DiagnosticSuppressor tarafından programlama yoluyla gizlendi
         C:\Users\mrkfk\OneDrive\Desktop\Projelerim\ECommerce\src\Infrastructure\ECommerce.Infrastructure\Data\AppDbContext.cs(13,16): info SP0001: 'CS8618: Null atanamaz özellik 'OrderItems', oluşturucudan çıkış yaparken null olmayan bir değer içermelidir. 'Gerekli' değiştiricisini ekleyin veya özellik değerini null atanabilir olarak bildirmeyi göz önünde bulundurun.' tanılaması, 'EFSPR1001' gizleme kimliği ve 'DbSet properties on DbContext subclasses are automatically populated by the DbContext constructor.' gerekçesi ile DiagnosticSuppressor tarafından programlama yoluyla gizlendi
         C:\Users\mrkfk\OneDrive\Desktop\Projelerim\ECommerce\src\Infrastructure\ECommerce.Infrastructure\Data\AppDbContext.cs(13,16): info SP0001: 'CS8618: Null atanamaz özellik 'Reviews', oluşturucudan çıkış yaparken null olmayan bir değer içermelidir. 'Gerekli' değiştiricisini ekleyin veya özellik değerini null atanabilir olarak bildirmeyi göz önünde bulundurun.' tanılaması, 'EFSPR1001' gizleme kimliği ve 'DbSet properties on DbContext subclasses are automatically populated by the DbContext constructor.' gerekçesi ile DiagnosticSuppressor tarafından programlama yoluyla gizlendi
         C:\Users\mrkfk\OneDrive\Desktop\Projelerim\ECommerce\src\Infrastructure\ECommerce.Infrastructure\Data\AppDbContext.cs(13,16): info SP0001: 'CS8618: Null atanamaz özellik 'Banners', oluşturucudan çıkış yaparken null olmayan bir değer içermelidir. 'Gerekli' değiştiricisini ekleyin veya özellik değerini null atanabilir olarak bildirmeyi göz önünde bulundurun.' tanılaması, 'EFSPR1001' gizleme kimliği ve 'DbSet properties on DbContext subclasses are automatically populated by the DbContext constructor.' gerekçesi ile DiagnosticSuppressor tarafından programlama yoluyla gizlendi
         C:\Users\mrkfk\OneDrive\Desktop\Projelerim\ECommerce\src\Infrastructure\ECommerce.Infrastructure\Data\AppDbContext.cs(13,16): info SP0001: 'CS8618: Null atanamaz özellik 'Users', oluşturucudan çıkış yaparken null olmayan bir değer içermelidir. 'Gerekli' değiştiricisini ekleyin veya özellik değerini null atanabilir olarak bildirmeyi göz önünde bulundurun.' tanılaması, 'EFSPR1001' gizleme kimliği ve 'DbSet properties on DbContext subclasses are automatically populated by the DbContext constructor.' gerekçesi ile DiagnosticSuppressor tarafından programlama yoluyla gizlendi
         C:\Users\mrkfk\OneDrive\Desktop\Projelerim\ECommerce\src\Infrastructure\ECommerce.Infrastructure\Data\AppDbContext.cs(13,16): info SP0001: 'CS8618: Null atanamaz özellik 'Roles', oluşturucudan çıkış yaparken null olmayan bir değer içermelidir. 'Gerekli' değiştiricisini ekleyin veya özellik değerini null atanabilir olarak bildirmeyi göz önünde bulundurun.' tanılaması, 'EFSPR1001' gizleme kimliği ve 'DbSet properties on DbContext subclasses are automatically populated by the DbContext constructor.' gerekçesi ile DiagnosticSuppressor tarafından programlama yoluyla gizlendi
         C:\Users\mrkfk\OneDrive\Desktop\Projelerim\ECommerce\src\Infrastructure\ECommerce.Infrastructure\Data\AppDbContext.cs(13,16): info SP0001: 'CS8618: Null atanamaz özellik 'UserRoles', oluşturucudan çıkış yaparken null olmayan bir değer içermelidir. 'Gerekli' değiştiricisini ekleyin veya özellik değerini null atanabilir olarak bildirmeyi göz önünde bulundurun.' tanılaması, 'EFSPR1001' gizleme kimliği ve 'DbSet properties on DbContext subclasses are automatically populated by the DbContext constructor.' gerekçesi ile DiagnosticSuppressor tarafından programlama yoluyla gizlendi
         C:\Users\mrkfk\OneDrive\Desktop\Projelerim\ECommerce\src\Infrastructure\ECommerce.Infrastructure\Data\AppDbContext.cs(13,16): info SP0001: 'CS8618: Null atanamaz özellik 'Addresses', oluşturucudan çıkış yaparken null olmayan bir değer içermelidir. 'Gerekli' değiştiricisini ekleyin veya özellik değerini null atanabilir olarak bildirmeyi göz önünde bulundurun.' tanılaması, 'EFSPR1001' gizleme kimliği ve 'DbSet properties on DbContext subclasses are automatically populated by the DbContext constructor.' gerekçesi ile DiagnosticSuppressor tarafından programlama yoluyla gizlendi
         C:\Users\mrkfk\OneDrive\Desktop\Projelerim\ECommerce\src\Infrastructure\ECommerce.Infrastructure\Data\AppDbContext.cs(13,16): info SP0001: 'CS8618: Null atanamaz özellik 'Companies', oluşturucudan çıkış yaparken null olmayan bir değer içermelidir. 'Gerekli' değiştiricisini ekleyin veya özellik değerini null atanabilir olarak bildirmeyi göz önünde bulundurun.' tanılaması, 'EFSPR1001' gizleme kimliği ve 'DbSet properties on DbContext subclasses are automatically populated by the DbContext constructor.' gerekçesi ile DiagnosticSuppressor tarafından programlama yoluyla gizlendi
         C:\Users\mrkfk\OneDrive\Desktop\Projelerim\ECommerce\src\Infrastructure\ECommerce.Infrastructure\Data\AppDbContext.cs(13,16): info SP0001: 'CS8618: Null atanamaz özellik 'Requests', oluşturucudan çıkış yaparken null olmayan bir değer içermelidir. 'Gerekli' değiştiricisini ekleyin veya özellik değerini null atanabilir olarak bildirmeyi göz önünde bulundurun.' tanılaması, 'EFSPR1001' gizleme kimliği ve 'DbSet properties on DbContext subclasses are automatically populated by the DbContext constructor.' gerekçesi ile DiagnosticSuppressor tarafından programlama yoluyla gizlendi
         C:\Users\mrkfk\OneDrive\Desktop\Projelerim\ECommerce\src\Infrastructure\ECommerce.Infrastructure\Data\AppDbContext.cs(13,16): info SP0001: 'CS8618: Null atanamaz özellik 'CategoryAttributes', oluşturucudan çıkış yaparken null olmayan bir değer içermelidir. 'Gerekli' değiştiricisini ekleyin veya özellik değerini null atanabilir olarak bildirmeyi göz önünde bulundurun.' tanılaması, 'EFSPR1001' gizleme kimliği ve 'DbSet properties on DbContext subclasses are automatically populated by the DbContext constructor.' gerekçesi ile DiagnosticSuppressor tarafından programlama yoluyla gizlendi
         C:\Users\mrkfk\OneDrive\Desktop\Projelerim\ECommerce\src\Infrastructure\ECommerce.Infrastructure\Data\AppDbContext.cs(13,16): info SP0001: 'CS8618: Null atanamaz özellik 'CategoryAttributeValues', oluşturucudan çıkış yaparken null olmayan bir değer içermelidir. 'Gerekli' değiştiricisini ekleyin veya özellik değerini null atanabilir olarak bildirmeyi göz önünde bulundurun.' tanılaması, 'EFSPR1001' gizleme kimliği ve 'DbSet properties on DbContext subclasses are automatically populated by the DbContext constructor.' gerekçesi ile DiagnosticSuppressor tarafından programlama yoluyla gizlendi
         C:\Users\mrkfk\OneDrive\Desktop\Projelerim\ECommerce\src\Infrastructure\ECommerce.Infrastructure\Data\AppDbContext.cs(13,16): info SP0001: 'CS8618: Null atanamaz özellik 'GlobalAttributes', oluşturucudan çıkış yaparken null olmayan bir değer içermelidir. 'Gerekli' değiştiricisini ekleyin veya özellik değerini null atanabilir olarak bildirmeyi göz önünde bulundurun.' tanılaması, 'EFSPR1001' gizleme kimliği ve 'DbSet properties on DbContext subclasses are automatically populated by the DbContext constructor.' gerekçesi ile DiagnosticSuppressor tarafından programlama yoluyla gizlendi
         C:\Users\mrkfk\OneDrive\Desktop\Projelerim\ECommerce\src\Infrastructure\ECommerce.Infrastructure\Data\AppDbContext.cs(13,16): info SP0001: 'CS8618: Null atanamaz özellik 'GlobalAttributeValues', oluşturucudan çıkış yaparken null olmayan bir değer içermelidir. 'Gerekli' değiştiricisini ekleyin veya özellik değerini null atanabilir olarak bildirmeyi göz önünde bulundurun.' tanılaması, 'EFSPR1001' gizleme kimliği ve 'DbSet properties on DbContext subclasses are automatically populated by the DbContext constructor.' gerekçesi ile DiagnosticSuppressor tarafından programlama yoluyla gizlendi
         C:\Users\mrkfk\OneDrive\Desktop\Projelerim\ECommerce\src\Infrastructure\ECommerce.Infrastructure\Data\AppDbContext.cs(13,16): info SP0001: 'CS8618: Null atanamaz özellik 'CategoryGlobalAttributes', oluşturucudan çıkış yaparken null olmayan bir değer içermelidir. 'Gerekli' değiştiricisini ekleyin veya özellik değerini null atanabilir olarak bildirmeyi göz önünde bulundurun.' tanılaması, 'EFSPR1001' gizleme kimliği ve 'DbSet properties on DbContext subclasses are automatically populated by the DbContext constructor.' gerekçesi ile DiagnosticSuppressor tarafından programlama yoluyla gizlendi
         C:\Users\mrkfk\OneDrive\Desktop\Projelerim\ECommerce\src\Infrastructure\ECommerce.Infrastructure\Data\AppDbContext.cs(13,16): info SP0001: 'CS8618: Null atanamaz özellik 'BrandCategories', oluşturucudan çıkış yaparken null olmayan bir değer içermelidir. 'Gerekli' değiştiricisini ekleyin veya özellik değerini null atanabilir olarak bildirmeyi göz önünde bulundurun.' tanılaması, 'EFSPR1001' gizleme kimliği ve 'DbSet properties on DbContext subclasses are automatically populated by the DbContext constructor.' gerekçesi ile DiagnosticSuppressor tarafından programlama yoluyla gizlendi
         C:\Users\mrkfk\OneDrive\Desktop\Projelerim\ECommerce\src\Infrastructure\ECommerce.Infrastructure\Data\AppDbContext.cs(13,16): info SP0001: 'CS8618: Null atanamaz özellik 'Notifications', oluşturucudan çıkış yaparken null olmayan bir değer içermelidir. 'Gerekli' değiştiricisini ekleyin veya özellik değerini null atanabilir olarak bildirmeyi göz önünde bulundurun.' tanılaması, 'EFSPR1001' gizleme kimliği ve 'DbSet properties on DbContext subclasses are automatically populated by the DbContext constructor.' gerekçesi ile DiagnosticSuppressor tarafından programlama yoluyla gizlendi
         C:\Users\mrkfk\OneDrive\Desktop\Projelerim\ECommerce\src\Infrastructure\ECommerce.Infrastructure\Data\AppDbContext.cs(13,16): info SP0001: 'CS8618: Null atanamaz özellik 'Campaigns', oluşturucudan çıkış yaparken null olmayan bir değer içermelidir. 'Gerekli' değiştiricisini ekleyin veya özellik değerini null atanabilir olarak bildirmeyi göz önünde bulundurun.' tanılaması, 'EFSPR1001' gizleme kimliği ve 'DbSet properties on DbContext subclasses are automatically populated by the DbContext constructor.' gerekçesi ile DiagnosticSuppressor tarafından programlama yoluyla gizlendi
         C:\Users\mrkfk\OneDrive\Desktop\Projelerim\ECommerce\src\Infrastructure\ECommerce.Infrastructure\Data\AppDbContext.cs(13,16): info SP0001: 'CS8618: Null atanamaz özellik 'CustomerMessages', oluşturucudan çıkış yaparken null olmayan bir değer içermelidir. 'Gerekli' değiştiricisini ekleyin veya özellik değerini null atanabilir olarak bildirmeyi göz önünde bulundurun.' tanılaması, 'EFSPR1001' gizleme kimliği ve 'DbSet properties on DbContext subclasses are automatically populated by the DbContext constructor.' gerekçesi ile DiagnosticSuppressor tarafından programlama yoluyla gizlendi
         C:\Users\mrkfk\OneDrive\Desktop\Projelerim\ECommerce\src\Infrastructure\ECommerce.Infrastructure\Data\AppDbContext.cs(13,16): info SP0001: 'CS8618: Null atanamaz özellik 'LoginHistories', oluşturucudan çıkış yaparken null olmayan bir değer içermelidir. 'Gerekli' değiştiricisini ekleyin veya özellik değerini null atanabilir olarak bildirmeyi göz önünde bulundurun.' tanılaması, 'EFSPR1001' gizleme kimliği ve 'DbSet properties on DbContext subclasses are automatically populated by the DbContext constructor.' gerekçesi ile DiagnosticSuppressor tarafından programlama yoluyla gizlendi
         C:\Users\mrkfk\OneDrive\Desktop\Projelerim\ECommerce\src\Infrastructure\ECommerce.Infrastructure\Data\AppDbContext.cs(13,16): info SP0001: 'CS8618: Null atanamaz özellik 'Carts', oluşturucudan çıkış yaparken null olmayan bir değer içermelidir. 'Gerekli' değiştiricisini ekleyin veya özellik değerini null atanabilir olarak bildirmeyi göz önünde bulundurun.' tanılaması, 'EFSPR1001' gizleme kimliği ve 'DbSet properties on DbContext subclasses are automatically populated by the DbContext constructor.' gerekçesi ile DiagnosticSuppressor tarafından programlama yoluyla gizlendi
         C:\Users\mrkfk\OneDrive\Desktop\Projelerim\ECommerce\src\Infrastructure\ECommerce.Infrastructure\Data\AppDbContext.cs(13,16): info SP0001: 'CS8618: Null atanamaz özellik 'CartItems', oluşturucudan çıkış yaparken null olmayan bir değer içermelidir. 'Gerekli' değiştiricisini ekleyin veya özellik değerini null atanabilir olarak bildirmeyi göz önünde bulundurun.' tanılaması, 'EFSPR1001' gizleme kimliği ve 'DbSet properties on DbContext subclasses are automatically populated by the DbContext constructor.' gerekçesi ile DiagnosticSuppressor tarafından programlama yoluyla gizlendi
   1:7>C:\Users\mrkfk\OneDrive\Desktop\Projelerim\ECommerce\src\Infrastructure\ECommerce.Infrastructure\DependencyInjection.cs(95,28): error CS0246: 'DataSeeder' türü veya ad alanı adı bulunamadı (bir using yönergeniz veya derleme başvurunuz mu eksik?) [C:\Users\mrkfk\OneDrive\Desktop\Projelerim\ECommerce\src\Infrastructure\ECommerce.Infrastructure\ECommerce.Infrastructure.csproj]
   1:7>C:\Users\mrkfk\OneDrive\Desktop\Projelerim\ECommerce\src\Infrastructure\ECommerce.Infrastructure\Services\AuthService.cs(423,61): warning CS8604: 'void User.UpdateProfile(string? firstName, string? lastName, string email, string? username = null, string? phoneNumber = null)' içindeki 'email' parametresi için olası null başvuru bağımsız değişkeni. [C:\Users\mrkfk\OneDrive\Desktop\Projelerim\ECommerce\src\Infrastructure\ECommerce.Infrastructure\ECommerce.Infrastructure.csproj]
   1:7>C:\Users\mrkfk\OneDrive\Desktop\Projelerim\ECommerce\src\Infrastructure\ECommerce.Infrastructure\Services\GlobalAttributeService.cs(65,13): warning CS8604: 'GlobalAttribute GlobalAttribute.Create(string name, string displayName, string description, int companyId, AttributeType attributeType = AttributeType.Text, int displayOrder = 0)' içindeki 'displayName' parametresi için olası null başvuru bağımsız değişkeni. [C:\Users\mrkfk\OneDrive\Desktop\Projelerim\ECommerce\src\Infrastructure\ECommerce.Infrastructure\ECommerce.Infrastructure.csproj]
   1:7>C:\Users\mrkfk\OneDrive\Desktop\Projelerim\ECommerce\src\Infrastructure\ECommerce.Infrastructure\Services\GlobalAttributeService.cs(77,13): warning CS8604: 'bool Enumerable.Any<GlobalAttributeValueFormDto>(IEnumerable<GlobalAttributeValueFormDto> source)' içindeki 'source' parametresi için olası null başvuru bağımsız değişkeni. [C:\Users\mrkfk\OneDrive\Desktop\Projelerim\ECommerce\src\Infrastructure\ECommerce.Infrastructure\ECommerce.Infrastructure.csproj]
   1:7>C:\Users\mrkfk\OneDrive\Desktop\Projelerim\ECommerce\src\Infrastructure\ECommerce.Infrastructure\Services\GlobalAttributeService.cs(106,23): warning CS8604: 'void GlobalAttribute.Update(string displayName, string description, AttributeType attributeType, int displayOrder = 0)' içindeki 'displayName' parametresi için olası null başvuru bağımsız değişkeni. [C:\Users\mrkfk\OneDrive\Desktop\Projelerim\ECommerce\src\Infrastructure\ECommerce.Infrastructure\ECommerce.Infrastructure.csproj]
   1:7>C:\Users\mrkfk\OneDrive\Desktop\Projelerim\ECommerce\src\Infrastructure\ECommerce.Infrastructure\Services\GlobalAttributeService.cs(116,34): warning CS8602: Olası bir null başvurunun başvurma işlemi. [C:\Users\mrkfk\OneDrive\Desktop\Projelerim\ECommerce\src\Infrastructure\ECommerce.Infrastructure\ECommerce.Infrastructure.csproj]
   1:7>C:\Users\mrkfk\OneDrive\Desktop\Projelerim\ECommerce\src\Infrastructure\ECommerce.Infrastructure\Services\ProductService.cs(41,17): warning CS8604: 'Product Product.Create(string name, string description, decimal price, int categoryId, int brandId, int companyId, int stockQuantity, int? modelId = null, string? imageUrl = null, string? sku = null)' içindeki 'description' parametresi için olası null başvuru bağımsız değişkeni. [C:\Users\mrkfk\OneDrive\Desktop\Projelerim\ECommerce\src\Infrastructure\ECommerce.Infrastructure\ECommerce.Infrastructure.csproj]
   1:7>C:\Users\mrkfk\OneDrive\Desktop\Projelerim\ECommerce\src\Infrastructure\ECommerce.Infrastructure\Services\OrderService.cs(91,41): warning CS8602: Olası bir null başvurunun başvurma işlemi. [C:\Users\mrkfk\OneDrive\Desktop\Projelerim\ECommerce\src\Infrastructure\ECommerce.Infrastructure\ECommerce.Infrastructure.csproj]
   1:7>C:\Users\mrkfk\OneDrive\Desktop\Projelerim\ECommerce\src\Infrastructure\ECommerce.Infrastructure\Services\NotificationService.cs(274,26): warning CS8601: Olası null başvuru ataması. [C:\Users\mrkfk\OneDrive\Desktop\Projelerim\ECommerce\src\Infrastructure\ECommerce.Infrastructure\ECommerce.Infrastructure.csproj]
   1:7>C:\Users\mrkfk\OneDrive\Desktop\Projelerim\ECommerce\src\Infrastructure\ECommerce.Infrastructure\Services\NotificationService.cs(278,20): warning CS8601: Olası null başvuru ataması. [C:\Users\mrkfk\OneDrive\Desktop\Projelerim\ECommerce\src\Infrastructure\ECommerce.Infrastructure\ECommerce.Infrastructure.csproj]
   1:7>C:\Users\mrkfk\OneDrive\Desktop\Projelerim\ECommerce\src\Infrastructure\ECommerce.Infrastructure\Services\ProductService.cs(217,17): warning CS8604: 'void Product.Update(string name, string description, decimal price, string? imageUrl = null)' içindeki 'description' parametresi için olası null başvuru bağımsız değişkeni. [C:\Users\mrkfk\OneDrive\Desktop\Projelerim\ECommerce\src\Infrastructure\ECommerce.Infrastructure\ECommerce.Infrastructure.csproj]
         CompilerServer: server - server processed compilation - ECommerce.Infrastructure (net9.0)
       "Csc" görevini yürütme tamamlandı -- BAŞARISIZ OLDU.
   1:7>"ECommerce.Infrastructure.csproj" projesinde "CoreCompile" hedefini oluşturma tamamlandı -- BAŞARISIZ OLDU.
   1:7>"C:\Users\mrkfk\OneDrive\Desktop\Projelerim\ECommerce\src\Infrastructure\ECommerce.Infrastructure\ECommerce.Infrastructure.csproj" projesinin "C:\Program Files\dotnet\sdk\10.0.100\Microsoft.Common.CurrentVersion.targets" dosyasındaki "_CheckForCompileOutputs" hedefi ("_CleanGetCurrentAndPriorFileWrites" hedefi buna bağımlı):
       C:\Program Files\dotnet\sdk\10.0.100\Microsoft.Common.CurrentVersion.targets(5576,7): message : Özellik yeniden ataması: $(_DebugSymbolsProduced)="false" (önceki değer: "true") konum: C:\Program Files\dotnet\sdk\10.0.100\Microsoft.Common.CurrentVersion.targets (5576,7) [C:\Users\mrkfk\OneDrive\Desktop\Projelerim\ECommerce\src\Infrastructure\ECommerce.Infrastructure\ECommerce.Infrastructure.csproj]
   1:7>"ECommerce.Infrastructure.csproj" projesinde "_CheckForCompileOutputs" hedefini oluşturma tamamlandı.
   1:7>"C:\Users\mrkfk\OneDrive\Desktop\Projelerim\ECommerce\src\Infrastructure\ECommerce.Infrastructure\ECommerce.Infrastructure.csproj" projesinin "C:\Program Files\dotnet\sdk\10.0.100\Microsoft.Common.CurrentVersion.targets" dosyasındaki "_CleanGetCurrentAndPriorFileWrites" hedefi ("_CleanRecordFileWrites" hedefi buna bağımlı):
       "ReadLinesFromFile" görevi
       "ReadLinesFromFile" görevini yürütme tamamlandı.
       "ConvertToAbsolutePath" görevi
       "ConvertToAbsolutePath" görevini yürütme tamamlandı.
       "FindUnderPath" görevi
         Karşılaştırma yolu: "C:\Users\mrkfk\OneDrive\Desktop\Projelerim\ECommerce\src\Infrastructure\ECommerce.Infrastructure".
       "FindUnderPath" görevini yürütme tamamlandı.
       "FindUnderPath" görevi
         Karşılaştırma yolu: "bin\Debug\net9.0\".
       "FindUnderPath" görevini yürütme tamamlandı.
       "FindUnderPath" görevi
         Karşılaştırma yolu: "obj\Debug\net9.0\".
       "FindUnderPath" görevini yürütme tamamlandı.
       "RemoveDuplicates" görevi
       "RemoveDuplicates" görevini yürütme tamamlandı.
   1:7>"ECommerce.Infrastructure.csproj" projesinde "_CleanGetCurrentAndPriorFileWrites" hedefini oluşturma tamamlandı.
   1:7>"C:\Users\mrkfk\OneDrive\Desktop\Projelerim\ECommerce\src\Infrastructure\ECommerce.Infrastructure\ECommerce.Infrastructure.csproj" projesinin "C:\Program Files\dotnet\sdk\10.0.100\Microsoft.Common.CurrentVersion.targets" dosyasındaki "_CleanRecordFileWrites" hedefi ("CoreBuild" hedefi buna bağımlı):
       "RemoveDuplicates" görevi
       "RemoveDuplicates" görevini yürütme tamamlandı.
       "MakeDir" görevi
       "MakeDir" görevini yürütme tamamlandı.
       "WriteLinesToFile" görevi
         İçerik değişmeyeceğinden "obj\Debug\net9.0\ECommerce.Infrastructure.csproj.FileListAbsolute.txt" dosyası üzerine yazma işlemi atlanacak.
       "WriteLinesToFile" görevini yürütme tamamlandı.
   1:7>"ECommerce.Infrastructure.csproj" projesinde "_CleanRecordFileWrites" hedefini oluşturma tamamlandı.
   1:7>"C:\Users\mrkfk\OneDrive\Desktop\Projelerim\ECommerce\src\Infrastructure\ECommerce.Infrastructure\ECommerce.Infrastructure.csproj" Projesini Oluşturma İşlemi Tamamlandı (varsayılan hedefler) -- BAŞARISIZ OLDU.

Oluşturma BAŞARISIZ OLDU.

       "C:\Users\mrkfk\OneDrive\Desktop\Projelerim\ECommerce\src\Infrastructure\ECommerce.Infrastructure\ECommerce.Infrastructure.csproj" (varsayılan hedef) (1:7) ->
       (CoreCompile hedefi) -> 
         C:\Users\mrkfk\OneDrive\Desktop\Projelerim\ECommerce\src\Infrastructure\ECommerce.Infrastructure\Services\AuthService.cs(423,61): warning CS8604: 'void User.UpdateProfile(string? firstName, string? lastName, string email, string? username = null, string? phoneNumber = null)' içindeki 'email' parametresi için olası null başvuru bağımsız değişkeni. [C:\Users\mrkfk\OneDrive\Desktop\Projelerim\ECommerce\src\Infrastructure\ECommerce.Infrastructure\ECommerce.Infrastructure.csproj]
         C:\Users\mrkfk\OneDrive\Desktop\Projelerim\ECommerce\src\Infrastructure\ECommerce.Infrastructure\Services\GlobalAttributeService.cs(65,13): warning CS8604: 'GlobalAttribute GlobalAttribute.Create(string name, string displayName, string description, int companyId, AttributeType attributeType = AttributeType.Text, int displayOrder = 0)' içindeki 'displayName' parametresi için olası null başvuru bağımsız değişkeni. [C:\Users\mrkfk\OneDrive\Desktop\Projelerim\ECommerce\src\Infrastructure\ECommerce.Infrastructure\ECommerce.Infrastructure.csproj]
         C:\Users\mrkfk\OneDrive\Desktop\Projelerim\ECommerce\src\Infrastructure\ECommerce.Infrastructure\Services\GlobalAttributeService.cs(77,13): warning CS8604: 'bool Enumerable.Any<GlobalAttributeValueFormDto>(IEnumerable<GlobalAttributeValueFormDto> source)' içindeki 'source' parametresi için olası null başvuru bağımsız değişkeni. [C:\Users\mrkfk\OneDrive\Desktop\Projelerim\ECommerce\src\Infrastructure\ECommerce.Infrastructure\ECommerce.Infrastructure.csproj]
         C:\Users\mrkfk\OneDrive\Desktop\Projelerim\ECommerce\src\Infrastructure\ECommerce.Infrastructure\Services\GlobalAttributeService.cs(106,23): warning CS8604: 'void GlobalAttribute.Update(string displayName, string description, AttributeType attributeType, int displayOrder = 0)' içindeki 'displayName' parametresi için olası null başvuru bağımsız değişkeni. [C:\Users\mrkfk\OneDrive\Desktop\Projelerim\ECommerce\src\Infrastructure\ECommerce.Infrastructure\ECommerce.Infrastructure.csproj]
         C:\Users\mrkfk\OneDrive\Desktop\Projelerim\ECommerce\src\Infrastructure\ECommerce.Infrastructure\Services\GlobalAttributeService.cs(116,34): warning CS8602: Olası bir null başvurunun başvurma işlemi. [C:\Users\mrkfk\OneDrive\Desktop\Projelerim\ECommerce\src\Infrastructure\ECommerce.Infrastructure\ECommerce.Infrastructure.csproj]
         C:\Users\mrkfk\OneDrive\Desktop\Projelerim\ECommerce\src\Infrastructure\ECommerce.Infrastructure\Services\ProductService.cs(41,17): warning CS8604: 'Product Product.Create(string name, string description, decimal price, int categoryId, int brandId, int companyId, int stockQuantity, int? modelId = null, string? imageUrl = null, string? sku = null)' içindeki 'description' parametresi için olası null başvuru bağımsız değişkeni. [C:\Users\mrkfk\OneDrive\Desktop\Projelerim\ECommerce\src\Infrastructure\ECommerce.Infrastructure\ECommerce.Infrastructure.csproj]
         C:\Users\mrkfk\OneDrive\Desktop\Projelerim\ECommerce\src\Infrastructure\ECommerce.Infrastructure\Services\OrderService.cs(91,41): warning CS8602: Olası bir null başvurunun başvurma işlemi. [C:\Users\mrkfk\OneDrive\Desktop\Projelerim\ECommerce\src\Infrastructure\ECommerce.Infrastructure\ECommerce.Infrastructure.csproj]
         C:\Users\mrkfk\OneDrive\Desktop\Projelerim\ECommerce\src\Infrastructure\ECommerce.Infrastructure\Services\NotificationService.cs(274,26): warning CS8601: Olası null başvuru ataması. [C:\Users\mrkfk\OneDrive\Desktop\Projelerim\ECommerce\src\Infrastructure\ECommerce.Infrastructure\ECommerce.Infrastructure.csproj]
         C:\Users\mrkfk\OneDrive\Desktop\Projelerim\ECommerce\src\Infrastructure\ECommerce.Infrastructure\Services\NotificationService.cs(278,20): warning CS8601: Olası null başvuru ataması. [C:\Users\mrkfk\OneDrive\Desktop\Projelerim\ECommerce\src\Infrastructure\ECommerce.Infrastructure\ECommerce.Infrastructure.csproj]
         C:\Users\mrkfk\OneDrive\Desktop\Projelerim\ECommerce\src\Infrastructure\ECommerce.Infrastructure\Services\ProductService.cs(217,17): warning CS8604: 'void Product.Update(string name, string description, decimal price, string? imageUrl = null)' içindeki 'description' parametresi için olası null başvuru bağımsız değişkeni. [C:\Users\mrkfk\OneDrive\Desktop\Projelerim\ECommerce\src\Infrastructure\ECommerce.Infrastructure\ECommerce.Infrastructure.csproj]


       "C:\Users\mrkfk\OneDrive\Desktop\Projelerim\ECommerce\src\Infrastructure\ECommerce.Infrastructure\ECommerce.Infrastructure.csproj" (varsayılan hedef) (1:7) ->
       (CoreCompile hedefi) -> 
         C:\Users\mrkfk\OneDrive\Desktop\Projelerim\ECommerce\src\Infrastructure\ECommerce.Infrastructure\DependencyInjection.cs(95,28): error CS0246: 'DataSeeder' türü veya ad alanı adı bulunamadı (bir using yönergeniz veya derleme başvurunuz mu eksik?) [C:\Users\mrkfk\OneDrive\Desktop\Projelerim\ECommerce\src\Infrastructure\ECommerce.Infrastructure\ECommerce.Infrastructure.csproj]

    10 Uyarı
    1 Hata

Geçen Süre 00:00:02.91
