  Geri y├╝klenecek projeler belirleniyor...
  Geri y├╝kleme i├ğin t├╝m projeler g├╝ncel.
  ECommerce.Domain -> C:\Users\mrkfk\OneDrive\Desktop\Projelerim\ECommerce\src\Core\ECommerce.Domain\bin\Debug\net9.0\ECommerce.Domain.dll
  ECommerce.Application -> C:\Users\mrkfk\OneDrive\Desktop\Projelerim\ECommerce\src\Core\ECommerce.Application\bin\Debug\net9.0\ECommerce.Application.dll
  ECommerce.Infrastructure -> C:\Users\mrkfk\OneDrive\Desktop\Projelerim\ECommerce\src\Infrastructure\ECommerce.Infrastructure\bin\Debug\net9.0\ECommerce.Infrastructure.dll
C:\Users\mrkfk\OneDrive\Desktop\Projelerim\ECommerce\src\Presentation\ECommerce.RestApi\Middleware\GlobalExceptionHandlerMiddleware.cs(48,55): error CS0234: 'Common' t├╝r veya ad alan─▒ ad─▒ 'ECommerce.Application.DTOs' ad alan─▒nda yok (bir derleme ba┼şvurunuz mu eksik?) [C:\Users\mrkfk\OneDrive\Desktop\Projelerim\ECommerce\src\Presentation\ECommerce.RestApi\ECommerce.RestApi.csproj]
C:\Users\mrkfk\OneDrive\Desktop\Projelerim\ECommerce\src\Presentation\ECommerce.RestApi\Controllers\UserController.cs(149,32): warning CS8601: Olas─▒ null ba┼şvuru atamas─▒. [C:\Users\mrkfk\OneDrive\Desktop\Projelerim\ECommerce\src\Presentation\ECommerce.RestApi\ECommerce.RestApi.csproj]
C:\Users\mrkfk\OneDrive\Desktop\Projelerim\ECommerce\src\Presentation\ECommerce.RestApi\Controllers\UserController.cs(150,29): warning CS8601: Olas─▒ null ba┼şvuru atamas─▒. [C:\Users\mrkfk\OneDrive\Desktop\Projelerim\ECommerce\src\Presentation\ECommerce.RestApi\ECommerce.RestApi.csproj]
C:\Users\mrkfk\OneDrive\Desktop\Projelerim\ECommerce\src\Presentation\ECommerce.RestApi\Controllers\LoginHistoryController.cs(242,13): warning CS8604: 'LoginHistory LoginHistory.Create(int userId, string ipAddress, string? userAgent = null, string? browser = null, string? operatingSystem = null, string? location = null, bool isSuccessful = true, string? failureReason = null)' i├ğindeki 'ipAddress' parametresi i├ğin olas─▒ null ba┼şvuru ba─ş─▒ms─▒z de─şi┼şkeni. [C:\Users\mrkfk\OneDrive\Desktop\Projelerim\ECommerce\src\Presentation\ECommerce.RestApi\ECommerce.RestApi.csproj]

Olu┼şturma BA┼ŞARISIZ OLDU.

C:\Users\mrkfk\OneDrive\Desktop\Projelerim\ECommerce\src\Presentation\ECommerce.RestApi\Controllers\UserController.cs(149,32): warning CS8601: Olas─▒ null ba┼şvuru atamas─▒. [C:\Users\mrkfk\OneDrive\Desktop\Projelerim\ECommerce\src\Presentation\ECommerce.RestApi\ECommerce.RestApi.csproj]
C:\Users\mrkfk\OneDrive\Desktop\Projelerim\ECommerce\src\Presentation\ECommerce.RestApi\Controllers\UserController.cs(150,29): warning CS8601: Olas─▒ null ba┼şvuru atamas─▒. [C:\Users\mrkfk\OneDrive\Desktop\Projelerim\ECommerce\src\Presentation\ECommerce.RestApi\ECommerce.RestApi.csproj]
C:\Users\mrkfk\OneDrive\Desktop\Projelerim\ECommerce\src\Presentation\ECommerce.RestApi\Controllers\LoginHistoryController.cs(242,13): warning CS8604: 'LoginHistory LoginHistory.Create(int userId, string ipAddress, string? userAgent = null, string? browser = null, string? operatingSystem = null, string? location = null, bool isSuccessful = true, string? failureReason = null)' i├ğindeki 'ipAddress' parametresi i├ğin olas─▒ null ba┼şvuru ba─ş─▒ms─▒z de─şi┼şkeni. [C:\Users\mrkfk\OneDrive\Desktop\Projelerim\ECommerce\src\Presentation\ECommerce.RestApi\ECommerce.RestApi.csproj]
C:\Users\mrkfk\OneDrive\Desktop\Projelerim\ECommerce\src\Presentation\ECommerce.RestApi\Middleware\GlobalExceptionHandlerMiddleware.cs(48,55): error CS0234: 'Common' t├╝r veya ad alan─▒ ad─▒ 'ECommerce.Application.DTOs' ad alan─▒nda yok (bir derleme ba┼şvurunuz mu eksik?) [C:\Users\mrkfk\OneDrive\Desktop\Projelerim\ECommerce\src\Presentation\ECommerce.RestApi\ECommerce.RestApi.csproj]
    3 Uyar─▒
    1 Hata

Ge├ğen S├╝re 00:00:02.50
